Machine state will be reset. To keep it, pass --keep-vm-state
start all VLans
start vlan
running vlan (pid 6; ctl /build/vde1.ctl)
(finished: start all VLans, in 0.01 seconds)
Test will time out and terminate in 3600 seconds
run the VM test script
additionally exposed symbols:
    machine,
    vlan1,
    start_all, test_script, machines, vlans, driver, log, os, create_machine, subtest, run_tests, join_all, retry, serial_stdout_off, serial_stdout_on, polling_condition, Machine
machine: waiting for unit multi-user.target
machine: waiting for the VM to finish booting
machine: starting vm
mke2fs 1.47.0 (5-Feb-2023)
machine: QEMU running (pid 8)
machine # Disk image do not exist, creating the virtualisation disk image...
machine # Formatting '/build/vm-state-machine/tmp.Har0CBMx4M', fmt=raw size=1073741824
machine # Discarding device blocks:      0/26214            done
machine # Creating filesystem with 262144 4k blocks and 65536 inodes
machine # Filesystem UUID: 754ba50a-8a6c-4477-86b7-23950a8b68b1
machine # Superblock backups stored on blocks:
machine # 	32768, 98304, 163840, 229376
machine # 
machine # Allocating group tables: 0/  done
machine # Writing inode tables: 0/  done
machine # Creating journal (8192 blocks): done
machine # Writing superblocks and filesystem accounting information: 0/  done
machine # 
machine # Virtualisation disk image created.
machine # cSeaBIOS (version rel-1.16.3-0-ga6ed6b701f0a-prebuilt.qemu.org)
machine # 
machine # 
machine # iPXE (http://ipxe.org) 00:03.0 CA00 PCI2.10 PnP PMM+3EFD0AF0+3EF30AF0 CA00
machine # Press Ctrl-B to configure iPXE (PCI 00:03.0)...
machine # 
machine # 
machine # 
machine # 
machine # iPXE (http://ipxe.org) 00:09.0 CB00 PCI2.10 PnP PMM 3EFD0AF0 3EF30AF0 CB00
machine # Press Ctrl-B to configure iPXE (PCI 00:09.0)...
machine # 
machine # 
machine # Booting from ROM...
machine # Probing EDD (edd=off to disable)... oc[    0.000000] Linux version 7.0.0-rc1 (nixbld@localhost) (gcc (GCC) 13.2.0, GNU ld (GNU Binutils) 2.41) #1-NixOS SMP PREEMPT_DYNAMIC Tue Jan  1 00:00:00 UTC 1980
machine # [    0.000000] Command line: console=ttyS0 panic=1 boot.panic_on_fail clocksource=acpi_pm loglevel=7 net.ifnames=0 init=/nix/store/i72lqmrzmrn3bw11410ly6kmdxj23axy-nixos-system-machine-test/init regInfo=/nix/store/0gq9rfgri4lg3i7i6fq11yb5ysi7nc8a-closure-info/registration console=ttyS0
machine # [    0.000000] BIOS-provided physical RAM map:
machine # [    0.000000] BIOS-e820: [mem 0x0000000000000000-0x000000000009fbff]  System RAM
machine # [    0.000000] BIOS-e820: [mem 0x000000000009fc00-0x000000000009ffff]  device reserved
machine # [    0.000000] BIOS-e820: [gap 0x00000000000a0000-0x00000000000effff]
machine # [    0.000000] BIOS-e820: [mem 0x00000000000f0000-0x00000000000fffff]  device reserved
machine # [    0.000000] BIOS-e820: [mem 0x0000000000100000-0x000000003ffdafff]  System RAM
machine # [    0.000000] BIOS-e820: [mem 0x000000003ffdb000-0x000000003fffffff]  device reserved
machine # [    0.000000] BIOS-e820: [gap 0x0000000040000000-0x00000000feffbfff]
machine # [    0.000000] BIOS-e820: [mem 0x00000000feffc000-0x00000000feffffff]  device reserved
machine # [    0.000000] BIOS-e820: [gap 0x00000000ff000000-0x00000000fffbffff]
machine # [    0.000000] BIOS-e820: [mem 0x00000000fffc0000-0x00000000ffffffff]  device reserved
machine # [    0.000000] BIOS-e820: [gap 0x0000000100000000-0x000000fcffffffff]
machine # [    0.000000] BIOS-e820: [mem 0x000000fd00000000-0x000000ffffffffff]  device reserved
machine # [    0.000000] NX (Execute Disable) protection: active
machine # [    0.000000] APIC: Static calls initialized
machine # [    0.000000] SMBIOS 3.0.0 present.
machine # [    0.000000] DMI: QEMU Standard PC (i440FX + PIIX, 1996), BIOS rel-1.16.3-0-ga6ed6b701f0a-prebuilt.qemu.org 04/01/2014
machine # [    0.000000] DMI: Memory slots populated: 1/1
machine # [    0.000000] Hypervisor detected: KVM
machine # [    0.000000] last_pfn = 0x3ffdb max_arch_pfn = 0x400000000
machine # [    0.000000] kvm-clock: Using msrs 4b564d01 and 4b564d00
machine # [    0.000001] kvm-clock: using sched offset of 414308278 cycles
machine # [    0.000003] clocksource: kvm-clock: mask: 0xffffffffffffffff max_cycles: 0x1cd42e4dffb, max_idle_ns: 881590591483 ns
machine # [    0.000006] tsc: Detected 3000.004 MHz processor
machine # [    0.000997] last_pfn = 0x3ffdb max_arch_pfn = 0x400000000
machine # [    0.001039] MTRR map: 4 entries (3 fixed + 1 variable; max 19), built from 8 variable MTRRs
machine # [    0.001043] x86/PAT: Configuration [0-7]: WB  WC  UC- UC  WB  WP  UC- WT
machine # [    0.003390] found SMP MP-table at [mem 0x000f5430-0x000f543f]
machine # [    0.003401] Using GB pages for direct mapping
machine # [    0.003454] RAMDISK: [mem 0x3f44a000-0x3ffcffff]
machine # [    0.003461] ACPI: Early table checksum verification disabled
machine # [    0.003465] ACPI: RSDP 0x00000000000F5250 000014 (v00 BOCHS )
machine # [    0.003473] ACPI: RSDT 0x000000003FFE1DFB 000034 (v01 BOCHS  BXPC     00000001 BXPC 00000001)
machine # [    0.003478] ACPI: FACP 0x000000003FFE1C97 000074 (v01 BOCHS  BXPC     00000001 BXPC 00000001)
machine # [    0.003482] ACPI: DSDT 0x000000003FFE0040 001C57 (v01 BOCHS  BXPC     00000001 BXPC 00000001)
machine # [    0.003485] ACPI: FACS 0x000000003FFE0000 000040
machine # [    0.003487] ACPI: APIC 0x000000003FFE1D0B 000090 (v03 BOCHS  BXPC     00000001 BXPC 00000001)
machine # [    0.003489] ACPI: HPET 0x000000003FFE1D9B 000038 (v01 BOCHS  BXPC     00000001 BXPC 00000001)
machine # [    0.003491] ACPI: WAET 0x000000003FFE1DD3 000028 (v01 BOCHS  BXPC     00000001 BXPC 00000001)
machine # [    0.003493] ACPI: Reserving FACP table memory at [mem 0x3ffe1c97-0x3ffe1d0a]
machine # [    0.003495] ACPI: Reserving DSDT table memory at [mem 0x3ffe0040-0x3ffe1c96]
machine # [    0.003496] ACPI: Reserving FACS table memory at [mem 0x3ffe0000-0x3ffe003f]
machine # [    0.003496] ACPI: Reserving APIC table memory at [mem 0x3ffe1d0b-0x3ffe1d9a]
machine # [    0.003497] ACPI: Reserving HPET table memory at [mem 0x3ffe1d9b-0x3ffe1dd2]
machine # [    0.003498] ACPI: Reserving WAET table memory at [mem 0x3ffe1dd3-0x3ffe1dfa]
machine # [    0.003820] No NUMA configuration found
machine # [    0.003821] Faking a node at [mem 0x0000000000000000-0x000000003ffdafff]
machine # [    0.003823] NODE_DATA(0) allocated [mem 0x3ffd5a80-0x3ffdafff]
machine # [    0.004429] ACPI: PM-Timer IO Port: 0x608
machine # [    0.004437] ACPI: LAPIC_NMI (acpi_id[0xff] dfl dfl lint[0x1])
machine # [    0.004464] IOAPIC[0]: apic_id 0, version 17, address 0xfec00000, GSI 0-23
machine # [    0.004467] ACPI: INT_SRC_OVR (bus 0 bus_irq 0 global_irq 2 dfl dfl)
machine # [    0.004468] ACPI: INT_SRC_OVR (bus 0 bus_irq 5 global_irq 5 high level)
machine # [    0.004469] ACPI: INT_SRC_OVR (bus 0 bus_irq 9 global_irq 9 high level)
machine # [    0.004470] ACPI: INT_SRC_OVR (bus 0 bus_irq 10 global_irq 10 high level)
machine # [    0.004471] ACPI: INT_SRC_OVR (bus 0 bus_irq 11 global_irq 11 high level)
machine # [    0.004474] ACPI: Using ACPI (MADT) for SMP configuration information
machine # [    0.004475] ACPI: HPET id: 0x8086a201 base: 0xfed00000
machine # [    0.004477] TSC deadline timer available
machine # [    0.004483] CPU topo: Max. logical packages:   1
machine # [    0.004485] CPU topo: Max. logical dies:       1
machine # [    0.004485] CPU topo: Max. dies per package:   1
machine # [    0.004491] CPU topo: Max. threads per core:   1
machine # [    0.004492] CPU topo: Num. cores per package:     4
machine # [    0.004492] CPU topo: Num. threads per package:   4
machine # [    0.004493] CPU topo: Allowing 4 present CPUs plus 0 hotplug CPUs
machine # [    0.004506] kvm-guest: APIC: eoi() replaced with kvm_guest_apic_eoi_write()
machine # [    0.004520] kvm-guest: KVM setup pv remote TLB flush
machine # [    0.004524] kvm-guest: setup PV sched yield
machine # [    0.004530] PM: hibernation: Registered nosave memory: [mem 0x00000000-0x00000fff]
machine # [    0.004531] PM: hibernation: Registered nosave memory: [mem 0x0009f000-0x000fffff]
machine # [    0.004533] [gap 0x40000000-0xfeffbfff] available for PCI devices
machine # [    0.004534] Booting paravirtualized kernel on KVM
machine # [    0.004535] clocksource: refined-jiffies: mask: 0xffffffff max_cycles: 0xffffffff, max_idle_ns: 1910969940391419 ns
machine # [    0.009729] Zone ranges:
machine # [    0.009730]   DMA      [mem 0x0000000000001000-0x0000000000ffffff]
machine # [    0.009732]   DMA32    [mem 0x0000000001000000-0x000000003ffdafff]
machine # [    0.009733]   Normal   empty
machine # [    0.009734]   Device   empty
machine # [    0.009735] Movable zone start for each node
machine # [    0.009736] Early memory node ranges
machine # [    0.009736]   node   0: [mem 0x0000000000001000-0x000000000009efff]
machine # [    0.009737]   node   0: [mem 0x0000000000100000-0x000000003ffdafff]
machine # [    0.009739] Initmem setup node 0 [mem 0x0000000000001000-0x000000003ffdafff]
machine # [    0.010084] On node 0, zone DMA: 1 pages in unavailable ranges
machine # [    0.010098] On node 0, zone DMA: 97 pages in unavailable ranges
machine # [    0.012810] On node 0, zone DMA32: 37 pages in unavailable ranges
machine # [    0.012822] setup_percpu: NR_CPUS:384 nr_cpumask_bits:4 nr_cpu_ids:4 nr_node_ids:1
machine # [    0.013272] percpu: Embedded 83 pages/cpu s217088 r8192 d114688 u524288
machine # [    0.013335] kvm-guest: PV spinlocks enabled
machine # [    0.013338] PV qspinlock hash table entries: 256 (order: 0, 4096 bytes, linear)
machine # [    0.013342] Kernel command line: console=ttyS0 panic=1 boot.panic_on_fail clocksource=acpi_pm loglevel=7 net.ifnames=0 init=/nix/store/i72lqmrzmrn3bw11410ly6kmdxj23axy-nixos-system-machine-test/init regInfo=/nix/store/0gq9rfgri4lg3i7i6fq11yb5ysi7nc8a-closure-info/registration console=ttyS0
machine # [    0.013452] Unknown kernel command line parameters "regInfo=/nix/store/0gq9rfgri4lg3i7i6fq11yb5ysi7nc8a-closure-info/registration", will be passed to user space.
machine # [    0.013476] random: crng init done
machine # [    0.013477] printk: log buffer data + meta data: 262144 + 1114112 = 1376256 bytes
machine # [    0.013829] Dentry cache hash table entries: 131072 (order: 8, 1048576 bytes, linear)
machine # [    0.013852] Inode-cache hash table entries: 65536 (order: 7, 524288 bytes, linear)
machine # [    0.013910] Fallback order for Node 0: 0
machine # [    0.013913] Built 1 zonelists, mobility grouping on.  Total pages: 262009
machine # [    0.013914] Policy zone: DMA32
machine # [    0.014381] mem auto-init: stack:all(zero), heap alloc:off, heap free:off
machine # [    0.017625] SLUB: HWalign=64, Order=0-3, MinObjects=0, CPUs=4, Nodes=1
machine # [    0.031102] ftrace: allocating 46503 entries in 184 pages
machine # [    0.031104] ftrace: allocated 184 pages with 4 groups
machine # [    0.032023] Dynamic Preempt: lazy
machine # [    0.032399] rcu: Preemptible hierarchical RCU implementation.
machine # [    0.032400] rcu: 	RCU event tracing is enabled.
machine # [    0.032401] rcu: 	RCU restricting CPUs from NR_CPUS=384 to nr_cpu_ids=4.
machine # [    0.032403] 	Trampoline variant of Tasks RCU enabled.
machine # [    0.032404] 	Rude variant of Tasks RCU enabled.
machine # [    0.032404] 	Tracing variant of Tasks RCU enabled.
machine # [    0.032405] rcu: RCU calculated value of scheduler-enlistment delay is 100 jiffies.
machine # [    0.032406] rcu: Adjusting geometry for rcu_fanout_leaf=16, nr_cpu_ids=4
machine # [    0.032415] RCU Tasks: Setting shift to 2 and lim to 1 rcu_task_cb_adjust=1 rcu_task_cpu_ids=4.
machine # [    0.032417] RCU Tasks Rude: Setting shift to 2 and lim to 1 rcu_task_cb_adjust=1 rcu_task_cpu_ids=4.
machine # [    0.036081] NR_IRQS: 24832, nr_irqs: 456, preallocated irqs: 16
machine # [    0.036326] rcu: srcu_init: Setting srcu_struct sizes based on contention.
machine # [    0.036464] kfence: initialized - using 2097152 bytes for 255 objects at 0x(____ptrval____)-0x(____ptrval____)
machine # [    0.041791] Console: colour VGA+ 80x25
machine # [    0.041850] printk: legacy console [ttyS0] enabled
machine # [    0.201003] ACPI: Core revision 20251212
machine # [    0.201943] clocksource: hpet: mask: 0xffffffff max_cycles: 0xffffffff, max_idle_ns: 19112604467 ns
machine # [    0.203873] APIC: Switch to symmetric I/O mode setup
machine # [    0.205165] x2apic enabled
machine # [    0.206076] APIC: Switched APIC routing to: physical x2apic
machine # [    0.207265] kvm-guest: APIC: send_IPI_mask() replaced with kvm_send_ipi_mask()
machine # [    0.208722] kvm-guest: APIC: send_IPI_mask_allbutself() replaced with kvm_send_ipi_mask_allbutself()
machine # [    0.210576] kvm-guest: setup PV IPIs
machine # [    0.212640] ..TIMER: vector=0x30 apic1=0 pin1=2 apic2=-1 pin2=-1
machine # [    0.213939] clocksource: tsc-early: mask: 0xffffffffffffffff max_cycles: 0x2b3e4942f25, max_idle_ns: 440795326592 ns
machine # [    0.216079] Calibrating delay loop (skipped) preset value.. 6000.00 BogoMIPS (lpj=3000004)
machine # [    0.217204] x86/cpu: User Mode Instruction Prevention (UMIP) activated
machine # [    0.218178] Last level iTLB entries: 4KB 512, 2MB 255, 4MB 127
machine # [    0.219078] Last level dTLB entries: 4KB 512, 2MB 255, 4MB 127, 1GB 0
machine # [    0.220084] mitigations: Enabled attack vectors: user_kernel, user_user, guest_host, guest_guest, SMT mitigations: auto
machine # [    0.221079] Speculative Store Bypass: Mitigation: Speculative Store Bypass disabled via prctl
machine # [    0.222079] Spectre V2 : Mitigation: Retpolines
machine # [    0.223078] RETBleed: Mitigation: untrained return thunk
machine # [    0.224078] Speculative Return Stack Overflow: Mitigation: SMT disabled
machine # [    0.225079] Spectre V1 : Mitigation: usercopy/swapgs barriers and __user pointer sanitization
machine # [    0.226078] Spectre V2 : Spectre v2 / SpectreRSB: Filling RSB on context switch and VMEXIT
machine # [    0.227078] Spectre V2 : Enabling Speculation Barrier for firmware calls
machine # [    0.228078] active return thunk: retbleed_return_thunk
machine # [    0.229079] Spectre V2 : mitigation: Enabling conditional Indirect Branch Prediction Barrier
machine # [    0.230095] x86/fpu: Supporting XSAVE feature 0x001: 'x87 floating point registers'
machine # [    0.231078] x86/fpu: Supporting XSAVE feature 0x002: 'SSE registers'
machine # [    0.232078] x86/fpu: Supporting XSAVE feature 0x004: 'AVX registers'
machine # [    0.233078] x86/fpu: xstate_offset[2]:  576, xstate_sizes[2]:  256
machine # [    0.234078] x86/fpu: Enabled xstate features 0x7, context size is 832 bytes, using 'compacted' format.
machine # [    0.261325] Freeing SMP alternatives memory: 44K
machine # [    0.262079] pid_max: default: 32768 minimum: 301
machine # [    0.263215] landlock: Up and running.
machine # [    0.264078] Yama: becoming mindful.
machine # [    0.264767] SELinux:  Initializing.
machine # [    0.265427] LSM support for eBPF active
machine # [    0.266112] Mount-cache hash table entries: 2048 (order: 2, 16384 bytes, linear)
machine # [    0.267080] Mountpoint-cache hash table entries: 2048 (order: 2, 16384 bytes, linear)
machine # [    0.268180] VFS: Finished mounting rootfs on nullfs
machine # [    0.270741] smpboot: CPU0: AMD EPYC 7302 16-Core Processor (family: 0x17, model: 0x31, stepping: 0x0)
machine # [    0.271291] Performance Events: Fam17h+ core perfctr, AMD PMU driver.
machine # [    0.272083] ... version:                   0
machine # [    0.272908] ... bit width:                 48
machine # [    0.273085] ... generic counters:          6
machine # [    0.273918] ... generic bitmap:            000000000000003f
machine # [    0.274080] ... fixed-purpose counters:    0
machine # [    0.274904] ... fixed-purpose bitmap:      0000000000000000
machine # [    0.275080] ... value mask:                0000ffffffffffff
machine # [    0.276080] ... max period:                00007fffffffffff
machine # [    0.277080] ... global_ctrl mask:          000000000000003f
machine # [    0.278171] signal: max sigframe size: 1776
machine # [    0.279010] rcu: Hierarchical SRCU implementation.
machine # [    0.279081] rcu: 	Max phase no-delay instances is 400.
machine # [    0.280114] Timer migration: 1 hierarchy levels; 8 children per group; 1 crossnode level
machine # [    0.285857] smp: Bringing up secondary CPUs ...
machine # [    0.286190] smpboot: x86: Booting SMP configuration:
machine # [    0.287087] .... node  #0, CPUs:      #1 #2 #3
machine # [    0.290219] smp: Brought up 1 node, 4 CPUs
machine # [    0.291874] smpboot: Total of 4 processors activated (24000.03 BogoMIPS)
machine # [    0.292654] Memory: 962064K/1048036K available (15983K kernel code, 2716K rwdata, 12380K rodata, 3468K init, 3232K bss, 79204K reserved, 0K cma-reserved)
machine # [    0.294082] devtmpfs: initialized
machine # [    0.295115] x86/mm: Memory block size: 128MB
machine # [    0.297102] clocksource: jiffies: mask: 0xffffffff max_cycles: 0xffffffff, max_idle_ns: 1911260446275000 ns
machine # [    0.298092] posixtimers hash table entries: 2048 (order: 3, 32768 bytes, linear)
machine # [    0.299105] futex hash table entries: 1024 (65536 bytes on 1 NUMA nodes, total 64 KiB, linear).
machine # [    0.300334] PM: RTC time: 13:47:36, date: 2026-02-26
machine # [    0.301850] NET: Registered PF_NETLINK/PF_ROUTE protocol family
machine # [    0.302222] DMA: preallocated 128 KiB GFP_KERNEL|GFP_DMA pool for atomic allocations
machine # [    0.303082] DMA: preallocated 128 KiB GFP_KERNEL|GFP_DMA32 pool for atomic allocations
machine # [    0.304087] audit: initializing netlink subsys (disabled)
machine # [    0.305630] audit: type=2000 audit(1772113656.699:1): state=initialized audit_enabled=0 res=1
machine # [    0.305788] thermal_sys: Registered thermal governor 'bang_bang'
machine # [    0.309089] thermal_sys: Registered thermal governor 'step_wise'
machine # [    0.312119] cpuidle: using governor menu
machine # [    0.316402] acpiphp: ACPI Hot Plug PCI Controller Driver version: 0.5
machine # [    0.318384] PCI: Using configuration type 1 for base access
machine # [    0.320083] PCI: Using configuration type 1 for extended access
machine # [    0.321235] kprobes: kprobe jump-optimization is enabled. All kprobes are optimized if possible.
machine # [    0.325384] HugeTLB: registered 1.00 GiB page size, pre-allocated 0 pages
machine # [    0.328090] HugeTLB: 16380 KiB vmemmap can be freed for a 1.00 GiB page
machine # [    0.331087] HugeTLB: registered 2.00 MiB page size, pre-allocated 0 pages
machine # [    0.333082] HugeTLB: 28 KiB vmemmap can be freed for a 2.00 MiB page
machine # [    0.337013] ACPI: Added _OSI(Module Device)
machine # [    0.339086] ACPI: Added _OSI(Processor Device)
machine # [    0.340081] ACPI: Added _OSI(Processor Aggregator Device)
machine # [    0.342010] ACPI: 1 ACPI AML tables successfully acquired and loaded
machine # [    0.347110] ACPI: \_SB_: platform _OSC: OS support mask [002e7eff]
machine # [    0.348385] ACPI: Interpreter enabled
machine # [    0.350176] ACPI: PM: (supports S0 S3 S4 S5)
machine # [    0.351083] ACPI: Using IOAPIC for interrupt routing
machine # [    0.352150] PCI: Using host bridge windows from ACPI; if necessary, use "pci=nocrs" and report a bug
machine # [    0.353082] PCI: Using E820 reservations for host bridge windows
machine # [    0.355305] ACPI: Enabled 2 GPEs in block 00 to 0F
machine # [    0.358917] ACPI: PCI Root Bridge [PCI0] (domain 0000 [bus 00-ff])
machine # [    0.360087] acpi PNP0A03:00: _OSC: OS supports [ExtendedConfig ASPM ClockPM Segments MSI HPX-Type3]
machine # [    0.361101] acpi PNP0A03:00: _OSC: OS requested [PCIeHotplug PME PCIeCapability LTR]
machine # [    0.363081] acpi PNP0A03:00: _OSC: platform willing to grant [PCIeHotplug PME PCIeCapability LTR]
machine # [    0.365081] acpi PNP0A03:00: _OSC: platform retains control of PCIe features (AE_ERROR)
machine # [    0.366362] acpiphp: Slot [3] registered
machine # [    0.367101] acpiphp: Slot [4] registered
machine # [    0.367886] acpiphp: Slot [5] registered
machine # [    0.369102] acpiphp: Slot [6] registered
machine # [    0.369886] acpiphp: Slot [7] registered
machine # [    0.370099] acpiphp: Slot [8] registered
machine # [    0.370886] acpiphp: Slot [9] registered
machine # [    0.372100] acpiphp: Slot [10] registered
machine # [    0.372920] acpiphp: Slot [11] registered
machine # [    0.373100] acpiphp: Slot [12] registered
machine # [    0.373900] acpiphp: Slot [13] registered
machine # [    0.375099] acpiphp: Slot [14] registered
machine # [    0.375926] acpiphp: Slot [15] registered
machine # [    0.377101] acpiphp: Slot [16] registered
machine # [    0.377906] acpiphp: Slot [17] registered
machine # [    0.378099] acpiphp: Slot [18] registered
machine # [    0.378896] acpiphp: Slot [19] registered
machine # [    0.380098] acpiphp: Slot [20] registered
machine # [    0.380906] acpiphp: Slot [21] registered
machine # [    0.381098] acpiphp: Slot [22] registered
machine # [    0.381895] acpiphp: Slot [23] registered
machine # [    0.383102] acpiphp: Slot [24] registered
machine # [    0.383903] acpiphp: Slot [25] registered
machine # [    0.385100] acpiphp: Slot [26] registered
machine # [    0.385897] acpiphp: Slot [27] registered
machine # [    0.386099] acpiphp: Slot [28] registered
machine # [    0.386895] acpiphp: Slot [29] registered
machine # [    0.388098] acpiphp: Slot [30] registered
machine # [    0.388922] acpiphp: Slot [31] registered
machine # [    0.389100] PCI host bridge to bus 0000:00
machine # [    0.389906] pci_bus 0000:00: root bus resource [io  0x0000-0x0cf7 window]
machine # [    0.391081] pci_bus 0000:00: root bus resource [io  0x0d00-0xffff window]
machine # [    0.393082] pci_bus 0000:00: root bus resource [mem 0x000a0000-0x000bffff window]
machine # [    0.394081] pci_bus 0000:00: root bus resource [mem 0x40000000-0xfebfffff window]
machine # [    0.396081] pci_bus 0000:00: root bus resource [mem 0x100000000-0x17fffffff window]
machine # [    0.397081] pci_bus 0000:00: root bus resource [bus 00-ff]
machine # [    0.398274] pci 0000:00:00.0: [8086:1237] type 00 class 0x060000 conventional PCI endpoint
machine # [    0.400722] pci 0000:00:01.0: [8086:7000] type 00 class 0x060100 conventional PCI endpoint
machine # [    0.402647] pci 0000:00:01.1: [8086:7010] type 00 class 0x010180 conventional PCI endpoint
machine # [    0.406124] pci 0000:00:01.1: BAR 4 [io  0xc1e0-0xc1ef]
machine # [    0.407123] pci 0000:00:01.1: BAR 0 [io  0x01f0-0x01f7]: legacy IDE quirk
machine # [    0.408081] pci 0000:00:01.1: BAR 1 [io  0x03f6]: legacy IDE quirk
machine # [    0.409081] pci 0000:00:01.1: BAR 2 [io  0x0170-0x0177]: legacy IDE quirk
machine # [    0.411081] pci 0000:00:01.1: BAR 3 [io  0x0376]: legacy IDE quirk
machine # [    0.412262] pci 0000:00:01.2: [8086:7020] type 00 class 0x0c0300 conventional PCI endpoint
machine # [    0.415206] pci 0000:00:01.2: BAR 4 [io  0xc100-0xc11f]
machine # [    0.418684] pci 0000:00:01.3: [8086:7113] type 00 class 0x068000 conventional PCI endpoint
machine # [    0.423005] pci 0000:00:01.3: quirk: [io  0x0600-0x063f] claimed by PIIX4 ACPI
machine # [    0.426091] pci 0000:00:01.3: quirk: [io  0x0700-0x070f] claimed by PIIX4 SMB
machine # [    0.427328] pci 0000:00:02.0: [1234:1111] type 00 class 0x030000 conventional PCI endpoint
machine # [    0.432103] pci 0000:00:02.0: BAR 0 [mem 0xfd000000-0xfdffffff pref]
machine # [    0.434098] pci 0000:00:02.0: BAR 2 [mem 0xfebd0000-0xfebd0fff]
machine # [    0.435114] pci 0000:00:02.0: ROM [mem 0xfebc0000-0xfebcffff pref]
machine # [    0.436141] pci 0000:00:02.0: Video device with shadowed ROM at [mem 0x000c0000-0x000dffff]
machine # [    0.438381] pci 0000:00:03.0: [1af4:1000] type 00 class 0x020000 conventional PCI endpoint
machine # [    0.443091] pci 0000:00:03.0: BAR 0 [io  0xc120-0xc13f]
machine # [    0.445091] pci 0000:00:03.0: BAR 1 [mem 0xfebd1000-0xfebd1fff]
machine # [    0.446114] pci 0000:00:03.0: BAR 4 [mem 0xfe000000-0xfe003fff 64bit pref]
machine # [    0.448089] pci 0000:00:03.0: ROM [mem 0xfeb40000-0xfeb7ffff pref]
machine # [    0.450226] pci 0000:00:04.0: [1af4:1005] type 00 class 0x00ff00 conventional PCI endpoint
machine # [    0.453903] pci 0000:00:04.0: BAR 0 [io  0xc140-0xc15f]
machine # [    0.456092] pci 0000:00:04.0: BAR 1 [mem 0xfebd2000-0xfebd2fff]
machine # [    0.457114] pci 0000:00:04.0: BAR 4 [mem 0xfe004000-0xfe007fff 64bit pref]
machine # [    0.460248] pci 0000:00:05.0: [1af4:1009] type 00 class 0x000200 conventional PCI endpoint
machine # [    0.463091] pci 0000:00:05.0: BAR 0 [io  0xc080-0xc0bf]
machine # [    0.464089] pci 0000:00:05.0: BAR 1 [mem 0xfebd3000-0xfebd3fff]
machine # [    0.465114] pci 0000:00:05.0: BAR 4 [mem 0xfe008000-0xfe00bfff 64bit pref]
machine # [    0.468225] pci 0000:00:06.0: [1af4:1009] type 00 class 0x000200 conventional PCI endpoint
machine # [    0.472091] pci 0000:00:06.0: BAR 0 [io  0xc160-0xc17f]
machine # [    0.473090] pci 0000:00:06.0: BAR 1 [mem 0xfebd4000-0xfebd4fff]
machine # [    0.475116] pci 0000:00:06.0: BAR 4 [mem 0xfe00c000-0xfe00ffff 64bit pref]
machine # [    0.478238] pci 0000:00:07.0: [1af4:1009] type 00 class 0x000200 conventional PCI endpoint
machine # [    0.484115] pci 0000:00:07.0: BAR 0 [io  0xc180-0xc19f]
machine # [    0.487108] pci 0000:00:07.0: BAR 1 [mem 0xfebd5000-0xfebd5fff]
machine # [    0.490171] pci 0000:00:07.0: BAR 4 [mem 0xfe010000-0xfe013fff 64bit pref]
machine # [    0.493729] pci 0000:00:08.0: [1af4:1001] type 00 class 0x010000 conventional PCI endpoint
machine # [    0.499092] pci 0000:00:08.0: BAR 0 [io  0xc000-0xc07f]
machine # [    0.500090] pci 0000:00:08.0: BAR 1 [mem 0xfebd6000-0xfebd6fff]
machine # [    0.501114] pci 0000:00:08.0: BAR 4 [mem 0xfe014000-0xfe017fff 64bit pref]
machine # [    0.503226] pci 0000:00:09.0: [1af4:1000] type 00 class 0x020000 conventional PCI endpoint
machine # [    0.508091] pci 0000:00:09.0: BAR 0 [io  0xc1a0-0xc1bf]
machine # [    0.509090] pci 0000:00:09.0: BAR 1 [mem 0xfebd7000-0xfebd7fff]
machine # [    0.510114] pci 0000:00:09.0: BAR 4 [mem 0xfe018000-0xfe01bfff 64bit pref]
machine # [    0.511090] pci 0000:00:09.0: ROM [mem 0xfeb80000-0xfebbffff pref]
machine # [    0.514217] pci 0000:00:0a.0: [1af4:1052] type 00 class 0x090000 conventional PCI endpoint
machine # [    0.517100] pci 0000:00:0a.0: BAR 1 [mem 0xfebd8000-0xfebd8fff]
machine # [    0.518115] pci 0000:00:0a.0: BAR 4 [mem 0xfe01c000-0xfe01ffff 64bit pref]
machine # [    0.521226] pci 0000:00:0b.0: [1af4:1003] type 00 class 0x078000 conventional PCI endpoint
machine # [    0.524091] pci 0000:00:0b.0: BAR 0 [io  0xc0c0-0xc0ff]
machine # [    0.525090] pci 0000:00:0b.0: BAR 1 [mem 0xfebd9000-0xfebd9fff]
machine # [    0.526115] pci 0000:00:0b.0: BAR 4 [mem 0xfe020000-0xfe023fff 64bit pref]
machine # [    0.528226] pci 0000:00:0c.0: [1af4:1005] type 00 class 0x00ff00 conventional PCI endpoint
machine # [    0.533092] pci 0000:00:0c.0: BAR 0 [io  0xc1c0-0xc1df]
machine # [    0.534089] pci 0000:00:0c.0: BAR 1 [mem 0xfebda000-0xfebdafff]
machine # [    0.535115] pci 0000:00:0c.0: BAR 4 [mem 0xfe024000-0xfe027fff 64bit pref]
machine # [    0.540720] ACPI: PCI: Interrupt link LNKA configured for IRQ 10
machine # [    0.542245] ACPI: PCI: Interrupt link LNKB configured for IRQ 10
machine # [    0.543226] ACPI: PCI: Interrupt link LNKC configured for IRQ 11
machine # [    0.544219] ACPI: PCI: Interrupt link LNKD configured for IRQ 11
machine # [    0.546175] ACPI: PCI: Interrupt link LNKS configured for IRQ 9
machine # [    0.547589] iommu: Default domain type: Translated
machine # [    0.548100] iommu: DMA domain TLB invalidation policy: lazy mode
machine # [    0.552687] ACPI: bus type USB registered
machine # [    0.554169] usbcore: registered new interface driver usbfs
machine # [    0.557100] usbcore: registered new interface driver hub
machine # [    0.559103] usbcore: registered new device driver usb
machine # [    0.560466] NetLabel: Initializing
machine # [    0.561082] NetLabel:  domain hash size = 128
machine # [    0.561932] NetLabel:  protocols = UNLABELED CIPSOv4 CALIPSO
machine # [    0.563120] NetLabel:  unlabeled traffic allowed by default
machine # [    0.564084] PCI: Using ACPI for IRQ routing
machine # [    0.565206] e820: register RAM buffer resource [mem 0x0009fc00-0x0009ffff]
machine # [    0.567082] e820: register RAM buffer resource [mem 0x3ffdb000-0x3fffffff]
machine # [    0.568155] pci 0000:00:02.0: vgaarb: setting as boot VGA device
machine # [    0.569077] pci 0000:00:02.0: vgaarb: bridge control possible
machine # [    0.569077] pci 0000:00:02.0: vgaarb: VGA device added: decodes=io+mem,owns=io+mem,locks=none
machine # [    0.572089] vgaarb: loaded
machine # [    0.572757] hpet0: at MMIO 0xfed00000, IRQs 2, 8, 0
machine # [    0.574083] hpet0: 3 comparators, 64-bit 100.000000 MHz counter
machine # [    0.582150] clocksource: Switched to clocksource kvm-clock
machine # [    0.583625] VFS: Disk quotas dquot_6.6.0
machine # [    0.584511] VFS: Dquot-cache hash table entries: 512 (order 0, 4096 bytes)
machine # [    0.586342] pnp: PnP ACPI init
machine # [    0.587464] pnp: PnP ACPI: found 6 devices
machine # [    0.597647] clocksource: acpi_pm: mask: 0xffffff max_cycles: 0xffffff, max_idle_ns: 2085701024 ns
machine # [    0.600268] clocksource: Switched to clocksource acpi_pm
machine # [    0.601933] NET: Registered PF_INET protocol family
machine # [    0.603416] IP idents hash table entries: 16384 (order: 5, 131072 bytes, linear)
machine # [    0.618495] tcp_listen_portaddr_hash hash table entries: 512 (order: 1, 8192 bytes, linear)
machine # [    0.620127] Table-perturb hash table entries: 65536 (order: 6, 262144 bytes, linear)
machine # [    0.621663] TCP established hash table entries: 8192 (order: 4, 65536 bytes, linear)
machine # [    0.623215] TCP bind hash table entries: 8192 (order: 6, 262144 bytes, linear)
machine # [    0.624705] TCP: Hash tables configured (established 8192 bind 8192)
machine # [    0.626038] MPTCP token hash table entries: 1024 (order: 3, 24576 bytes, linear)
machine # [    0.627511] UDP hash table entries: 512 (order: 3, 32768 bytes, linear)
machine # [    0.628838] UDP-Lite hash table entries: 512 (order: 3, 32768 bytes, linear)
machine # [    0.630309] NET: Registered PF_UNIX/PF_LOCAL protocol family
machine # [    0.631442] NET: Registered PF_XDP protocol family
machine # [    0.632425] pci_bus 0000:00: resource 4 [io  0x0000-0x0cf7 window]
machine # [    0.633650] pci_bus 0000:00: resource 5 [io  0x0d00-0xffff window]
machine # [    0.634861] pci_bus 0000:00: resource 6 [mem 0x000a0000-0x000bffff window]
machine # [    0.636202] pci_bus 0000:00: resource 7 [mem 0x40000000-0xfebfffff window]
machine # [    0.637557] pci_bus 0000:00: resource 8 [mem 0x100000000-0x17fffffff window]
machine # [    0.638996] pci 0000:00:01.0: PIIX3: Enabling Passive Release
machine # [    0.640147] pci 0000:00:00.0: Limiting direct PCI/PCI transfers
machine # [    0.657028] ACPI: \_SB_.LNKD: Enabled at IRQ 11
machine # [    0.674032] pci 0000:00:01.2: quirk_usb_early_handoff+0x0/0x7b0 took 31893 usecs
machine # [    0.675624] PCI: CLS 0 bytes, default 64
machine # [    0.676539] clocksource: tsc: mask: 0xffffffffffffffff max_cycles: 0x2b3e4942f25, max_idle_ns: 440795326592 ns
machine # [    0.679274] Trying to unpack rootfs image as initramfs...
machine # [    0.680076] Initialise system trusted keyrings
machine # [    0.683046] workingset: timestamp_bits=40 max_order=18 bucket_order=0
machine # [    0.698915] Key type asymmetric registered
machine # [    0.699715] Asymmetric key parser 'x509' registered
machine # [    0.700795] Block layer SCSI generic (bsg) driver version 0.4 loaded (major 250)
machine # [    0.702617] io scheduler mq-deadline registered
machine # [    0.703584] io scheduler kyber registered
machine # [    0.707242] Serial: 8250/16550 driver, 4 ports, IRQ sharing enabled
machine # [    0.708827] 00:04: ttyS0 at I/O 0x3f8 (irq = 4, base_baud = 115200) is a 16550A
machine # [    0.711983] Linux agpgart interface v0.103
machine # [    0.712825] ACPI: bus type drm_connector registered
machine # [    0.715115] usbcore: registered new interface driver usbserial_generic
machine # [    0.716415] usbserial: USB Serial support registered for generic
machine # [    0.717622] amd_pstate: the _CPC object is not present in SBIOS or ACPI disabled
machine # [    0.719210] drop_monitor: Initializing network drop monitor service
machine # [    0.720730] NET: Registered PF_INET6 protocol family
machine # [    0.722378] Segment Routing with IPv6
machine # [    0.723315] In-situ OAM (IOAM) with IPv6
machine # [    0.726026] IPI shorthand broadcast: enabled
machine # [    0.728840] sched_clock: Marking stable (557022678, 171740970)->(761544755, -32781107)
machine # [    0.730971] registered taskstats version 1
machine # [    0.732056] Loading compiled-in X.509 certificates
machine # [    0.738178] Demotion targets for Node 0: null
machine # [    0.739403] Key type .fscrypt registered
machine # [    0.740265] Key type fscrypt-provisioning registered
machine # [    0.741618] PM:   Magic number: 14:543:787
machine # [    0.742654] RAS: Correctable Errors collector initialized.
machine # [    0.744027] clk: Disabling unused clocks
machine # [    0.744891] PM: genpd: Disabling unused power domains
machine # [    0.751370] Freeing initrd memory: 11800K
machine # [    0.754861] Freeing unused decrypted memory: 2036K
machine # [    0.756905] Freeing unused kernel image (initmem) memory: 3468K
machine # [    0.758268] Write protecting the kernel read-only data: 30720k
machine # [    0.760286] Freeing unused kernel image (text/rodata gap) memory: 400K
machine # [    0.762279] Freeing unused kernel image (rodata/data gap) memory: 1956K
machine # [    0.814051] x86/mm: Checked W+X mappings: passed, no W+X pages found.
machine # [    0.815080] Run /init as init process
machine # 
machine # <<< NixOS Stage 1 >>>
machine # 
machine # loading module virtio_balloon...
machine # loading module virtio_console...
machine # loading module virtio_rng...
machine # loading module virtio_gpu...
machine # loading module dm_mod...
machine # [    0.920671] device-mapper: ioctl: 4.50.0-ioctl (2025-04-28) initialised: dm-devel@lists.linux.dev
machine # running udev...
machine # Starting systemd-udevd version 255.9
machine # [    0.981130] rtc_cmos 00:05: RTC can wake from S4
machine # [    0.983820] rtc_cmos 00:05: registered as rtc0
machine # [    0.984818] rtc_cmos 00:05: setting system clock to 2026-02-26T13:47:37 UTC (1772113657)
machine # [    0.986529] rtc_cmos 00:05: alarms up to one day, y3k, 242 bytes nvram, hpet irqs
machine # [    0.988032] i8042: PNP: PS/2 Controller [PNP0303:KBD,PNP0f13:MOU] at 0x60,0x64 irq 1,12
machine # [    0.990665] serio: i8042 KBD port at 0x60,0x64 irq 1
machine # [    0.991649] serio: i8042 AUX port at 0x60,0x64 irq 12
machine # [    1.021708] SCSI subsystem initialized
machine # [    1.048776] ACPI: \_SB_.LNKC: Enabled at IRQ 10
machine # [    1.050720] uhci_hcd 0000:00:01.2: UHCI Host Controller
machine # [    1.052230] uhci_hcd 0000:00:01.2: new USB bus registered, assigned bus number 1
machine # [    1.054922] uhci_hcd 0000:00:01.2: detected 2 ports
machine # [    1.056309] uhci_hcd 0000:00:01.2: irq 11, io port 0x0000c100
machine # [    1.057962] usb usb1: New USB device found, idVendor=1d6b, idProduct=0001, bcdDevice= 7.00
machine # [    1.059513] usb usb1: New USB device strings: Mfr=3, Product=2, SerialNumber=1
machine # [    1.060968] usb usb1: Product: UHCI Host Controller
machine # [    1.061876] usb usb1: Manufacturer: Linux 7.0.0-rc1 uhci_hcd
machine # [    1.062878] usb usb1: SerialNumber: 0000:00:01.2
machine # [    1.064083] hub 1-0:1.0: USB hub found
machine # [    1.064877] hub 1-0:1.0: 2 ports detected
machine # [    1.071852] scsi host0: ata_piix
machine # [    1.072854] scsi host1: ata_piix
machine # [    1.073485] ata1: PATA max MWDMA2 cmd 0x1f0 ctl 0x3f6 bmdma 0xc1e0 irq 14 lpm-pol 0
machine # [    1.075043] ata2: PATA max MWDMA2 cmd 0x170 ctl 0x376 bmdma 0xc1e8 irq 15 lpm-pol 0
machine # [    1.095073] ACPI: \_SB_.LNKA: Enabled at IRQ 10
machine # [    1.112967] ACPI: \_SB_.LNKB: Enabled at IRQ 11
machine # [    1.232524] ata2: found unknown device (class 0)
machine # [    1.236519] ata2.00: ATAPI: QEMU DVD-ROM, 2.5+, max UDMA/100
machine # [    1.241813] scsi 1:0:0:0: CD-ROM            QEMU     QEMU DVD-ROM     2.5+ PQ: 0 ANSI: 5
machine # [    1.286533] input: AT Translated Set 2 keyboard as /devices/platform/i8042/serio0/input/input0
machine # [    1.288250] usb 1-1: new full-speed USB device number 2 using uhci_hcd
machine # [    1.305775] virtio_blk virtio5: 4/0/0 default/read/poll queues
machine # [    1.309392] virtio_blk virtio5: [vda] 2097152 512-byte logical blocks (1.07 GB/1.00 GiB)
machine # [    1.340653] netfs: FS-Cache loaded
machine # [    1.351836] 9pnet: Installing 9P2000 support
machine # [    1.353706] sr 1:0:0:0: [sr0] scsi3-mmc drive: 4x/4x cd/rw xa/form2 tray
machine # [    1.355420] cdrom: Uniform CD-ROM driver Revision: 3.20
machine # [    1.511816] usb 1-1: New USB device found, idVendor=0627, idProduct=0001, bcdDevice= 0.00
machine # [    1.515056] usb 1-1: New USB device strings: Mfr=1, Product=3, SerialNumber=10
machine # [    1.517335] usb 1-1: Product: QEMU USB Tablet
machine # [    1.518461] usb 1-1: Manufacturer: QEMU
machine # [    1.519497] usb 1-1: SerialNumber: 28754-0000:00:01.2-1
machine # [    1.538204] hid: raw HID events driver (C) Jiri Kosina
machine # [    1.547524] usbcore: registered new interface driver usbhid
machine # [    1.549018] usbhid: USB HID core driver
machine # [    1.552262] input: QEMU QEMU USB Tablet as /devices/pci0000:00/0000:00:01.2/usb1/1-1/1-1:1.0/0003:0627:0001.0001/input/input2
machine # [    1.555567] hid-generic 0003:0627:0001.0001: input,hidraw0: USB HID v0.01 Mouse [QEMU QEMU USB Tablet] on usb-0000:00:01.2-1/input0
machine # kbd_mode: KDSKBMODE: Inappropriate ioctl for device
machine # %Gstarting device mapper and LVM...
machine # checking /dev/disk/by-label/nixos...
machine # fsck (busybox 1.36.1)
machine # [fsck.ext4 (1) -- /mnt-root/] fsck.ext4 -a /dev/disk/by-label/nixos
machine # nixos: clean, 11/65536 files, 12955/262144 blocks
machine # mounting /dev/disk/by-label/nixos on /...
machine # [    2.545212] EXT4-fs (vda): mounted filesystem 754ba50a-8a6c-4477-86b7-23950a8b68b1 r/w with ordered data mode. Quota mode: none.
machine # [    2.556819] EXT4-fs (vda): re-mounted 754ba50a-8a6c-4477-86b7-23950a8b68b1.
machine # mounting nix-store on /nix/.ro-store...
machine # [    2.589351] 9p: Installing v9fs 9p2000 file system support
machine # mounting tmpfs on /nix/.rw-store...
machine # mounting shared on /tmp/shared...
machine # mounting xchg on /tmp/xchg...
machine # mounting overlay filesystem on /nix/store...
machine # 
machine # <<< NixOS Stage 2 >>>
machine # 
machine # [    3.111917] EXT4-fs (vda): re-mounted 754ba50a-8a6c-4477-86b7-23950a8b68b1.
machine # [    3.115556] booting system configuration /nix/store/i72lqmrzmrn3bw11410ly6kmdxj23axy-nixos-system-machine-test
machine # running activation script...
machine # setting up /etc...
machine # starting systemd...
machine # [    5.479229] systemd[1]: Inserted module 'autofs4'
machine # [    5.568484] systemd[1]: systemd 255.9 running in system mode (+PAM +AUDIT -SELINUX +APPARMOR +IMA +SMACK +SECCOMP +GCRYPT -GNUTLS +OPENSSL +ACL +BLKID +CURL +ELFUTILS +FIDO2 +IDN2 -IDN +IPTC +KMOD +LIBCRYPTSETUP +LIBFDISK +PCRE2 +PWQUALITY +P11KIT +QRENCODE +TPM2 +BZIP2 +LZ4 +XZ +ZLIB +ZSTD +BPF_FRAMEWORK -XKBCOMMON +UTMP -SYSVINIT default-hierarchy=unified)
machine # [    5.576610] systemd[1]: Detected virtualization kvm.
machine # [    5.577903] systemd[1]: Detected architecture x86-64.
machine # [  !!  ] This OS version (NixOS 24.05 (Uakari)) is past its end-of-support date (2024-12-31)
machine # [    5.589796] systemd[1]: Hostname set to <machine>.
machine # [    5.591836] systemd[1]: Initializing machine ID from random generator.
machine # [    5.719177] systemd[1]: bpf-lsm: LSM BPF program attached
machine # [    7.098401] systemd[1]: Queued start job for default target Multi-User System.
machine # [    7.155386] systemd[1]: Created slice Slice /system/getty.
machine # [    7.158832] systemd[1]: Created slice Slice /system/modprobe.
machine # [    7.161705] systemd[1]: Created slice User and Session Slice.
machine # [    7.162847] systemd[1]: Started Dispatch Password Requests to Console Directory Watch.
machine # [    7.164469] systemd[1]: Started Forward Password Requests to Wall Directory Watch.
machine # [    7.166124] systemd[1]: Expecting device /dev/hvc0...
machine # [    7.167235] systemd[1]: Expecting device /dev/ttyS0...
machine # [    7.168314] systemd[1]: Expecting device /sys/subsystem/net/devices/eth1...
machine # [    7.169876] systemd[1]: Reached target Local Encrypted Volumes.
machine # [    7.172446] systemd[1]: Reached target Containers.
machine # [    7.174640] systemd[1]: Reached target Path Units.
machine # [    7.176392] systemd[1]: Reached target Remote File Systems.
machine # [    7.178111] systemd[1]: Reached target Slice Units.
machine # [    7.179704] systemd[1]: Reached target Swaps.
machine # [    7.190629] systemd[1]: Listening on Process Core Dump Socket.
machine # [    7.193416] systemd[1]: Listening on Journal Socket (/dev/log).
machine # [    7.195395] systemd[1]: Listening on Journal Socket.
machine # [    7.198320] systemd[1]: Listening on Userspace Out-Of-Memory (OOM) Killer Socket.
machine # [    7.204175] systemd[1]: Listening on udev Control Socket.
machine # [    7.206115] systemd[1]: Listening on udev Kernel Socket.
machine # [    7.225903] systemd[1]: Mounting Huge Pages File System...
machine # [    7.232677] systemd[1]: Mounting POSIX Message Queue File System...
machine # [    7.238904] systemd[1]: Mounting Kernel Debug File System...
machine # [    7.253411] systemd[1]: Starting Create List of Static Device Nodes...
machine # [    7.260866] systemd[1]: Starting Load Kernel Module configfs...
machine # [    7.268457] systemd[1]: Starting Load Kernel Module drm...
machine # [    7.275522] systemd[1]: Starting Load Kernel Module efi_pstore...
machine # [    7.283138] systemd[1]: Starting Load Kernel Module fuse...
machine # [    7.291372] systemd[1]: Starting mount-pstore.service...
machine # [    7.300573] systemd[1]: Starting Create SUID/SGID Wrappers...
machine # [    7.303907] systemd[1]: File System Check on Root Device was skipped because of an unmet condition check (ConditionPathIsReadWrite=!/).
machine # [    7.316523] systemd[1]: Starting Journal Service...
machine # [    7.324080] systemd[1]: Starting Load Kernel Modules...
machine # [    7.333041] systemd[1]: Starting Remount Root and Kernel File Systems...
machine # [    7.341341] systemd[1]: Starting Coldplug All udev Devices...
machine # [    7.348714] systemd[1]: Mounted Huge Pages File System.
machine # [    7.350999] systemd[1]: Mounted POSIX Message Queue File System.
machine # [    7.353206] systemd[1]: Mounted Kernel Debug File System.
machine # [    7.378951] systemd[1]: Finished Create List of Static Device Nodes.
machine # [    7.418533] systemd[1]: modprobe@drm.service: Deactivated successfully.
machine # [    7.420829] systemd[1]: Finished Load Kernel Module drm.
machine # [    7.429151] systemd[1]: Starting Create Static Device Nodes in /dev gracefully...
machine # [    7.434897] systemd[1]: modprobe@configfs.service: Deactivated successfully.
machine # [    7.444134] systemd[1]: Finished Load Kernel Module configfs.
machine # [    7.449112] systemd[1]: modprobe@efi_pstore.service: Deactivated successfully.
machine # [    7.460154] systemd[1]: Finished Load Kernel Module efi_pstore.
machine # [    7.478056] systemd[1]: Mounting Kernel Configuration File System...
machine # [    7.494243] systemd-journald[422]: Collecting audit messages is disabled.
machine # [    7.497972] EXT4-fs (vda): re-mounted 754ba50a-8a6c-4477-86b7-23950a8b68b1.
machine # [    7.511081] fuse: init (API version 7.45)
machine # [    7.514453] systemd[1]: Finished Remount Root and Kernel File Systems.
machine # [    7.525826] systemd[1]: Starting Load/Save OS Random Seed...
machine # [    7.533907] systemd[1]: modprobe@fuse.service: Deactivated successfully.
machine # [    7.537567] systemd[1]: Finished Load Kernel Module fuse.
machine # [    7.547349] systemd[1]: Mounting FUSE Control File System...
machine # [    7.553800] systemd[1]: Mounted Kernel Configuration File System.
machine # [    7.656247] systemd[1]: Started Journal Service.
machine # [    7.493155] systemd[1]: Starting Flush Journal to Persistent Storage...
machine # [    7.497384] systemd[1]: Finished Coldplug All udev Devices.
machine # [    7.500305] systemd[1]: Finished Create Static Device Nodes in /dev gracefully.
machine # [    7.588395] systemd[1]: Mounted FUSE Control File System.
machine # [    7.775367] bridge: filtering via arp/ip/ip6tables is no longer available by default. Update your scripts to load br_netfilter if you need this.
machine # [    7.615399] systemd-modules-load[423]: Inserted module 'bridge'
machine # [    7.619839] systemd[1]: Starting Create Static Device Nodes in /dev...
machine # [    7.631880] systemd-modules-load[423]: Inserted module 'macvlan'
machine # [    7.641382] systemd-modules-load[423]: Inserted module 'tap'
machine # [    7.649702] systemd[1]: Finished Load/Save OS Random Seed.
machine # [    7.825016] tun: Universal TUN/TAP device driver, 1.6
machine # [    7.655357] systemd-modules-load[423]: Inserted module 'tun'
machine # [    7.933772] loop: module loaded
machine # [    7.765309] systemd-modules-load[423]: Inserted module 'loop'
machine # [    7.941136] systemd-journald[422]: Received client request to flush runtime journal.
machine # [   11.901810] clocksource: Long readout interval, skipping watchdog check: cs_nsec: 3479118677 wd_nsec: 3479118280
machine # [   11.746710] systemd[1]: Finished Load Kernel Modules.
machine # [   11.751803] systemd[1]: Starting Firewall...
machine # [   11.754919] systemd[1]: Starting Apply Kernel Variables...
machine # [   11.759446] systemd[1]: Finished Create Static Device Nodes in /dev.
machine # [   11.763575] systemd[1]: Reached target Preparation for Local File Systems.
machine # [   11.767884] systemd[1]: Reached target Local File Systems.
machine # [   11.770899] systemd[1]: Update Boot Loader Random Seed was skipped because no trigger condition checks were met.
machine # [   11.777141] systemd[1]: Starting Rule-based Manager for Device Events and Files...
machine # [   11.781800] systemd[1]: Finished Flush Journal to Persistent Storage.
machine # [   11.786245] systemd[1]: Starting Create System Files and Directories...
machine # [   12.019765] systemd-udevd[484]: Using default interface naming scheme 'v255'.
machine # [   12.061270] systemd[1]: Finished Apply Kernel Variables.
machine # [   12.122986] systemd[1]: Finished Create System Files and Directories.
machine # [   12.132596] systemd[1]: Starting Rebuild Journal Catalog...
machine # [   12.141339] systemd[1]: Starting Userspace Out-Of-Memory (OOM) Killer...
machine # [   12.146921] systemd[1]: Starting Record System Boot/Shutdown in UTMP...
machine # [   12.281879] systemd[1]: Started Rule-based Manager for Device Events and Files.
machine # [   12.436110] systemd[1]: Finished Record System Boot/Shutdown in UTMP.
machine # [   12.441298] systemd-oomd[530]: No swap; memory pressure usage will be degraded
machine # [   12.445913] systemd[1]: Started Userspace Out-Of-Memory (OOM) Killer.
machine # [   12.457290] systemd[1]: Found device /dev/hvc0.
machine # [   12.539153] (udev-worker)[545]: eth1: Config file /etc/systemd/network/40-eth1.link is applied to device based on potentially unpredictable interface name.
machine # [   12.574603] (udev-worker)[545]: Network interface NamePolicy= disabled on kernel command line.
machine # [   12.580333] (udev-worker)[552]: Network interface NamePolicy= disabled on kernel command line.
machine # [   12.592450] s[   12.764105] input: Power Button as /devices/platform/LNXPWRBN:00/input/input3
machine # ystemd[1]: Finis[   12.767011] ACPI: button: Power Button [PWRF]
machine # hed Rebuild Journal Catalog.
machine # [   12.604841] systemd[1]: Starting Update is Completed...
machine # [   12.624935] s[   12.797270] bochs-drm 0000:00:02.0: vgaarb: deactivate vga console
machine # ystemd[1]: Found device /dev/ttyS0.
machine # [   12.801885] piix4_smbus 0000:00:01.3: SMBus Host Controller at 0x700, revision 0
machine # [   12.801960] i2c i2c-0: Memory type 0x07 not supported yet, not instantiating SPD
machine # [   12.816409] Console: switching to colour dummy device 80x25
machine # [   12.819794] mousedev: PS/2 mouse device common for all mice
machine # [   12.826402] [drm] Found bochs VGA, ID 0xb0c5.
machine # [   12.826405] [drm] Framebuffer size 16384 kB @ 0xfd000000, mmio @ 0xfebd0000.
machine # [   12.836793] [drm] Initialized bochs-drm 1.0.0 for 0000:00:02.0 on minor 0
machine # [   13.278962] fbcon: bochs-drmdrmfb (fb0) is primary device
machine # [   13.387185] Floppy drive(s): fd0 is 2.88M AMI BIOS
machine # [   13.392817] parport_pc 00:03: reported by Plug and Play ACPI
machine # [   13.393159] parport0: PC-style at 0x378, irq 7 [PCSPP(,...)]
machine # [   13.400133] FDC 0 is a S82078B
machine # [   13.421320] Console: switching to colour frame buffer device 160x50
machine # [   13.594668] bochs-drm 0000:00:02.0: [drm] fb0: bochs-drmdrmfb frame buffer device
machine # [   13.227521] systemd[1]: Found device Virtio network device.
machine # [   13.428647] systemd[1]: Finished Update is Completed.
machine # [   13.430552] systemd[1]: suid-sgid-wrappers.service: Deactivated successfully.
machine # [   13.433144] systemd[1]: Finished Create SUID/SGID Wrappers.
machine # [   13.435210] systemd[1]: suid-sgid-wrappers.service: Consumed 4.420s CPU time, no IP traffic.
machine # [   13.613158] input: QEMU Virtio Keyboard as /devices/pci0000:00/0000:00:0a.0/virtio7/input/input4
machine # [   13.628082] input: VirtualPS/2 VMware VMMouse as /devices/platform/i8042/serio1/input/input6
machine # [   13.633785] input: VirtualPS/2 VMware VMMouse as /devices/platform/i8042/serio1/input/input5
machine # [   13.537467] systemd[1]: Starting Virtual Console Setup...
machine # [   14.073218] ppdev: user-space parallel port driver
machine # [   13.912485] systemd[1]: systemd-vconsole-setup.service: Deactivated successfully.
machine # [   13.914805] systemd[1]: Stopped Virtual Console Setup.
machine # [   14.045821] systemd[1]: Starting Virtual Console Setup...
machine # [   15.018537] systemd[1]: systemd-vconsole-setup.service: Deactivated successfully.
machine # [   15.021153] systemd[1]: Stopped Virtual Console Setup.
machine # [   15.269230] systemd[1]: Starting Virtual Console Setup...
machine # [   15.864098] kvm_amd: Nested Virtualization enabled
machine # [   15.865440] kvm_amd: Nested Paging enabled
machine # [   15.909376] cz91g3ll948jisxvbsxnqsl917083qwr-mount-pstore.sh[430]: Persistent Storage backend was not registered in time.
machine # [   15.916595] systemd[1]: Finished mount-pstore.service.
machine # [   15.918647] systemd[1]: Platform Persistent Storage Archival was skipped because of an unmet condition check (ConditionDirectoryNotEmpty=/sys/fs/pstore).
machine # [   16.247929] EDAC MC: Ver: 3.0.0
machine # [   17.018771] systemd[1]: Finished Virtual Console Setup.
machine # [   17.021566] systemd[1]: Reached target System Initialization.
machine # [   17.024245] systemd[1]: Started Daily Cleanup of Temporary Directories.
machine # [   17.027162] systemd[1]: Reached target Timer Units.
machine # [   17.029340] systemd[1]: Listening on D-Bus System Message Bus Socket.
machine # [   17.032735] systemd[1]: Listening on Nix Daemon Socket.
machine # [   17.035254] systemd[1]: Reached target Socket Units.
machine # [   17.037428] systemd[1]: Reached target Basic System.
machine # [   17.039311] systemd[1]: System is tainted: support-ended
machine # [   17.042604] systemd[1]: Starting Kernel Auditing...
machine # [   17.046955] systemd[1]: Started backdoor.service.
machine # [   17.052466] systemd[1]: Starting DHCP Client...
machine # [   17.057223] systemd[1]: Starting Name Service Cache Daemon (nsncd)...
machine # [   17.063308] systemd[1]: Started Reset console on configuration changes.
machine # [   17.069199] systemd[1]: Starting resolvconf update...
machine # [   17.083584] systemd[1]: Starting D-Bus System Message Bus...
machine # [   17.126630] dhcpcd[705]: dhcpcd-10.0.6 starting
machine # [   17.132816] 2zm09qv8pdisxdrn00vj7cfk48lagjhw-audit-disable[714]: No rules
machine # connecting to host...
machine # [   17.147741] systemd[1]: Finished Kernel Auditing.
machine # [   17.153969] dhcpcd[718]: dev: loaded udev
machine # [   17.175262] systemd[1]: Started Name Service Cache Daemon (nsncd).
machine # [   17.179253] systemd[1]: Reached target Host and Network Name Lookups.
machine # [   17.183642] nsncd[706]: Feb 26 13:47:53.379 INFO started, config: Config { ignored_request_types: {}, worker_count: 8, handoff_timeout: 3s }, path: "/var/run/nscd/socket"
machine # [   17.185665] systemd[1]: Reached target User and Group Name Lookups.
machine # [   17.197757] systemd[1]: Starting User Login Management...
machine: Guest shell says: b'Spawning backdoor root shell...\n'
machine: connected to guest root shell
machine # [   17.373260] 8021q: 802.1Q VLAN Support v1.8
machine: (connecting took 17.83 seconds)
machine # [   17.202989] systemd[1]: Finished Firewall.
(finished: waiting for the VM to finish booting, in 18.05 seconds)
machine # [   17.251254] systemd[1]: Listening on Load/Save RF Kill Switch Status /dev/rfkill Watch.
machine # [   17.254954] dbus-daemon[710]: dbus[710]: Unknown username "systemd-timesync" in message bus configuration file
machine # [   17.292651] systemd[1]: Stopped target Host and Network Name Lookups.
machine # [   17.295536] systemd[1]: Stopping Host and Network Name Lookups...
machine # [   17.298347] systemd[1]: Stopped target User and Group Name Lookups.
machine # [   17.300634] systemd[1]: Stopping User and Group Name Lookups...
machine # [   17.303271] systemd[1]: Stopping Name Service Cache Daemon (nsncd)...
machine # [   17.306460] systemd-logind[745]: New seat seat0.
machine # [   17.310150] systemd-logind[745]: Watching system buttons on /dev/input/event3 (QEMU Virtio Keyboard)
machine # [   17.313248] systemd-logind[745]: Watching system buttons on /dev/input/event2 (Power Button)
machine # [   17.315436] systemd-logind[745]: Watching system buttons on /dev/input/event0 (AT Translated Set 2 keyboard)
machine # [   17.317694] systemd[1]: Started User Login Management.
machine # [   17.394614] systemd[1]: Finished resolvconf update.
machine # [   17.401616] systemd[1]: Reached target Preparation for Network.
machine # [   17.411664] systemd[1]: Starting Address configuration of eth1...
machine # [   17.413874] systemd[1]: nscd.service: Deactivated successfully.
machine # [   17.415844] systemd[1]: Stopped Name Service Cache Daemon (nsncd).
machine # [   17.426849] systemd[1]: Starting Name Service Cache Daemon (nsncd)...
machine # [   17.430585] systemd[1]: Started D-Bus System Message Bus.
machine # [   17.533135] nsncd[791]: Feb 26 13:47:53.739 INFO started, config: Config { ignored_request_types: {}, worker_count: 8, handoff_timeout: 3s }, path: "/var/run/nscd/socket"
machine # [   17.558694] systemd[1]: Started Name Service [   17.899768] 8021q: adding VLAN 0 to HW filter on device eth1
machine # Cache Daemon (nsncd).
machine # [   17.558905] systemd[1][   17.902605] cfg80211: Loading compiled-in X.509 certificates for regulatory database
machine # : Reached target Host and Network Name Lookups.
machine # [   17.559081] systemd[1]: Reached target User and Group Name Lookups.
machine # [   17.727901] dbus-daemon[710]: [system] Successfully activated service 'org.freedesktop.systemd1'
machine # [   17.763328] network-addresses-eth1-start[788]: adding address 192.168.1.1/24... done
machine # [   17.789917] systemd[1]: Finished Address configuration of eth1.
machine # [   17.797825] systemd[1]: Starting Networking Setup...
machine # [   17.971649] Loaded X.509 cert 'sforshee: 00b28ddf47aef9cea7'
machine # [   17.974051] Loaded X.509 cert 'wens: 61c038651aabdcf94bd0ac7ff06c7248db18c600'
machine # [   17.981946] faux_driver regulatory: Direct firmware load for regulatory.db failed with error -2
machine # [   17.984948] cfg80211: failed to load regulatory.db
machine # [   18.081606] 8021q: adding VLAN 0 to HW filter on device eth0
machine # [   17.912629] dhcpcd[718]: eth0: waiting for carrier
machine # [   17.914971] dhcpcd[718]: eth0: carrier acquired
machine # [   17.933678] dhcpcd[718]: DUID 00:01:00:01:31:33:0b:8a:52:54:00:12:34:56
machine # [   17.936187] dhcpcd[718]: eth0: IAID 00:12:34:56
machine # [   17.938114] dhcpcd[718]: eth0: adding address fe80::5054:ff:fe12:3456
machine # [   18.865121] dhcpcd[718]: eth0: soliciting an IPv6 router
machine # [   19.060515] systemd[1]: Finished Networking Setup.
machine # [   19.069774] systemd[1]: Starting Extra networking commands....
machine # [   19.137831] systemd[1]: Finished Extra networking commands..
machine # [   19.140234] systemd[1]: Reached target Network.
machine # [   19.152906] systemd[1]: Starting Permit User Sessions...
machine # [   19.175634] dhcpcd[718]: eth0: soliciting a DHCP lease
machine # [   19.385027] NET: Registered PF_PACKET protocol family
machine # [   19.226173] dhcpcd[718]: eth0: offered 10.0.2.15 from 10.0.2.2
machine # [   19.230307] dhcpcd[718]: eth0: leased 10.0.2.15 for 86400 seconds
machine # [   19.234386] dhcpcd[718]: eth0: adding route to 10.0.2.0/24
machine # [   19.237623] dhcpcd[718]: eth0: adding default route via 10.0.2.2
machine # [   19.243962] systemd[1]: Finished Permit User Sessions.
machine # [   19.254346] systemd[1]: Started Getty on tty1.
machine # [   19.257287] systemd[1]: Reached target Login Prompts.
machine # [   19.391981] systemd[1]: Stopped target Host and Network Name Lookups.
machine # [   19.394728] systemd[1]: Stopping Host and Network Name Lookups...
machine # [   19.397598] systemd[1]: Stopped target User and Group Name Lookups.
machine # [   19.400410] systemd[1]: Stopping User and Group Name Lookups...
machine # [   19.402813] systemd[1]: Stopping Name Service Cache Daemon (nsncd)...
machine # [   19.406090] systemd[1]: nscd.service: Deactivated successfully.
machine # [   19.408372] systemd[1]: Stopped Name Service Cache Daemon (nsncd).
machine # [   19.418673] systemd[1]: Starting Name Service Cache Daemon (nsncd)...
machine # [   19.455605] systemd[1]: Started DHCP Client.
machine # [   19.457419] systemd[1]: Reached target Network is Online.
machine # [   19.486118] nsncd[928]: Feb 26 13:47:55.691 INFO started, config: Config { ignored_request_types: {}, worker_count: 8, handoff_timeout: 3s }, path: "/var/run/nscd/socket"
machine # [   19.493371] systemd[1]: Started Name Service Cache Daemon (nsncd).
machine # [   19.496413] systemd[1]: Reached target Multi-User System.
machine # [   19.499153] systemd[1]: Reached target Host and Network Name Lookups.
machine # [   19.502309] systemd[1]: Reached target User and Group Name Lookups.
machine # [   19.503840] systemd[1]: Startup finished in 5.233s (kernel) + 14.257s (userspace) = 19.491s.
machine # [   19.654174] dhcpcd[718]: eth0: Router Advertisement from fe80::2
machine # [   19.657120] dhcpcd[718]: eth0: adding address fec0::5054:ff:fe12:3456/64
machine # [   19.660706] dhcpcd[718]: eth0: adding route to fec0::/64
machine # [   19.663086] dhcpcd[718]: eth0: adding default route via fe80::2
(finished: waiting for unit multi-user.target, in 20.99 seconds)
machine: must succeed: grep -q '\[advise\]' /sys/kernel/mm/transparent_hugepage/shmem_enabled
(finished: must succeed: grep -q '\[advise\]' /sys/kernel/mm/transparent_hugepage/shmem_enabled, in 0.06 seconds)
machine: must succeed: systemd-run --service-type=exec --wait -u thp-madv-remove-test thp-madv-remove-test
machine # [   20.402753] systemd[1]: Starting /run/current-system/sw/bin/thp-madv-remove-test...
machine # [   20.441576] systemd[1]: Started /run/current-system/sw/bin/thp-madv-remove-test.
machine # Running as unit: thp-madv-remove-test.service; invocation ID: 92c11b8ed79e4b13a11ab51ddb3b69ba
machine # [   20.459720] thp-madv-remove-test[959]: THP + MADV_REMOVE cross-process kernel regression test
machine # [   20.462449] thp-madv-remove-test[959]: =======================================================
machine # [   20.462704] thp-madv-remove-test[959]: File size:       20 MiB
machine # [   20.462827] thp-madv-remove-test[959]: Total pages:     5120
machine # [   20.462948] thp-madv-remove-test[959]: Child readers:   16
machine # [   20.463107] thp-madv-remove-test[959]: Punching every 7th page (731 pages)
machine # [   20.463294] thp-madv-remove-test[959]: Iterations:      1000
machine # [   20.463426] thp-madv-remove-test[959]: --- Iteration 1/1000 ---
machine # [   21.936347] ------------[ cut here ]------------
machine # [   21.938060] bochs-drm 0000:00:02.0: [drm] vblank wait timed out on crtc 0
machine # [   21.940502] WARNING: drivers/gpu/drm/drm_vblank.c:1320 at drm_crtc_wait_one_vblank+0x182/0x1f0, CPU#0: kworker/0:3/878
machine #
[   21.943616] Modules linked in: af_packet cfg80211 rfkill 8021q xt_conntrack nf_conntrack nf_defrag_ipv6 nf_defrag_ipv4 xt_policy ip6t_rpfilter ipt_rpfilter edac_core intel_rapl_msr intel_rapl_common xt_pkttype kvm_amd ccp sha1 firmware_class xt_LOG nf_log_syslog kvm ppdev xt_tcpudp nft_compat x_tables irqbypass ghash_clmulni_intel aesni_intel vga16fb psmouse vgastate virtio_input parport_pc floppy parport joydev evdev mousedev input_leds i2c_piix4 tiny_power_button led_class intel_agp bochs tpm_tis mac_hid tpm_tis_core intel_gtt serio_raw i2c_smbus button tpm ata_generic pata_acpi sch_fq_codel nf_tables loop tun tap macvlan bridge stp llc fuse efi_pstore configfs nfnetlink dmi_sysfs qemu_fw_cfg autofs4 overlay 9p ext4 crc16 mbcache jbd2 hid_generic usbhid hid 9pnet_virtio 9pnet sr_mod cdrom netfs virtio_blk virtio_net atkbd net_failover libps2 failover vivaldi_fmap ata_piix libata scsi_mod uhci_hcd virtio_pci ehci_hcd virtio_pci_legacy_dev virtio_pci_modern_dev scsi_common i8042 rtc_cmos serio dm_mod dax virtio_gpu
machine # [   21.943776]  virtio_dma_buf virtio_rng rng_core virtio_console virtio_balloon virtio virtio_ring
machine # [   21.963817] CPU: 0 UID: 0 PID: 878 Comm: kworker/0:3 Not tainted 7.0.0-rc1 #1-NixOS PREEMPT(lazy)
machine # [   21.965670] Hardware name: QEMU Standard PC (i440FX + PIIX, 1996), BIOS rel-1.16.3-0-ga6ed6b701f0a-prebuilt.qemu.org 04/01/2014
machine # [   21.967790] Workqueue: events drm_fb_helper_damage_work
machine # [   21.968694] RIP: 0010:drm_crtc_wait_one_vblank+0x188/0x1f0
machine # [   21.969765] Code: ff ff ff 48 85 db 74 7c 48 8b 7b 08 48 8b 6f 50 48 85 ed 74 6a e8 48 bc 02 00 48 89 c6 48 8d 3d ee da 52 01 44 89 e1 48 89 ea <67> 48 0f b9 3a 44 89 e6 48 89 df 41 bd 92 ff ff ff e8 12 fd ff ff
machine # [   21.973131] RSP: 0018:ffffcb184317bda8 EFLAGS: 00010282
machine # [   21.974146] RAX: ffffffffc0ece090 RBX: ffff8a7d49868000 RCX: 0000000000000000
machine # [   21.975356] RDX: ffff8a7d418a98c0 RSI: ffffffffc0ece090 RDI: ffffffff8d6c5020
machine # [   21.976588] RBP: ffff8a7d418a98c0 R08: 000000051b81b606 R09: 0000000000000001
machine # [   21.977855] R10: 0000000000000001 R11: 0000000000000000 R12: 0000000000000000
machine # [   21.979185] R13: 0000000000000000 R14: ffff8a7d42c0b830 R15: 0000000000000228
machine # [   21.980560] FS:  0000000000000000(0000) GS:ffff8a7df036a000(0000) knlGS:0000000000000000
machine # [   21.982017] CS:  0010 DS: 0000 ES: 0000 CR0: 0000000080050033
machine # [   21.983117] CR2: 00005583571f8d08 CR3: 000000000c18c000 CR4: 0000000000350ef0
machine # [   21.984441] Call Trace:
machine # [   21.984851]  <TASK>
machine # [   21.985268]  ? __pfx_autoremove_wake_function+0x10/0x10
machine # [   21.986067]  drm_client_modeset_wait_for_vblank+0x5b/0x70
machine # [   21.987049]  drm_fb_helper_damage_work+0x7e/0x190
machine # [   21.987902]  process_one_work+0x192/0x3e0
machine # [   21.988671]  worker_thread+0x165/0x2d0
machine # [   21.989292]  ? __pfx_worker_thread+0x10/0x10
machine # [   21.990168]  kthread+0xe2/0x120
machine # [   21.990744]  ? __pfx_kthread+0x10/0x10
machine # [   21.991518]  ret_from_fork+0x281/0x340
machine # [   21.992316]  ? __pfx_kthread+0x10/0x10
machine # [   21.993052]  ret_from_fork_asm+0x1a/0x30
machine # [   21.993814]  </TASK>
machine # [   21.994297] ---[ end trace 0000000000000000 ]---
machine # [   23.747569] thp-madv-remove-test[960]: post-sleep failures: 0
machine # [   23.749519] thp-madv-remove-test[959]:   Child: 600512 pages verified, 0 failures
machine # [   23.751279] thp-madv-remove-test[959]:   All 4388 non-punched pages verified OK
machine # [   23.752910] thp-madv-remove-test[959]:   Parent verification failures: 0
machine # [   23.754477] thp-madv-remove-test[959]: Iteration 1 PASSED
machine # [   23.755756] thp-madv-remove-test[959]: --- Iteration 2/1000 ---
machine # [   24.786946] thp-madv-remove-test[982]: post-sleep failures: 0
machine # [   24.788818] thp-madv-remove-test[959]:   Child: 784419 pages verified, 0 failures
machine # [   24.790879] thp-madv-remove-test[959]:   All 4388 non-punched pages verified OK
machine # [   24.792809] thp-madv-remove-test[959]:   Parent verification failures: 0
machine # [   24.794657] thp-madv-remove-test[959]: Iteration 2 PASSED
machine # [   24.795961] thp-madv-remove-test[959]: --- Iteration 3/1000 ---
machine # [   27.550775] thp-madv-remove-test[999]: post-sleep failures: 0
machine # [   27.553659] thp-madv-remove-test[959]:   Child: 1634434 pages verified, 0 failures
machine # [   27.555670] thp-madv-remove-test[959]:   All 4388 non-punched pages verified OK
machine # [   27.559655] thp-madv-remove-test[959]:   Parent verification failures: 0
machine # [   27.562354] thp-madv-remove-test[959]: Iteration 3 PASSED
machine # [   27.563941] thp-madv-remove-test[959]: --- Iteration 4/1000 ---
machine # [   28.206065] thp-madv-remove-test[1017]: post-sleep failures: 0
machine # [   28.207549] thp-madv-remove-test[959]:   Child: 1464068 pages verified, 0 failures
machine # [   28.209348] thp-madv-remove-test[959]:   All 4388 non-punched pages verified OK
machine # [   28.211114] thp-madv-remove-test[959]:   Parent verification failures: 0
machine # [   28.212639] thp-madv-remove-test[959]: Iteration 4 PASSED
machine # [   28.213879] thp-madv-remove-test[959]: --- Iteration 5/1000 ---
machine # [   28.563139] thp-madv-remove-test[1035]: post-sleep failures: 0
machine # [   28.564726] thp-madv-remove-test[959]:   Child: 924627 pages verified, 0 failures
machine # [   28.566487] thp-madv-remove-test[959]:   All 4388 non-punched pages verified OK
machine # [   28.568610] thp-madv-remove-test[959]:   Parent verification failures: 0
machine # [   28.570612] thp-madv-remove-test[959]: Iteration 5 PASSED
machine # [   28.572281] thp-madv-remove-test[959]: --- Iteration 6/1000 ---
machine # [   29.228745] thp-madv-remove-test[1052]: post-sleep failures: 0
machine # [   29.230738] thp-madv-remove-test[959]:   Child: 1599903 pages verified, 0 failures
machine # [   29.232556] thp-madv-remove-test[959]:   All 4388 non-punched pages verified OK
machine # [   29.234304] thp-madv-remove-test[959]:   Parent verification failures: 0
machine # [   29.236054] thp-madv-remove-test[959]: Iteration 6 PASSED
machine # [   29.237301] thp-madv-remove-test[959]: --- Iteration 7/1000 ---
machine # [   34.368752] thp-madv-remove-test[1069]: post-sleep failures: 0
machine # [   34.371278] thp-madv-remove-test[959]:   Child: 4385 pages verified, 0 failures
machine # [   34.373668] thp-madv-remove-test[959]:   All 4388 non-punched pages verified OK
machine # [   34.376164] thp-madv-remove-test[959]:   Parent verification failures: 0
machine # [   34.378465] thp-madv-remove-test[959]: Iteration 7 PASSED
machine # [   34.379759] thp-madv-remove-test[959]: --- Iteration 8/1000 ---
machine # [   35.247920] thp-madv-remove-test[1087]: post-sleep failures: 0
machine # [   35.249530] thp-madv-remove-test[959]:   Child: 631186 pages verified, 0 failures
machine # [   35.251256] thp-madv-remove-test[959]:   All 4388 non-punched pages verified OK
machine # [   35.252872] thp-madv-remove-test[959]:   Parent verification failures: 0
machine # [   35.254595] thp-madv-remove-test[959]: Iteration 8 PASSED
machine # [   35.255850] thp-madv-remove-test[959]: --- Iteration 9/1000 ---
machine # [   35.952501] thp-madv-remove-test[1104]: post-sleep failures: 0
machine # [   35.954472] thp-madv-remove-test[959]:   Child: 1165707 pages verified, 0 failures
machine # [   35.956280] thp-madv-remove-test[959]:   All 4388 non-punched pages verified OK
machine # [   35.957875] thp-madv-remove-test[959]:   Parent verification failures: 0
machine # [   35.959506] thp-madv-remove-test[959]: Iteration 9 PASSED
machine # [   35.960815] thp-madv-remove-test[959]: --- Iteration 10/1000 ---
machine # [   36.005581] thp-madv-remove-test[1121]: post-sleep failures: 0
machine # [   36.007187] thp-madv-remove-test[959]:   Child: 1086897 pages verified, 0 failures
machine # [   36.008878] thp-madv-remove-test[959]:   All 4388 non-punched pages verified OK
machine # [   36.010582] thp-madv-remove-test[959]:   Parent verification failures: 0
machine # [   36.012304] thp-madv-remove-test[959]: Iteration 10 PASSED
machine # [   36.013836] thp-madv-remove-test[959]: --- Iteration 11/1000 ---
machine # [   36.049505] thp-madv-remove-test[1138]: post-sleep failures: 0
machine # [   36.051628] thp-madv-remove-test[959]:   Child: 766970 pages verified, 0 failures
machine # [   36.053487] thp-madv-remove-test[959]:   All 4388 non-punched pages verified OK
machine # [   36.055231] thp-madv-remove-test[959]:   Parent verification failures: 0
machine # [   36.056916] thp-madv-remove-test[959]: Iteration 11 PASSED
machine # [   36.058370] thp-madv-remove-test[959]: --- Iteration 12/1000 ---
machine # [   36.216622] thp-madv-remove-test[1155]: post-sleep failures: 0
machine # [   36.218118] thp-madv-remove-test[959]:   Child: 1200861 pages verified, 0 failures
machine # [   36.219869] thp-madv-remove-test[959]:   All 4388 non-punched pages verified OK
machine # [   36.221716] thp-madv-remove-test[959]:   Parent verification failures: 0
machine # [   36.223389] thp-madv-remove-test[959]: Iteration 12 PASSED
machine # [   36.224689] thp-madv-remove-test[959]: --- Iteration 13/1000 ---
machine # [   36.266128] thp-madv-remove-test[1172]: post-sleep failures: 0
machine # [   36.268435] thp-madv-remove-test[959]:   Child: 1139681 pages verified, 0 failures
machine # [   36.270389] thp-madv-remove-test[959]:   All 4388 non-punched pages verified OK
machine # [   36.272147] thp-madv-remove-test[959]:   Parent verification failures: 0
machine # [   36.273971] thp-madv-remove-test[959]: Iteration 13 PASSED
machine # [   36.275336] thp-madv-remove-test[959]: --- Iteration 14/1000 ---
machine # [   36.314859] thp-madv-remove-test[1189]: post-sleep failures: 0
machine # [   36.316601] thp-madv-remove-test[959]:   Child: 1060560 pages verified, 0 failures
machine # [   36.318290] thp-madv-remove-test[959]:   All 4388 non-punched pages verified OK
machine # [   36.319960] thp-madv-remove-test[959]:   Parent verification failures: 0
machine # [   36.321964] thp-madv-remove-test[959]: Iteration 14 PASSED
machine # [   36.323382] thp-madv-remove-test[959]: --- Iteration 15/1000 ---
machine # [   36.353488] thp-madv-remove-test[1206]: post-sleep failures: 0
machine # [   36.355519] thp-madv-remove-test[959]:   Child: 609199 pages verified, 0 failures
machine # [   36.357944] thp-madv-remove-test[959]:   All 4388 non-punched pages verified OK
machine # [   36.358900] thp-madv-remove-test[959]:   Parent verification failures: 0
machine # [   36.361370] thp-madv-remove-test[959]: Iteration 15 PASSED
machine # [   36.362005] thp-madv-remove-test[959]: --- Iteration 16/1000 ---
machine # [   36.395956] thp-madv-remove-test[1223]: post-sleep failures: 0
machine # [   36.398280] thp-madv-remove-test[959]:   Child: 753884 pages verified, 0 failures
machine # [   36.400189] thp-madv-remove-test[959]:   All 4388 non-punched pages verified OK
machine # [   36.400679] thp-madv-remove-test[959]:   Parent verification failures: 0
machine # [   36.403480] thp-madv-remove-test[959]: Iteration 16 PASSED
machine # [   36.404893] thp-madv-remove-test[959]: --- Iteration 17/1000 ---
machine # [   41.117422] thp-madv-remove-test[1240]: post-sleep failures: 0
machine # [   41.119883] thp-madv-remove-test[959]:   Child: 1442329 pages verified, 0 failures
machine # [   41.122954] thp-madv-remove-test[959]:   All 4388 non-punched pages verified OK
machine # [   41.124943] thp-madv-remove-test[959]:   Parent verification failures: 0
machine # [   41.129121] thp-madv-remove-test[959]: Iteration 17 PASSED
machine # [   41.130843] thp-madv-remove-test[959]: --- Iteration 18/1000 ---
machine # [   41.280595] thp-madv-remove-test[1258]: post-sleep failures: 0
machine # [   41.282071] thp-madv-remove-test[959]:   Child: 872334 pages verified, 0 failures
machine # [   41.283408] thp-madv-remove-test[959]:   All 4388 non-punched pages verified OK
machine # [   41.284326] thp-madv-remove-test[959]:   Parent verification failures: 0
machine # [   41.287541] thp-madv-remove-test[959]: Iteration 18 PASSED
machine # [   41.288456] thp-madv-remove-test[959]: --- Iteration 19/1000 ---
machine # [   41.327880] thp-madv-remove-test[1276]: post-sleep failures: 0
machine # [   41.329551] thp-madv-remove-test[959]:   Child: 578505 pages verified, 0 failures
machine # [   41.331284] thp-madv-remove-test[959]:   All 4388 non-punched pages verified OK
machine # [   41.332903] thp-madv-remove-test[959]:   Parent verification failures: 0
machine # [   41.334457] thp-madv-remove-test[959]: Iteration 19 PASSED
machine # [   41.335793] thp-madv-remove-test[959]: --- Iteration 20/1000 ---
machine # [   41.585653] thp-madv-remove-test[1293]: post-sleep failures: 0
machine # [   41.587256] thp-madv-remove-test[959]:   Child: 1428358 pages verified, 0 failures
machine # [   41.588989] thp-madv-remove-test[959]:   All 4388 non-punched pages verified OK
machine # [   41.590687] thp-madv-remove-test[959]:   Parent verification failures: 0
machine # [   41.592352] thp-madv-remove-test[959]: Iteration 20 PASSED
machine # [   41.593664] thp-madv-remove-test[959]: --- Iteration 21/1000 ---
machine # [   41.631396] thp-madv-remove-test[1310]: post-sleep failures: 0
machine # [   41.632995] thp-madv-remove-test[959]:   Child: 850147 pages verified, 0 failures
machine # [   41.634746] thp-madv-remove-test[959]:   All 4388 non-punched pages verified OK
machine # [   41.636364] thp-madv-remove-test[959]:   Parent verification failures: 0
machine # [   41.637894] thp-madv-remove-test[959]: Iteration 21 PASSED
machine # [   41.639315] thp-madv-remove-test[959]: --- Iteration 22/1000 ---
machine # [   41.656348] thp-madv-remove-test[1327]: post-sleep failures: 0
machine # [   41.658416] thp-madv-remove-test[959]:   Child: 236730 pages verified, 0 failures
machine # [   41.660117] thp-madv-remove-test[959]:   All 4388 non-punched pages verified OK
machine # [   41.661735] thp-madv-remove-test[959]:   Parent verification failures: 0
machine # [   41.663285] thp-madv-remove-test[959]: Iteration 22 PASSED
machine # [   41.664582] thp-madv-remove-test[959]: --- Iteration 23/1000 ---
machine # [   41.680961] thp-madv-remove-test[1344]: CORRUPTED: page 373 (huge page 0): expected bytes [75, 01, 00, 00, 00, 00, 00, 00], got [05, 01, 00, 00, 00, 00, 00, 00]
machine # [   41.685053] thp-madv-remove-test[1344]: CORRUPTED: page 374 (huge page 0): expected bytes [76, 01, 00, 00, 00, 00, 00, 00], got [06, 01, 00, 00, 00, 00, 00, 00]
machine # [   41.685994] thp-madv-remove-test[1344]: CORRUPTED: page 375 (huge page 0): expected bytes [77, 01, 00, 00, 00, 00, 00, 00], got [07, 01, 00, 00, 00, 00, 00, 00]
machine # [   41.688506] thp-madv-remove-test[1344]: CORRUPTED: page 376 (huge page 0): expected bytes [78, 01, 00, 00, 00, 00, 00, 00], got [08, 01, 00, 00, 00, 00, 00, 00]
machine # [   41.689940] thp-madv-remove-test[1344]: CORRUPTED: page 377 (huge page 0): expected bytes [79, 01, 00, 00, 00, 00, 00, 00], got [09, 01, 00, 00, 00, 00, 00, 00]
machine # [   41.698083] thp-madv-remove-test[1344]: CORRUPTED: page 379 (huge page 0): expected bytes [7b, 01, 00, 00, 00, 00, 00, 00], got [0b, 01, 00, 00, 00, 00, 00, 00]
machine # [   41.701509] thp-madv-remove-test[1344]: CORRUPTED: page 380 (huge page 0): expected bytes [7c, 01, 00, 00, 00, 00, 00, 00], got [0c, 01, 00, 00, 00, 00, 00, 00]
machine # [   41.704905] thp-madv-remove-test[1344]: CORRUPTED: page 381 (huge page 0): expected bytes [7d, 01, 00, 00, 00, 00, 00, 00], got [0d, 01, 00, 00, 00, 00, 00, 00]
machine # [   41.708341] thp-madv-remove-test[1344]: CORRUPTED: page 382 (huge page 0): expected bytes [7e, 01, 00, 00, 00, 00, 00, 00], got [0e, 01, 00, 00, 00, 00, 00, 00]
machine # [   41.711648] thp-madv-remove-test[1344]: CORRUPTED: page 368 (huge page 0): expected bytes [70, 01, 00, 00, 00, 00, 00, 00], got [00, 01, 00, 00, 00, 00, 00, 00]
machine # [   41.715104] thp-madv-remove-test[1344]: CORRUPTED: page 369 (huge page 0): expected bytes [71, 01, 00, 00, 00, 00, 00, 00], got [01, 01, 00, 00, 00, 00, 00, 00]
machine # [   41.718673] thp-madv-remove-test[1344]: CORRUPTED: page 370 (huge page 0): expected bytes [72, 01, 00, 00, 00, 00, 00, 00], got [02, 01, 00, 00, 00, 00, 00, 00]
machine # [   41.722135] thp-madv-remove-test[1344]: CORRUPTED: page 372 (huge page 0): expected bytes [74, 01, 00, 00, 00, 00, 00, 00], got [04, 01, 00, 00, 00, 00, 00, 00]
machine # [   41.725577] thp-madv-remove-test[1344]: CORRUPTED: page 373 (huge page 0): expected bytes [75, 01, 00, 00, 00, 00, 00, 00], got [05, 01, 00, 00, 00, 00, 00, 00]
machine # [   41.728992] thp-madv-remove-test[1344]: CORRUPTED: page 374 (huge page 0): expected bytes [76, 01, 00, 00, 00, 00, 00, 00], got [06, 01, 00, 00, 00, 00, 00, 00]
machine # [   41.732450] thp-madv-remove-test[1344]: CORRUPTED: page 375 (huge page 0): expected bytes [77, 01, 00, 00, 00, 00, 00, 00], got [07, 01, 00, 00, 00, 00, 00, 00]
machine # [   41.735812] thp-madv-remove-test[1344]: CORRUPTED: page 376 (huge page 0): expected bytes [78, 01, 00, 00, 00, 00, 00, 00], got [08, 01, 00, 00, 00, 00, 00, 00]
machine # [   41.739252] thp-madv-remove-test[1344]: CORRUPTED: page 377 (huge page 0): expected bytes [79, 01, 00, 00, 00, 00, 00, 00], got [09, 01, 00, 00, 00, 00, 00, 00]
machine # [   41.742710] thp-madv-remove-test[1344]: CORRUPTED: page 379 (huge page 0): expected bytes [7b, 01, 00, 00, 00, 00, 00, 00], got [0b, 01, 00, 00, 00, 00, 00, 00]
machine # [   41.746749] thp-madv-remove-test[1344]: CORRUPTED: page 380 (huge page 0): expected bytes [7c, 01, 00, 00, 00, 00, 00, 00], got [0c, 01, 00, 00, 00, 00, 00, 00]
machine # [   41.750320] thp-madv-remove-test[1344]: CORRUPTED: page 368 (huge page 0): expected bytes [70, 01, 00, 00, 00, 00, 00, 00], got [00, 01, 00, 00, 00, 00, 00, 00]
machine # [   41.753549] thp-madv-remove-test[1344]: CORRUPTED: page 369 (huge page 0): expected bytes [71, 01, 00, 00, 00, 00, 00, 00], got [01, 01, 00, 00, 00, 00, 00, 00]
machine # [   41.757202] thp-madv-remove-test[1344]: CORRUPTED: page 370 (huge page 0): expected bytes [72, 01, 00, 00, 00, 00, 00, 00], got [02, 01, 00, 00, 00, 00, 00, 00]
machine # [   41.760548] thp-madv-remove-test[1344]: CORRUPTED: page 372 (huge page 0): expected bytes [74, 01, 00, 00, 00, 00, 00, 00], got [04, 01, 00, 00, 00, 00, 00, 00]
machine # [   41.764177] thp-madv-remove-test[1344]: CORRUPTED: page 373 (huge page 0): expected bytes [75, 01, 00, 00, 00, 00, 00, 00], got [05, 01, 00, 00, 00, 00, 00, 00]
machine # [   41.767818] thp-madv-remove-test[1344]: CORRUPTED: page 374 (huge page 0): expected bytes [76, 01, 00, 00, 00, 00, 00, 00], got [06, 01, 00, 00, 00, 00, 00, 00]
machine # [   41.771372] thp-madv-remove-test[1344]: CORRUPTED: page 375 (huge page 0): expected bytes [77, 01, 00, 00, 00, 00, 00, 00], got [07, 01, 00, 00, 00, 00, 00, 00]
machine # [   41.774838] thp-madv-remove-test[1344]: CORRUPTED: page 376 (huge page 0): expected bytes [78, 01, 00, 00, 00, 00, 00, 00], got [08, 01, 00, 00, 00, 00, 00, 00]
machine # [   41.778266] thp-madv-remove-test[1344]: CORRUPTED: page 377 (huge page 0): expected bytes [79, 01, 00, 00, 00, 00, 00, 00], got [09, 01, 00, 00, 00, 00, 00, 00]
machine # [   41.781727] thp-madv-remove-test[1344]: CORRUPTED: page 379 (huge page 0): expected bytes [7b, 01, 00, 00, 00, 00, 00, 00], got [0b, 01, 00, 00, 00, 00, 00, 00]
machine # [   41.785283] thp-madv-remove-test[1344]: CORRUPTED: page 380 (huge page 0): expected bytes [7c, 01, 00, 00, 00, 00, 00, 00], got [0c, 01, 00, 00, 00, 00, 00, 00]
machine # [   41.788714] thp-madv-remove-test[1344]: CORRUPTED: page 381 (huge page 0): expected bytes [7d, 01, 00, 00, 00, 00, 00, 00], got [0d, 01, 00, 00, 00, 00, 00, 00]
machine # [   41.792316] thp-madv-remove-test[1344]: CORRUPTED: page 382 (huge page 0): expected bytes [7e, 01, 00, 00, 00, 00, 00, 00], got [0e, 01, 00, 00, 00, 00, 00, 00]
machine # [   41.795758] thp-madv-remove-test[1344]: CORRUPTED: page 383 (huge page 0): expected bytes [7f, 01, 00, 00, 00, 00, 00, 00], got [0f, 01, 00, 00, 00, 00, 00, 00]
machine # [   41.799333] thp-madv-remove-test[1344]: CORRUPTED: page 383 (huge page 0): expected bytes [7f, 01, 00, 00, 00, 00, 00, 00], got [0f, 01, 00, 00, 00, 00, 00, 00]
machine # [   41.803602] thp-madv-remove-test[1344]: CORRUPTED: page 368 (huge page 0): expected bytes [70, 01, 00, 00, 00, 00, 00, 00], got [00, 01, 00, 00, 00, 00, 00, 00]
machine # [   41.807244] thp-madv-remove-test[1344]: CORRUPTED: page 369 (huge page 0): expected bytes [71, 01, 00, 00, 00, 00, 00, 00], got [01, 01, 00, 00, 00, 00, 00, 00]
machine # Finished with result: exit-code
machine # [   41.811204] thp-madv-remove-test[1344]: CORRUPTED: page 370 (huge page 0): expected bytes [72, 01, 00, 00, 00, 00, 00, 00], got [02, 01, 00, 00, 00, 00, 00, 00]
machine # Main processes terminated with: code=exited/status=1
machine # Service runtime: 21.376s
machine # [   41.815833] thp-madv-remove-test[1344]: CORRUPTED: page 372 (huge page 0): expected bytes [74, 01, 00, 00, 00, 00, 00, 00], got [04, 01, 00, 00, 00, 00, 00, 00]
machine # CPU time consumed: 23.067s
machine # [   41.820487] thp-madv-remove-test[1344]: CORRUPTED: page 373 (huge page 0): expected bytes [75, 01, 00, 00, 00, 00, 00, 00], got [05, 01, 00, 00, 00, 00, 00, 00]
machine # Memory peak: 1.5M
machine # Memory swap peak: 0B
machine # [   41.824457] thp-madv-remove-test[1344]: CORRUPTED: page 374 (huge page 0): expected bytes [76, 01, 00, 00, 00, 00, 00, 00], got [06, 01, 00, 00, 00, 00, 00, 00]
machine # IP traffic received: 0B
machine # IP traffic sent: 0B
machine # [   41.828777] thp-madv-remove-test[1344]: CORRUPTED: page 375 (huge page 0): expected bytes [77, 01, 00, 00, 00, 00, 00, 00], got [07, 01, 00, 00, 00, 00, 00, 00]
machine # IO bytes read: 0B
machine # [   41.833225] thp-madv-remove-test[1344]: CORRUPTED: page 376 (huge page 0): expected bytes [78, 01, 00, 00, 00, 00, 00, 00], got [08, 01, 00, 00, 00, 00, 00, 00]
machine # IO bytes written: 0B
machine # [   41.836664] thp-madv-remove-test[1344]: CORRUPTED: page 377 (huge page 0): expected bytes [79, 01, 00, 00, 00, 00, 00, 00], got [09, 01, 00, 00, 00, 00, 00, 00]
machine # [   41.840597] thp-madv-remove-test[1344]: CORRUPTED: page 379 (huge page 0): expected bytes [7b, 01, 00, 00, 00, 00, 00, 00], got [0b, 01, 00, 00, 00, 00, 00, 00]
machine # [   41.844237] thp-madv-remove-test[1344]: CORRUPTED: page 380 (huge page 0): expected bytes [7c, 01, 00, 00, 00, 00, 00, 00], got [0c, 01, 00, 00, 00, 00, 00, 00]
machine # [   41.847418] thp-madv-remove-test[1344]: CORRUPTED: page 381 (huge page 0): expected bytes [7d, 01, 00, 00, 00, 00, 00, 00], got [0d, 01, 00, 00, 00, 00, 00, 00]
machine # [   41.852137] thp-madv-remove-test[1344]: CORRUPTED: page 382 (huge page 0): expected bytes [7e, 01, 00, 00, 00, 00, 00, 00], got [0e, 01, 00, 00, 00, 00, 00, 00]
machine # [   41.855800] thp-madv-remove-test[1344]: CORRUPTED: page 383 (huge page 0): expected bytes [7f, 01, 00, 00, 00, 00, 00, 00], got [0f, 01, 00, 00, 00, 00, 00, 00][   42.030024] hrtimer: interrupt took 2711517 ns
machine # 
machine # [   41.860803] thp-madv-remove-test[1344]: CORRUPTED: page 368 (huge page 0): expected bytes [70, 01, 00, 00, 00, 00, 00, 00], got [00, 01, 00, 00, 00, 00, 00, 00]
machine # [   41.864467] thp-madv-remove-test[1344]: CORRUPTED: page 369 (huge page 0): expected bytes [71, 01, 00, 00, 00, 00, 00, 00], got [01, 01, 00, 00, 00, 00, 00, 00]
machine # [   41.868919] systemd[1]: thp-madv-remove-test.service: Main process exited, code=exited, status=1/FAILURE
machine # [   41.872750] thp-madv-remove-test[1344]: CORRUPTED: page 370 (huge page 0): expected bytes [72, 01, 00, 00, 00, 00, 00, 00], got [02, 01, 00, 00, 00, 00, 00, 00]
machine: output: 
cleanup
machine # [   41.876330] thp-madv-remove-test[1344]: CORRUPTED: page 372 (huge page 0): expected bytes [74, 01, 00, 00, 00, 00, 00, 00], got [04, 01, 00, 00, 00, 00, 00, 00]
kill machine (pid 8)
machine # [   41.879456] thp-madv-remove-test[1344]: CORRUPTED: page 373 (huge page 0): expected bytes [75, 01, 00, 00, 00, 00, 00, 00], got [05, 01, 00, 00, 00, 00, 00, 00]
machine # [   41.880963] thp-madv-remove-test[1344]: CORRUPTED: page 374 (huge page 0): expected bytes [76, 01, 00, 00, 00, 00, 00, 00], got [06, 01, 00, 00, 00, 00, 00, 00]
machine # [   41.885474] thp-madv-remove-test[1344]: CORRUPTED: page 375 (huge page 0): expected bytes [77, 01, 00, 00, 00, 00, 00, 00], got [07, 01, 00, 00, 00, 00, 00, 00]
qemu-kvm: terminating on signal 15 from pid 5 (/nix/store/s0p1kr5mvs0j42dq5r08kgqbi0k028f2-python3-3.11.10/bin/python3.11)
machine # [   41.886901] thp-madv-rem
(finished: cleanup, in 0.01 seconds)
Traceback (most recent call last):
  File "/nix/store/8yfj4a23fn2c3q4qwy1gza80yxksl90v-nixos-test-driver-1.1/bin/.nixos-test-driver-wrapped", line 9, in <module>
    sys.exit(main())
             ^^^^^^
  File "/nix/store/8yfj4a23fn2c3q4qwy1gza80yxksl90v-nixos-test-driver-1.1/lib/python3.11/site-packages/test_driver/__init__.py", line 146, in main
    driver.run_tests()
  File "/nix/store/8yfj4a23fn2c3q4qwy1gza80yxksl90v-nixos-test-driver-1.1/lib/python3.11/site-packages/test_driver/driver.py", line 167, in run_tests
    self.test_script()
  File "/nix/store/8yfj4a23fn2c3q4qwy1gza80yxksl90v-nixos-test-driver-1.1/lib/python3.11/site-packages/test_driver/driver.py", line 159, in test_script
    exec(self.tests, symbols, None)
  File "<string>", line 3, in <module>
  File "/nix/store/8yfj4a23fn2c3q4qwy1gza80yxksl90v-nixos-test-driver-1.1/lib/python3.11/site-packages/test_driver/machine.py", line 611, in succeed
    raise Exception(f"command `{command}` failed (exit code {status})")
Exception: command `systemd-run --service-type=exec --wait -u thp-madv-remove-test thp-madv-remove-test` failed (exit code 1)
kill vlan (pid 6)
