Machine state will be reset. To keep it, pass --keep-vm-state
start all VLans
start vlan
running vlan (pid 6; ctl /build/vde1.ctl)
(finished: start all VLans, in 0.00 seconds)
Test will time out and terminate in 3600 seconds
run the VM test script
additionally exposed symbols:
    machine,
    vlan1,
    start_all, test_script, machines, vlans, driver, log, os, create_machine, subtest, run_tests, join_all, retry, serial_stdout_off, serial_stdout_on, polling_condition, Machine
machine: waiting for unit multi-user.target
machine: waiting for the VM to finish booting
machine: starting vm
mke2fs 1.47.0 (5-Feb-2023)
machine: QEMU running (pid 8)
machine # Disk image do not exist, creating the virtualisation disk image...
machine # Formatting '/build/vm-state-machine/tmp.LpfV79uyak', fmt=raw size=1073741824
machine # Discarding device blocks:      0/26214            done
machine # Creating filesystem with 262144 4k blocks and 65536 inodes
machine # Filesystem UUID: 30bc1b3a-50b0-49a9-93f6-54ad81a7458a
machine # Superblock backups stored on blocks:
machine # 	32768, 98304, 163840, 229376
machine # 
machine # Allocating group tables: 0/  done
machine # Writing inode tables: 0/  done
machine # Creating journal (8192 blocks): done
machine # Writing superblocks and filesystem accounting information: 0/  done
machine # 
machine # Virtualisation disk image created.
machine # cSeaBIOS (version rel-1.16.3-0-ga6ed6b701f0a-prebuilt.qemu.org)
machine # 
machine # 
machine # iPXE (http://ipxe.org) 00:03.0 CA00 PCI2.10 PnP PMM+3EFD0AF0+3EF30AF0 CA00
machine # Press Ctrl-B to configure iPXE (PCI 00:03.0)...
machine # 
machine # 
machine # 
machine # 
machine # iPXE (http://ipxe.org) 00:09.0 CB00 PCI2.10 PnP PMM 3EFD0AF0 3EF30AF0 CB00
machine # Press Ctrl-B to configure iPXE (PCI 00:09.0)...
machine # 
machine # 
machine # Booting from ROM...
machine # Probing EDD (edd=off to disable)... oc[    0.000000] Linux version 6.14.0-rc6 (nixbld@localhost) (gcc (GCC) 13.2.0, GNU ld (GNU Binutils) 2.41) #1-NixOS SMP PREEMPT_DYNAMIC Tue Jan  1 00:00:00 UTC 1980
machine # [    0.000000] Command line: console=ttyS0 panic=1 boot.panic_on_fail clocksource=acpi_pm loglevel=7 net.ifnames=0 init=/nix/store/a34xwis930rv6jyp0szi2278kjanwml5-nixos-system-machine-test/init regInfo=/nix/store/c42if3mhmrsq5d8aj61qsa4g57nr1q15-closure-info/registration console=ttyS0
machine # [    0.000000] BIOS-provided physical RAM map:
machine # [    0.000000] BIOS-e820: [mem 0x0000000000000000-0x000000000009fbff] usable
machine # [    0.000000] BIOS-e820: [mem 0x000000000009fc00-0x000000000009ffff] reserved
machine # [    0.000000] BIOS-e820: [mem 0x00000000000f0000-0x00000000000fffff] reserved
machine # [    0.000000] BIOS-e820: [mem 0x0000000000100000-0x000000003ffdafff] usable
machine # [    0.000000] BIOS-e820: [mem 0x000000003ffdb000-0x000000003fffffff] reserved
machine # [    0.000000] BIOS-e820: [mem 0x00000000feffc000-0x00000000feffffff] reserved
machine # [    0.000000] BIOS-e820: [mem 0x00000000fffc0000-0x00000000ffffffff] reserved
machine # [    0.000000] BIOS-e820: [mem 0x000000fd00000000-0x000000ffffffffff] reserved
machine # [    0.000000] NX (Execute Disable) protection: active
machine # [    0.000000] APIC: Static calls initialized
machine # [    0.000000] SMBIOS 3.0.0 present.
machine # [    0.000000] DMI: QEMU Standard PC (i440FX + PIIX, 1996), BIOS rel-1.16.3-0-ga6ed6b701f0a-prebuilt.qemu.org 04/01/2014
machine # [    0.000000] DMI: Memory slots populated: 1/1
machine # [    0.000000] Hypervisor detected: KVM
machine # [    0.000000] kvm-clock: Using msrs 4b564d01 and 4b564d00
machine # [    0.000000] kvm-clock: using sched offset of 410053652 cycles
machine # [    0.000003] clocksource: kvm-clock: mask: 0xffffffffffffffff max_cycles: 0x1cd42e4dffb, max_idle_ns: 881590591483 ns
machine # [    0.000006] tsc: Detected 3000.004 MHz processor
machine # [    0.000988] last_pfn = 0x3ffdb max_arch_pfn = 0x400000000
machine # [    0.001030] MTRR map: 4 entries (3 fixed + 1 variable; max 19), built from 8 variable MTRRs
machine # [    0.001034] x86/PAT: Configuration [0-7]: WB  WC  UC- UC  WB  WP  UC- WT
machine # [    0.003549] found SMP MP-table at [mem 0x000f5430-0x000f543f]
machine # [    0.003562] Using GB pages for direct mapping
machine # [    0.003753] RAMDISK: [mem 0x3f469000-0x3ffcffff]
machine # [    0.003761] ACPI: Early table checksum verification disabled
machine # [    0.003764] ACPI: RSDP 0x00000000000F5250 000014 (v00 BOCHS )
machine # [    0.003771] ACPI: RSDT 0x000000003FFE1DFB 000034 (v01 BOCHS  BXPC     00000001 BXPC 00000001)
machine # [    0.003776] ACPI: FACP 0x000000003FFE1C97 000074 (v01 BOCHS  BXPC     00000001 BXPC 00000001)
machine # [    0.003781] ACPI: DSDT 0x000000003FFE0040 001C57 (v01 BOCHS  BXPC     00000001 BXPC 00000001)
machine # [    0.003784] ACPI: FACS 0x000000003FFE0000 000040
machine # [    0.003786] ACPI: APIC 0x000000003FFE1D0B 000090 (v03 BOCHS  BXPC     00000001 BXPC 00000001)
machine # [    0.003789] ACPI: HPET 0x000000003FFE1D9B 000038 (v01 BOCHS  BXPC     00000001 BXPC 00000001)
machine # [    0.003791] ACPI: WAET 0x000000003FFE1DD3 000028 (v01 BOCHS  BXPC     00000001 BXPC 00000001)
machine # [    0.003793] ACPI: Reserving FACP table memory at [mem 0x3ffe1c97-0x3ffe1d0a]
machine # [    0.003794] ACPI: Reserving DSDT table memory at [mem 0x3ffe0040-0x3ffe1c96]
machine # [    0.003795] ACPI: Reserving FACS table memory at [mem 0x3ffe0000-0x3ffe003f]
machine # [    0.003795] ACPI: Reserving APIC table memory at [mem 0x3ffe1d0b-0x3ffe1d9a]
machine # [    0.003796] ACPI: Reserving HPET table memory at [mem 0x3ffe1d9b-0x3ffe1dd2]
machine # [    0.003797] ACPI: Reserving WAET table memory at [mem 0x3ffe1dd3-0x3ffe1dfa]
machine # [    0.004125] No NUMA configuration found
machine # [    0.004126] Faking a node at [mem 0x0000000000000000-0x000000003ffdafff]
machine # [    0.004129] NODE_DATA(0) allocated [mem 0x3ffd5ac0-0x3ffdafff]
machine # [    0.004148] Zone ranges:
machine # [    0.004148]   DMA      [mem 0x0000000000001000-0x0000000000ffffff]
machine # [    0.004150]   DMA32    [mem 0x0000000001000000-0x000000003ffdafff]
machine # [    0.004151]   Normal   empty
machine # [    0.004152]   Device   empty
machine # [    0.004153] Movable zone start for each node
machine # [    0.004154] Early memory node ranges
machine # [    0.004155]   node   0: [mem 0x0000000000001000-0x000000000009efff]
machine # [    0.004156]   node   0: [mem 0x0000000000100000-0x000000003ffdafff]
machine # [    0.004157] Initmem setup node 0 [mem 0x0000000000001000-0x000000003ffdafff]
machine # [    0.004479] On node 0, zone DMA: 1 pages in unavailable ranges
machine # [    0.004493] On node 0, zone DMA: 97 pages in unavailable ranges
machine # [    0.007291] On node 0, zone DMA32: 37 pages in unavailable ranges
machine # [    0.007943] ACPI: PM-Timer IO Port: 0x608
machine # [    0.007960] ACPI: LAPIC_NMI (acpi_id[0xff] dfl dfl lint[0x1])
machine # [    0.008002] IOAPIC[0]: apic_id 0, version 17, address 0xfec00000, GSI 0-23
machine # [    0.008005] ACPI: INT_SRC_OVR (bus 0 bus_irq 0 global_irq 2 dfl dfl)
machine # [    0.008007] ACPI: INT_SRC_OVR (bus 0 bus_irq 5 global_irq 5 high level)
machine # [    0.008008] ACPI: INT_SRC_OVR (bus 0 bus_irq 9 global_irq 9 high level)
machine # [    0.008010] ACPI: INT_SRC_OVR (bus 0 bus_irq 10 global_irq 10 high level)
machine # [    0.008011] ACPI: INT_SRC_OVR (bus 0 bus_irq 11 global_irq 11 high level)
machine # [    0.008014] ACPI: Using ACPI (MADT) for SMP configuration information
machine # [    0.008015] ACPI: HPET id: 0x8086a201 base: 0xfed00000
machine # [    0.008021] TSC deadline timer available
machine # [    0.008027] CPU topo: Max. logical packages:   1
machine # [    0.008028] CPU topo: Max. logical dies:       1
machine # [    0.008029] CPU topo: Max. dies per package:   1
machine # [    0.008034] CPU topo: Max. threads per core:   1
machine # [    0.008035] CPU topo: Num. cores per package:     4
machine # [    0.008035] CPU topo: Num. threads per package:   4
machine # [    0.008036] CPU topo: Allowing 4 present CPUs plus 0 hotplug CPUs
machine # [    0.008062] kvm-guest: APIC: eoi() replaced with kvm_guest_apic_eoi_write()
machine # [    0.008086] kvm-guest: KVM setup pv remote TLB flush
machine # [    0.008090] kvm-guest: setup PV sched yield
machine # [    0.008100] PM: hibernation: Registered nosave memory: [mem 0x00000000-0x00000fff]
machine # [    0.008102] PM: hibernation: Registered nosave memory: [mem 0x0009f000-0x0009ffff]
machine # [    0.008103] PM: hibernation: Registered nosave memory: [mem 0x000a0000-0x000effff]
machine # [    0.008104] PM: hibernation: Registered nosave memory: [mem 0x000f0000-0x000fffff]
machine # [    0.008105] [mem 0x40000000-0xfeffbfff] available for PCI devices
machine # [    0.008107] Booting paravirtualized kernel on KVM
machine # [    0.008110] clocksource: refined-jiffies: mask: 0xffffffff max_cycles: 0xffffffff, max_idle_ns: 1910969940391419 ns
machine # [    0.012977] setup_percpu: NR_CPUS:384 nr_cpumask_bits:4 nr_cpu_ids:4 nr_node_ids:1
machine # [    0.013436] percpu: Embedded 87 pages/cpu s233472 r8192 d114688 u524288
machine # [    0.013491] kvm-guest: PV spinlocks enabled
machine # [    0.013493] PV qspinlock hash table entries: 256 (order: 0, 4096 bytes, linear)
machine # [    0.013496] Kernel command line: console=ttyS0 panic=1 boot.panic_on_fail clocksource=acpi_pm loglevel=7 net.ifnames=0 init=/nix/store/a34xwis930rv6jyp0szi2278kjanwml5-nixos-system-machine-test/init regInfo=/nix/store/c42if3mhmrsq5d8aj61qsa4g57nr1q15-closure-info/registration console=ttyS0
machine # [    0.013608] Unknown kernel command line parameters "regInfo=/nix/store/c42if3mhmrsq5d8aj61qsa4g57nr1q15-closure-info/registration", will be passed to user space.
machine # [    0.013632] random: crng init done
machine # [    0.013633] printk: log buffer data + meta data: 262144 + 917504 = 1179648 bytes
machine # [    0.013993] Dentry cache hash table entries: 131072 (order: 8, 1048576 bytes, linear)
machine # [    0.014016] Inode-cache hash table entries: 65536 (order: 7, 524288 bytes, linear)
machine # [    0.014067] Fallback order for Node 0: 0
machine # [    0.014070] Built 1 zonelists, mobility grouping on.  Total pages: 262009
machine # [    0.014071] Policy zone: DMA32
machine # [    0.014493] mem auto-init: stack:all(zero), heap alloc:off, heap free:off
machine # [    0.017639] SLUB: HWalign=64, Order=0-3, MinObjects=0, CPUs=4, Nodes=1
machine # [    0.017680] ftrace: allocating 45419 entries in 178 pages
machine # [    0.039822] ftrace: allocated 178 pages with 4 groups
machine # [    0.040840] Dynamic Preempt: voluntary
machine # [    0.041208] rcu: Preemptible hierarchical RCU implementation.
machine # [    0.041209] rcu: 	RCU event tracing is enabled.
machine # [    0.041209] rcu: 	RCU restricting CPUs from NR_CPUS=384 to nr_cpu_ids=4.
machine # [    0.041211] 	Trampoline variant of Tasks RCU enabled.
machine # [    0.041211] 	Rude variant of Tasks RCU enabled.
machine # [    0.041212] 	Tracing variant of Tasks RCU enabled.
machine # [    0.041212] rcu: RCU calculated value of scheduler-enlistment delay is 100 jiffies.
machine # [    0.041213] rcu: Adjusting geometry for rcu_fanout_leaf=16, nr_cpu_ids=4
machine # [    0.041222] RCU Tasks: Setting shift to 2 and lim to 1 rcu_task_cb_adjust=1 rcu_task_cpu_ids=4.
machine # [    0.041225] RCU Tasks Rude: Setting shift to 2 and lim to 1 rcu_task_cb_adjust=1 rcu_task_cpu_ids=4.
machine # [    0.041226] RCU Tasks Trace: Setting shift to 2 and lim to 1 rcu_task_cb_adjust=1 rcu_task_cpu_ids=4.
machine # [    0.044838] NR_IRQS: 24832, nr_irqs: 456, preallocated irqs: 16
machine # [    0.045073] rcu: srcu_init: Setting srcu_struct sizes based on contention.
machine # [    0.045213] kfence: initialized - using 2097152 bytes for 255 objects at 0x(____ptrval____)-0x(____ptrval____)
machine # [    0.050534] Console: colour VGA+ 80x25
machine # [    0.050595] printk: legacy console [ttyS0] enabled
machine # [    0.207237] ACPI: Core revision 20240827
machine # [    0.208208] clocksource: hpet: mask: 0xffffffff max_cycles: 0xffffffff, max_idle_ns: 19112604467 ns
machine # [    0.210137] APIC: Switch to symmetric I/O mode setup
machine # [    0.211510] x2apic enabled
machine # [    0.212420] APIC: Switched APIC routing to: physical x2apic
machine # [    0.213572] kvm-guest: APIC: send_IPI_mask() replaced with kvm_send_ipi_mask()
machine # [    0.215141] kvm-guest: APIC: send_IPI_mask_allbutself() replaced with kvm_send_ipi_mask_allbutself()
machine # [    0.216976] kvm-guest: setup PV IPIs
machine # [    0.219048] ..TIMER: vector=0x30 apic1=0 pin1=2 apic2=-1 pin2=-1
machine # [    0.220405] clocksource: tsc-early: mask: 0xffffffffffffffff max_cycles: 0x2b3e4942f25, max_idle_ns: 440795326592 ns
machine # [    0.222598] Calibrating delay loop (skipped) preset value.. 6000.00 BogoMIPS (lpj=3000004)
machine # [    0.223705] x86/cpu: User Mode Instruction Prevention (UMIP) activated
machine # [    0.224693] Last level iTLB entries: 4KB 512, 2MB 255, 4MB 127
machine # [    0.225598] Last level dTLB entries: 4KB 512, 2MB 255, 4MB 127, 1GB 0
machine # [    0.226606] Spectre V1 : Mitigation: usercopy/swapgs barriers and __user pointer sanitization
machine # [    0.227599] Spectre V2 : Mitigation: Retpolines
machine # [    0.228597] Spectre V2 : Spectre v2 / SpectreRSB mitigation: Filling RSB on context switch
machine # [    0.229597] Spectre V2 : Spectre v2 / SpectreRSB : Filling RSB on VMEXIT
machine # [    0.230597] Spectre V2 : Enabling Speculation Barrier for firmware calls
machine # [    0.231597] RETBleed: Mitigation: untrained return thunk
machine # [    0.232599] Spectre V2 : mitigation: Enabling conditional Indirect Branch Prediction Barrier
machine # [    0.233598] Speculative Store Bypass: Mitigation: Speculative Store Bypass disabled via prctl
machine # [    0.234598] Speculative Return Stack Overflow: IBPB-extending microcode not applied!
machine # [    0.235597] Speculative Return Stack Overflow: WARNING: See https://kernel.org/doc/html/latest/admin-guide/hw-vuln/srso.html for mitigation options.
machine # [    0.235599] Speculative Return Stack Overflow: Vulnerable: Safe RET, no microcode
machine # [    0.237613] x86/fpu: Supporting XSAVE feature 0x001: 'x87 floating point registers'
machine # [    0.238597] x86/fpu: Supporting XSAVE feature 0x002: 'SSE registers'
machine # [    0.239597] x86/fpu: Supporting XSAVE feature 0x004: 'AVX registers'
machine # [    0.240597] x86/fpu: xstate_offset[2]:  576, xstate_sizes[2]:  256
machine # [    0.241597] x86/fpu: Enabled xstate features 0x7, context size is 832 bytes, using 'compacted' format.
machine # [    0.279101] Freeing SMP alternatives memory: 40K
machine # [    0.279600] pid_max: default: 32768 minimum: 301
machine # [    0.280652] LSM: initializing lsm=capability,landlock,yama,selinux,bpf
machine # [    0.282644] landlock: Up and running.
machine # [    0.283368] Yama: becoming mindful.
machine # [    0.283608] SELinux:  Initializing.
machine # [    0.285176] LSM support for eBPF active
machine # [    0.285634] Mount-cache hash table entries: 2048 (order: 2, 16384 bytes, linear)
machine # [    0.286601] Mountpoint-cache hash table entries: 2048 (order: 2, 16384 bytes, linear)
machine # [    0.289070] smpboot: CPU0: AMD EPYC 7302 16-Core Processor (family: 0x17, model: 0x31, stepping: 0x0)
machine # [    0.290890] Performance Events: Fam17h+ core perfctr, AMD PMU driver.
machine # [    0.291605] ... version:                0
machine # [    0.292392] ... bit width:              48
machine # [    0.292600] ... generic registers:      6
machine # [    0.293423] ... value mask:             0000ffffffffffff
machine # [    0.293601] ... max period:             00007fffffffffff
machine # [    0.294601] ... fixed-purpose events:   0
machine # [    0.295387] ... event mask:             000000000000003f
machine # [    0.295723] signal: max sigframe size: 1776
machine # [    0.296618] rcu: Hierarchical SRCU implementation.
machine # [    0.297549] rcu: 	Max phase no-delay instances is 400.
machine # [    0.298641] Timer migration: 1 hierarchy levels; 8 children per group; 1 crossnode level
machine # [    0.305164] smp: Bringing up secondary CPUs ...
machine # [    0.305801] smpboot: x86: Booting SMP configuration:
machine # [    0.306603] .... node  #0, CPUs:      #1 #2 #3
machine # [    0.310801] smp: Brought up 1 node, 4 CPUs
machine # [    0.312432] smpboot: Total of 4 processors activated (24000.03 BogoMIPS)
machine # [    0.313243] Memory: 964616K/1048036K available (15096K kernel code, 2485K rwdata, 11888K rodata, 3344K init, 3868K bss, 77100K reserved, 0K cma-reserved)
machine # [    0.313842] devtmpfs: initialized
machine # [    0.314731] x86/mm: Memory block size: 128MB
machine # [    0.316777] clocksource: jiffies: mask: 0xffffffff max_cycles: 0xffffffff, max_idle_ns: 1911260446275000 ns
machine # [    0.317607] futex hash table entries: 1024 (order: 4, 65536 bytes, linear)
machine # [    0.318692] pinctrl core: initialized pinctrl subsystem
machine # [    0.319774] PM: RTC time: 13:40:47, date: 2026-02-26
machine # [    0.321257] NET: Registered PF_NETLINK/PF_ROUTE protocol family
machine # [    0.322197] DMA: preallocated 128 KiB GFP_KERNEL pool for atomic allocations
machine # [    0.322604] DMA: preallocated 128 KiB GFP_KERNEL|GFP_DMA pool for atomic allocations
machine # [    0.323603] DMA: preallocated 128 KiB GFP_KERNEL|GFP_DMA32 pool for atomic allocations
machine # [    0.324614] audit: initializing netlink subsys (disabled)
machine # [    0.325757] audit: type=2000 audit(1772113247.625:1): state=initialized audit_enabled=0 res=1
machine # [    0.325786] thermal_sys: Registered thermal governor 'bang_bang'
machine # [    0.326605] thermal_sys: Registered thermal governor 'step_wise'
machine # [    0.327620] cpuidle: using governor menu
machine # [    0.330062] acpiphp: ACPI Hot Plug PCI Controller Driver version: 0.5
machine # [    0.330802] PCI: Using configuration type 1 for base access
machine # [    0.331601] PCI: Using configuration type 1 for extended access
machine # [    0.332815] kprobes: kprobe jump-optimization is enabled. All kprobes are optimized if possible.
machine # [    0.333835] HugeTLB: allocation took 0ms with hugepage_allocation_threads=1
machine # [    0.334652] HugeTLB: registered 1.00 GiB page size, pre-allocated 0 pages
machine # [    0.335601] HugeTLB: 16380 KiB vmemmap can be freed for a 1.00 GiB page
machine # [    0.336601] HugeTLB: registered 2.00 MiB page size, pre-allocated 0 pages
machine # [    0.337601] HugeTLB: 28 KiB vmemmap can be freed for a 2.00 MiB page
machine # [    0.340818] ACPI: Added _OSI(Module Device)
machine # [    0.342611] ACPI: Added _OSI(Processor Device)
machine # [    0.344604] ACPI: Added _OSI(3.0 _SCP Extensions)
machine # [    0.345603] ACPI: Added _OSI(Processor Aggregator Device)
machine # [    0.349317] ACPI: 1 ACPI AML tables successfully acquired and loaded
machine # [    0.362553] ACPI: Interpreter enabled
machine # [    0.363663] ACPI: PM: (supports S0 S3 S4 S5)
machine # [    0.364603] ACPI: Using IOAPIC for interrupt routing
machine # [    0.366669] PCI: Using host bridge windows from ACPI; if necessary, use "pci=nocrs" and report a bug
machine # [    0.368602] PCI: Using E820 reservations for host bridge windows
machine # [    0.370826] ACPI: Enabled 2 GPEs in block 00 to 0F
machine # [    0.376041] ACPI: PCI Root Bridge [PCI0] (domain 0000 [bus 00-ff])
machine # [    0.377608] acpi PNP0A03:00: _OSC: OS supports [ExtendedConfig ASPM ClockPM Segments MSI HPX-Type3]
machine # [    0.379972] acpiphp: Slot [3] registered
machine # [    0.380629] acpiphp: Slot [4] registered
machine # [    0.381419] acpiphp: Slot [5] registered
machine # [    0.381625] acpiphp: Slot [6] registered
machine # [    0.382417] acpiphp: Slot [7] registered
machine # [    0.383629] acpiphp: Slot [8] registered
machine # [    0.384421] acpiphp: Slot [9] registered
machine # [    0.384625] acpiphp: Slot [10] registered
machine # [    0.385431] acpiphp: Slot [11] registered
machine # [    0.386627] acpiphp: Slot [12] registered
machine # [    0.387448] acpiphp: Slot [13] registered
machine # [    0.388625] acpiphp: Slot [14] registered
machine # [    0.389427] acpiphp: Slot [15] registered
machine # [    0.389626] acpiphp: Slot [16] registered
machine # [    0.390426] acpiphp: Slot [17] registered
machine # [    0.391630] acpiphp: Slot [18] registered
machine # [    0.392433] acpiphp: Slot [19] registered
machine # [    0.392623] acpiphp: Slot [20] registered
machine # [    0.393422] acpiphp: Slot [21] registered
machine # [    0.394624] acpiphp: Slot [22] registered
machine # [    0.395444] acpiphp: Slot [23] registered
machine # [    0.396626] acpiphp: Slot [24] registered
machine # [    0.397429] acpiphp: Slot [25] registered
machine # [    0.397658] acpiphp: Slot [26] registered
machine # [    0.398473] acpiphp: Slot [27] registered
machine # [    0.399624] acpiphp: Slot [28] registered
machine # [    0.400427] acpiphp: Slot [29] registered
machine # [    0.400624] acpiphp: Slot [30] registered
machine # [    0.401426] acpiphp: Slot [31] registered
machine # [    0.402616] PCI host bridge to bus 0000:00
machine # [    0.403573] pci_bus 0000:00: root bus resource [io  0x0000-0x0cf7 window]
machine # [    0.404601] pci_bus 0000:00: root bus resource [io  0x0d00-0xffff window]
machine # [    0.405600] pci_bus 0000:00: root bus resource [mem 0x000a0000-0x000bffff window]
machine # [    0.407601] pci_bus 0000:00: root bus resource [mem 0x40000000-0xfebfffff window]
machine # [    0.408600] pci_bus 0000:00: root bus resource [mem 0x100000000-0x17fffffff window]
machine # [    0.410601] pci_bus 0000:00: root bus resource [bus 00-ff]
machine # [    0.411800] pci 0000:00:00.0: [8086:1237] type 00 class 0x060000 conventional PCI endpoint
machine # [    0.414218] pci 0000:00:01.0: [8086:7000] type 00 class 0x060100 conventional PCI endpoint
machine # [    0.416211] pci 0000:00:01.1: [8086:7010] type 00 class 0x010180 conventional PCI endpoint
machine # [    0.418645] pci 0000:00:01.1: BAR 4 [io  0xc1e0-0xc1ef]
machine # [    0.419642] pci 0000:00:01.1: BAR 0 [io  0x01f0-0x01f7]: legacy IDE quirk
machine # [    0.421601] pci 0000:00:01.1: BAR 1 [io  0x03f6]: legacy IDE quirk
machine # [    0.422601] pci 0000:00:01.1: BAR 2 [io  0x0170-0x0177]: legacy IDE quirk
machine # [    0.423601] pci 0000:00:01.1: BAR 3 [io  0x0376]: legacy IDE quirk
machine # [    0.426005] pci 0000:00:01.2: [8086:7020] type 00 class 0x0c0300 conventional PCI endpoint
machine # [    0.432700] pci 0000:00:01.2: BAR 4 [io  0xc100-0xc11f]
machine # [    0.436627] pci 0000:00:01.3: [8086:7113] type 00 class 0x068000 conventional PCI endpoint
machine # [    0.440021] pci 0000:00:01.3: quirk: [io  0x0600-0x063f] claimed by PIIX4 ACPI
machine # [    0.441609] pci 0000:00:01.3: quirk: [io  0x0700-0x070f] claimed by PIIX4 SMB
machine # [    0.442870] pci 0000:00:02.0: [1234:1111] type 00 class 0x030000 conventional PCI endpoint
machine # [    0.447616] pci 0000:00:02.0: BAR 0 [mem 0xfd000000-0xfdffffff pref]
machine # [    0.449618] pci 0000:00:02.0: BAR 2 [mem 0xfebd0000-0xfebd0fff]
machine # [    0.450635] pci 0000:00:02.0: ROM [mem 0xfebc0000-0xfebcffff pref]
machine # [    0.451659] pci 0000:00:02.0: Video device with shadowed ROM at [mem 0x000c0000-0x000dffff]
machine # [    0.454928] pci 0000:00:03.0: [1af4:1000] type 00 class 0x020000 conventional PCI endpoint
machine # [    0.458611] pci 0000:00:03.0: BAR 0 [io  0xc120-0xc13f]
machine # [    0.459609] pci 0000:00:03.0: BAR 1 [mem 0xfebd1000-0xfebd1fff]
machine # [    0.460636] pci 0000:00:03.0: BAR 4 [mem 0xfe000000-0xfe003fff 64bit pref]
machine # [    0.462609] pci 0000:00:03.0: ROM [mem 0xfeb40000-0xfeb7ffff pref]
machine # [    0.464976] pci 0000:00:04.0: [1af4:1005] type 00 class 0x00ff00 conventional PCI endpoint
machine # [    0.469610] pci 0000:00:04.0: BAR 0 [io  0xc140-0xc15f]
machine # [    0.471609] pci 0000:00:04.0: BAR 1 [mem 0xfebd2000-0xfebd2fff]
machine # [    0.472634] pci 0000:00:04.0: BAR 4 [mem 0xfe004000-0xfe007fff 64bit pref]
machine # [    0.475966] pci 0000:00:05.0: [1af4:1009] type 00 class 0x000200 conventional PCI endpoint
machine # [    0.479225] pci 0000:00:05.0: BAR 0 [io  0xc080-0xc0bf]
machine # [    0.480610] pci 0000:00:05.0: BAR 1 [mem 0xfebd3000-0xfebd3fff]
machine # [    0.481634] pci 0000:00:05.0: BAR 4 [mem 0xfe008000-0xfe00bfff 64bit pref]
machine # [    0.485763] pci 0000:00:06.0: [1af4:1009] type 00 class 0x000200 conventional PCI endpoint
machine # [    0.488610] pci 0000:00:06.0: BAR 0 [io  0xc160-0xc17f]
machine # [    0.489613] pci 0000:00:06.0: BAR 1 [mem 0xfebd4000-0xfebd4fff]
machine # [    0.491636] pci 0000:00:06.0: BAR 4 [mem 0xfe00c000-0xfe00ffff 64bit pref]
machine # [    0.495909] pci 0000:00:07.0: [1af4:1009] type 00 class 0x000200 conventional PCI endpoint
machine # [    0.503616] pci 0000:00:07.0: BAR 0 [io  0xc180-0xc19f]
machine # [    0.505618] pci 0000:00:07.0: BAR 1 [mem 0xfebd5000-0xfebd5fff]
machine # [    0.507648] pci 0000:00:07.0: BAR 4 [mem 0xfe010000-0xfe013fff 64bit pref]
machine # [    0.511021] pci 0000:00:08.0: [1af4:1001] type 00 class 0x010000 conventional PCI endpoint
machine # [    0.514611] pci 0000:00:08.0: BAR 0 [io  0xc000-0xc07f]
machine # [    0.516610] pci 0000:00:08.0: BAR 1 [mem 0xfebd6000-0xfebd6fff]
machine # [    0.517634] pci 0000:00:08.0: BAR 4 [mem 0xfe014000-0xfe017fff 64bit pref]
machine # [    0.520179] pci 0000:00:09.0: [1af4:1000] type 00 class 0x020000 conventional PCI endpoint
machine # [    0.529621] pci 0000:00:09.0: BAR 0 [io  0xc1a0-0xc1bf]
machine # [    0.531620] pci 0000:00:09.0: BAR 1 [mem 0xfebd7000-0xfebd7fff]
machine # [    0.532637] pci 0000:00:09.0: BAR 4 [mem 0xfe018000-0xfe01bfff 64bit pref]
machine # [    0.534611] pci 0000:00:09.0: ROM [mem 0xfeb80000-0xfebbffff pref]
machine # [    0.536966] pci 0000:00:0a.0: [1af4:1052] type 00 class 0x090000 conventional PCI endpoint
machine # [    0.539619] pci 0000:00:0a.0: BAR 1 [mem 0xfebd8000-0xfebd8fff]
machine # [    0.541634] pci 0000:00:0a.0: BAR 4 [mem 0xfe01c000-0xfe01ffff 64bit pref]
machine # [    0.543979] pci 0000:00:0b.0: [1af4:1003] type 00 class 0x078000 conventional PCI endpoint
machine # [    0.548626] pci 0000:00:0b.0: BAR 0 [io  0xc0c0-0xc0ff]
machine # [    0.550611] pci 0000:00:0b.0: BAR 1 [mem 0xfebd9000-0xfebd9fff]
machine # [    0.551634] pci 0000:00:0b.0: BAR 4 [mem 0xfe020000-0xfe023fff 64bit pref]
machine # [    0.554995] pci 0000:00:0c.0: [1af4:1005] type 00 class 0x00ff00 conventional PCI endpoint
machine # [    0.557611] pci 0000:00:0c.0: BAR 0 [io  0xc1c0-0xc1df]
machine # [    0.558609] pci 0000:00:0c.0: BAR 1 [mem 0xfebda000-0xfebdafff]
machine # [    0.560636] pci 0000:00:0c.0: BAR 4 [mem 0xfe024000-0xfe027fff 64bit pref]
machine # [    0.566696] ACPI: PCI: Interrupt link LNKA configured for IRQ 10
machine # [    0.568840] ACPI: PCI: Interrupt link LNKB configured for IRQ 10
machine # [    0.569813] ACPI: PCI: Interrupt link LNKC configured for IRQ 11
machine # [    0.571809] ACPI: PCI: Interrupt link LNKD configured for IRQ 11
machine # [    0.573734] ACPI: PCI: Interrupt link LNKS configured for IRQ 9
machine # [    0.576280] iommu: Default domain type: Translated
machine # [    0.576601] iommu: DMA domain TLB invalidation policy: lazy mode
machine # [    0.577699] ACPI: bus type USB registered
machine # [    0.578514] usbcore: registered new interface driver usbfs
machine # [    0.579613] usbcore: registered new interface driver hub
machine # [    0.580610] usbcore: registered new device driver usb
machine # [    0.583042] NetLabel: Initializing
machine # [    0.583602] NetLabel:  domain hash size = 128
machine # [    0.584450] NetLabel:  protocols = UNLABELED CIPSOv4 CALIPSO
machine # [    0.585639] NetLabel:  unlabeled traffic allowed by default
machine # [    0.586607] PCI: Using ACPI for IRQ routing
machine # [    0.587755] pci 0000:00:02.0: vgaarb: setting as boot VGA device
machine # [    0.588595] pci 0000:00:02.0: vgaarb: bridge control possible
machine # [    0.588595] pci 0000:00:02.0: vgaarb: VGA device added: decodes=io+mem,owns=io+mem,locks=none
machine # [    0.591606] vgaarb: loaded
machine # [    0.592269] hpet0: at MMIO 0xfed00000, IRQs 2, 8, 0
machine # [    0.592600] hpet0: 3 comparators, 64-bit 100.000000 MHz counter
machine # [    0.597719] clocksource: Switched to clocksource kvm-clock
machine # [    0.599560] VFS: Disk quotas dquot_6.6.0
machine # [    0.600341] VFS: Dquot-cache hash table entries: 512 (order 0, 4096 bytes)
machine # [    0.601847] pnp: PnP ACPI init
machine # [    0.602972] pnp: PnP ACPI: found 6 devices
machine # [    0.615707] clocksource: acpi_pm: mask: 0xffffff max_cycles: 0xffffff, max_idle_ns: 2085701024 ns
machine # [    0.617616] clocksource: Switched to clocksource acpi_pm
machine # [    0.618790] NET: Registered PF_INET protocol family
machine # [    0.619845] IP idents hash table entries: 16384 (order: 5, 131072 bytes, linear)
machine # [    0.636467] tcp_listen_portaddr_hash hash table entries: 512 (order: 1, 8192 bytes, linear)
machine # [    0.638449] Table-perturb hash table entries: 65536 (order: 6, 262144 bytes, linear)
machine # [    0.640308] TCP established hash table entries: 8192 (order: 4, 65536 bytes, linear)
machine # [    0.641867] TCP bind hash table entries: 8192 (order: 6, 262144 bytes, linear)
machine # [    0.643399] TCP: Hash tables configured (established 8192 bind 8192)
machine # [    0.644767] MPTCP token hash table entries: 1024 (order: 2, 24576 bytes, linear)
machine # [    0.646245] UDP hash table entries: 512 (order: 3, 32768 bytes, linear)
machine # [    0.647555] UDP-Lite hash table entries: 512 (order: 3, 32768 bytes, linear)
machine # [    0.648995] NET: Registered PF_UNIX/PF_LOCAL protocol family
machine # [    0.650131] NET: Registered PF_XDP protocol family
machine # [    0.651106] pci_bus 0000:00: resource 4 [io  0x0000-0x0cf7 window]
machine # [    0.652320] pci_bus 0000:00: resource 5 [io  0x0d00-0xffff window]
machine # [    0.653550] pci_bus 0000:00: resource 6 [mem 0x000a0000-0x000bffff window]
machine # [    0.654908] pci_bus 0000:00: resource 7 [mem 0x40000000-0xfebfffff window]
machine # [    0.656254] pci_bus 0000:00: resource 8 [mem 0x100000000-0x17fffffff window]
machine # [    0.657707] pci 0000:00:01.0: PIIX3: Enabling Passive Release
machine # [    0.658882] pci 0000:00:00.0: Limiting direct PCI/PCI transfers
machine # [    0.700497] ACPI: \_SB_.LNKD: Enabled at IRQ 11
machine # [    0.742238] pci 0000:00:01.2: quirk_usb_early_handoff+0x0/0x7e0 took 80228 usecs
machine # [    0.743861] PCI: CLS 0 bytes, default 64
machine # [    0.744844] clocksource: tsc: mask: 0xffffffffffffffff max_cycles: 0x2b3e4942f25, max_idle_ns: 440795326592 ns
machine # [    0.745037] Trying to unpack rootfs image as initramfs...
machine # [    0.773110] Initialise system trusted keyrings
machine # [    0.774509] workingset: timestamp_bits=40 max_order=18 bucket_order=0
machine # [    0.792567] Key type asymmetric registered
machine # [    0.793363] Asymmetric key parser 'x509' registered
machine # [    0.794403] Block layer SCSI generic (bsg) driver version 0.4 loaded (major 251)
machine # [    0.796381] io scheduler mq-deadline registered
machine # [    0.797393] io scheduler kyber registered
machine # [    0.801140] Serial: 8250/16550 driver, 4 ports, IRQ sharing enabled
machine # [    0.802810] 00:04: ttyS0 at I/O 0x3f8 (irq = 4, base_baud = 115200) is a 16550A
machine # [    0.806969] Linux agpgart interface v0.103
machine # [    0.808161] ACPI: bus type drm_connector registered
machine # [    0.811245] usbcore: registered new interface driver usbserial_generic
machine # [    0.812622] usbserial: USB Serial support registered for generic
machine # [    0.813887] amd_pstate: the _CPC object is not present in SBIOS or ACPI disabled
machine # [    0.815474] drop_monitor: Initializing network drop monitor service
machine # [    0.817072] NET: Registered PF_INET6 protocol family
machine # [    0.837910] Freeing initrd memory: 11676K
machine # [    0.840902] Segment Routing with IPv6
machine # [    0.841727] In-situ OAM (IOAM) with IPv6
machine # [    0.843810] IPI shorthand broadcast: enabled
machine # [    0.848410] sched_clock: Marking stable (679028977, 168514103)->(892495170, -44952090)
machine # [    0.851613] registered taskstats version 1
machine # [    0.853117] Loading compiled-in X.509 certificates
machine # [    0.863173] Demotion targets for Node 0: null
machine # [    0.864492] Key type .fscrypt registered
machine # [    0.865428] Key type fscrypt-provisioning registered
machine # [    0.867115] PM:   Magic number: 14:440:686
machine # [    0.873250] RAS: Correctable Errors collector initialized.
machine # [    0.890088] clk: Disabling unused clocks
machine # [    0.891062] PM: genpd: Disabling unused power domains
machine # [    0.895238] Freeing unused decrypted memory: 2028K
machine # [    0.897268] Freeing unused kernel image (initmem) memory: 3344K
machine # [    0.898288] Write protecting the kernel read-only data: 28672k
machine # [    0.900296] Freeing unused kernel image (text/rodata gap) memory: 1284K
machine # [    0.901658] Freeing unused kernel image (rodata/data gap) memory: 400K
machine # [    0.976306] x86/mm: Checked W+X mappings: passed, no W+X pages found.
machine # [    0.977374] Run /init as init process
machine # 
machine # <<< NixOS Stage 1 >>>
machine # 
machine # loading module virtio_balloon...
machine # loading module virtio_console...
machine # loading module virtio_rng...
machine # loading module virtio_gpu...
machine # loading module dm_mod...
machine # [    1.098883] device-mapper: ioctl: 4.49.0-ioctl (2025-01-17) initialised: dm-devel@lists.linux.dev
machine # running udev...
machine # Starting systemd-udevd version 255.9
machine # [    1.181258] rtc_cmos 00:05: RTC can wake from S4
machine # [    1.182941] i8042: PNP: PS/2 Controller [PNP0303:KBD,PNP0f13:MOU] at 0x60,0x64 irq 1,12
machine # [    1.185389] rtc_cmos 00:05: registered as rtc0
machine # [    1.186887] serio: i8042 KBD port at 0x60,0x64 irq 1
machine # [    1.186916] rtc_cmos 00:05: setting system clock to 2026-02-26T13:40:48 UTC (1772113248)
machine # [    1.187896] serio: i8042 AUX port at 0x60,0x64 irq 12
machine # [    1.190563] rtc_cmos 00:05: alarms up to one day, y3k, 242 bytes nvram, hpet irqs
machine # [    1.221386] SCSI subsystem initialized
machine # [    1.295767] uhci_hcd 0000:00:01.2: UHCI Host Controller
machine # [    1.296960] uhci_hcd 0000:00:01.2: new USB bus registered, assigned bus number 1
machine # [    1.297074] ACPI: \_SB_.LNKC: Enabled at IRQ 10
machine # [    1.298422] uhci_hcd 0000:00:01.2: detected 2 ports
machine # [    1.299123] uhci_hcd 0000:00:01.2: irq 11, io port 0x0000c100
machine # [    1.302310] scsi host0: ata_piix
machine # [    1.303196] usb usb1: New USB device found, idVendor=1d6b, idProduct=0001, bcdDevice= 6.14
machine # [    1.305582] usb usb1: New USB device strings: Mfr=3, Product=2, SerialNumber=1
machine # [    1.307054] usb usb1: Product: UHCI Host Controller
machine # [    1.308050] usb usb1: Manufacturer: Linux 6.14.0-rc6 uhci_hcd
machine # [    1.308091] scsi host1: ata_piix
machine # [    1.309257] usb usb1: SerialNumber: 0000:00:01.2
machine # [    1.311644] ata1: PATA max MWDMA2 cmd 0x1f0 ctl 0x3f6 bmdma 0xc1e0 irq 14 lpm-pol 0
machine # [    1.313751] ata2: PATA max MWDMA2 cmd 0x170 ctl 0x376 bmdma 0xc1e8 irq 15 lpm-pol 0
machine # [    1.314364] hub 1-0:1.0: USB hub found
machine # [    1.316791] hub 1-0:1.0: 2 ports detected
machine # [    1.404321] ACPI: \_SB_.LNKA: Enabled at IRQ 10
machine # [    1.446789] ACPI: \_SB_.LNKB: Enabled at IRQ 11
machine # [    1.470343] ata2: found unknown device (class 0)
machine # [    1.473213] ata2.00: ATAPI: QEMU DVD-ROM, 2.5+, max UDMA/100
machine # [    1.477701] scsi 1:0:0:0: CD-ROM            QEMU     QEMU DVD-ROM     2.5+ PQ: 0 ANSI: 5
machine # [    1.541635] usb 1-1: new full-speed USB device number 2 using uhci_hcd
machine # [    1.710481] usb 1-1: New USB device found, idVendor=0627, idProduct=0001, bcdDevice= 0.00
machine # [    1.713653] usb 1-1: New USB device strings: Mfr=1, Product=3, SerialNumber=10
machine # [    1.716253] usb 1-1: Product: QEMU USB Tablet
machine # [    1.718020] usb 1-1: Manufacturer: QEMU
machine # [    1.719558] usb 1-1: SerialNumber: 28754-0000:00:01.2-1
machine # [    1.743898] input: AT Translated Set 2 keyboard as /devices/platform/i8042/serio0/input/input0
machine # [    1.763022] virtio_blk virtio5: 4/0/0 default/read/poll queues
machine # [    1.773590] virtio_blk virtio5: [vda] 2097152 512-byte logical blocks (1.07 GB/1.00 GiB)
machine # [    1.788704] hid: raw HID events driver (C) Jiri Kosina
machine # [    1.795452] netfs: FS-Cache loaded
machine # [    1.800627] usbcore: registered new interface driver usbhid
machine # [    1.801717] usbhid: USB HID core driver
machine # [    1.805347] sr 1:0:0:0: [sr0] scsi3-mmc drive: 4x/4x cd/rw xa/form2 tray
machine # [    1.806785] cdrom: Uniform CD-ROM driver Revision: 3.20
machine # [    1.810591] input: QEMU QEMU USB Tablet as /devices/pci0000:00/0000:00:01.2/usb1/1-1/1-1:1.0/0003:0627:0001.0001/input/input2
machine # [    1.812426] 9pnet: Installing 9P2000 support
machine # [    1.814093] hid-generic 0003:0627:0001.0001: input,hidraw0: USB HID v0.01 Mouse [QEMU QEMU USB Tablet] on usb-0000:00:01.2-1/input0
machine # kbd_mode: KDSKBMODE: Inappropriate ioctl for device
machine # %Gstarting device mapper and LVM...
machine # checking /dev/disk/by-label/nixos...
machine # fsck (busybox 1.36.1)
machine # [fsck.ext4 (1) -- /mnt-root/] fsck.ext4 -a /dev/disk/by-label/nixos
machine # nixos: clean, 11/65536 files, 12955/262144 blocks
machine # mounting /dev/disk/by-label/nixos on /...
machine # [    2.525540] EXT4-fs (vda): mounted filesystem 30bc1b3a-50b0-49a9-93f6-54ad81a7458a r/w with ordered data mode. Quota mode: none.
machine # [    2.538549] EXT4-fs (vda): re-mounted 30bc1b3a-50b0-49a9-93f6-54ad81a7458a r/w. Quota mode: none.
machine # mounting nix-store on /nix/.ro-store...
machine # [    2.572336] 9p: Installing v9fs 9p2000 file system support
machine # mounting tmpfs on /nix/.rw-store...
machine # mounting shared on /tmp/shared...
machine # mounting xchg on /tmp/xchg...
machine # mounting overlay filesystem on /nix/store...
machine # 
machine # <<< NixOS Stage 2 >>>
machine # 
machine # [    3.198581] EXT4-fs (vda): re-mounted 30bc1b3a-50b0-49a9-93f6-54ad81a7458a r/w. Quota mode: none.
machine # [    3.205280] booting system configuration /nix/store/a34xwis930rv6jyp0szi2278kjanwml5-nixos-system-machine-test
machine # running activation script...
machine # setting up /etc...
machine # starting systemd...
machine # [    5.791708] systemd[1]: Inserted module 'autofs4'
machine # [    5.886312] systemd[1]: systemd 255.9 running in system mode (+PAM +AUDIT -SELINUX +APPARMOR +IMA +SMACK +SECCOMP +GCRYPT -GNUTLS +OPENSSL +ACL +BLKID +CURL +ELFUTILS +FIDO2 +IDN2 -IDN +IPTC +KMOD +LIBCRYPTSETUP +LIBFDISK +PCRE2 +PWQUALITY +P11KIT +QRENCODE +TPM2 +BZIP2 +LZ4 +XZ +ZLIB +ZSTD +BPF_FRAMEWORK -XKBCOMMON +UTMP -SYSVINIT default-hierarchy=unified)
machine # [    5.892121] hrtimer: interrupt took 3045080 ns
machine # [    5.893489] systemd[1]: Detected virtualization kvm.
machine # [    5.895768] systemd[1]: Detected architecture x86-64.
machine # [  !!  ] This OS version (NixOS 24.05 (Uakari)) is past its end-of-support date (2024-12-31)
machine # [    5.906818] systemd[1]: Hostname set to <machine>.
machine # [    5.908388] systemd[1]: Initializing machine ID from random generator.
machine # [    6.218757] systemd[1]: bpf-lsm: LSM BPF program attached
machine # [    7.627303] systemd[1]: Queued start job for default target Multi-User System.
machine # [    7.701286] systemd[1]: Created slice Slice /system/getty.
machine # [    7.703884] systemd[1]: Created slice Slice /system/modprobe.
machine # [    7.705720] systemd[1]: Created slice User and Session Slice.
machine # [    7.706975] systemd[1]: Started Dispatch Password Requests to Console Directory Watch.
machine # [    7.708738] systemd[1]: Started Forward Password Requests to Wall Directory Watch.
machine # [    7.710775] systemd[1]: Expecting device /dev/hvc0...
machine # [    7.711828] systemd[1]: Expecting device /dev/ttyS0...
machine # [    7.712914] systemd[1]: Expecting device /sys/subsystem/net/devices/eth1...
machine # [    7.714444] systemd[1]: Reached target Local Encrypted Volumes.
machine # [    7.715623] systemd[1]: Reached target Containers.
machine # [    7.716588] systemd[1]: Reached target Path Units.
machine # [    7.717510] systemd[1]: Reached target Remote File Systems.
machine # [    7.718781] systemd[1]: Reached target Slice Units.
machine # [    7.720531] systemd[1]: Reached target Swaps.
machine # [    7.733017] systemd[1]: Listening on Process Core Dump Socket.
machine # [    7.737119] systemd[1]: Listening on Journal Socket (/dev/log).
machine # [    7.738951] systemd[1]: Listening on Journal Socket.
machine # [    7.741791] systemd[1]: Listening on Userspace Out-Of-Memory (OOM) Killer Socket.
machine # [    7.746862] systemd[1]: Listening on udev Control Socket.
machine # [    7.748867] systemd[1]: Listening on udev Kernel Socket.
machine # [    7.774690] systemd[1]: Mounting Huge Pages File System...
machine # [    7.783586] systemd[1]: Mounting POSIX Message Queue File System...
machine # [    7.789882] systemd[1]: Mounting Kernel Debug File System...
machine # [    7.804082] systemd[1]: Starting Create List of Static Device Nodes...
machine # [    7.811096] systemd[1]: Starting Load Kernel Module configfs...
machine # [    7.818066] systemd[1]: Starting Load Kernel Module drm...
machine # [    7.825979] systemd[1]: Starting Load Kernel Module efi_pstore...
machine # [    7.832836] systemd[1]: Starting Load Kernel Module fuse...
machine # [    7.843950] systemd[1]: Starting mount-pstore.service...
machine # [    7.852960] systemd[1]: Starting Create SUID/SGID Wrappers...
machine # [    7.855776] systemd[1]: File System Check on Root Device was skipped because of an unmet condition check (ConditionPathIsReadWrite=!/).
machine # [    7.864723] systemd[1]: Starting Journal Service...
machine # [    7.875644] systemd[1]: Starting Load Kernel Modules...
machine # [    7.883145] systemd[1]: Starting Remount Root and Kernel File Systems...
machine # [    7.901271] systemd[1]: Starting Coldplug All udev Devices...
machine # [    7.910942] systemd[1]: Mounted Huge Pages File System.
machine # [    7.913160] systemd[1]: Mounted POSIX Message Queue File System.
machine # [    7.919755] systemd[1]: Mounted Kernel Debug File System.
machine # [    7.928650] systemd[1]: Finished Create List of Static Device Nodes.
machine # [    7.931956] systemd[1]: modprobe@configfs.service: Deactivated successfully.
machine # [    7.937953] systemd[1]: Finished Load Kernel Module configfs.
machine # [    7.940958] systemd[1]: modprobe@drm.service: Deactivated successfully.
machine # [    7.947463] systemd[1]: Finished Load Kernel Module drm.
machine # [    7.950587] systemd[1]: modprobe@efi_pstore.service: Deactivated successfully.
machine # [    7.955679] systemd[1]: Finished Load Kernel Module efi_pstore.
machine # [    7.971783] fuse: init (API version 7.42)
machine # [    7.980661] systemd[1]: Mounting Kernel Configuration File System...
machine # [    7.987811] systemd[1]: Starting Create Static Device Nodes in /dev gracefully...
machine # [    7.993169] systemd[1]: modprobe@fuse.service: Deactivated successfully.
machine # [    7.999057] systemd[1]: Finished Load Kernel Module fuse.
machine # [    8.013674] systemd[1]: Mounting FUSE Control File System...
machine # [    8.019004] EXT4-fs (vda): re-mounted 30bc1b3a-50b0-49a9-93f6-54ad81a7458a r/w. Quota mode: none.
machine # [    8.024918] systemd-journald[422]: Collecting audit messages is disabled.
machine # [    8.040242] systemd[1]: Finished Remount Root and Kernel File Systems.
machine # [    8.061074] systemd[1]: Starting Load/Save OS Random Seed...
machine # [    8.070824] systemd[1]: Mounted Kernel Configuration File System.
machine # [    8.093629] systemd[1]: Mounted FUSE Control File System.
machine # [    8.099800] bridge: filtering via arp/ip/ip6tables is no longer available by default. Update your scripts to load br_netfilter if you need this.
machine # [    8.130453] tun: Universal TUN/TAP device driver, 1.6
machine # [    8.144567] systemd[1]: Started Journal Service.
machine # [    7.979741] systemd-modules-load[423]: Inserted module 'bridge'
machine # [    7.986489] systemd-modules-load[423]: Inserted module 'macvlan'
machine # [    7.990249] systemd-modules-load[423]: Inserted module 'tap'
machine # [    7.993302] systemd-modules-load[423]: Inserted module 'tun'[    8.163627] loop: module loaded
machine # 
machine # [    7.999671] systemd-modules-load[423]: Inserted module 'loop'
machine # [    8.003544] systemd[1]: Starting Flush Journal to Persistent Storage...
machine # [    8.015647] systemd[1]: Finished Coldplug All udev Devices.
machine # [    8.019607] systemd[1]: Finished Load/Save OS Random Seed.
machine # [    8.024486] systemd[1]: Finished Load Kernel Modules.
machine # [    8.036002] systemd[1]: Finished Create Static Device Nodes in /dev gracefully.
machine # [    8.050637] systemd[1]: Starting Firewall...
machine # [    8.056146] systemd[1]: Starting Apply Kernel Variables...
machine # [    8.062829] systemd[1]: Starting Create Static Device Nodes in /dev...
machine # [    8.273324] systemd-journald[422]: Received client request to flush runtime journal.
machine # [    8.198675] systemd[1]: Finished Create Static Device Nodes in /dev.
machine # [    8.200591] systemd[1]: Reached target Preparation for Local File Systems.
machine # [    8.203278] systemd[1]: Reached target Local File Systems.
machine # [    8.205354] systemd[1]: Update Boot Loader Random Seed was skipped because no trigger condition checks were met.
machine # [    8.215651] systemd[1]: Starting Rule-based Manager for Device Events and Files...
machine # [    8.219641] systemd[1]: Finished Flush Journal to Persistent Storage.
machine # [    8.223803] systemd[1]: Finished Apply Kernel Variables.
machine # [    8.238599] systemd[1]: Starting Create System Files and Directories...
machine # [    8.340307] systemd-udevd[495]: Using default interface naming scheme 'v255'.
machine # [    8.383654] systemd[1]: Finished Create System Files and Directories.
machine # [    8.394734] systemd[1]: Starting Rebuild Journal Catalog...
machine # [    8.407509] systemd[1]: Starting Userspace Out-Of-Memory (OOM) Killer...
machine # [    8.413543] systemd[1]: Starting Record System Boot/Shutdown in UTMP...
machine # [    8.504930] systemd[1]: Started Rule-based Manager for Device Events and Files.
machine # [    8.513127] systemd[1]: Finished Record System Boot/Shutdown in UTMP.
machine # [    8.537272] systemd-oomd[525]: No swap; memory pressure usage will be degraded
machine # [    8.542476] systemd[1]: Started Userspace Out-Of-Memory (OOM) Killer.
machine # [    8.554941] systemd[1]: Finished Rebuild Journal Catalog.
machine # [    8.567788] systemd[1]: Starting Update is Completed...
machine # [    8.602296] systemd[1]: Found device /dev/hvc0.
machine # [    8.611479] systemd[1]: Found device /dev/ttyS0.
machine # [    8.640724] (udev-worker)[550]: eth1: Config file /etc/systemd/network/40-eth1.link is applied to device based on potentially unpredictable interface name.
machine # [    8.647343] (udev-worker)[548]: Network interface NamePolicy= disabled on kernel command line.
machine # [    8.652341] (udev-worker)[550]: Network interface NamePolicy= disabled on kernel command line.
machine # [    8.656838] systemd[1]: Finished Update is Completed.
machine # [    8.871653] mousedev: PS/2 mouse device common for all mice
machine # [    8.731463] systemd[1]: Found device Virtio network device.
machine # [    8.903524] input: Power Button as /devices/LNXSYSTM:00/LNXPWRBN:00/input/input3
machine # [    8.910909] ACPI: button: Power Button [PWRF]
machine # [    8.931588] Floppy drive(s): fd0 is 2.88M AMI BIOS
machine # [    8.941662] parport_pc 00:03: reported by Plug and Play ACPI
machine # [    8.945009] parport0: PC-style at 0x378, irq 7 [PCSPP(,...)]
machine # [    8.946628] FDC 0 is a S82078B
machine # [    8.976100] bochs-drm 0000:00:02.0: vgaarb: deactivate vga console
machine # [    8.978553] piix4_smbus 0000:00:01.3: SMBus Host Controller at 0x700, revision 0
machine # [    8.988108] i2c i2c-0: Memory type 0x07 not supported yet, not instantiating SPD
machine # [    8.988414] Console: switching to colour dummy device 80x25
machine # [    8.992522] [drm] Found bochs VGA, ID 0xb0c5.
machine # [    8.993254] input: QEMU Virtio Keyboard as /devices/pci0000:00/0000:00:0a.0/virtio7/input/input4
machine # [    8.994481] [drm] Framebuffer size 16384 kB @ 0xfd000000, mmio @ 0xfebd0000.
machine # [    8.996469] [drm] Initialized bochs-drm 1.0.0 for 0000:00:02.0 on minor 0
machine # [    9.010478] fbcon: bochs-drmdrmfb (fb0) is primary device
machine # [    9.118613] input: VirtualPS/2 VMware VMMouse as /devices/platform/i8042/serio1/input/input6
machine # [    9.121927] Console: switching to colour frame buffer device 160x50
machine # [    9.122614] cryptd: max_cpu_qlen set to 1000
machine # [    9.133864] input: VirtualPS/2 VMware VMMouse as /devices/platform/i8042/serio1/input/input5
machine # [    9.144496] bochs-drm 0000:00:02.0: [drm] fb0: bochs-drmdrmfb frame buffer device
machine # [    8.988616] systemd[1]: suid-sgid-wrappers.service: Deactivated successfully.
machine # [    8.991758] systemd[1]: Finished Create SUID/SGID Wrappers.
machine # [    9.162954] AES CTR mode by8 optimization enabled
machine # [    9.222695] ppdev: user-space parallel port driver
machine # [    9.073261] systemd[1]: Starting Virtual Console Setup...
machine # [   10.717420] clocksource: Long readout interval, skipping watchdog check: cs_nsec: 1486991950 wd_nsec: 1486991627
machine # [   11.876596] systemd[1]: systemd-vconsole-setup.service: Deactivated successfully.
machine # [   11.880550] systemd[1]: Stopped Virtual Console Setup.
machine # [   12.266154] systemd[1]: Starting Virtual Console Setup...
machine # [   14.273550] systemd[1]: systemd-vconsole-setup.service: Deactivated successfully.
machine # [   14.277613] systemd[1]: Stopped Virtual Console Setup.
machine # [   14.369227] systemd[1]: Starting Virtual Console Setup...
machine # [   14.750733] kvm_amd: Nested Virtualization enabled
machine # [   14.754053] kvm_amd: Nested Paging enabled
machine # [   14.847487] EDAC MC: Ver: 3.0.0
machine # [   14.990965] cz91g3ll948jisxvbsxnqsl917083qwr-mount-pstore.sh[428]: Persistent Storage backend was not registered in time.
machine # [   14.997369] systemd[1]: Finished mount-pstore.service.
machine # [   14.999794] systemd[1]: Platform Persistent Storage Archival was skipped because of an unmet condition check (ConditionDirectoryNotEmpty=/sys/fs/pstore).
machine # [   15.397514] systemd[1]: Finished Firewall.
machine # [   15.723534] systemd[1]: Finished Virtual Console Setup.
machine # [   15.726372] systemd[1]: Reached target System Initialization.
machine # [   15.729608] systemd[1]: Started Daily Cleanup of Temporary Directories.
machine # [   15.733215] systemd[1]: Reached target Timer Units.
machine # [   15.735320] systemd[1]: Listening on D-Bus System Message Bus Socket.
machine # [   15.736980] systemd[1]: Listening on Nix Daemon Socket.
machine # [   15.738820] systemd[1]: Reached target Socket Units.
machine # [   15.740400] systemd[1]: Reached target Basic System.
machine # [   15.741810] systemd[1]: System is tainted: support-ended
machine # [   15.761506] systemd[1]: Starting Kernel Auditing...
machine # [   15.766592] systemd[1]: Started backdoor.service.
machine # [   15.771726] systemd[1]: Starting DHCP Client...
machine # [   15.776703] systemd[1]: Starting Name Service Cache Daemon (nsncd)...
machine # [   15.793186] systemd[1]: Started Reset console on configuration changes.
machine # [   15.799593] systemd[1]: Starting resolvconf update...
machine # [   15.821777] systemd[1]: Starting D-Bus System Message Bus...
machine # [   15.839935] 2zm09qv8pdisxdrn00vj7cfk48lagjhw-audit-disable[718]: No rules
machine # [   15.857346] systemd[1]: Finished Kernel Auditing.
machine # [   15.860432] dhcpcd[713]: dhcpcd-10.0.6 starting
machine # connecting to host...
machine # [   15.886174] dhcpcd[728]: dev: loaded udev
machine # [   15.902564] nsncd[714]: Feb 26 13:41:02.715 INFO started, config: Config { ignored_request_types: {}, worker_count: 8, handoff_timeout: 3s }, path: "/var/run/nscd/socket"
machine # [   15.909951] systemd[1]: Started Name Service Cache Daemon (nsncd).
machine # [   15.912309] systemd[1]: Reached target Host and Network Name Lookups.
machine # [   15.915779] systemd[1]: Reached target User and Group Name Lookups.
machine: Guest shell says: b'Spawning backdoor root shell...\n'
machine: connected to guest root shell
machine: (connecting took 16.56 seconds)
(finished: waiting for the VM to finish booting, in 16.76 seconds)
machine # [   15.933368] systemd[1]: Starting User Login Management...
machine # [   16.104888] 8021q: 802.1Q VLAN Support v1.8
machine # [   15.989605] systemd[1]: Listening on Load/Save RF Kill Switch Status /dev/rfkill Watch.
machine # [   16.004824] dbus-daemon[717]: dbus[717]: Unknown username "systemd-timesync" in message bus configuration file
machine # [   16.137795] systemd-logind[745]: New seat seat0.
machine # [   16.142230] systemd-logind[745]: Watching system buttons on /dev/input/event2 (Power Button)
machine # [   16.144492] systemd-logind[745]: Watching system buttons on /dev/input/event3 (QEMU Virtio Keyboard)
machine # [   16.145406] systemd-logind[745]: Watching system buttons on /dev/input/event0 (AT Translated Set 2 keyboard)
machine # [   16.162607] systemd[1]: Started User Login Management.
machine # [   16.281345] systemd[1]: Started D-Bus System Message Bus.
machine # [   16.375932] systemd[1]: Stopped target Host and Network Name Lookups.
machine # [   16.376322] systemd[1]: Stopping Host and Network Name Lookups...
machine # [   16.376533] systemd[1]: Stopped target User and Group Name Lookups.
machine # [   16.376740] systemd[1]: Stopping User and Group Name Lookups...
machine # [   16.376944] systemd[1]: Stopping Name Service Cache Daemon (nsncd)...
machine # [   16.482309] systemd[1]: nscd.service: Deactivated successfully.
machine # [   16.485575] systemd[1]: Stopped Name Service Cache Daemon (nsncd).
machine # [   16.738172] cfg80211: Loading compiled-in X.509 certificates for regulatory database
machine # [   16.577882] systemd[1]: Starting Name Service Cache Daemon (nsncd)...
machine # [   16.580771] systemd[1]: Finished resolvconf update.
machine # [   16.589180] systemd[1]: Reached target Preparation for Network.
machine # [   16.601631] systemd[1]: Starting Address configuration of eth1...
machine # [   16.612947] nsncd[790]: Feb 26 13:41:03.426 INFO started, config: Config { ignored_request_types: {}, worker_count: 8, handoff_timeout: 3s }, path: "/var/run/nscd/socket"
machine # [   16.618151] systemd[1]: Started Name Service Cache Daemon (nsncd).
machine # [   16.620286] systemd[1]: Reached target Host and Network Name Lookups.
machine # [   16.622517] systemd[1]: Reached target User and Group Name Lookups.
machine # [   16.814730] Loaded X.509 cert 'sforshee: 00b28ddf47aef9cea7'
machine # [   16.817623] Loaded X.509 cert 'wens: 61c038651aabdcf94bd0ac7ff06c7248db18c600'
machine # [   16.825406] platform regulatory.0: Direct firmware load for regulatory.db failed with error -2
machine # [   16.827346] cfg80211: failed to load regulatory.db
machine # [   16.897411] 8021q: adding VLAN 0 to HW filter on device eth1
machine # [   16.751337] network-addresses-eth1-start[796]: adding address 192.168.1.1/24... done
machine # [   16.925786] 8021q: adding VLAN 0 to HW filter on device eth0
machine # [   16.761644] dhcpcd[728]: eth0: waiting for carrier
machine # [   16.763878] dhcpcd[728]: eth0: carrier acquired
machine # [   16.778853] systemd[1]: Finished Address configuration of eth1.
machine # [   16.782350] dhcpcd[728]: DUID 00:01:00:01:31:33:09:ef:52:54:00:12:34:56
machine # [   16.783472] dhcpcd[728]: eth0: IAID 00:12:34:56
machine # [   16.785371] dhcpcd[728]: eth0: adding address fe80::5054:ff:fe12:3456
machine # [   16.801877] systemd[1]: Starting Networking Setup...
machine # [   16.951225] dhcpcd[728]: eth0: soliciting an IPv6 router
machine # [   17.026429] dhcpcd[728]: eth0: soliciting a DHCP lease
machine # [   17.049774] systemd[1]: Finished Networking Setup.
machine # [   17.063799] systemd[1]: Start[   17.232724] NET: Registered PF_PACKET protocol family
machine # ing Extra networking commands....
machine # [   17.085268] dhcpcd[728]: eth0: offered 10.0.2.15 from 10.0.2.2
machine # [   17.086926] dhcpcd[728]: eth0: leased 10.0.2.15 for 86400 seconds
machine # [   17.091440] dhcpcd[728]: eth0: adding route to 10.0.2.0/24
machine # [   17.093332] dhcpcd[728]: eth0: adding default route via 10.0.2.2
machine # [   17.132620] systemd[1]: Finished Extra networking commands..
machine # [   17.136301] systemd[1]: Reached target Network.
machine # [   17.157251] systemd[1]: Starting Permit User Sessions...
machine # [   17.223356] systemd[1]: Finished Permit User Sessions.
machine # [   17.246292] systemd[1]: Started Getty on tty1.
machine # [   17.247838] systemd[1]: Reached target Login Prompts.
machine # [   17.271542] systemd[1]: Stopped target Host and Network Name Lookups.
machine # [   17.272540] systemd[1]: Stopping Host and Network Name Lookups...
machine # [   17.274854] systemd[1]: Stopped target User and Group Name Lookups.
machine # [   17.275935] systemd[1]: Stopping User and Group Name Lookups...
machine # [   17.277908] systemd[1]: Stopping Name Service Cache Daemon (nsncd)...
machine # [   17.287278] systemd[1]: nscd.service: Deactivated successfully.
machine # [   17.288992] systemd[1]: Stopped Name Service Cache Daemon (nsncd).
machine # [   17.303566] systemd[1]: Starting Name Service Cache Daemon (nsncd)...
machine # [   17.333230] systemd[1]: Started DHCP Client.
machine # [   17.335277] systemd[1]: Reached target Network is Online.
machine # [   17.369197] nsncd[913]: Feb 26 13:41:04.183 INFO started, config: Config { ignored_request_types: {}, worker_count: 8, handoff_timeout: 3s }, path: "/var/run/nscd/socket"
machine # [   17.376279] systemd[1]: Started Name Service Cache Daemon (nsncd).
machine # [   17.378544] systemd[1]: Reached target Multi-User System.
machine # [   17.379952] systemd[1]: Reached target Host and Network Name Lookups.
machine # [   17.381664] systemd[1]: Reached target User and Group Name Lookups.
machine # [   17.383330] systemd[1]: Startup finished in 5.558s (kernel) + 11.811s (userspace) = 17.369s.
(finished: waiting for unit multi-user.target, in 18.56 seconds)
machine: must succeed: grep -q '\[advise\]' /sys/kernel/mm/transparent_hugepage/shmem_enabled
(finished: must succeed: grep -q '\[advise\]' /sys/kernel/mm/transparent_hugepage/shmem_enabled, in 0.07 seconds)
machine: must succeed: systemd-run --service-type=exec --wait -u thp-madv-remove-test thp-madv-remove-test
machine # [   17.916362] systemd[1]: Starting /run/current-system/sw/bin/thp-madv-remove-test...
machine # [   17.960401] systemd[1]: Started /run/current-system/sw/bin/thp-madv-remove-test.
machine # Running as unit: thp-madv-remove-test.service; invocation ID: e4176afb24144464b0e257d94d8bb3cd
machine # [   17.979318] thp-madv-remove-test[943]: THP + MADV_REMOVE cross-process kernel regression test
machine # [   17.980811] thp-madv-remove-test[943]: =======================================================
machine # [   17.984451] thp-madv-remove-test[943]: File size:       20 MiB
machine # [   17.986413] thp-madv-remove-test[943]: Total pages:     5120
machine # [   17.986866] thp-madv-remove-test[943]: Child readers:   16
machine # [   17.988318] thp-madv-remove-test[943]: Punching every 7th page (731 pages)
machine # [   17.991468] thp-madv-remove-test[943]: Iterations:      1000
machine # [   17.992899] thp-madv-remove-test[943]: --- Iteration 1/1000 ---
machine # [   18.212944] dhcpcd[728]: eth0: Router Advertisement from fe80::2
machine # [   18.215537] dhcpcd[728]: eth0: adding address fec0::5054:ff:fe12:3456/64
machine # [   18.218281] dhcpcd[728]: eth0: adding route to fec0::/64
machine # [   18.221044] dhcpcd[728]: eth0: adding default route via fe80::2
machine # [   22.565639] thp-madv-remove-test[944]: post-sleep failures: 0
machine # [   22.567961] thp-madv-remove-test[943]:   Child: 1345493 pages verified, 0 failures
machine # [   22.569944] thp-madv-remove-test[943]:   All 4388 non-punched pages verified OK
machine # [   22.571776] thp-madv-remove-test[943]:   Parent verification failures: 0
machine # [   22.575103] thp-madv-remove-test[943]: Iteration 1 PASSED
machine # [   22.576427] thp-madv-remove-test[943]: --- Iteration 2/1000 ---
machine # [   23.609937] thp-madv-remove-test[966]: post-sleep failures: 0
machine # [   23.612057] thp-madv-remove-test[943]:   Child: 3348068 pages verified, 0 failures
machine # [   23.615123] thp-madv-remove-test[943]:   All 4388 non-punched pages verified OK
machine # [   23.615780] thp-madv-remove-test[943]:   Parent verification failures: 0
machine # [   23.620109] thp-madv-remove-test[943]: Iteration 2 PASSED
machine # [   23.620858] thp-madv-remove-test[943]: --- Iteration 3/1000 ---
machine # [   24.365664] thp-madv-remove-test[984]: post-sleep failures: 0
machine # [   24.367067] thp-madv-remove-test[943]:   Child: 2375096 pages verified, 0 failures
machine # [   24.368724] thp-madv-remove-test[943]:   All 4388 non-punched pages verified OK
machine # [   24.369350] thp-madv-remove-test[943]:   Parent verification failures: 0
machine # [   24.373628] thp-madv-remove-test[943]: Iteration 3 PASSED
machine # [   24.374899] thp-madv-remove-test[943]: --- Iteration 4/1000 ---
machine # [   28.303139] thp-madv-remove-test[1001]: post-sleep failures: 0
machine # [   28.304726] thp-madv-remove-test[943]:   Child: 674826 pages verified, 0 failures
machine # [   28.307418] thp-madv-remove-test[943]:   All 4388 non-punched pages verified OK
machine # [   28.308933] thp-madv-remove-test[943]:   Parent verification failures: 0
machine # [   28.311839] thp-madv-remove-test[943]: Iteration 4 PASSED
machine # [   28.313206] thp-madv-remove-test[943]: --- Iteration 5/1000 ---
machine # [   28.718192] thp-madv-remove-test[1019]: post-sleep failures: 0
machine # [   28.720330] thp-madv-remove-test[943]:   Child: 1757636 pages verified, 0 failures
machine # [   28.722279] thp-madv-remove-test[943]:   All 4388 non-punched pages verified OK
machine # [   28.722655] thp-madv-remove-test[943]:   Parent verification failures: 0
machine # [   28.727478] thp-madv-remove-test[943]: Iteration 5 PASSED
machine # [   28.728797] thp-madv-remove-test[943]: --- Iteration 6/1000 ---
machine # [   29.586495] thp-madv-remove-test[1036]: post-sleep failures: 0
machine # [   29.588605] thp-madv-remove-test[943]:   Child: 2384270 pages verified, 0 failures
machine # [   29.591958] thp-madv-remove-test[943]:   All 4388 non-punched pages verified OK
machine # [   29.592975] thp-madv-remove-test[943]:   Parent verification failures: 0
machine # [   29.597294] thp-madv-remove-test[943]: Iteration 6 PASSED
machine # [   29.598669] thp-madv-remove-test[943]: --- Iteration 7/1000 ---
machine # [   29.887560] thp-madv-remove-test[1053]: post-sleep failures: 0
machine # [   29.889168] thp-madv-remove-test[943]:   Child: 1406700 pages verified, 0 failures
machine # [   29.892972] thp-madv-remove-test[943]:   All 4388 non-punched pages verified OK
machine # [   29.893206] thp-madv-remove-test[943]:   Parent verification failures: 0
machine # [   29.899404] thp-madv-remove-test[943]: Iteration 7 PASSED
machine # [   29.900669] thp-madv-remove-test[943]: --- Iteration 8/1000 ---
machine # [   35.799500] clocksource: Long readout interval, skipping watchdog check: cs_nsec: 3482663583 wd_nsec: 3482663305
machine # [   35.792637] thp-madv-remove-test[1070]: post-sleep failures: 0
machine # [   35.794903] thp-madv-remove-test[943]:   Child: 762524 pages verified, 0 failures
machine # [   35.797377] thp-madv-remove-test[943]:   All 4388 non-punched pages verified OK
machine # [   35.798994] thp-madv-remove-test[943]:   Parent verification failures: 0
machine # [   35.801906] thp-madv-remove-test[943]: Iteration 8 PASSED
machine # [   35.803521] thp-madv-remove-test[943]: --- Iteration 9/1000 ---
machine # [   36.302931] thp-madv-remove-test[1089]: post-sleep failures: 0
machine # [   36.304721] thp-madv-remove-test[943]:   Child: 1643362 pages verified, 0 failures
machine # [   36.308423] thp-madv-remove-test[943]:   All 4388 non-punched pages verified OK
machine # [   36.309777] thp-madv-remove-test[943]:   Parent verification failures: 0
machine # [   36.313492] thp-madv-remove-test[943]: Iteration 9 PASSED
machine # [   36.314883] thp-madv-remove-test[943]: --- Iteration 10/1000 ---
machine # [   37.138349] thp-madv-remove-test[1106]: post-sleep failures: 0
machine # [   37.139787] thp-madv-remove-test[943]:   Child: 2138586 pages verified, 0 failures
machine # [   37.141590] thp-madv-remove-test[943]:   All 4388 non-punched pages verified OK
machine # [   37.141785] thp-madv-remove-test[943]:   Parent verification failures: 0
machine # [   37.146957] thp-madv-remove-test[943]: Iteration 10 PASSED
machine # [   37.147588] thp-madv-remove-test[943]: --- Iteration 11/1000 ---
machine # [   37.538772] thp-madv-remove-test[1123]: post-sleep failures: 0
machine # [   37.540811] thp-madv-remove-test[943]:   Child: 1494426 pages verified, 0 failures
machine # [   37.542886] thp-madv-remove-test[943]:   All 4388 non-punched pages verified OK
machine # [   37.544625] thp-madv-remove-test[943]:   Parent verification failures: 0
machine # [   37.547571] thp-madv-remove-test[943]: Iteration 11 PASSED
machine # [   37.548315] thp-madv-remove-test[943]: --- Iteration 12/1000 ---
machine # [   37.626108] thp-madv-remove-test[1140]: post-sleep failures: 0
machine # [   37.628062] thp-madv-remove-test[943]:   Child: 1936904 pages verified, 0 failures
machine # [   37.632083] thp-madv-remove-test[943]:   All 4388 non-punched pages verified OK
machine # [   37.633202] thp-madv-remove-test[943]:   Parent verification failures: 0
machine # [   37.640468] thp-madv-remove-test[943]: Iteration 12 PASSED
machine # [   37.641562] thp-madv-remove-test[943]: --- Iteration 13/1000 ---
machine # [   37.714117] thp-madv-remove-test[1157]: post-sleep failures: 0
machine # [   37.716269] thp-madv-remove-test[943]:   Child: 1967664 pages verified, 0 failures
machine # [   37.720379] thp-madv-remove-test[943]:   All 4388 non-punched pages verified OK
machine # [   37.721464] thp-madv-remove-test[943]:   Parent verification failures: 0
machine # [   37.725680] thp-madv-remove-test[943]: Iteration 13 PASSED
machine # [   37.727291] thp-madv-remove-test[943]: --- Iteration 14/1000 ---
machine # [   37.801762] thp-madv-remove-test[1174]: post-sleep failures: 0
machine # [   37.803502] thp-madv-remove-test[943]:   Child: 1700338 pages verified, 0 failures
machine # [   37.805750] thp-madv-remove-test[943]:   All 4388 non-punched pages verified OK
machine # [   37.808052] thp-madv-remove-test[943]:   Parent verification failures: 0
machine # [   37.809959] thp-madv-remove-test[943]: Iteration 14 PASSED
machine # [   37.811547] thp-madv-remove-test[943]: --- Iteration 15/1000 ---
machine # [   37.883347] thp-madv-remove-test[1191]: post-sleep failures: 0
machine # [   37.885403] thp-madv-remove-test[943]:   Child: 1770315 pages verified, 0 failures
machine # [   37.889065] thp-madv-remove-test[943]:   All 4388 non-punched pages verified OK
machine # [   37.889837] thp-madv-remove-test[943]:   Parent verification failures: 0
machine # [   37.894465] thp-madv-remove-test[943]: Iteration 15 PASSED
machine # [   37.895863] thp-madv-remove-test[943]: --- Iteration 16/1000 ---
machine # [   37.969279] thp-madv-remove-test[1209]: post-sleep failures: 0
machine # [   37.970820] thp-madv-remove-test[943]:   Child: 1774887 pages verified, 0 failures
machine # [   37.973984] thp-madv-remove-test[943]:   All 4388 non-punched pages verified OK
machine # [   37.974531] thp-madv-remove-test[943]:   Parent verification failures: 0
machine # [   37.979502] thp-madv-remove-test[943]: Iteration 16 PASSED
machine # [   37.980804] thp-madv-remove-test[943]: --- Iteration 17/1000 ---
machine # [   38.031722] thp-madv-remove-test[1226]: post-sleep failures: 0
machine # [   38.033770] thp-madv-remove-test[943]:   Child: 981707 pages verified, 0 failures
machine # [   38.035987] thp-madv-remove-test[943]:   All 4388 non-punched pages verified OK
machine # [   38.036160] thp-madv-remove-test[943]:   Parent verification failures: 0
machine # [   38.042738] thp-madv-remove-test[943]: Iteration 17 PASSED
machine # [   38.043492] thp-madv-remove-test[943]: --- Iteration 18/1000 ---
machine # [   38.095364] thp-madv-remove-test[1243]: post-sleep failures: 0
machine # [   38.097631] thp-madv-remove-test[943]:   Child: 1034292 pages verified, 0 failures
machine # [   38.100208] thp-madv-remove-test[943]:   All 4388 non-punched pages verified OK
machine # [   38.102091] thp-madv-remove-test[943]:   Parent verification failures: 0
machine # [   38.103636] thp-madv-remove-test[943]: Iteration 18 PASSED
machine # [   38.104999] thp-madv-remove-test[943]: --- Iteration 19/1000 ---
machine # [   38.162203] thp-madv-remove-test[1260]: post-sleep failures: 0
machine # [   38.164578] thp-madv-remove-test[943]:   Child: 1271135 pages verified, 0 failures
machine # [   38.167736] thp-madv-remove-test[943]:   All 4388 non-punched pages verified OK
machine # [   38.169517] thp-madv-remove-test[943]:   Parent verification failures: 0
machine # [   38.172601] thp-madv-remove-test[943]: Iteration 19 PASSED
machine # [   38.173746] thp-madv-remove-test[943]: --- Iteration 20/1000 ---
machine # [   38.211042] thp-madv-remove-test[1277]: post-sleep failures: 0
machine # [   38.212933] thp-madv-remove-test[943]:   Child: 569846 pages verified, 0 failures
machine # [   38.216357] thp-madv-remove-test[943]:   All 4388 non-punched pages verified OK
machine # [   38.218115] thp-madv-remove-test[943]:   Parent verification failures: 0
machine # [   38.222458] thp-madv-remove-test[943]: Iteration 20 PASSED
machine # [   38.224178] thp-madv-remove-test[943]: --- Iteration 21/1000 ---
machine # [   38.270600] thp-madv-remove-test[1294]: post-sleep failures: 0
machine # [   38.272808] thp-madv-remove-test[943]:   Child: 1007833 pages verified, 0 failures
machine # [   38.275041] thp-madv-remove-test[943]:   All 4388 non-punched pages verified OK
machine # [   38.276732] thp-madv-remove-test[943]:   Parent verification failures: 0
machine # [   38.278714] thp-madv-remove-test[943]: Iteration 21 PASSED
machine # [   38.280178] thp-madv-remove-test[943]: --- Iteration 22/1000 ---
machine # [   38.354962] thp-madv-remove-test[1311]: post-sleep failures: 0
machine # [   38.357383] thp-madv-remove-test[943]:   Child: 1857765 pages verified, 0 failures
machine # [   38.359816] thp-madv-remove-test[943]:   All 4388 non-punched pages verified OK
machine # [   38.361523] thp-madv-remove-test[943]:   Parent verification failures: 0
machine # [   38.363112] thp-madv-remove-test[943]: Iteration 22 PASSED
machine # [   38.364436] thp-madv-remove-test[943]: --- Iteration 23/1000 ---
machine # [   38.415238] thp-madv-remove-test[1328]: post-sleep failures: 0
machine # [   38.417143] thp-madv-remove-test[943]:   Child: 1174520 pages verified, 0 failures
machine # [   38.419276] thp-madv-remove-test[943]:   All 4388 non-punched pages verified OK
machine # [   38.421060] thp-madv-remove-test[943]:   Parent verification failures: 0
machine # [   38.422694] thp-madv-remove-test[943]: Iteration 23 PASSED
machine # [   38.424143] thp-madv-remove-test[943]: --- Iteration 24/1000 ---
machine # [   38.466913] thp-madv-remove-test[1345]: post-sleep failures: 0
machine # [   38.468736] thp-madv-remove-test[943]:   Child: 946625 pages verified, 0 failures
machine # [   38.470722] thp-madv-remove-test[943]:   All 4388 non-punched pages verified OK
machine # [   38.472527] thp-madv-remove-test[943]:   Parent verification failures: 0
machine # [   38.475286] thp-madv-remove-test[943]: Iteration 24 PASSED
machine # [   38.476675] thp-madv-remove-test[943]: --- Iteration 25/1000 ---
machine # [   38.537324] thp-madv-remove-test[1362]: post-sleep failures: 0
machine # [   38.539191] thp-madv-remove-test[943]:   Child: 1450741 pages verified, 0 failures
machine # [   38.541436] thp-madv-remove-test[943]:   All 4388 non-punched pages verified OK
machine # [   38.543171] thp-madv-remove-test[943]:   Parent verification failures: 0
machine # [   38.545379] thp-madv-remove-test[943]: Iteration 25 PASSED
machine # [   38.546794] thp-madv-remove-test[943]: --- Iteration 26/1000 ---
machine # [   38.849343] thp-madv-remove-test[1379]: post-sleep failures: 0
machine # [   38.851360] thp-madv-remove-test[943]:   Child: 1967993 pages verified, 0 failures
machine # [   38.854852] thp-madv-remove-test[943]:   All 4388 non-punched pages verified OK
machine # [   38.856340] thp-madv-remove-test[943]:   Parent verification failures: 0
machine # [   38.860078] thp-madv-remove-test[943]: Iteration 26 PASSED
machine # [   38.861430] thp-madv-remove-test[943]: --- Iteration 27/1000 ---
machine # [   39.015242] thp-madv-remove-test[1396]: post-sleep failures: 0
machine # [   39.016979] thp-madv-remove-test[943]:   Child: 1463778 pages verified, 0 failures
machine # [   39.020151] thp-madv-remove-test[943]:   All 4388 non-punched pages verified OK
machine # [   39.021837] thp-madv-remove-test[943]:   Parent verification failures: 0
machine # [   39.025219] thp-madv-remove-test[943]: Iteration 27 PASSED
machine # [   39.026555] thp-madv-remove-test[943]: --- Iteration 28/1000 ---
machine # [   41.931704] thp-madv-remove-test[1413]: post-sleep failures: 0
machine # [   41.934161] thp-madv-remove-test[943]:   Child: 749337 pages verified, 0 failures
machine # [   41.936644] thp-madv-remove-test[943]:   All 4388 non-punched pages verified OK
machine # [   41.938558] thp-madv-remove-test[943]:   Parent verification failures: 0
machine # [   41.941321] thp-madv-remove-test[943]: Iteration 28 PASSED
machine # [   41.942789] thp-madv-remove-test[943]: --- Iteration 29/1000 ---
machine # [   42.646942] thp-madv-remove-test[1430]: post-sleep failures: 0
machine # [   42.648971] thp-madv-remove-test[943]:   Child: 1345583 pages verified, 0 failures
machine # [   42.651446] thp-madv-remove-test[943]:   All 4388 non-punched pages verified OK
machine # [   42.651886] thp-madv-remove-test[943]:   Parent verification failures: 0
machine # [   42.657344] thp-madv-remove-test[943]: Iteration 29 PASSED
machine # [   42.658640] thp-madv-remove-test[943]: --- Iteration 30/1000 ---
machine # [   42.941305] thp-madv-remove-test[1448]: post-sleep failures: 0
machine # [   42.943529] thp-madv-remove-test[943]:   Child: 2073173 pages verified, 0 failures
machine # [   42.945206] thp-madv-remove-test[943]:   All 4388 non-punched pages verified OK
machine # [   42.945642] thp-madv-remove-test[943]:   Parent verification failures: 0
machine # [   42.947869] thp-madv-remove-test[943]: Iteration 30 PASSED
machine # [   42.948792] thp-madv-remove-test[943]: --- Iteration 31/1000 ---
machine # [   43.237724] thp-madv-remove-test[1465]: post-sleep failures: 0
machine # [   43.239750] thp-madv-remove-test[943]:   Child: 2081667 pages verified, 0 failures
machine # [   43.242902] thp-madv-remove-test[943]:   All 4388 non-punched pages verified OK
machine # [   43.243965] thp-madv-remove-test[943]:   Parent verification failures: 0
machine # [   43.248275] thp-madv-remove-test[943]: Iteration 31 PASSED
machine # [   43.249295] thp-madv-remove-test[943]: --- Iteration 32/1000 ---
machine # [   43.397471] thp-madv-remove-test[1482]: post-sleep failures: 0
machine # [   43.399430] thp-madv-remove-test[943]:   Child: 1012374 pages verified, 0 failures
machine # [   43.402572] thp-madv-remove-test[943]:   All 4388 non-punched pages verified OK
machine # [   43.403407] thp-madv-remove-test[943]:   Parent verification failures: 0
machine # [   43.407771] thp-madv-remove-test[943]: Iteration 32 PASSED
machine # [   43.408759] thp-madv-remove-test[943]: --- Iteration 33/1000 ---
machine # [   43.767548] thp-madv-remove-test[1499]: post-sleep failures: 0
machine # [   43.769445] thp-madv-remove-test[943]:   Child: 1222835 pages verified, 0 failures
machine # [   43.771287] thp-madv-remove-test[943]:   All 4388 non-punched pages verified OK
machine # [   43.772876] thp-madv-remove-test[943]:   Parent verification failures: 0
machine # [   43.775100] thp-madv-remove-test[943]: Iteration 33 PASSED
machine # [   43.776840] thp-madv-remove-test[943]: --- Iteration 34/1000 ---
machine # [   43.848054] thp-madv-remove-test[1516]: post-sleep failures: 0
machine # [   43.852633] thp-madv-remove-test[943]:   Child: 2182549 pages verified, 0 failures
machine # [   43.856496] thp-madv-remove-test[943]:   All 4388 non-punched pages verified OK
machine # [   43.859260] thp-madv-remove-test[943]:   Parent verification failures: 0
machine # [   43.860811] thp-madv-remove-test[943]: Iteration 34 PASSED
machine # [   43.862211] thp-madv-remove-test[943]: --- Iteration 35/1000 ---
machine # [   43.904045] thp-madv-remove-test[1533]: post-sleep failures: 0
machine # [   43.905868] thp-madv-remove-test[943]:   Child: 898419 pages verified, 0 failures
machine # [   43.908280] thp-madv-remove-test[943]:   All 4388 non-punched pages verified OK
machine # [   43.909957] thp-madv-remove-test[943]:   Parent verification failures: 0
machine # [   43.912679] thp-madv-remove-test[943]: Iteration 35 PASSED
machine # [   43.914151] thp-madv-remove-test[943]: --- Iteration 36/1000 ---
machine # [   43.970415] thp-madv-remove-test[1550]: post-sleep failures: 0
machine # [   43.972435] thp-madv-remove-test[943]:   Child: 1476810 pages verified, 0 failures
machine # [   43.975260] thp-madv-remove-test[943]:   All 4388 non-punched pages verified OK
machine # [   43.976675] thp-madv-remove-test[943]:   Parent verification failures: 0
machine # [   43.980204] thp-madv-remove-test[943]: Iteration 36 PASSED
machine # [   43.981588] thp-madv-remove-test[943]: --- Iteration 37/1000 ---
machine # [   44.023302] thp-madv-remove-test[1567]: post-sleep failures: 0
machine # [   44.025070] thp-madv-remove-test[943]:   Child: 819672 pages verified, 0 failures
machine # [   44.028263] thp-madv-remove-test[943]:   All 4388 non-punched pages verified OK
machine # [   44.029755] thp-madv-remove-test[943]:   Parent verification failures: 0
machine # [   44.033540] thp-madv-remove-test[943]: Iteration 37 PASSED
machine # [   44.034951] thp-madv-remove-test[943]: --- Iteration 38/1000 ---
machine # [   44.081714] thp-madv-remove-test[1584]: post-sleep failures: 0
machine # [   44.083929] thp-madv-remove-test[943]:   Child: 1121929 pages verified, 0 failures
machine # [   44.085847] thp-madv-remove-test[943]:   All 4388 non-punched pages verified OK
machine # [   44.086357] thp-madv-remove-test[943]:   Parent verification failures: 0
machine # [   44.090613] thp-madv-remove-test[943]: Iteration 38 PASSED
machine # [   44.091992] thp-madv-remove-test[943]: --- Iteration 39/1000 ---
machine # [   44.275162] thp-madv-remove-test[1601]: post-sleep failures: 0
machine # [   44.277357] thp-madv-remove-test[943]:   Child: 2235491 pages verified, 0 failures
machine # [   44.279805] thp-madv-remove-test[943]:   All 4388 non-punched pages verified OK
machine # [   44.281606] thp-madv-remove-test[943]:   Parent verification failures: 0
machine # [   44.285677] thp-madv-remove-test[943]: Iteration 39 PASSED
machine # [   44.287273] thp-madv-remove-test[943]: --- Iteration 40/1000 ---
machine # [   44.365977] thp-madv-remove-test[1618]: post-sleep failures: 0
machine # [   44.367833] thp-madv-remove-test[943]:   Child: 1941418 pages verified, 0 failures
machine # [   44.370418] thp-madv-remove-test[943]:   All 4388 non-punched pages verified OK
machine # [   44.372700] thp-madv-remove-test[943]:   Parent verification failures: 0
machine # [   44.374965] thp-madv-remove-test[943]: Iteration 40 PASSED
machine # [   44.376791] thp-madv-remove-test[943]: --- Iteration 41/1000 ---
machine # [   44.534545] thp-madv-remove-test[1635]: post-sleep failures: 0
machine # [   44.536450] thp-madv-remove-test[943]:   Child: 1555984 pages verified, 0 failures
machine # [   44.538204] thp-madv-remove-test[943]:   All 4388 non-punched pages verified OK
machine # [   44.539846] thp-madv-remove-test[943]:   Parent verification failures: 0
machine # [   44.542685] thp-madv-remove-test[943]: Iteration 41 PASSED
machine # [   44.544106] thp-madv-remove-test[943]: --- Iteration 42/1000 ---
machine # [   45.133606] thp-madv-remove-test[1652]: post-sleep failures: 0
machine # [   45.135876] thp-madv-remove-test[943]:   Child: 1555544 pages verified, 0 failures
machine # [   45.138753] thp-madv-remove-test[943]:   All 4388 non-punched pages verified OK
machine # [   45.139463] thp-madv-remove-test[943]:   Parent verification failures: 0
machine # [   45.144733] thp-madv-remove-test[943]: Iteration 42 PASSED
machine # [   45.145557] thp-madv-remove-test[943]: --- Iteration 43/1000 ---
machine # [   50.125753] thp-madv-remove-test[1669]: post-sleep failures: 0
machine # [   50.128118] thp-madv-remove-test[943]:   Child: 1490325 pages verified, 0 failures
machine # [   50.129753] thp-madv-remove-test[943]:   All 4388 non-punched pages verified OK
machine # [   50.131274] thp-madv-remove-test[943]:   Parent verification failures: 0
machine # [   50.133748] thp-madv-remove-test[943]: Iteration 43 PASSED
machine # [   50.135358] thp-madv-remove-test[943]: --- Iteration 44/1000 ---
machine # [   51.040852] thp-madv-remove-test[1687]: post-sleep failures: 0
machine # [   51.042895] thp-madv-remove-test[943]:   Child: 1389458 pages verified, 0 failures
machine # [   51.046295] thp-madv-remove-test[943]:   All 4388 non-punched pages verified OK
machine # [   51.047236] thp-madv-remove-test[943]:   Parent verification failures: 0
machine # [   51.052235] thp-madv-remove-test[943]: Iteration 44 PASSED
machine # [   51.053591] thp-madv-remove-test[943]: --- Iteration 45/1000 ---
machine # [   51.223504] thp-madv-remove-test[1704]: post-sleep failures: 0
machine # [   51.225160] thp-madv-remove-test[943]:   Child: 2305008 pages verified, 0 failures
machine # [   51.228054] thp-madv-remove-test[943]:   All 4388 non-punched pages verified OK
machine # [   51.228797] thp-madv-remove-test[943]:   Parent verification failures: 0
machine # [   51.232780] thp-madv-remove-test[943]: Iteration 45 PASSED
machine # [   51.234185] thp-madv-remove-test[943]: --- Iteration 46/1000 ---
machine # [   51.397514] thp-madv-remove-test[1721]: post-sleep failures: 0
machine # [   51.398980] thp-madv-remove-test[943]:   Child: 2379685 pages verified, 0 failures
machine # [   51.400722] thp-madv-remove-test[943]:   All 4388 non-punched pages verified OK
machine # [   51.402440] thp-madv-remove-test[943]:   Parent verification failures: 0
machine # [   51.404147] thp-madv-remove-test[943]: Iteration 46 PASSED
machine # [   51.405439] thp-madv-remove-test[943]: --- Iteration 47/1000 ---
machine # [   51.438747] thp-madv-remove-test[1738]: post-sleep failures: 0
machine # [   51.440639] thp-madv-remove-test[943]:   Child: 933438 pages verified, 0 failures
machine # [   51.443700] thp-madv-remove-test[943]:   All 4388 non-punched pages verified OK
machine # [   51.445514] thp-madv-remove-test[943]:   Parent verification failures: 0
machine # [   51.448161] thp-madv-remove-test[943]: Iteration 47 PASSED
machine # [   51.449557] thp-madv-remove-test[943]: --- Iteration 48/1000 ---
machine # [   51.736047] thp-madv-remove-test[1755]: post-sleep failures: 0
machine # [   51.737783] thp-madv-remove-test[943]:   Child: 1235888 pages verified, 0 failures
machine # [   51.740540] thp-madv-remove-test[943]:   All 4388 non-punched pages verified OK
machine # [   51.742377] thp-madv-remove-test[943]:   Parent verification failures: 0
machine # [   51.745237] thp-madv-remove-test[943]: Iteration 48 PASSED
machine # [   51.746628] thp-madv-remove-test[943]: --- Iteration 49/1000 ---
machine # [   51.816397] thp-madv-remove-test[1772]: post-sleep failures: 0
machine # [   51.818241] thp-madv-remove-test[943]:   Child: 1823145 pages verified, 0 failures
machine # [   51.820220] thp-madv-remove-test[943]:   All 4388 non-punched pages verified OK
machine # [   51.821886] thp-madv-remove-test[943]:   Parent verification failures: 0
machine # [   51.824990] thp-madv-remove-test[943]: Iteration 49 PASSED
machine # [   51.826564] thp-madv-remove-test[943]: --- Iteration 50/1000 ---
machine # [   52.024132] thp-madv-remove-test[1789]: post-sleep failures: 0
machine # [   52.025781] thp-madv-remove-test[943]:   Child: 2371039 pages verified, 0 failures
machine # [   52.028423] thp-madv-remove-test[943]:   All 4388 non-punched pages verified OK
machine # [   52.030187] thp-madv-remove-test[943]:   Parent verification failures: 0
machine # [   52.032379] thp-madv-remove-test[943]: Iteration 50 PASSED
machine # [   52.033913] thp-madv-remove-test[943]: --- Iteration 51/1000 ---
machine # [   56.729973] thp-madv-remove-test[1806]: post-sleep failures: 0
machine # [   56.732343] thp-madv-remove-test[943]:   Child: 2186783 pages verified, 0 failures
machine # [   56.734598] thp-madv-remove-test[943]:   All 4388 non-punched pages verified OK
machine # [   56.736522] thp-madv-remove-test[943]:   Parent verification failures: 0
machine # [   56.738404] thp-madv-remove-test[943]: Iteration 51 PASSED
machine # [   56.739899] thp-madv-remove-test[943]: --- Iteration 52/1000 ---
machine # [   57.519363] thp-madv-remove-test[1824]: post-sleep failures: 0
machine # [   57.521613] thp-madv-remove-test[943]:   Child: 1582013 pages verified, 0 failures
machine # [   57.523589] thp-madv-remove-test[943]:   All 4388 non-punched pages verified OK
machine # [   57.525271] thp-madv-remove-test[943]:   Parent verification failures: 0
machine # [   57.528274] thp-madv-remove-test[943]: Iteration 52 PASSED
machine # [   57.529646] thp-madv-remove-test[943]: --- Iteration 53/1000 ---
machine # [   57.708162] thp-madv-remove-test[1842]: post-sleep failures: 0
machine # [   57.709917] thp-madv-remove-test[943]:   Child: 1937100 pages verified, 0 failures
machine # [   57.712575] thp-madv-remove-test[943]:   All 4388 non-punched pages verified OK
machine # [   57.714164] thp-madv-remove-test[943]:   Parent verification failures: 0
machine # [   57.716331] thp-madv-remove-test[943]: Iteration 53 PASSED
machine # [   57.718091] thp-madv-remove-test[943]: --- Iteration 54/1000 ---
machine # [   57.779486] thp-madv-remove-test[1859]: post-sleep failures: 0
machine # [   57.781468] thp-madv-remove-test[943]:   Child: 1490012 pages verified, 0 failures
machine # [   57.783226] thp-madv-remove-test[943]:   All 4388 non-punched pages verified OK
machine # [   57.784808] thp-madv-remove-test[943]:   Parent verification failures: 0
machine # [   57.786540] thp-madv-remove-test[943]: Iteration 54 PASSED
machine # [   57.788437] thp-madv-remove-test[943]: --- Iteration 55/1000 ---
machine # [   57.974492] thp-madv-remove-test[1876]: post-sleep failures: 0
machine # [   57.976322] thp-madv-remove-test[943]:   Child: 2532963 pages verified, 0 failures
machine # [   57.979552] thp-madv-remove-test[943]:   All 4388 non-punched pages verified OK
machine # [   57.980297] thp-madv-remove-test[943]:   Parent verification failures: 0
machine # [   57.984528] thp-madv-remove-test[943]: Iteration 55 PASSED
machine # [   57.985816] thp-madv-remove-test[943]: --- Iteration 56/1000 ---
machine # [   58.057685] thp-madv-remove-test[1893]: post-sleep failures: 0
machine # [   58.059515] thp-madv-remove-test[943]:   Child: 2077453 pages verified, 0 failures
machine # [   58.063335] thp-madv-remove-test[943]:   All 4388 non-punched pages verified OK
machine # [   58.064287] thp-madv-remove-test[943]:   Parent verification failures: 0
machine # [   58.069934] thp-madv-remove-test[943]: Iteration 56 PASSED
machine # [   58.070898] thp-madv-remove-test[943]: --- Iteration 57/1000 ---
machine # [   58.130631] thp-madv-remove-test[1910]: post-sleep failures: 0
machine # [   58.132537] thp-madv-remove-test[943]:   Child: 1248924 pages verified, 0 failures
machine # [   58.134272] thp-madv-remove-test[943]:   All 4388 non-punched pages verified OK
machine # [   58.135860] thp-madv-remove-test[943]:   Parent verification failures: 0
machine # [   58.137792] thp-madv-remove-test[943]: Iteration 57 PASSED
machine # [   58.139164] thp-madv-remove-test[943]: --- Iteration 58/1000 ---
machine # [   58.188230] thp-madv-remove-test[1927]: post-sleep failures: 0
machine # [   58.189966] thp-madv-remove-test[943]:   Child: 1148246 pages verified, 0 failures
machine # [   58.192811] thp-madv-remove-test[943]:   All 4388 non-punched pages verified OK
machine # [   58.194221] thp-madv-remove-test[943]:   Parent verification failures: 0
machine # [   58.196872] thp-madv-remove-test[943]: Iteration 58 PASSED
machine # [   58.197935] thp-madv-remove-test[943]: --- Iteration 59/1000 ---
machine # [   58.267644] thp-madv-remove-test[1944]: post-sleep failures: 0
machine # [   58.269087] thp-madv-remove-test[943]:   Child: 1625974 pages verified, 0 failures
machine # [   58.271101] thp-madv-remove-test[943]:   All 4388 non-punched pages verified OK
machine # [   58.271579] thp-madv-remove-test[943]:   Parent verification failures: 0
machine # [   58.275686] thp-madv-remove-test[943]: Iteration 59 PASSED
machine # [   58.276544] thp-madv-remove-test[943]: --- Iteration 60/1000 ---
machine # [   58.346976] thp-madv-remove-test[1961]: post-sleep failures: 0
machine # [   58.348864] thp-madv-remove-test[943]:   Child: 1805619 pages verified, 0 failures
machine # [   58.350863] thp-madv-remove-test[943]:   All 4388 non-punched pages verified OK
machine # [   58.352560] thp-madv-remove-test[943]:   Parent verification failures: 0
machine # [   58.355000] thp-madv-remove-test[943]: Iteration 60 PASSED
machine # [   58.356230] thp-madv-remove-test[943]: --- Iteration 61/1000 ---
machine # [   58.425837] thp-madv-remove-test[1978]: post-sleep failures: 0
machine # [   58.427591] thp-madv-remove-test[943]:   Child: 1849233 pages verified, 0 failures
machine # [   58.429228] thp-madv-remove-test[943]:   All 4388 non-punched pages verified OK
machine # [   58.432753] thp-madv-remove-test[943]:   Parent verification failures: 0
machine # [   58.436230] thp-madv-remove-test[943]: Iteration 61 PASSED
machine # [   58.439056] thp-madv-remove-test[943]: --- Iteration 62/1000 ---
machine # [   58.499742] thp-madv-remove-test[1995]: post-sleep failures: 0
machine # [   58.501693] thp-madv-remove-test[943]:   Child: 1547073 pages verified, 0 failures
machine # [   58.504573] thp-madv-remove-test[943]:   All 4388 non-punched pages verified OK
machine # [   58.506361] thp-madv-remove-test[943]:   Parent verification failures: 0
machine # [   58.508331] thp-madv-remove-test[943]: Iteration 62 PASSED
machine # [   58.510285] thp-madv-remove-test[943]: --- Iteration 63/1000 ---
machine # [   58.576984] thp-madv-remove-test[2012]: post-sleep failures: 0
machine # [   58.579171] thp-madv-remove-test[943]:   Child: 1595185 pages verified, 0 failures
machine # [   58.581450] thp-madv-remove-test[943]:   All 4388 non-punched pages verified OK
machine # [   58.581640] thp-madv-remove-test[943]:   Parent verification failures: 0
machine # [   58.584977] thp-madv-remove-test[943]: Iteration 63 PASSED
machine # [   58.585458] thp-madv-remove-test[943]: --- Iteration 64/1000 ---
machine # [   58.636213] thp-madv-remove-test[2029]: post-sleep failures: 0
machine # [   58.638674] thp-madv-remove-test[943]:   Child: 1244613 pages verified, 0 failures
machine # [   58.641830] thp-madv-remove-test[943]:   All 4388 non-punched pages verified OK
machine # [   58.643623] thp-madv-remove-test[943]:   Parent verification failures: 0
machine # [   58.648640] thp-madv-remove-test[943]: Iteration 64 PASSED
machine # [   58.649610] thp-madv-remove-test[943]: --- Iteration 65/1000 ---
machine # [   58.698593] thp-madv-remove-test[2046]: post-sleep failures: 0
machine # [   58.700894] thp-madv-remove-test[943]:   Child: 1108873 pages verified, 0 failures
machine # [   58.702674] thp-madv-remove-test[943]:   All 4388 non-punched pages verified OK
machine # [   58.704482] thp-madv-remove-test[943]:   Parent verification failures: 0
machine # [   58.706141] thp-madv-remove-test[943]: Iteration 65 PASSED
machine # [   58.707456] thp-madv-remove-test[943]: --- Iteration 66/1000 ---
machine # [   58.743898] thp-madv-remove-test[2063]: post-sleep failures: 0
machine # [   58.745838] thp-madv-remove-test[943]:   Child: 863478 pages verified, 0 failures
machine # [   58.747768] thp-madv-remove-test[943]:   All 4388 non-punched pages verified OK
machine # [   58.748462] thp-madv-remove-test[943]:   Parent verification failures: 0
machine # [   58.749832] thp-madv-remove-test[943]: Iteration 66 PASSED
machine # [   58.751815] thp-madv-remove-test[943]: --- Iteration 67/1000 ---
machine # [   58.802833] thp-madv-remove-test[2080]: post-sleep failures: 0
machine # [   58.805215] thp-madv-remove-test[943]:   Child: 1117626 pages verified, 0 failures
machine # [   58.807373] thp-madv-remove-test[943]:   All 4388 non-punched pages verified OK
machine # [   58.809059] thp-madv-remove-test[943]:   Parent verification failures: 0
machine # [   58.810349] thp-madv-remove-test[943]: Iteration 67 PASSED
machine # [   58.810847] thp-madv-remove-test[943]: --- Iteration 68/1000 ---
machine # [   58.870147] thp-madv-remove-test[2097]: post-sleep failures: 0
machine # [   58.872192] thp-madv-remove-test[943]:   Child: 1358701 pages verified, 0 failures
machine # [   58.875136] thp-madv-remove-test[943]:   All 4388 non-punched pages verified OK
machine # [   58.876909] thp-madv-remove-test[943]:   Parent verification failures: 0
machine # [   58.879317] thp-madv-remove-test[943]: Iteration 68 PASSED
machine # [   58.880204] thp-madv-remove-test[943]: --- Iteration 69/1000 ---
machine # [   58.923199] thp-madv-remove-test[2114]: post-sleep failures: 0
machine # [   58.925176] thp-madv-remove-test[943]:   Child: 1047619 pages verified, 0 failures
machine # [   58.926841] thp-madv-remove-test[943]:   All 4388 non-punched pages verified OK
machine # [   58.927466] thp-madv-remove-test[943]:   Parent verification failures: 0
machine # [   58.929527] thp-madv-remove-test[943]: Iteration 69 PASSED
machine # [   58.931380] thp-madv-remove-test[943]: --- Iteration 70/1000 ---
machine # [   58.990866] thp-madv-remove-test[2131]: post-sleep failures: 0
machine # [   58.993038] thp-madv-remove-test[943]:   Child: 1801326 pages verified, 0 failures
machine # [   58.994861] thp-madv-remove-test[943]:   All 4388 non-punched pages verified OK
machine # [   58.995238] thp-madv-remove-test[943]:   Parent verification failures: 0
machine # [   58.997781] thp-madv-remove-test[943]: Iteration 70 PASSED
machine # [   58.999636] thp-madv-remove-test[943]: --- Iteration 71/1000 ---
machine # [   59.061817] thp-madv-remove-test[2148]: post-sleep failures: 0
machine # [   59.064043] thp-madv-remove-test[943]:   Child: 1485670 pages verified, 0 failures
machine # [   59.065902] thp-madv-remove-test[943]:   All 4388 non-punched pages verified OK
machine # [   59.066467] thp-madv-remove-test[943]:   Parent verification failures: 0
machine # [   59.068791] thp-madv-remove-test[943]: Iteration 71 PASSED
machine # [   59.070166] thp-madv-remove-test[943]: --- Iteration 72/1000 ---
machine # [   59.120607] thp-madv-remove-test[2165]: post-sleep failures: 0
machine # [   59.122346] thp-madv-remove-test[943]:   Child: 1411227 pages verified, 0 failures
machine # [   59.124941] thp-madv-remove-test[943]:   All 4388 non-punched pages verified OK
machine # [   59.127218] thp-madv-remove-test[943]:   Parent verification failures: 0
machine # [   59.128574] thp-madv-remove-test[943]: Iteration 72 PASSED
machine # [   59.130948] thp-madv-remove-test[943]: --- Iteration 73/1000 ---
machine # [   59.188663] thp-madv-remove-test[2182]: post-sleep failures: 0
machine # [   59.190991] thp-madv-remove-test[943]:   Child: 1520721 pages verified, 0 failures
machine # [   59.192927] thp-madv-remove-test[943]:   All 4388 non-punched pages verified OK
machine # [   59.193946] thp-madv-remove-test[943]:   Parent verification failures: 0
machine # [   59.196370] thp-madv-remove-test[943]: Iteration 73 PASSED
machine # [   59.197771] thp-madv-remove-test[943]: --- Iteration 74/1000 ---
machine # [   59.242223] thp-madv-remove-test[2199]: post-sleep failures: 0
machine # [   59.244253] thp-madv-remove-test[943]:   Child: 1214271 pages verified, 0 failures
machine # [   59.246263] thp-madv-remove-test[943]:   All 4388 non-punched pages verified OK
machine # [   59.246450] thp-madv-remove-test[943]:   Parent verification failures: 0
machine # [   59.249639] thp-madv-remove-test[943]: Iteration 74 PASSED
machine # [   59.251773] thp-madv-remove-test[943]: --- Iteration 75/1000 ---
machine # [   59.305911] thp-madv-remove-test[2216]: post-sleep failures: 0
machine # [   59.307986] thp-madv-remove-test[943]:   Child: 1174577 pages verified, 0 failures
machine # [   59.310422] thp-madv-remove-test[943]:   All 4388 non-punched pages verified OK
machine # [   59.312636] thp-madv-remove-test[943]:   Parent verification failures: 0
machine # [   59.314911] thp-madv-remove-test[943]: Iteration 75 PASSED
machine # [   59.316865] thp-madv-remove-test[943]: --- Iteration 76/1000 ---
machine # [   60.190890] thp-madv-remove-test[2233]: post-sleep failures: 0
machine # [   60.193284] thp-madv-remove-test[943]:   Child: 1152754 pages verified, 0 failures
machine # [   60.195903] thp-madv-remove-test[943]:   All 4388 non-punched pages verified OK
machine # [   60.197789] thp-madv-remove-test[943]:   Parent verification failures: 0
machine # [   60.201056] thp-madv-remove-test[943]: Iteration 76 PASSED
machine # [   60.201825] thp-madv-remove-test[943]: --- Iteration 77/1000 ---
machine # [   60.289525] thp-madv-remove-test[2250]: post-sleep failures: 0
machine # [   60.291542] thp-madv-remove-test[943]:   Child: 2322762 pages verified, 0 failures
machine # [   60.294624] thp-madv-remove-test[943]:   All 4388 non-punched pages verified OK
machine # [   60.296479] thp-madv-remove-test[943]:   Parent verification failures: 0
machine # [   60.298155] thp-madv-remove-test[943]: Iteration 77 PASSED
machine # [   60.299550] thp-madv-remove-test[943]: --- Iteration 78/1000 ---
machine # [   60.337393] thp-madv-remove-test[2267]: post-sleep failures: 0
machine # [   60.339534] thp-madv-remove-test[943]:   Child: 745096 pages verified, 0 failures
machine # [   60.342959] thp-madv-remove-test[943]:   All 4388 non-punched pages verified OK
machine # [   60.343991] thp-madv-remove-test[943]:   Parent verification failures: 0
machine # [   60.348302] thp-madv-remove-test[943]: Iteration 78 PASSED
