warning: Git tree '/home/bas/thp-madv-remove-test' is dirty
this derivation will be built:
  /nix/store/nfm5jg0n30n9id3gb97ag9i7gi9v53fp-vm-test-run-thp-madv-remove-test.drv
building '/nix/store/nfm5jg0n30n9id3gb97ag9i7gi9v53fp-vm-test-run-thp-madv-remove-test.drv'...
vm-test-run-thp-madv-remove-test> Machine state will be reset. To keep it, pass --keep-vm-state
vm-test-run-thp-madv-remove-test> start all VLans
vm-test-run-thp-madv-remove-test> start vlan
vm-test-run-thp-madv-remove-test> running vlan (pid 7; ctl /build/vde1.ctl)
vm-test-run-thp-madv-remove-test> (finished: start all VLans, in 0.01 seconds)
vm-test-run-thp-madv-remove-test> Test will time out and terminate in 3600 seconds
vm-test-run-thp-madv-remove-test> run the VM test script
vm-test-run-thp-madv-remove-test> additionally exposed symbols:
vm-test-run-thp-madv-remove-test>     machine,
vm-test-run-thp-madv-remove-test>     vlan1,
vm-test-run-thp-madv-remove-test>     start_all, test_script, machines, vlans, driver, log, os, create_machine, subtest, run_tests, join_all, retry, serial_stdout_off, serial_stdout_on, polling_condition, Machine, t, debug
vm-test-run-thp-madv-remove-test> machine: waiting for unit multi-user.target
vm-test-run-thp-madv-remove-test> machine: waiting for the VM to finish booting
vm-test-run-thp-madv-remove-test> machine: starting vm
vm-test-run-thp-madv-remove-test> mke2fs 1.47.3 (8-Jul-2025)
vm-test-run-thp-madv-remove-test> machine: QEMU running (pid 9)
vm-test-run-thp-madv-remove-test> machine # Disk image does not exist, creating the virtualisation disk image...
vm-test-run-thp-madv-remove-test> machine # Formatting '/build/vm-state-machine/tmp.KZ1hpscT4l', fmt=raw size=1073741824
vm-test-run-thp-madv-remove-test> machine # Discarding device blocks:      0/26214            done
vm-test-run-thp-madv-remove-test> machine # Creating filesystem with 262144 4k blocks and 65536 inodes
vm-test-run-thp-madv-remove-test> machine # Filesystem UUID: b5c8aca1-2fde-4f5a-b883-ac5c990f1889
vm-test-run-thp-madv-remove-test> machine # Superblock backups stored on blocks:
vm-test-run-thp-madv-remove-test> machine #     32768, 98304, 163840, 229376
vm-test-run-thp-madv-remove-test> machine # 
vm-test-run-thp-madv-remove-test> machine # Allocating group tables: 0/  done
vm-test-run-thp-madv-remove-test> machine # Writing inode tables: 0/  done
vm-test-run-thp-madv-remove-test> machine # Creating journal (8192 blocks): done
vm-test-run-thp-madv-remove-test> machine # Writing superblocks and filesystem accounting information: 0/  done
vm-test-run-thp-madv-remove-test> machine # 
vm-test-run-thp-madv-remove-test> machine # Virtualisation disk image created.
vm-test-run-thp-madv-remove-test> machine # cSeaBIOS (version rel-1.17.0-0-gb52ca86e094d-prebuilt.qemu.org)
vm-test-run-thp-madv-remove-test> machine # 
vm-test-run-thp-madv-remove-test> machine # 
vm-test-run-thp-madv-remove-test> machine # iPXE (http://ipxe.org) 00:03.0 CA00 PCI2.10 PnP PMM+3EFD1920+3EF31920 CA00
vm-test-run-thp-madv-remove-test> machine # Press Ctrl-B to configure iPXE (PCI 00:03.0)...
vm-test-run-thp-madv-remove-test> machine # 
vm-test-run-thp-madv-remove-test> machine # 
vm-test-run-thp-madv-remove-test> machine # 
vm-test-run-thp-madv-remove-test> machine # 
vm-test-run-thp-madv-remove-test> machine # iPXE (http://ipxe.org) 00:09.0 CB00 PCI2.10 PnP PMM 3EFD1920 3EF31920 CB00
vm-test-run-thp-madv-remove-test> machine # Press Ctrl-B to configure iPXE (PCI 00:09.0)...
vm-test-run-thp-madv-remove-test> machine # 
vm-test-run-thp-madv-remove-test> machine # 
vm-test-run-thp-madv-remove-test> machine # Booting from ROM...
vm-test-run-thp-madv-remove-test> machine # Probing EDD (edd=off to disable)... ock[    0.000000] Linux version 6.14.0-rc6 (nixbld@localhost) (gcc (GCC) 15.2.0, GNU ld (GNU Binutils) 2.44) #1-NixOS SMP PREEMPT_DYNAMIC Tue Jan  1 00:00:00 UTC 1980
vm-test-run-thp-madv-remove-test> machine # [    0.000000] Command line: console=ttyS0 console=tty0 panic=1 boot.panic_on_fail clocksource=acpi_pm loglevel=7 net.ifnames=0 lsm=landlock,yama,bpf init=/nix/store/mbx6rn3600q0f0qx2s75gill9vgq0qwq-nixos-system-machine-test/init regInfo=/nix/store/vls0w76rir3xpvkq5jjwlh5c7d5biald-closure-info/registration console=ttyS0,115200n8 console=tty0
vm-test-run-thp-madv-remove-test> machine # [    0.000000] BIOS-provided physical RAM map:
vm-test-run-thp-madv-remove-test> machine # [    0.000000] BIOS-e820: [mem 0x0000000000000000-0x000000000009fbff] usable
vm-test-run-thp-madv-remove-test> machine # [    0.000000] BIOS-e820: [mem 0x000000000009fc00-0x000000000009ffff] reserved
vm-test-run-thp-madv-remove-test> machine # [    0.000000] BIOS-e820: [mem 0x00000000000f0000-0x00000000000fffff] reserved
vm-test-run-thp-madv-remove-test> machine # [    0.000000] BIOS-e820: [mem 0x0000000000100000-0x000000003ffdafff] usable
vm-test-run-thp-madv-remove-test> machine # [    0.000000] BIOS-e820: [mem 0x000000003ffdb000-0x000000003fffffff] reserved
vm-test-run-thp-madv-remove-test> machine # [    0.000000] BIOS-e820: [mem 0x00000000feffc000-0x00000000feffffff] reserved
vm-test-run-thp-madv-remove-test> machine # [    0.000000] BIOS-e820: [mem 0x00000000fffc0000-0x00000000ffffffff] reserved
vm-test-run-thp-madv-remove-test> machine # [    0.000000] BIOS-e820: [mem 0x000000fd00000000-0x000000ffffffffff] reserved
vm-test-run-thp-madv-remove-test> machine # [    0.000000] NX (Execute Disable) protection: active
vm-test-run-thp-madv-remove-test> machine # [    0.000000] APIC: Static calls initialized
vm-test-run-thp-madv-remove-test> machine # [    0.000000] SMBIOS 2.8 present.
vm-test-run-thp-madv-remove-test> machine # [    0.000000] DMI: QEMU Standard PC (i440FX + PIIX, 1996), BIOS rel-1.17.0-0-gb52ca86e094d-prebuilt.qemu.org 04/01/2014
vm-test-run-thp-madv-remove-test> machine # [    0.000000] DMI: Memory slots populated: 1/1
vm-test-run-thp-madv-remove-test> machine # [    0.000000] Hypervisor detected: KVM
vm-test-run-thp-madv-remove-test> machine # [    0.000000] kvm-clock: Using msrs 4b564d01 and 4b564d00
vm-test-run-thp-madv-remove-test> machine # [    0.000000] kvm-clock: using sched offset of 455799683 cycles
vm-test-run-thp-madv-remove-test> machine # [    0.000002] clocksource: kvm-clock: mask: 0xffffffffffffffff max_cycles: 0x1cd42e4dffb, max_idle_ns: 881590591483 ns
vm-test-run-thp-madv-remove-test> machine # [    0.000006] tsc: Detected 3000.004 MHz processor
vm-test-run-thp-madv-remove-test> machine # [    0.001040] last_pfn = 0x3ffdb max_arch_pfn = 0x400000000
vm-test-run-thp-madv-remove-test> machine # [    0.001083] MTRR map: 4 entries (3 fixed + 1 variable; max 19), built from 8 variable MTRRs
vm-test-run-thp-madv-remove-test> machine # [    0.001086] x86/PAT: Configuration [0-7]: WB  WC  UC- UC  WB  WP  UC- WT
vm-test-run-thp-madv-remove-test> machine # [    0.003534] found SMP MP-table at [mem 0x000f5470-0x000f547f]
vm-test-run-thp-madv-remove-test> machine # [    0.003548] Using GB pages for direct mapping
vm-test-run-thp-madv-remove-test> machine # [    0.003624] RAMDISK: [mem 0x3f3bf000-0x3ffcffff]
vm-test-run-thp-madv-remove-test> machine # [    0.003632] ACPI: Early table checksum verification disabled
vm-test-run-thp-madv-remove-test> machine # [    0.003636] ACPI: RSDP 0x00000000000F5290 000014 (v00 BOCHS )
vm-test-run-thp-madv-remove-test> machine # [    0.003643] ACPI: RSDT 0x000000003FFE2959 000034 (v01 BOCHS  BXPC     00000001 BXPC 00000001)
vm-test-run-thp-madv-remove-test> machine # [    0.003649] ACPI: FACP 0x000000003FFE2795 000074 (v01 BOCHS  BXPC     00000001 BXPC 00000001)
vm-test-run-thp-madv-remove-test> machine # [    0.003654] ACPI: DSDT 0x000000003FFE0040 002755 (v01 BOCHS  BXPC     00000001 BXPC 00000001)
vm-test-run-thp-madv-remove-test> machine # [    0.003656] ACPI: FACS 0x000000003FFE0000 000040
vm-test-run-thp-madv-remove-test> machine # [    0.003659] ACPI: APIC 0x000000003FFE2809 0000F0 (v03 BOCHS  BXPC     00000001 BXPC 00000001)
vm-test-run-thp-madv-remove-test> machine # [    0.003661] ACPI: HPET 0x000000003FFE28F9 000038 (v01 BOCHS  BXPC     00000001 BXPC 00000001)
vm-test-run-thp-madv-remove-test> machine # [    0.003663] ACPI: WAET 0x000000003FFE2931 000028 (v01 BOCHS  BXPC     00000001 BXPC 00000001)
vm-test-run-thp-madv-remove-test> machine # [    0.003665] ACPI: Reserving FACP table memory at [mem 0x3ffe2795-0x3ffe2808]
vm-test-run-thp-madv-remove-test> machine # [    0.003667] ACPI: Reserving DSDT table memory at [mem 0x3ffe0040-0x3ffe2794]
vm-test-run-thp-madv-remove-test> machine # [    0.003667] ACPI: Reserving FACS table memory at [mem 0x3ffe0000-0x3ffe003f]
vm-test-run-thp-madv-remove-test> machine # [    0.003668] ACPI: Reserving APIC table memory at [mem 0x3ffe2809-0x3ffe28f8]
vm-test-run-thp-madv-remove-test> machine # [    0.003669] ACPI: Reserving HPET table memory at [mem 0x3ffe28f9-0x3ffe2930]
vm-test-run-thp-madv-remove-test> machine # [    0.003670] ACPI: Reserving WAET table memory at [mem 0x3ffe2931-0x3ffe2958]
vm-test-run-thp-madv-remove-test> machine # [    0.004004] No NUMA configuration found
vm-test-run-thp-madv-remove-test> machine # [    0.004005] Faking a node at [mem 0x0000000000000000-0x000000003ffdafff]
vm-test-run-thp-madv-remove-test> machine # [    0.004007] NODE_DATA(0) allocated [mem 0x3ffd5780-0x3ffdacbf]
vm-test-run-thp-madv-remove-test> machine # [    0.004036] Zone ranges:
vm-test-run-thp-madv-remove-test> machine # [    0.004037]   DMA      [mem 0x0000000000001000-0x0000000000ffffff]
vm-test-run-thp-madv-remove-test> machine # [    0.004039]   DMA32    [mem 0x0000000001000000-0x000000003ffdafff]
vm-test-run-thp-madv-remove-test> machine # [    0.004040]   Normal   empty
vm-test-run-thp-madv-remove-test> machine # [    0.004041]   Device   empty
vm-test-run-thp-madv-remove-test> machine # [    0.004042] Movable zone start for each node
vm-test-run-thp-madv-remove-test> machine # [    0.004043] Early memory node ranges
vm-test-run-thp-madv-remove-test> machine # [    0.004044]   node   0: [mem 0x0000000000001000-0x000000000009efff]
vm-test-run-thp-madv-remove-test> machine # [    0.004045]   node   0: [mem 0x0000000000100000-0x000000003ffdafff]
vm-test-run-thp-madv-remove-test> machine # [    0.004046] Initmem setup node 0 [mem 0x0000000000001000-0x000000003ffdafff]
vm-test-run-thp-madv-remove-test> machine # [    0.004434] On node 0, zone DMA: 1 pages in unavailable ranges
vm-test-run-thp-madv-remove-test> machine # [    0.004450] On node 0, zone DMA: 97 pages in unavailable ranges
vm-test-run-thp-madv-remove-test> machine # [    0.007461] On node 0, zone DMA32: 37 pages in unavailable ranges
vm-test-run-thp-madv-remove-test> machine # [    0.008114] ACPI: PM-Timer IO Port: 0x608
vm-test-run-thp-madv-remove-test> machine # [    0.008132] ACPI: LAPIC_NMI (acpi_id[0xff] dfl dfl lint[0x1])
vm-test-run-thp-madv-remove-test> machine # [    0.008176] IOAPIC[0]: apic_id 0, version 17, address 0xfec00000, GSI 0-23
vm-test-run-thp-madv-remove-test> machine # [    0.008180] ACPI: INT_SRC_OVR (bus 0 bus_irq 0 global_irq 2 dfl dfl)
vm-test-run-thp-madv-remove-test> machine # [    0.008183] ACPI: INT_SRC_OVR (bus 0 bus_irq 5 global_irq 5 high level)
vm-test-run-thp-madv-remove-test> machine # [    0.008184] ACPI: INT_SRC_OVR (bus 0 bus_irq 9 global_irq 9 high level)
vm-test-run-thp-madv-remove-test> machine # [    0.008186] ACPI: INT_SRC_OVR (bus 0 bus_irq 10 global_irq 10 high level)
vm-test-run-thp-madv-remove-test> machine # [    0.008187] ACPI: INT_SRC_OVR (bus 0 bus_irq 11 global_irq 11 high level)
vm-test-run-thp-madv-remove-test> machine # [    0.008191] ACPI: Using ACPI (MADT) for SMP configuration information
vm-test-run-thp-madv-remove-test> machine # [    0.008193] ACPI: HPET id: 0x8086a201 base: 0xfed00000
vm-test-run-thp-madv-remove-test> machine # [    0.008201] TSC deadline timer available
vm-test-run-thp-madv-remove-test> machine # [    0.008209] CPU topo: Max. logical packages:   1
vm-test-run-thp-madv-remove-test> machine # [    0.008210] CPU topo: Max. logical dies:       1
vm-test-run-thp-madv-remove-test> machine # [    0.008210] CPU topo: Max. dies per package:   1
vm-test-run-thp-madv-remove-test> machine # [    0.008215] CPU topo: Max. threads per core:   1
vm-test-run-thp-madv-remove-test> machine # [    0.008216] CPU topo: Num. cores per package:    16
vm-test-run-thp-madv-remove-test> machine # [    0.008217] CPU topo: Num. threads per package:  16
vm-test-run-thp-madv-remove-test> machine # [    0.008217] CPU topo: Allowing 16 present CPUs plus 0 hotplug CPUs
vm-test-run-thp-madv-remove-test> machine # [    0.008243] kvm-guest: APIC: eoi() replaced with kvm_guest_apic_eoi_write()
vm-test-run-thp-madv-remove-test> machine # [    0.008268] kvm-guest: KVM setup pv remote TLB flush
vm-test-run-thp-madv-remove-test> machine # [    0.008272] kvm-guest: setup PV sched yield
vm-test-run-thp-madv-remove-test> machine # [    0.008285] PM: hibernation: Registered nosave memory: [mem 0x00000000-0x00000fff]
vm-test-run-thp-madv-remove-test> machine # [    0.008286] PM: hibernation: Registered nosave memory: [mem 0x0009f000-0x0009ffff]
vm-test-run-thp-madv-remove-test> machine # [    0.008287] PM: hibernation: Registered nosave memory: [mem 0x000a0000-0x000effff]
vm-test-run-thp-madv-remove-test> machine # [    0.008288] PM: hibernation: Registered nosave memory: [mem 0x000f0000-0x000fffff]
vm-test-run-thp-madv-remove-test> machine # [    0.008290] [mem 0x40000000-0xfeffbfff] available for PCI devices
vm-test-run-thp-madv-remove-test> machine # [    0.008291] Booting paravirtualized kernel on KVM
vm-test-run-thp-madv-remove-test> machine # [    0.008296] clocksource: refined-jiffies: mask: 0xffffffff max_cycles: 0xffffffff, max_idle_ns: 1910969940391419 ns
vm-test-run-thp-madv-remove-test> machine # [    0.013573] setup_percpu: NR_CPUS:384 nr_cpumask_bits:16 nr_cpu_ids:16 nr_node_ids:1
vm-test-run-thp-madv-remove-test> machine # [    0.015968] percpu: Embedded 116 pages/cpu s294912 r65536 d114688 u524288
vm-test-run-thp-madv-remove-test> machine # [    0.016034] kvm-guest: PV spinlocks enabled
vm-test-run-thp-madv-remove-test> machine # [    0.016036] PV qspinlock hash table entries: 256 (order: 0, 4096 bytes, linear)
vm-test-run-thp-madv-remove-test> machine # [    0.016039] Kernel command line: console=ttyS0 console=tty0 panic=1 boot.panic_on_fail clocksource=acpi_pm loglevel=7 net.ifnames=0 lsm=landlock,yama,bpf init=/nix/store/mbx6rn3600q0f0qx2s75gill9vgq0qwq-nixos-system-machine-test/init regInfo=/nix/store/vls0w76rir3xpvkq5jjwlh5c7d5biald-closure-info/registration console=ttyS0,115200n8 console=tty0
vm-test-run-thp-madv-remove-test> machine # [    0.016168] Unknown kernel command line parameters "regInfo=/nix/store/vls0w76rir3xpvkq5jjwlh5c7d5biald-closure-info/registration", will be passed to user space.
vm-test-run-thp-madv-remove-test> machine # [    0.016192] random: crng init done
vm-test-run-thp-madv-remove-test> machine # [    0.016193] printk: log buffer data + meta data: 262144 + 917504 = 1179648 bytes
vm-test-run-thp-madv-remove-test> machine # [    0.016330] Dentry cache hash table entries: 131072 (order: 8, 1048576 bytes, linear)
vm-test-run-thp-madv-remove-test> machine # [    0.016399] Inode-cache hash table entries: 65536 (order: 7, 524288 bytes, linear)
vm-test-run-thp-madv-remove-test> machine # [    0.016516] Fallback order for Node 0: 0
vm-test-run-thp-madv-remove-test> machine # [    0.016520] Built 1 zonelists, mobility grouping on.  Total pages: 262009
vm-test-run-thp-madv-remove-test> machine # [    0.016521] Policy zone: DMA32
vm-test-run-thp-madv-remove-test> machine # [    0.017276] mem auto-init: stack:all(zero), heap alloc:on, heap free:off
vm-test-run-thp-madv-remove-test> machine # [    0.021525] SLUB: HWalign=64, Order=0-3, MinObjects=0, CPUs=16, Nodes=1
vm-test-run-thp-madv-remove-test> machine # [    0.022000] allocated 2097152 bytes of page_ext
vm-test-run-thp-madv-remove-test> machine # [    0.022030] ftrace: allocating 47196 entries in 185 pages
vm-test-run-thp-madv-remove-test> machine # [    0.045306] ftrace: allocated 185 pages with 5 groups
vm-test-run-thp-madv-remove-test> machine # [    0.046360] Dynamic Preempt: voluntary
vm-test-run-thp-madv-remove-test> machine # [    0.047165] rcu: Preemptible hierarchical RCU implementation.
vm-test-run-thp-madv-remove-test> machine # [    0.047166] rcu:         RCU event tracing is enabled.
vm-test-run-thp-madv-remove-test> machine # [    0.047166] rcu:         RCU restricting CPUs from NR_CPUS=384 to nr_cpu_ids=16.
vm-test-run-thp-madv-remove-test> machine # [    0.047168]      Trampoline variant of Tasks RCU enabled.
vm-test-run-thp-madv-remove-test> machine # [    0.047169]      Rude variant of Tasks RCU enabled.
vm-test-run-thp-madv-remove-test> machine # [    0.047169]      Tracing variant of Tasks RCU enabled.
vm-test-run-thp-madv-remove-test> machine # [    0.047171] rcu: RCU calculated value of scheduler-enlistment delay is 100 jiffies.
vm-test-run-thp-madv-remove-test> machine # [    0.047171] rcu: Adjusting geometry for rcu_fanout_leaf=16, nr_cpu_ids=16
vm-test-run-thp-madv-remove-test> machine # [    0.047188] RCU Tasks: Setting shift to 4 and lim to 1 rcu_task_cb_adjust=1 rcu_task_cpu_ids=16.
vm-test-run-thp-madv-remove-test> machine # [    0.047192] RCU Tasks Rude: Setting shift to 4 and lim to 1 rcu_task_cb_adjust=1 rcu_task_cpu_ids=16.
vm-test-run-thp-madv-remove-test> machine # [    0.047195] RCU Tasks Trace: Setting shift to 4 and lim to 1 rcu_task_cb_adjust=1 rcu_task_cpu_ids=16.
vm-test-run-thp-madv-remove-test> machine # [    0.052233] NR_IRQS: 24832, nr_irqs: 552, preallocated irqs: 16
vm-test-run-thp-madv-remove-test> machine # [    0.052511] rcu: srcu_init: Setting srcu_struct sizes based on contention.
vm-test-run-thp-madv-remove-test> machine # [    0.052657] kfence: initialized - using 2097152 bytes for 255 objects at 0x(____ptrval____)-0x(____ptrval____)
vm-test-run-thp-madv-remove-test> machine # [    0.058202] Console: colour VGA+ 80x25
vm-test-run-thp-madv-remove-test> machine # [    0.058206] printk: legacy console [tty0] enabled
vm-test-run-thp-madv-remove-test> machine # [    0.107365] printk: legacy console [ttyS0] enabled
vm-test-run-thp-madv-remove-test> machine # [    0.269376] ACPI: Core revision 20240827
vm-test-run-thp-madv-remove-test> machine # [    0.270669] clocksource: hpet: mask: 0xffffffff max_cycles: 0xffffffff, max_idle_ns: 19112604467 ns
vm-test-run-thp-madv-remove-test> machine # [    0.273177] APIC: Switch to symmetric I/O mode setup
vm-test-run-thp-madv-remove-test> machine # [    0.274939] x2apic enabled
vm-test-run-thp-madv-remove-test> machine # [    0.276178] APIC: Switched APIC routing to: physical x2apic
vm-test-run-thp-madv-remove-test> machine # [    0.277715] kvm-guest: APIC: send_IPI_mask() replaced with kvm_send_ipi_mask()
vm-test-run-thp-madv-remove-test> machine # [    0.279762] kvm-guest: APIC: send_IPI_mask_allbutself() replaced with kvm_send_ipi_mask_allbutself()
vm-test-run-thp-madv-remove-test> machine # [    0.282265] kvm-guest: setup PV IPIs
vm-test-run-thp-madv-remove-test> machine # [    0.284682] ..TIMER: vector=0x30 apic1=0 pin1=2 apic2=-1 pin2=-1
vm-test-run-thp-madv-remove-test> machine # [    0.286466] clocksource: tsc-early: mask: 0xffffffffffffffff max_cycles: 0x2b3e4942f25, max_idle_ns: 440795326592 ns
vm-test-run-thp-madv-remove-test> machine # [    0.289373] Calibrating delay loop (skipped) preset value.. 6000.00 BogoMIPS (lpj=3000004)
vm-test-run-thp-madv-remove-test> machine # [    0.290472] x86/cpu: User Mode Instruction Prevention (UMIP) activated
vm-test-run-thp-madv-remove-test> machine # [    0.292482] Last level iTLB entries: 4KB 512, 2MB 255, 4MB 127
vm-test-run-thp-madv-remove-test> machine # [    0.293372] Last level dTLB entries: 4KB 512, 2MB 255, 4MB 127, 1GB 0
vm-test-run-thp-madv-remove-test> machine # [    0.294376] Spectre V1 : Mitigation: usercopy/swapgs barriers and __user pointer sanitization
vm-test-run-thp-madv-remove-test> machine # [    0.295375] Spectre V2 : Mitigation: Retpolines
vm-test-run-thp-madv-remove-test> machine # [    0.297373] Spectre V2 : Spectre v2 / SpectreRSB mitigation: Filling RSB on context switch
vm-test-run-thp-madv-remove-test> machine # [    0.299372] Spectre V2 : Spectre v2 / SpectreRSB : Filling RSB on VMEXIT
vm-test-run-thp-madv-remove-test> machine # [    0.300372] Spectre V2 : Enabling Speculation Barrier for firmware calls
vm-test-run-thp-madv-remove-test> machine # [    0.302373] RETBleed: Mitigation: untrained return thunk
vm-test-run-thp-madv-remove-test> machine # [    0.304374] Spectre V2 : mitigation: Enabling conditional Indirect Branch Prediction Barrier
vm-test-run-thp-madv-remove-test> machine # [    0.305373] Speculative Store Bypass: Mitigation: Speculative Store Bypass disabled via prctl
vm-test-run-thp-madv-remove-test> machine # [    0.307372] Speculative Return Stack Overflow: IBPB-extending microcode not applied!
vm-test-run-thp-madv-remove-test> machine # [    0.308372] Speculative Return Stack Overflow: WARNING: See https://kernel.org/doc/html/latest/admin-guide/hw-vuln/srso.html for mitigation options.
vm-test-run-thp-madv-remove-test> machine # [    0.308373] Speculative Return Stack Overflow: Vulnerable: Safe RET, no microcode
vm-test-run-thp-madv-remove-test> machine # [    0.311389] x86/fpu: Supporting XSAVE feature 0x001: 'x87 floating point registers'
vm-test-run-thp-madv-remove-test> machine # [    0.313371] x86/fpu: Supporting XSAVE feature 0x002: 'SSE registers'
vm-test-run-thp-madv-remove-test> machine # [    0.315372] x86/fpu: Supporting XSAVE feature 0x004: 'AVX registers'
vm-test-run-thp-madv-remove-test> machine # [    0.317372] x86/fpu: xstate_offset[2]:  576, xstate_sizes[2]:  256
vm-test-run-thp-madv-remove-test> machine # [    0.318372] x86/fpu: Enabled xstate features 0x7, context size is 832 bytes, using 'compacted' format.
vm-test-run-thp-madv-remove-test> machine # [    0.358880] Freeing SMP alternatives memory: 40K
vm-test-run-thp-madv-remove-test> machine # [    0.359375] pid_max: default: 32768 minimum: 301
vm-test-run-thp-madv-remove-test> machine # [    0.361438] LSM: initializing lsm=capability,landlock,yama,bpf,ima
vm-test-run-thp-madv-remove-test> machine # [    0.363468] landlock: Up and running.
vm-test-run-thp-madv-remove-test> machine # [    0.364373] Yama: becoming mindful.
vm-test-run-thp-madv-remove-test> machine # [    0.365703] LSM support for eBPF active
vm-test-run-thp-madv-remove-test> machine # [    0.366461] Mount-cache hash table entries: 2048 (order: 2, 16384 bytes, linear)
vm-test-run-thp-madv-remove-test> machine # [    0.368375] Mountpoint-cache hash table entries: 2048 (order: 2, 16384 bytes, linear)
vm-test-run-thp-madv-remove-test> machine # [    0.371574] smpboot: CPU0: AMD EPYC 7302 16-Core Processor (family: 0x17, model: 0x31, stepping: 0x0)
vm-test-run-thp-madv-remove-test> machine # [    0.373464] Performance Events: Fam17h+ core perfctr, AMD PMU driver.
vm-test-run-thp-madv-remove-test> machine # [    0.375388] ... version:                0
vm-test-run-thp-madv-remove-test> machine # [    0.376376] ... bit width:              48
vm-test-run-thp-madv-remove-test> machine # [    0.377375] ... generic registers:      6
vm-test-run-thp-madv-remove-test> machine # [    0.378375] ... value mask:             0000ffffffffffff
vm-test-run-thp-madv-remove-test> machine # [    0.379375] ... max period:             00007fffffffffff
vm-test-run-thp-madv-remove-test> machine # [    0.380375] ... fixed-purpose events:   0
vm-test-run-thp-madv-remove-test> machine # [    0.381375] ... event mask:             000000000000003f
vm-test-run-thp-madv-remove-test> machine # [    0.382566] signal: max sigframe size: 1776
vm-test-run-thp-madv-remove-test> machine # [    0.383450] rcu: Hierarchical SRCU implementation.
vm-test-run-thp-madv-remove-test> machine # [    0.384376] rcu:         Max phase no-delay instances is 400.
vm-test-run-thp-madv-remove-test> machine # [    0.385469] Timer migration: 2 hierarchy levels; 8 children per group; 2 crossnode level
vm-test-run-thp-madv-remove-test> machine # [    0.393077] smp: Bringing up secondary CPUs ...
vm-test-run-thp-madv-remove-test> machine # [    0.394580] smpboot: x86: Booting SMP configuration:
vm-test-run-thp-madv-remove-test> machine # [    0.395379] .... node  #0, CPUs:        #1  #2  #3  #4  #5  #6  #7  #8  #9 #10 #11 #12 #13 #14 #15
vm-test-run-thp-madv-remove-test> machine # [    0.414518] smp: Brought up 1 node, 16 CPUs
vm-test-run-thp-madv-remove-test> machine # [    0.417379] smpboot: Total of 16 processors activated (96000.12 BogoMIPS)
vm-test-run-thp-madv-remove-test> machine # [    0.419731] Memory: 949744K/1048036K available (16277K kernel code, 2682K rwdata, 12796K rodata, 3516K init, 3404K bss, 85976K reserved, 0K cma-reserved)
vm-test-run-thp-madv-remove-test> machine # [    0.421634] devtmpfs: initialized
vm-test-run-thp-madv-remove-test> machine # [    0.422592] x86/mm: Memory block size: 128MB
vm-test-run-thp-madv-remove-test> machine # [    0.425620] clocksource: jiffies: mask: 0xffffffff max_cycles: 0xffffffff, max_idle_ns: 1911260446275000 ns
vm-test-run-thp-madv-remove-test> machine # [    0.427397] futex hash table entries: 4096 (order: 6, 262144 bytes, linear)
vm-test-run-thp-madv-remove-test> machine # [    0.428521] pinctrl core: initialized pinctrl subsystem
vm-test-run-thp-madv-remove-test> machine # [    0.429665] PM: RTC time: 19:39:11, date: 2026-02-26
vm-test-run-thp-madv-remove-test> machine # [    0.432074] NET: Registered PF_NETLINK/PF_ROUTE protocol family
vm-test-run-thp-madv-remove-test> machine # [    0.433650] DMA: preallocated 128 KiB GFP_KERNEL pool for atomic allocations
vm-test-run-thp-madv-remove-test> machine # [    0.434534] DMA: preallocated 128 KiB GFP_KERNEL|GFP_DMA pool for atomic allocations
vm-test-run-thp-madv-remove-test> machine # [    0.435388] DMA: preallocated 128 KiB GFP_KERNEL|GFP_DMA32 pool for atomic allocations
vm-test-run-thp-madv-remove-test> machine # [    0.436549] audit: initializing netlink subsys (disabled)
vm-test-run-thp-madv-remove-test> machine # [    0.564487] audit: type=2000 audit(1772134751.601:1): state=initialized audit_enabled=0 res=1
vm-test-run-thp-madv-remove-test> machine # [    0.564826] thermal_sys: Registered thermal governor 'fair_share'
vm-test-run-thp-madv-remove-test> machine # [    0.567379] thermal_sys: Registered thermal governor 'bang_bang'
vm-test-run-thp-madv-remove-test> machine # [    0.568377] thermal_sys: Registered thermal governor 'step_wise'
vm-test-run-thp-madv-remove-test> machine # [    0.570376] thermal_sys: Registered thermal governor 'user_space'
vm-test-run-thp-madv-remove-test> machine # [    0.572381] thermal_sys: Registered thermal governor 'power_allocator'
vm-test-run-thp-madv-remove-test> machine # [    0.574411] cpuidle: using governor menu
vm-test-run-thp-madv-remove-test> machine # [    0.581910] acpiphp: ACPI Hot Plug PCI Controller Driver version: 0.5
vm-test-run-thp-madv-remove-test> machine # [    0.583661] PCI: Using configuration type 1 for base access
vm-test-run-thp-madv-remove-test> machine # [    0.585378] PCI: Using configuration type 1 for extended access
vm-test-run-thp-madv-remove-test> machine # [    0.587754] kprobes: kprobe jump-optimization is enabled. All kprobes are optimized if possible.
vm-test-run-thp-madv-remove-test> machine # [    0.723727] HugeTLB: allocation took 0ms with hugepage_allocation_threads=4
vm-test-run-thp-madv-remove-test> machine # [    0.726521] HugeTLB: registered 1.00 GiB page size, pre-allocated 0 pages
vm-test-run-thp-madv-remove-test> machine # [    0.729380] HugeTLB: 16380 KiB vmemmap can be freed for a 1.00 GiB page
vm-test-run-thp-madv-remove-test> machine # [    0.732382] HugeTLB: registered 2.00 MiB page size, pre-allocated 0 pages
vm-test-run-thp-madv-remove-test> machine # [    0.735378] HugeTLB: 28 KiB vmemmap can be freed for a 2.00 MiB page
vm-test-run-thp-madv-remove-test> machine # [    1.007266] ACPI: Added _OSI(Module Device)
vm-test-run-thp-madv-remove-test> machine # [    1.008376] ACPI: Added _OSI(Processor Device)
vm-test-run-thp-madv-remove-test> machine # [    1.009377] ACPI: Added _OSI(3.0 _SCP Extensions)
vm-test-run-thp-madv-remove-test> machine # [    1.015398] ACPI: Added _OSI(Processor Aggregator Device)
vm-test-run-thp-madv-remove-test> machine # [    1.027512] ACPI: 1 ACPI AML tables successfully acquired and loaded
vm-test-run-thp-madv-remove-test> machine # [    1.032843] ACPI: Interpreter enabled
vm-test-run-thp-madv-remove-test> machine # [    1.034431] ACPI: PM: (supports S0 S3 S4 S5)
vm-test-run-thp-madv-remove-test> machine # [    1.035377] ACPI: Using IOAPIC for interrupt routing
vm-test-run-thp-madv-remove-test> machine # [    1.037536] PCI: Using host bridge windows from ACPI; if necessary, use "pci=nocrs" and report a bug
vm-test-run-thp-madv-remove-test> machine # [    1.039376] PCI: Using E820 reservations for host bridge windows
vm-test-run-thp-madv-remove-test> machine # [    1.041655] ACPI: Enabled 2 GPEs in block 00 to 0F
vm-test-run-thp-madv-remove-test> machine # [    4.877666] ACPI: PCI Root Bridge [PCI0] (domain 0000 [bus 00-ff])
vm-test-run-thp-madv-remove-test> machine # [    4.879387] acpi PNP0A03:00: _OSC: OS supports [ExtendedConfig ASPM ClockPM Segments MSI HPX-Type3]
vm-test-run-thp-madv-remove-test> machine # [    4.882959] acpiphp: Slot [3] registered
vm-test-run-thp-madv-remove-test> machine # [    4.884417] acpiphp: Slot [4] registered
vm-test-run-thp-madv-remove-test> machine # [    4.885406] acpiphp: Slot [5] registered
vm-test-run-thp-madv-remove-test> machine # [    4.887406] acpiphp: Slot [6] registered
vm-test-run-thp-madv-remove-test> machine # [    4.888410] acpiphp: Slot [7] registered
vm-test-run-thp-madv-remove-test> machine # [    4.889420] acpiphp: Slot [8] registered
vm-test-run-thp-madv-remove-test> machine # [    4.890407] acpiphp: Slot [9] registered
vm-test-run-thp-madv-remove-test> machine # [    4.891405] acpiphp: Slot [10] registered
vm-test-run-thp-madv-remove-test> machine # [    4.893407] acpiphp: Slot [11] registered
vm-test-run-thp-madv-remove-test> machine # [    4.894418] acpiphp: Slot [12] registered
vm-test-run-thp-madv-remove-test> machine # [    4.895460] acpiphp: Slot [13] registered
vm-test-run-thp-madv-remove-test> machine # [    4.896405] acpiphp: Slot [14] registered
vm-test-run-thp-madv-remove-test> machine # [    4.898404] acpiphp: Slot [15] registered
vm-test-run-thp-madv-remove-test> machine # [    4.899416] acpiphp: Slot [16] registered
vm-test-run-thp-madv-remove-test> machine # [    4.900406] acpiphp: Slot [17] registered
vm-test-run-thp-madv-remove-test> machine # [    4.901405] acpiphp: Slot [18] registered
vm-test-run-thp-madv-remove-test> machine # [    4.903419] acpiphp: Slot [19] registered
vm-test-run-thp-madv-remove-test> machine # [    4.904406] acpiphp: Slot [20] registered
vm-test-run-thp-madv-remove-test> machine # [    4.905405] acpiphp: Slot [21] registered
vm-test-run-thp-madv-remove-test> machine # [    4.906405] acpiphp: Slot [22] registered
vm-test-run-thp-madv-remove-test> machine # [    4.908416] acpiphp: Slot [23] registered
vm-test-run-thp-madv-remove-test> machine # [    4.909406] acpiphp: Slot [24] registered
vm-test-run-thp-madv-remove-test> machine # [    4.910405] acpiphp: Slot [25] registered
vm-test-run-thp-madv-remove-test> machine # [    4.911405] acpiphp: Slot [26] registered
vm-test-run-thp-madv-remove-test> machine # [    4.913417] acpiphp: Slot [27] registered
vm-test-run-thp-madv-remove-test> machine # [    4.914406] acpiphp: Slot [28] registered
vm-test-run-thp-madv-remove-test> machine # [    4.915409] acpiphp: Slot [29] registered
vm-test-run-thp-madv-remove-test> machine # [    4.916449] acpiphp: Slot [30] registered
vm-test-run-thp-madv-remove-test> machine # [    4.918645] acpiphp: Slot [31] registered
vm-test-run-thp-madv-remove-test> machine # [    4.921470] PCI host bridge to bus 0000:00
vm-test-run-thp-madv-remove-test> machine # [    4.924422] pci_bus 0000:00: root bus resource [io  0x0000-0x0cf7 window]
vm-test-run-thp-madv-remove-test> machine # [    4.928377] pci_bus 0000:00: root bus resource [io  0x0d00-0xffff window]
vm-test-run-thp-madv-remove-test> machine # [    4.930376] pci_bus 0000:00: root bus resource [mem 0x000a0000-0x000bffff window]
vm-test-run-thp-madv-remove-test> machine # [    4.932376] pci_bus 0000:00: root bus resource [mem 0x40000000-0xfebfffff window]
vm-test-run-thp-madv-remove-test> machine # [    4.935377] pci_bus 0000:00: root bus resource [mem 0x100000000-0x17fffffff window]
vm-test-run-thp-madv-remove-test> machine # [    4.937392] pci_bus 0000:00: root bus resource [bus 00-ff]
vm-test-run-thp-madv-remove-test> machine # [    4.938601] pci 0000:00:00.0: [8086:1237] type 00 class 0x060000 conventional PCI endpoint
vm-test-run-thp-madv-remove-test> machine # [    4.942153] pci 0000:00:01.0: [8086:7000] type 00 class 0x060100 conventional PCI endpoint
vm-test-run-thp-madv-remove-test> machine # [    4.945125] pci 0000:00:01.1: [8086:7010] type 00 class 0x010180 conventional PCI endpoint
vm-test-run-thp-madv-remove-test> machine # [    4.950492] pci 0000:00:01.1: BAR 4 [io  0xc1e0-0xc1ef]
vm-test-run-thp-madv-remove-test> machine # [    4.951419] pci 0000:00:01.1: BAR 0 [io  0x01f0-0x01f7]: legacy IDE quirk
vm-test-run-thp-madv-remove-test> machine # [    4.953376] pci 0000:00:01.1: BAR 1 [io  0x03f6]: legacy IDE quirk
vm-test-run-thp-madv-remove-test> machine # [    4.955376] pci 0000:00:01.1: BAR 2 [io  0x0170-0x0177]: legacy IDE quirk
vm-test-run-thp-madv-remove-test> machine # [    4.957376] pci 0000:00:01.1: BAR 3 [io  0x0376]: legacy IDE quirk
vm-test-run-thp-madv-remove-test> machine # [    4.959651] pci 0000:00:01.2: [8086:7020] type 00 class 0x0c0300 conventional PCI endpoint
vm-test-run-thp-madv-remove-test> machine # [    4.963237] pci 0000:00:01.2: BAR 4 [io  0xc100-0xc11f]
vm-test-run-thp-madv-remove-test> machine # [    4.966835] pci 0000:00:01.3: [8086:7113] type 00 class 0x068000 conventional PCI endpoint
vm-test-run-thp-madv-remove-test> machine # [    4.969874] pci 0000:00:01.3: quirk: [io  0x0600-0x063f] claimed by PIIX4 ACPI
vm-test-run-thp-madv-remove-test> machine # [    4.971385] pci 0000:00:01.3: quirk: [io  0x0700-0x070f] claimed by PIIX4 SMB
vm-test-run-thp-madv-remove-test> machine # [    4.973684] pci 0000:00:02.0: [1234:1111] type 00 class 0x030000 conventional PCI endpoint
vm-test-run-thp-madv-remove-test> machine # [    4.980425] pci 0000:00:02.0: BAR 0 [mem 0xfd000000-0xfdffffff pref]
vm-test-run-thp-madv-remove-test> machine # [    4.982394] pci 0000:00:02.0: BAR 2 [mem 0xfebd0000-0xfebd0fff]
vm-test-run-thp-madv-remove-test> machine # [    4.983412] pci 0000:00:02.0: ROM [mem 0xfebc0000-0xfebcffff pref]
vm-test-run-thp-madv-remove-test> machine # [    4.985467] pci 0000:00:02.0: Video device with shadowed ROM at [mem 0x000c0000-0x000dffff]
vm-test-run-thp-madv-remove-test> machine # [    4.987821] pci 0000:00:03.0: [1af4:1000] type 00 class 0x020000 conventional PCI endpoint
vm-test-run-thp-madv-remove-test> machine # [    4.994436] pci 0000:00:03.0: BAR 0 [io  0xc120-0xc13f]
vm-test-run-thp-madv-remove-test> machine # [    4.996394] pci 0000:00:03.0: BAR 1 [mem 0xfebd1000-0xfebd1fff]
vm-test-run-thp-madv-remove-test> machine # [    4.998411] pci 0000:00:03.0: BAR 4 [mem 0xfe000000-0xfe003fff 64bit pref]
vm-test-run-thp-madv-remove-test> machine # [    5.001395] pci 0000:00:03.0: ROM [mem 0xfeb40000-0xfeb7ffff pref]
vm-test-run-thp-madv-remove-test> machine # [    5.008370] pci 0000:00:04.0: [1af4:1005] type 00 class 0x00ff00 conventional PCI endpoint
vm-test-run-thp-madv-remove-test> machine # [    5.020435] pci 0000:00:04.0: BAR 0 [io  0xc140-0xc15f]
vm-test-run-thp-madv-remove-test> machine # [    5.021388] pci 0000:00:04.0: BAR 1 [mem 0xfebd2000-0xfebd2fff]
vm-test-run-thp-madv-remove-test> machine # [    5.023413] pci 0000:00:04.0: BAR 4 [mem 0xfe004000-0xfe007fff 64bit pref]
vm-test-run-thp-madv-remove-test> machine # [    5.028367] pci 0000:00:05.0: [1af4:1009] type 00 class 0x000200 conventional PCI endpoint
vm-test-run-thp-madv-remove-test> machine # [    5.038424] pci 0000:00:05.0: BAR 0 [io  0xc080-0xc0bf]
vm-test-run-thp-madv-remove-test> machine # [    5.039388] pci 0000:00:05.0: BAR 1 [mem 0xfebd3000-0xfebd3fff]
vm-test-run-thp-madv-remove-test> machine # [    5.041415] pci 0000:00:05.0: BAR 4 [mem 0xfe008000-0xfe00bfff 64bit pref]
vm-test-run-thp-madv-remove-test> machine # [    5.045356] pci 0000:00:06.0: [1af4:1009] type 00 class 0x000200 conventional PCI endpoint
vm-test-run-thp-madv-remove-test> machine # [    5.051428] pci 0000:00:06.0: BAR 0 [io  0xc160-0xc17f]
vm-test-run-thp-madv-remove-test> machine # [    5.053388] pci 0000:00:06.0: BAR 1 [mem 0xfebd4000-0xfebd4fff]
vm-test-run-thp-madv-remove-test> machine # [    5.054413] pci 0000:00:06.0: BAR 4 [mem 0xfe00c000-0xfe00ffff 64bit pref]
vm-test-run-thp-madv-remove-test> machine # [    5.059436] pci 0000:00:07.0: [1af4:1009] type 00 class 0x000200 conventional PCI endpoint
vm-test-run-thp-madv-remove-test> machine # [    5.064437] pci 0000:00:07.0: BAR 0 [io  0xc180-0xc19f]
vm-test-run-thp-madv-remove-test> machine # [    5.065387] pci 0000:00:07.0: BAR 1 [mem 0xfebd5000-0xfebd5fff]
vm-test-run-thp-madv-remove-test> machine # [    5.067413] pci 0000:00:07.0: BAR 4 [mem 0xfe010000-0xfe013fff 64bit pref]
vm-test-run-thp-madv-remove-test> machine # [    5.072360] pci 0000:00:08.0: [1af4:1001] type 00 class 0x010000 conventional PCI endpoint
vm-test-run-thp-madv-remove-test> machine # [    5.078425] pci 0000:00:08.0: BAR 0 [io  0xc000-0xc07f]
vm-test-run-thp-madv-remove-test> machine # [    5.080388] pci 0000:00:08.0: BAR 1 [mem 0xfebd6000-0xfebd6fff]
vm-test-run-thp-madv-remove-test> machine # [    5.082414] pci 0000:00:08.0: BAR 4 [mem 0xfe014000-0xfe017fff 64bit pref]
vm-test-run-thp-madv-remove-test> machine # [    5.086360] pci 0000:00:09.0: [1af4:1000] type 00 class 0x020000 conventional PCI endpoint
vm-test-run-thp-madv-remove-test> machine # [    5.091419] pci 0000:00:09.0: BAR 0 [io  0xc1a0-0xc1bf]
vm-test-run-thp-madv-remove-test> machine # [    5.093388] pci 0000:00:09.0: BAR 1 [mem 0xfebd7000-0xfebd7fff]
vm-test-run-thp-madv-remove-test> machine # [    5.094413] pci 0000:00:09.0: BAR 4 [mem 0xfe018000-0xfe01bfff 64bit pref]
vm-test-run-thp-madv-remove-test> machine # [    5.096388] pci 0000:00:09.0: ROM [mem 0xfeb80000-0xfebbffff pref]
vm-test-run-thp-madv-remove-test> machine # [    5.100987] pci 0000:00:0a.0: [1af4:1052] type 00 class 0x090000 conventional PCI endpoint
vm-test-run-thp-madv-remove-test> machine # [    5.105479] pci 0000:00:0a.0: BAR 1 [mem 0xfebd8000-0xfebd8fff]
vm-test-run-thp-madv-remove-test> machine # [    5.109478] pci 0000:00:0a.0: BAR 4 [mem 0xfe01c000-0xfe01ffff 64bit pref]
vm-test-run-thp-madv-remove-test> machine # [    5.114367] pci 0000:00:0b.0: [1af4:1003] type 00 class 0x078000 conventional PCI endpoint
vm-test-run-thp-madv-remove-test> machine # [    5.120463] pci 0000:00:0b.0: BAR 0 [io  0xc0c0-0xc0ff]
vm-test-run-thp-madv-remove-test> machine # [    5.123395] pci 0000:00:0b.0: BAR 1 [mem 0xfebd9000-0xfebd9fff]
vm-test-run-thp-madv-remove-test> machine # [    5.125413] pci 0000:00:0b.0: BAR 4 [mem 0xfe020000-0xfe023fff 64bit pref]
vm-test-run-thp-madv-remove-test> machine # [    5.129445] pci 0000:00:0c.0: [1af4:1005] type 00 class 0x00ff00 conventional PCI endpoint
vm-test-run-thp-madv-remove-test> machine # [    5.136767] pci 0000:00:0c.0: BAR 0 [io  0xc1c0-0xc1df]
vm-test-run-thp-madv-remove-test> machine # [    5.139388] pci 0000:00:0c.0: BAR 1 [mem 0xfebda000-0xfebdafff]
vm-test-run-thp-madv-remove-test> machine # [    5.140413] pci 0000:00:0c.0: BAR 4 [mem 0xfe024000-0xfe027fff 64bit pref]
vm-test-run-thp-madv-remove-test> machine # [    5.146342] ACPI: PCI: Interrupt link LNKA configured for IRQ 10
vm-test-run-thp-madv-remove-test> machine # [    5.149741] ACPI: PCI: Interrupt link LNKB configured for IRQ 10
vm-test-run-thp-madv-remove-test> machine # [    5.152627] ACPI: PCI: Interrupt link LNKC configured for IRQ 11
vm-test-run-thp-madv-remove-test> machine # [    5.154601] ACPI: PCI: Interrupt link LNKD configured for IRQ 11
vm-test-run-thp-madv-remove-test> machine # [    5.156515] ACPI: PCI: Interrupt link LNKS configured for IRQ 9
vm-test-run-thp-madv-remove-test> machine # [    5.161412] iommu: Default domain type: Translated
vm-test-run-thp-madv-remove-test> machine # [    5.162377] iommu: DMA domain TLB invalidation policy: lazy mode
vm-test-run-thp-madv-remove-test> machine # [    5.291629] ACPI: bus type USB registered
vm-test-run-thp-madv-remove-test> machine # [    5.293572] usbcore: registered new interface driver usbfs
vm-test-run-thp-madv-remove-test> machine # [    5.296400] usbcore: registered new interface driver hub
vm-test-run-thp-madv-remove-test> machine # [    5.298469] usbcore: registered new device driver usb
vm-test-run-thp-madv-remove-test> machine # [    5.302809] NetLabel: Initializing
vm-test-run-thp-madv-remove-test> machine # [    5.304377] NetLabel:  domain hash size = 128
vm-test-run-thp-madv-remove-test> machine # [    5.305377] NetLabel:  protocols = UNLABELED CIPSOv4 CALIPSO
vm-test-run-thp-madv-remove-test> machine # [    5.306550] NetLabel:  unlabeled traffic allowed by default
vm-test-run-thp-madv-remove-test> machine # [    5.308386] PCI: Using ACPI for IRQ routing
vm-test-run-thp-madv-remove-test> machine # [    5.437518] pci 0000:00:02.0: vgaarb: setting as boot VGA device
vm-test-run-thp-madv-remove-test> machine # [    5.438386] pci 0000:00:02.0: vgaarb: bridge control possible
vm-test-run-thp-madv-remove-test> machine # [    5.438386] pci 0000:00:02.0: vgaarb: VGA device added: decodes=io+mem,owns=io+mem,locks=none
vm-test-run-thp-madv-remove-test> machine # [    5.448391] vgaarb: loaded
vm-test-run-thp-madv-remove-test> machine # [    5.450458] hpet0: at MMIO 0xfed00000, IRQs 2, 8, 0
vm-test-run-thp-madv-remove-test> machine # [    5.451377] hpet0: 3 comparators, 64-bit 100.000000 MHz counter
vm-test-run-thp-madv-remove-test> machine # [    5.458370] clocksource: Switched to clocksource kvm-clock
vm-test-run-thp-madv-remove-test> machine # [    5.576184] VFS: Disk quotas dquot_6.6.0
vm-test-run-thp-madv-remove-test> machine # [    5.578949] VFS: Dquot-cache hash table entries: 512 (order 0, 4096 bytes)
vm-test-run-thp-madv-remove-test> machine # [    5.583799] pnp: PnP ACPI init
vm-test-run-thp-madv-remove-test> machine # [    5.586177] pnp: PnP ACPI: found 6 devices
vm-test-run-thp-madv-remove-test> machine # [    5.600435] clocksource: acpi_pm: mask: 0xffffff max_cycles: 0xffffff, max_idle_ns: 2085701024 ns
vm-test-run-thp-madv-remove-test> machine # [    5.616255] clocksource: Switched to clocksource acpi_pm
vm-test-run-thp-madv-remove-test> machine # [    5.618293] NET: Registered PF_INET protocol family
vm-test-run-thp-madv-remove-test> machine # [    5.620120] IP idents hash table entries: 16384 (order: 5, 131072 bytes, linear)
vm-test-run-thp-madv-remove-test> machine # [    5.771780] tcp_listen_portaddr_hash hash table entries: 512 (order: 1, 8192 bytes, linear)
vm-test-run-thp-madv-remove-test> machine # [    5.776823] Table-perturb hash table entries: 65536 (order: 6, 262144 bytes, linear)
vm-test-run-thp-madv-remove-test> machine # [    5.780340] TCP established hash table entries: 8192 (order: 4, 65536 bytes, linear)
vm-test-run-thp-madv-remove-test> machine # [    5.783357] TCP bind hash table entries: 8192 (order: 6, 262144 bytes, linear)
vm-test-run-thp-madv-remove-test> machine # [    5.785937] TCP: Hash tables configured (established 8192 bind 8192)
vm-test-run-thp-madv-remove-test> machine # [    5.788276] MPTCP token hash table entries: 1024 (order: 2, 24576 bytes, linear)
vm-test-run-thp-madv-remove-test> machine # [    5.790970] UDP hash table entries: 512 (order: 3, 32768 bytes, linear)
vm-test-run-thp-madv-remove-test> machine # [    5.793184] UDP-Lite hash table entries: 512 (order: 3, 32768 bytes, linear)
vm-test-run-thp-madv-remove-test> machine # [    5.795691] NET: Registered PF_UNIX/PF_LOCAL protocol family
vm-test-run-thp-madv-remove-test> machine # [    5.797697] NET: Registered PF_XDP protocol family
vm-test-run-thp-madv-remove-test> machine # [    5.799427] pci_bus 0000:00: resource 4 [io  0x0000-0x0cf7 window]
vm-test-run-thp-madv-remove-test> machine # [    5.801491] pci_bus 0000:00: resource 5 [io  0x0d00-0xffff window]
vm-test-run-thp-madv-remove-test> machine # [    5.803728] pci_bus 0000:00: resource 6 [mem 0x000a0000-0x000bffff window]
vm-test-run-thp-madv-remove-test> machine # [    5.806031] pci_bus 0000:00: resource 7 [mem 0x40000000-0xfebfffff window]
vm-test-run-thp-madv-remove-test> machine # [    5.808096] pci_bus 0000:00: resource 8 [mem 0x100000000-0x17fffffff window]
vm-test-run-thp-madv-remove-test> machine # [    5.810593] pci 0000:00:01.0: PIIX3: Enabling Passive Release
vm-test-run-thp-madv-remove-test> machine # [    5.814577] pci 0000:00:00.0: Limiting direct PCI/PCI transfers
vm-test-run-thp-madv-remove-test> machine # [    5.821359] ACPI: \_SB_.LNKD: Enabled at IRQ 11
vm-test-run-thp-madv-remove-test> machine # [    5.825664] PCI: CLS 0 bytes, default 64
vm-test-run-thp-madv-remove-test> machine # [    5.827203] clocksource: tsc: mask: 0xffffffffffffffff max_cycles: 0x2b3e4942f25, max_idle_ns: 440795326592 ns
vm-test-run-thp-madv-remove-test> machine # [    5.827443] Trying to unpack rootfs image as initramfs...
vm-test-run-thp-madv-remove-test> machine # [    5.855232] Initialise system trusted keyrings
vm-test-run-thp-madv-remove-test> machine # [    5.857054] workingset: timestamp_bits=40 max_order=18 bucket_order=0
vm-test-run-thp-madv-remove-test> machine # [    5.874685] Key type asymmetric registered
vm-test-run-thp-madv-remove-test> machine # [    5.876027] Asymmetric key parser 'x509' registered
vm-test-run-thp-madv-remove-test> machine # [    5.877478] Block layer SCSI generic (bsg) driver version 0.4 loaded (major 250)
vm-test-run-thp-madv-remove-test> machine # [    5.880362] io scheduler mq-deadline registered
vm-test-run-thp-madv-remove-test> machine # [    5.881701] io scheduler kyber registered
vm-test-run-thp-madv-remove-test> machine # [    6.639445] Serial: 8250/16550 driver, 4 ports, IRQ sharing enabled
vm-test-run-thp-madv-remove-test> machine # [    6.644544] 00:04: ttyS0 at I/O 0x3f8 (irq = 4, base_baud = 115200) is a 16550A
vm-test-run-thp-madv-remove-test> machine # [    6.650600] Linux agpgart interface v0.103
vm-test-run-thp-madv-remove-test> machine # [    6.657711] ACPI: bus type drm_connector registered
vm-test-run-thp-madv-remove-test> machine # [    6.913666] usbcore: registered new interface driver usbserial_generic
vm-test-run-thp-madv-remove-test> machine # [    6.917699] usbserial: USB Serial support registered for generic
vm-test-run-thp-madv-remove-test> machine # [    6.920936] amd_pstate: the _CPC object is not present in SBIOS or ACPI disabled
vm-test-run-thp-madv-remove-test> machine # [    6.923226] drop_monitor: Initializing network drop monitor service
vm-test-run-thp-madv-remove-test> machine # [    6.925263] NET: Registered PF_INET6 protocol family
vm-test-run-thp-madv-remove-test> machine # [    7.747780] Freeing initrd memory: 12356K
vm-test-run-thp-madv-remove-test> machine # [    7.754161] Segment Routing with IPv6
vm-test-run-thp-madv-remove-test> machine # [    7.756776] In-situ OAM (IOAM) with IPv6
vm-test-run-thp-madv-remove-test> machine # [    7.766568] IPI shorthand broadcast: enabled
vm-test-run-thp-madv-remove-test> machine # [    7.922057] sched_clock: Marking stable (7696034919, 225846744)->(8262642390, -340760727)
vm-test-run-thp-madv-remove-test> machine # [    7.929207] registered taskstats version 1
vm-test-run-thp-madv-remove-test> machine # [    7.931036] Loading compiled-in X.509 certificates
vm-test-run-thp-madv-remove-test> machine # [    7.944328] Demotion targets for Node 0: null
vm-test-run-thp-madv-remove-test> machine # [    7.946582] Key type .fscrypt registered
vm-test-run-thp-madv-remove-test> machine # [    7.947741] Key type fscrypt-provisioning registered
vm-test-run-thp-madv-remove-test> machine # [    7.949703] ima: No TPM chip found, activating TPM-bypass!
vm-test-run-thp-madv-remove-test> machine # [    7.952182] ima: Allocated hash algorithm: sha1
vm-test-run-thp-madv-remove-test> machine # [    7.954303] ima: No architecture policies found
vm-test-run-thp-madv-remove-test> machine # [    7.957161] PM:   Magic number: 14:79:699
vm-test-run-thp-madv-remove-test> machine # [    7.958782] acpi LNXCPU:0d: hash matches
vm-test-run-thp-madv-remove-test> machine # [    7.965146] RAS: Correctable Errors collector initialized.
vm-test-run-thp-madv-remove-test> machine # [    7.982948] clk: Disabling unused clocks
vm-test-run-thp-madv-remove-test> machine # [    7.984210] PM: genpd: Disabling unused power domains
vm-test-run-thp-madv-remove-test> machine # [    7.988796] Freeing unused decrypted memory: 2028K
vm-test-run-thp-madv-remove-test> machine # [    7.991640] Freeing unused kernel image (initmem) memory: 3516K
vm-test-run-thp-madv-remove-test> machine # [    7.993401] Write protecting the kernel read-only data: 30720k
vm-test-run-thp-madv-remove-test> machine # [    7.995979] Freeing unused kernel image (text/rodata gap) memory: 104K
vm-test-run-thp-madv-remove-test> machine # [    7.998614] Freeing unused kernel image (rodata/data gap) memory: 1540K
vm-test-run-thp-madv-remove-test> machine # [    8.072201] x86/mm: Checked W+X mappings: passed, no W+X pages found.
vm-test-run-thp-madv-remove-test> machine # [    8.074991] Run /init as init process
vm-test-run-thp-madv-remove-test> machine # [    8.198675] device-mapper: core: CONFIG_IMA_DISABLE_HTABLE is disabled. Duplicate IMA measurements will not be recorded in the IMA log.
vm-test-run-thp-madv-remove-test> machine # [    8.202417] device-mapper: ioctl: 4.49.0-ioctl (2025-01-17) initialised: dm-devel@lists.linux.dev
vm-test-run-thp-madv-remove-test> machine # [   11.370401] clocksource: Long readout interval, skipping watchdog check: cs_nsec: 3580366445 wd_nsec: 3580366305
vm-test-run-thp-madv-remove-test> machine # [   12.753355] i8042: PNP: PS/2 Controller [PNP0303:KBD,PNP0f13:MOU] at 0x60,0x64 irq 1,12
vm-test-run-thp-madv-remove-test> machine # [   12.754833] ACPI: \_SB_.LNKC: Enabled at IRQ 10
vm-test-run-thp-madv-remove-test> machine # [   12.764318] serio: i8042 KBD port at 0x60,0x64 irq 1
vm-test-run-thp-madv-remove-test> machine # [   12.766122] serio: i8042 AUX port at 0x60,0x64 irq 12
vm-test-run-thp-madv-remove-test> machine # [   13.003689] uhci_hcd 0000:00:01.2: UHCI Host Controller
vm-test-run-thp-madv-remove-test> machine # [   13.006317] uhci_hcd 0000:00:01.2: new USB bus registered, assigned bus number 1
vm-test-run-thp-madv-remove-test> machine # [   13.009038] uhci_hcd 0000:00:01.2: detected 2 ports
vm-test-run-thp-madv-remove-test> machine # [   13.009690] ACPI: \_SB_.LNKA: Enabled at IRQ 10
vm-test-run-thp-madv-remove-test> machine # [   13.011978] uhci_hcd 0000:00:01.2: irq 11, io port 0x0000c100
vm-test-run-thp-madv-remove-test> machine # [   13.013089] usb usb1: New USB device found, idVendor=1d6b, idProduct=0001, bcdDevice= 6.14
vm-test-run-thp-madv-remove-test> machine # [   13.018932] ACPI: \_SB_.LNKB: Enabled at IRQ 11
vm-test-run-thp-madv-remove-test> machine # [   13.027329] usb usb1: New USB device strings: Mfr=3, Product=2, SerialNumber=1
vm-test-run-thp-madv-remove-test> machine # [   13.029810] usb usb1: Product: UHCI Host Controller
vm-test-run-thp-madv-remove-test> machine # [   13.031710] usb usb1: Manufacturer: Linux 6.14.0-rc6 uhci_hcd
vm-test-run-thp-madv-remove-test> machine # [   13.035623] usb usb1: SerialNumber: 0000:00:01.2
vm-test-run-thp-madv-remove-test> machine # [   13.039613] hub 1-0:1.0: USB hub found
vm-test-run-thp-madv-remove-test> machine # [   13.049536] SCSI subsystem initialized
vm-test-run-thp-madv-remove-test> machine # [   13.050331] hub 1-0:1.0: 2 ports detected
vm-test-run-thp-madv-remove-test> machine # [   13.359028] scsi host0: ata_piix
vm-test-run-thp-madv-remove-test> machine # [   13.360958] scsi host1: ata_piix
vm-test-run-thp-madv-remove-test> machine # [   13.362081] ata1: PATA max MWDMA2 cmd 0x1f0 ctl 0x3f6 bmdma 0xc1e0 irq 14 lpm-pol 0
vm-test-run-thp-madv-remove-test> machine # [   13.364443] ata2: PATA max MWDMA2 cmd 0x170 ctl 0x376 bmdma 0xc1e8 irq 15 lpm-pol 0
vm-test-run-thp-madv-remove-test> machine # [   13.380820] usb 1-1: new full-speed USB device number 2 using uhci_hcd
vm-test-run-thp-madv-remove-test> machine # [   13.526701] ata2: found unknown device (class 0)
vm-test-run-thp-madv-remove-test> machine # [   13.531370] ata2.00: ATAPI: QEMU DVD-ROM, 2.5+, max UDMA/100
vm-test-run-thp-madv-remove-test> machine # [   13.537892] scsi 1:0:0:0: CD-ROM            QEMU     QEMU DVD-ROM     2.5+ PQ: 0 ANSI: 5
vm-test-run-thp-madv-remove-test> machine # [   13.551158] usb 1-1: New USB device found, idVendor=0627, idProduct=0001, bcdDevice= 0.00
vm-test-run-thp-madv-remove-test> machine # [   13.556939] usb 1-1: New USB device strings: Mfr=1, Product=3, SerialNumber=10
vm-test-run-thp-madv-remove-test> machine # [   13.561132] usb 1-1: Product: QEMU USB Tablet
vm-test-run-thp-madv-remove-test> machine # [   13.562852] usb 1-1: Manufacturer: QEMU
vm-test-run-thp-madv-remove-test> machine # [   13.564132] usb 1-1: SerialNumber: 28754-0000:00:01.2-1
vm-test-run-thp-madv-remove-test> machine # [   13.736504] virtio_blk virtio5: 16/0/0 default/read/poll queues
vm-test-run-thp-madv-remove-test> machine # [   15.005982] virtio_blk virtio5: [vda] 2097152 512-byte logical blocks (1.07 GB/1.00 GiB)
vm-test-run-thp-madv-remove-test> machine # [   15.050715] hid: raw HID events driver (C) Jiri Kosina
vm-test-run-thp-madv-remove-test> machine # [   15.054313] input: AT Translated Set 2 keyboard as /devices/platform/i8042/serio0/input/input0
vm-test-run-thp-madv-remove-test> machine # [   15.055243] netfs: FS-Cache loaded
vm-test-run-thp-madv-remove-test> machine # [   15.182783] usbcore: registered new interface driver usbhid
vm-test-run-thp-madv-remove-test> machine # [   15.186371] usbhid: USB HID core driver
vm-test-run-thp-madv-remove-test> machine # [   15.466853] 9pnet: Installing 9P2000 support
vm-test-run-thp-madv-remove-test> machine # [   15.469140] sr 1:0:0:0: [sr0] scsi3-mmc drive: 4x/4x cd/rw xa/form2 tray
vm-test-run-thp-madv-remove-test> machine # [   15.470297] input: QEMU QEMU USB Tablet as /devices/pci0000:00/0000:00:01.2/usb1/1-1/1-1:1.0/0003:0627:0001.0001/input/input2
vm-test-run-thp-madv-remove-test> machine # [   15.472930] cdrom: Uniform CD-ROM driver Revision: 3.20
vm-test-run-thp-madv-remove-test> machine # [   15.484626] hid-generic 0003:0627:0001.0001: input,hidraw0: USB HID v0.01 Mouse [QEMU QEMU USB Tablet] on usb-0000:00:01.2-1/input0
vm-test-run-thp-madv-remove-test> machine # [   16.704236] EXT4-fs (vda): mounted filesystem b5c8aca1-2fde-4f5a-b883-ac5c990f1889 r/w with ordered data mode. Quota mode: none.
vm-test-run-thp-madv-remove-test> machine # [   16.747025] 9p: Installing v9fs 9p2000 file system support
vm-test-run-thp-madv-remove-test> machine # [   17.988294] EXT4-fs (vda): re-mounted b5c8aca1-2fde-4f5a-b883-ac5c990f1889 r/w. Quota mode: none.
vm-test-run-thp-madv-remove-test> machine # [   17.994692] booting system configuration /nix/store/mbx6rn3600q0f0qx2s75gill9vgq0qwq-nixos-system-machine-test
vm-test-run-thp-madv-remove-test> machine # [   20.800648] systemd[1]: Inserted module 'autofs4'
vm-test-run-thp-madv-remove-test> machine # [   20.891617] systemd[1]: systemd 259 running in system mode (+PAM +AUDIT -SELINUX +APPARMOR +IMA +IPE +SMACK +SECCOMP +GCRYPT -GNUTLS +OPENSSL +ACL +BLKID +CURL +ELFUTILS +FIDO2 +IDN2 -IDN +KMOD +LIBCRYPTSETUP +LIBCRYPTSETUP_PLUGINS +LIBFDISK +PCRE2 +PWQUALITY +P11KIT +QRENCODE +TPM2 +BZIP2 +LZ4 +XZ +ZLIB +ZSTD +BPF_FRAMEWORK -BTF -XKBCOMMON +UTMP -SYSVINIT +LIBARCHIVE)
vm-test-run-thp-madv-remove-test> machine # [   20.901825] systemd[1]: Detected virtualization kvm.
vm-test-run-thp-madv-remove-test> machine # [   20.905237] systemd[1]: Detected architecture x86-64.
vm-test-run-thp-madv-remove-test> machine # [   20.908723] systemd[1]: Detected first boot.
vm-test-run-thp-madv-remove-test> machine # [   20.916393] systemd[1]: Initializing machine ID from random generator.
vm-test-run-thp-madv-remove-test> machine # [   20.925407] systemd[1]: Hostname set to <machine>.
vm-test-run-thp-madv-remove-test> machine # [   21.704239] systemd[1]: bpf-restrict-fs: LSM BPF program attached
vm-test-run-thp-madv-remove-test> machine # [   23.742081] systemd[1]: Applying preset policy.
vm-test-run-thp-madv-remove-test> machine # [   24.603274] systemd[1]: Populated /etc with preset unit settings.
vm-test-run-thp-madv-remove-test> machine # [   25.459926] systemd[1]: Queued start job for default target Multi-User System.
vm-test-run-thp-madv-remove-test> machine # [   25.524739] systemd[1]: Created slice Slice /system/getty.
vm-test-run-thp-madv-remove-test> machine # [   25.530091] systemd[1]: Created slice Slice /system/modprobe.
vm-test-run-thp-madv-remove-test> machine # [   25.533976] systemd[1]: Created slice User and Session Slice.
vm-test-run-thp-madv-remove-test> machine # [   25.536748] systemd[1]: Started Dispatch Password Requests to Console Directory Watch.
vm-test-run-thp-madv-remove-test> machine # [   25.539855] systemd[1]: Started Forward Password Requests to Wall Directory Watch.
vm-test-run-thp-madv-remove-test> machine # [   25.541833] systemd[1]: Expecting device /dev/hvc0...
vm-test-run-thp-madv-remove-test> machine # [   25.543157] systemd[1]: Expecting device /dev/ttyS0...
vm-test-run-thp-madv-remove-test> machine # [   25.544612] systemd[1]: Expecting device /sys/subsystem/net/devices/eth1...
vm-test-run-thp-madv-remove-test> machine # [   25.546406] systemd[1]: Reached target Local Encrypted Volumes.
vm-test-run-thp-madv-remove-test> machine # [   25.548014] systemd[1]: Reached target Virtual Machines and Containers.
vm-test-run-thp-madv-remove-test> machine # [   25.549806] systemd[1]: Reached target Path Units.
vm-test-run-thp-madv-remove-test> machine # [   25.551152] systemd[1]: Reached target Remote File Systems.
vm-test-run-thp-madv-remove-test> machine # [   25.552690] systemd[1]: Reached target Slice Units.
vm-test-run-thp-madv-remove-test> machine # [   25.554045] systemd[1]: Reached target Swaps.
vm-test-run-thp-madv-remove-test> machine # [   25.561375] systemd[1]: Listening on Process Core Dump Socket.
vm-test-run-thp-madv-remove-test> machine # [   25.567083] systemd[1]: Listening on Credential Encryption/Decryption.
vm-test-run-thp-madv-remove-test> machine # [   25.583856] systemd[1]: Listening on Journal Audit Socket.
vm-test-run-thp-madv-remove-test> machine # [   25.585964] systemd[1]: Listening on Journal Socket (/dev/log).
vm-test-run-thp-madv-remove-test> machine # [   25.588335] systemd[1]: Listening on Journal Sockets.
vm-test-run-thp-madv-remove-test> machine # [   25.591528] systemd[1]: Listening on Userspace Out-Of-Memory (OOM) Killer Socket.
vm-test-run-thp-madv-remove-test> machine # [   25.595708] systemd[1]: Make TPM PCR Policy was skipped because of an unmet condition check (ConditionSecurity=measured-uki).
vm-test-run-thp-madv-remove-test> machine # [   25.600245] systemd[1]: Listening on udev Control Socket.
vm-test-run-thp-madv-remove-test> machine # [   25.601804] systemd[1]: Listening on udev Kernel Socket.
vm-test-run-thp-madv-remove-test> machine # [   25.610321] systemd[1]: Mounting Huge Pages File System...
vm-test-run-thp-madv-remove-test> machine # [   25.616544] systemd[1]: Mounting POSIX Message Queue File System...
vm-test-run-thp-madv-remove-test> machine # [   25.625386] systemd[1]: Mounting Kernel Debug File System...
vm-test-run-thp-madv-remove-test> machine # [   25.632884] systemd[1]: Mounting Kernel Trace File System...
vm-test-run-thp-madv-remove-test> machine # [   25.660936] systemd[1]: Starting Create List of Static Device Nodes...
vm-test-run-thp-madv-remove-test> machine # [   25.664479] systemd[1]: Load Kernel Module 9pnet_virtio was skipped because of an unmet condition check (ConditionKernelModuleLoaded=!9pnet_virtio).
vm-test-run-thp-madv-remove-test> machine # [   25.678518] systemd[1]: Starting Load Kernel Module configfs...
vm-test-run-thp-madv-remove-test> machine # [   25.682180] systemd[1]: Load Kernel Module drm was skipped because of an unmet condition check (ConditionKernelModuleLoaded=!drm).
vm-test-run-thp-madv-remove-test> machine # [   25.696137] systemd[1]: Starting Load Kernel Module efi_pstore...
vm-test-run-thp-madv-remove-test> machine # [   25.709333] systemd[1]: Starting Load Kernel Module fuse...
vm-test-run-thp-madv-remove-test> machine # [   25.713868] systemd[1]: File System Check on Root Device was skipped because of an unmet condition check (ConditionPathIsReadWrite=!/).
vm-test-run-thp-madv-remove-test> machine # [   25.722520] systemd[1]: Clear Stale Hibernate Storage Info was skipped because of an unmet condition check (ConditionPathExists=/sys/firmware/efi/efivars/HibernateLocation-8cf2644b-4b0b-428f-9387-6d876050dc67).
vm-test-run-thp-madv-remove-test> machine # [   25.860490] systemd[1]: Starting Journal Service...
vm-test-run-thp-madv-remove-test> machine # [   25.867298] systemd[1]: Starting Load Kernel Modules...
vm-test-run-thp-madv-remove-test> machine # [   25.874823] systemd[1]: Starting Userspace Out-Of-Memory (OOM) Killer...
vm-test-run-thp-madv-remove-test> machine # [   25.880108] systemd[1]: Starting Remount Root and Kernel File Systems...
vm-test-run-thp-madv-remove-test> machine # [   25.882590] systemd[1]: Early TPM SRK Setup was skipped because of an unmet condition check (ConditionSecurity=measured-uki).
vm-test-run-thp-madv-remove-test> machine # [   25.891064] systemd[1]: Starting Coldplug All udev Devices...
vm-test-run-thp-madv-remove-test> machine # [   25.896949] systemd[1]: Mounted Huge Pages File System.
vm-test-run-thp-madv-remove-test> machine # [   25.899178] systemd[1]: Mounted POSIX Message Queue File System.
vm-test-run-thp-madv-remove-test> machine # [   25.901667] systemd[1]: Mounted Kernel Debug File System.
vm-test-run-thp-madv-remove-test> machine # [   25.904019] systemd[1]: Mounted Kernel Trace File System.
vm-test-run-thp-madv-remove-test> machine # [   25.907943] systemd[1]: Finished Create List of Static Device Nodes.
vm-test-run-thp-madv-remove-test> machine # [   25.911125] systemd[1]: modprobe@configfs.service: Deactivated successfully.
vm-test-run-thp-madv-remove-test> machine # [   25.914105] systemd[1]: Finished Load Kernel Module configfs.
vm-test-run-thp-madv-remove-test> machine # [   25.916698] systemd[1]: modprobe@efi_pstore.service: Deactivated successfully.
vm-test-run-thp-madv-remove-test> machine # [   25.919942] systemd[1]: Finished Load Kernel Module efi_pstore.
vm-test-run-thp-madv-remove-test> machine # [   25.927265] systemd[1]: Mounting Kernel Configuration File System...
vm-test-run-thp-madv-remove-test> machine # [   25.933782] systemd[1]: Starting Create Static Device Nodes in /dev gracefully...
vm-test-run-thp-madv-remove-test> machine # [   26.352196] systemd-journald[654]: Collecting audit messages is enabled.
vm-test-run-thp-madv-remove-test> machine # [   26.587381] systemd[1]: Mounted Kernel Configuration File System.
vm-test-run-thp-madv-remove-test> machine # [   26.778548] systemd[1]: Finished Create Static Device Nodes in /dev gracefully.
vm-test-run-thp-madv-remove-test> machine # [   26.780361] EXT4-fs (vda): re-mounted b5c8aca1-2fde-4f5a-b883-ac5c990f1889 r/w. Quota mode: none.
vm-test-run-thp-madv-remove-test> machine # [   26.792621] fuse: init (API version 7.42)
vm-test-run-thp-madv-remove-test> machine # [   26.569481] systemd-modules-load[656]: Using 2 probe threads
vm-test-run-thp-madv-remove-test> machine # [   26.794937] systemd[1]: Starting Create Static Device Nodes in /dev...
vm-test-run-thp-madv-remove-test> machine # [   26.800877] loop: module loaded
vm-test-run-thp-madv-remove-test> machine # [   26.801496] systemd[1]: Started Journal Service.
vm-test-run-thp-madv-remove-test> machine # [   26.577701] systemd-modules-load[656]: Inserted module 'loop'
vm-test-run-thp-madv-remove-test> machine # [   26.582746] systemd[1]: modprobe@fuse.service: Deactivated successfully.
vm-test-run-thp-madv-remove-test> machine # [   26.584851] systemd[1]: Finished Load Kernel Module fuse.
vm-test-run-thp-madv-remove-test> machine # [   26.586392] systemd[1]: Finished Load Kernel Modules.
vm-test-run-thp-madv-remove-test> machine # [   26.606798] systemd[1]: Finished Remount Root and Kernel File Systems.
vm-test-run-thp-madv-remove-test> machine # [   26.625161] systemd-oomd[657]: No swap; memory pressure usage will be degraded
vm-test-run-thp-madv-remove-test> machine # [   26.638286] systemd[1]: Starting Firewall...
vm-test-run-thp-madv-remove-test> machine # [   26.641331] systemd[1]: Starting Flush Journal to Persistent Storage...
vm-test-run-thp-madv-remove-test> machine # [   26.644791] systemd[1]: Platform Persistent Storage Archival was skipped because of an unmet condition check (ConditionDirectoryNotEmpty=/sys/fs/pstore).
vm-test-run-thp-madv-remove-test> machine # [   26.649238] systemd[1]: Starting Load/Save OS Random Seed...
vm-test-run-thp-madv-remove-test> machine # [   26.651614] systemd[1]: Starting Apply Kernel Variables...
vm-test-run-thp-madv-remove-test> machine # [   26.653277] systemd[1]: TPM SRK Setup was skipped because of an unmet condition check (ConditionSecurity=measured-uki).
vm-test-run-thp-madv-remove-test> machine # [   26.656305] systemd[1]: Started Userspace Out-Of-Memory (OOM) Killer.
vm-test-run-thp-madv-remove-test> machine # [   26.779191] systemd[1]: Finished Coldplug All udev Devices.
vm-test-run-thp-madv-remove-test> machine # [   26.782404] systemd[1]: Finished Create Static Device Nodes in /dev.
vm-test-run-thp-madv-remove-test> machine # [   26.786998] systemd[1]: Reached target Preparation for Local File Systems.
vm-test-run-thp-madv-remove-test> machine # [   26.792455] systemd[1]: Mounting /run/wrappers...
vm-test-run-thp-madv-remove-test> machine # [   26.798884] systemd[1]: Mounting FUSE Control File System...
vm-test-run-thp-madv-remove-test> machine # [   26.807191] systemd[1]: Starting Rule-based Manager for Device Events and Files...
vm-test-run-thp-madv-remove-test> machine # [   27.052254] systemd-journald[654]: Received client request to flush runtime journal.
vm-test-run-thp-madv-remove-test> machine # [   26.866870] systemd[1]: Finished Load/Save OS Random Seed.
vm-test-run-thp-madv-remove-test> machine # [   26.872321] systemd[1]: Reached target First Boot Complete.
vm-test-run-thp-madv-remove-test> machine # [   26.876890] systemd[1]: Mounted /run/wrappers.
vm-test-run-thp-madv-remove-test> machine # [   26.879687] systemd[1]: Reached target Local File Systems.
vm-test-run-thp-madv-remove-test> machine # [   26.883383] systemd[1]: Listening on Boot Entries Service Socket.
vm-test-run-thp-madv-remove-test> machine # [   26.887144] systemd[1]: Starting Create SUID/SGID Wrappers...
vm-test-run-thp-madv-remove-test> machine # [   26.890857] systemd[1]: Update Boot Loader Random Seed was skipped because no trigger condition checks were met.
vm-test-run-thp-madv-remove-test> machine # [   26.899944] systemd[1]: Starting Save Transient machine-id to Disk...
vm-test-run-thp-madv-remove-test> machine # [   26.907077] systemd[1]: Mounted FUSE Control File System.
vm-test-run-thp-madv-remove-test> machine # [   26.912894] systemd[1]: Finished Flush Journal to Persistent Storage.
vm-test-run-thp-madv-remove-test> machine # [   26.918289] systemd-udevd[688]: Using default interface naming scheme 'v259'.
vm-test-run-thp-madv-remove-test> machine # [   26.924475] systemd[1]: Finished Apply Kernel Variables.
vm-test-run-thp-madv-remove-test> machine # [   27.301164] systemd[1]: Starting Create System Files and Directories...
vm-test-run-thp-madv-remove-test> machine # [   27.388544] systemd[1]: Started Rule-based Manager for Device Events and Files.
vm-test-run-thp-madv-remove-test> machine: Guest root shell did not produce any data yet...
vm-test-run-thp-madv-remove-test> machine:   To debug, enter the VM and run 'systemctl status backdoor.service'.
vm-test-run-thp-madv-remove-test> machine # [   30.188345] systemd[1]: etc-machine\x2did.mount: Deactivated successfully.
vm-test-run-thp-madv-remove-test> machine # [   30.533846] systemd[1]: Finished Save Transient machine-id to Disk.
vm-test-run-thp-madv-remove-test> machine # [   30.637985] systemd[1]: Finished Create System Files and Directories.
vm-test-run-thp-madv-remove-test> machine # [   30.643843] systemd[1]: Starting Rebuild Journal Catalog...
vm-test-run-thp-madv-remove-test> machine # [   30.651358] systemd[1]: Starting Record System Boot/Shutdown in UTMP...
vm-test-run-thp-madv-remove-test> machine # [   30.658634] systemd[1]: Found device /dev/hvc0.
vm-test-run-thp-madv-remove-test> machine # [   30.662954] systemd[1]: Found device /dev/ttyS0.
vm-test-run-thp-madv-remove-test> machine # [   30.667428] (udev-worker)[755]: eth1: Config file /etc/systemd/network/40-eth1.link is applied to device based on potentially unpredictable interface name.
vm-test-run-thp-madv-remove-test> machine # [   30.681897] (udev-worker)[757]: Network interface NamePolicy= disabled on kernel command line.
vm-test-run-thp-madv-remove-test> machine # [   30.715735] (udev-worker)[755]: Network interface NamePolicy= disabled on kernel command line.
vm-test-run-thp-madv-remove-test> machine # [   30.844833] systemd[1]: Found device Virtio network device.
vm-test-run-thp-madv-remove-test> machine # [   31.667521] mousedev: PS/2 mouse device common for all mice
vm-test-run-thp-madv-remove-test> machine # [   31.456171] systemd[1]: Finis[   31.680524] rtc_cmos 00:05: RTC can wake from S4
vm-test-run-thp-madv-remove-test> machine # hed Rebuild Jour[   31.680706] input: Power Button as /devices/LNXSYSTM:00/LNXPWRBN:00/input/input3
vm-test-run-thp-madv-remove-test> machine # nal Catalog.
vm-test-run-thp-madv-remove-test> machine # [   31.685702] rtc_cmos 00:05: registered as rtc0
vm-test-run-thp-madv-remove-test> machine # [   31.690563] rtc_cmos 00:05: setting system clock to 2026-02-26T19:39:42 UTC (1772134782)
vm-test-run-thp-madv-remove-test> machine # [   31.692699] rtc_cmos 00:05: alarms up to one day, y3k, 242 bytes nvram, hpet irqs
vm-test-run-thp-madv-remove-test> machine # [   31.695088] systemd-journald[654]: Time jumped backwards, rotating.
vm-test-run-thp-madv-remove-test> machine # [   31.698545] ACPI: button: Power Button [PWRF]
vm-test-run-thp-madv-remove-test> machine # [   31.591917] systemd[1]: Starting Update is Completed...
vm-test-run-thp-madv-remove-test> machine # [   31.819516] Floppy drive(s): fd0 is 2.88M AMI BIOS
vm-test-run-thp-madv-remove-test> machine # [   31.604825] systemd[1]: Finished Record System Boot/Shutdown in UTMP.
vm-test-run-thp-madv-remove-test> machine # [   31.837069] parport_pc 00:03: reported by Plug and Play ACPI
vm-test-run-thp-madv-remove-test> machine # [   31.837219] bochs-drm 0000:00:02.0: vgaarb: deactivate vga console
vm-test-run-thp-madv-remove-test> machine # [   31.839256] parport0: PC-style at 0x378, irq 7 [PCSPP(,...)]
vm-test-run-thp-madv-remove-test> machine # [   31.847166] FDC 0 is a S82078B
vm-test-run-thp-madv-remove-test> machine # [   31.847384] piix4_smbus 0000:00:01.3: SMBus Host Controller at 0x700, revision 0
vm-test-run-thp-madv-remove-test> machine # [   31.847487] i2c i2c-0: Memory type 0x07 not supported yet, not instantiating SPD
vm-test-run-thp-madv-remove-test> machine # [   31.855446] input: QEMU Virtio Keyboard as /devices/pci0000:00/0000:00:0a.0/virtio7/input/input4
vm-test-run-thp-madv-remove-test> machine # [   31.859023] Console: switching to colour dummy device 80x25
vm-test-run-thp-madv-remove-test> machine # [   32.180749] [drm] Found bochs VGA, ID 0xb0c5.
vm-test-run-thp-madv-remove-test> machine # [   32.181819] [drm] Framebuffer size 16384 kB @ 0xfd000000, mmio @ 0xfebd0000.
vm-test-run-thp-madv-remove-test> machine # [   32.184456] [drm] Initialized bochs-drm 1.0.0 for 0000:00:02.0 on minor 0
vm-test-run-thp-madv-remove-test> machine # [   32.184707] cryptd: max_cpu_qlen set to 1000
vm-test-run-thp-madv-remove-test> machine # [   32.472466] input: VirtualPS/2 VMware VMMouse as /devices/platform/i8042/serio1/input/input6
vm-test-run-thp-madv-remove-test> machine # [   32.611378] fbcon: bochs-drmdrmfb (fb0) is primary device
vm-test-run-thp-madv-remove-test> machine # [   34.279194] AES CTR mode by8 optimization enabled
vm-test-run-thp-madv-remove-test> machine # [   34.286269] Console: switching to colour frame buffer device 160x50
vm-test-run-thp-madv-remove-test> machine # [   34.301561] bochs-drm 0000:00:02.0: [drm] fb0: bochs-drmdrmfb frame buffer device
vm-test-run-thp-madv-remove-test> machine # [   34.311864] input: VirtualPS/2 VMware VMMouse as /devices/platform/i8042/serio1/input/input5
vm-test-run-thp-madv-remove-test> machine # [   34.095309] systemd[1]: Finished Update is Completed.
vm-test-run-thp-madv-remove-test> machine # [   42.008410] systemd[1]: suid-sgid-wrappers.service: Deactivated successfully.
vm-test-run-thp-madv-remove-test> machine # [   42.012608] systemd[1]: Finished Create SUID/SGID Wrappers.
vm-test-run-thp-madv-remove-test> machine # [   42.014784] systemd[1]: suid-sgid-wrappers.service: Consumed 9.684s CPU time over 15.159s wall clock time, 4.6M memory peak.
vm-test-run-thp-madv-remove-test> machine # [   42.018641] systemd[1]: Reached target System Initialization.
vm-test-run-thp-madv-remove-test> machine # [   42.020444] systemd[1]: Started Discard unused filesystem blocks once a week.
vm-test-run-thp-madv-remove-test> machine # [   42.022041] systemd[1]: Started Daily Cleanup of Temporary Directories.
vm-test-run-thp-madv-remove-test> machine # [   42.023472] systemd[1]: Reached target Timer Units.
vm-test-run-thp-madv-remove-test> machine # [   42.024622] systemd[1]: Listening on D-Bus System Message Bus Socket.
vm-test-run-thp-madv-remove-test> machine # [   42.026125] systemd[1]: Listening on Nix Daemon Socket.
vm-test-run-thp-madv-remove-test> machine # [   42.027404] systemd[1]: Listening on Hostname Service Socket.
vm-test-run-thp-madv-remove-test> machine # [   42.028763] systemd[1]: Reached target Socket Units.
vm-test-run-thp-madv-remove-test> machine # [   42.030093] systemd[1]: Reached target Basic System.
vm-test-run-thp-madv-remove-test> machine # [   42.202956] systemd[1]: Started backdoor.service.
vm-test-run-thp-madv-remove-test> machine # [   42.551949] systemd[1]: Starting Import lastlog data into lastlog2 database...
vm-test-run-thp-madv-remove-test> machine # [   42.571651] systemd[1]: Starting Name Service Cache Daemon (nsncd)...
vm-test-run-thp-madv-remove-test> machine # [   42.579635] systemd[1]: Starting Post-boot Actions...
vm-test-run-thp-madv-remove-test> machine # connecting to host...
vm-test-run-thp-madv-remove-test> machine: Guest shell says: b'Spawning backdoor root shell...\n'
vm-test-run-thp-madv-remove-test> machine: connected to guest root shell
vm-test-run-thp-madv-remove-test> machine: (connecting took 43.67 seconds)
vm-test-run-thp-madv-remove-test> machine: (finished: waiting for the VM to finish booting, in 43.94 seconds)
vm-test-run-thp-madv-remove-test> machine # [   42.953835] systemd[1]: Started Reset console on configuration changes.
vm-test-run-thp-madv-remove-test> machine # [   43.087614] systemd[1]: Starting resolvconf update...
vm-test-run-thp-madv-remove-test> machine # [   43.094451] systemd[1]: Finished Post-boot Actions.
vm-test-run-thp-madv-remove-test> machine # [   43.131763] nsncd[853]: Feb 26 19:39:54.165 INFO started, config: Config { ignored_request_types: {}, worker_count: 8, handoff_timeout: 10s }, path: "/var/run/nscd/socket"
vm-test-run-thp-madv-remove-test> machine # [   43.311210] systemd[1]: Started Name Service Cache Daemon (nsncd).
vm-test-run-thp-madv-remove-test> machine # [   43.430779] systemd[1]: Finished Import lastlog data into lastlog2 database.
vm-test-run-thp-madv-remove-test> machine # [   43.440398] systemd[1]: Reached target Host and Network Name Lookups.
vm-test-run-thp-madv-remove-test> machine # [   43.442613] systemd[1]: Reached target User and Group Name Lookups.
vm-test-run-thp-madv-remove-test> machine # [   43.446438] systemd[1]: Starting D-Bus System Message Bus...
vm-test-run-thp-madv-remove-test> machine # [   43.455104] systemd[1]: Starting User Login Management...
vm-test-run-thp-madv-remove-test> machine # [   43.458525] systemd[1]: Stopped target Host and Network Name Lookups.
vm-test-run-thp-madv-remove-test> machine # [   43.461732] systemd[1]: Stopping Host and Network Name Lookups...
vm-test-run-thp-madv-remove-test> machine # [   43.464178] systemd[1]: Stopped target User and Group Name Lookups.
vm-test-run-thp-madv-remove-test> machine # [   43.464809] systemd[1]: Stopping User and Group Name Lookups...
vm-test-run-thp-madv-remove-test> machine # [   43.466463] systemd[1]: Stopping Name Service Cache Daemon (nsncd)...
vm-test-run-thp-madv-remove-test> machine # [   43.736241] systemd[1]: nscd.service: Deactivated successfully.
vm-test-run-thp-madv-remove-test> machine # [   43.744384] systemd[1]: Stopped Name Service Cache Daemon (nsncd).
vm-test-run-thp-madv-remove-test> machine # [   43.785775] systemd[1]: Starting Name Service Cache Daemon (nsncd)...
vm-test-run-thp-madv-remove-test> machine # [   43.858802] systemd[1]: Finished resolvconf update.
vm-test-run-thp-madv-remove-test> machine # [   43.865638] systemd[1]: Starting DHCP Client...
vm-test-run-thp-madv-remove-test> machine # [   43.882670] dbus-daemon[913]: dbus[913]: Unknown username "systemd-timesync" in message bus configuration file
vm-test-run-thp-madv-remove-test> machine # [   43.974759] systemd[1]: Started D-Bus System Message Bus.
vm-test-run-thp-madv-remove-test> machine # [   46.488584] kvm_amd: Nested Virtualization enabled
vm-test-run-thp-madv-remove-test> machine # [   46.490727] kvm_amd: Nested Paging enabled
vm-test-run-thp-madv-remove-test> machine # [   46.297699] systemd[1]: Started Name Service Cache Daemon (nsncd).
vm-test-run-thp-madv-remove-test> machine # [   46.298315] systemd[1]: Reached target Host and Network Name Lookups.
vm-test-run-thp-madv-remove-test> machine # [   46.299811] nsncd[939]: Feb 26 19:39:57.331 INFO started, config: Config { ignored_request_types: {}, worker_count: 8, handoff_timeout: 10s }, path: "/var/run/nscd/socket"
vm-test-run-thp-madv-remove-test> machine # [   46.301100] systemd[1]: Reached target User and Group Name Lookups.
vm-test-run-thp-madv-remove-test> machine # [   46.582266] systemd-logind[915]: New seat seat0.
vm-test-run-thp-madv-remove-test> machine # [   46.583762] systemd[1]: Started User Login Management.
vm-test-run-thp-madv-remove-test> machine # [   46.587914] systemd[1]: Starting linger-users.service...
vm-test-run-thp-madv-remove-test> machine # [   46.642447] dhcpcd[988]: dhcpcd-10.3.0 starting
vm-test-run-thp-madv-remove-test> machine # [   46.872196] EDAC MC: Ver: 3.0.0
vm-test-run-thp-madv-remove-test> machine # [   46.656752] dhcpcd[1001]: dev: loaded udev
vm-test-run-thp-madv-remove-test> machine # [   46.669821] systemd[1]: linger-users.service: Deactivated successfully.
vm-test-run-thp-madv-remove-test> machine # [   46.671366] systemd[1]: Finished linger-users.service.
vm-test-run-thp-madv-remove-test> machine # [   46.916820] 8021q: 802.1Q VLAN Support v1.8
vm-test-run-thp-madv-remove-test> machine # [   46.723844] systemd[1]: Starting Virtual Console Setup...
vm-test-run-thp-madv-remove-test> machine # [   46.960780] ppdev: user-space parallel port driver
vm-test-run-thp-madv-remove-test> machine # [   46.743340] systemd[1]: systemd-vconsole-setup.service: Deactivated successfully.
vm-test-run-thp-madv-remove-test> machine # [   46.744780] systemd[1]: Stopped Virtual Console Setup.
vm-test-run-thp-madv-remove-test> machine # [   46.750291] systemd[1]: Starting Virtual Console Setup...
vm-test-run-thp-madv-remove-test> machine # [   46.774675] systemd[1]: systemd-vconsole-setup.service: Deactivated successfully.
vm-test-run-thp-madv-remove-test> machine # [   46.775742] systemd[1]: Stopped Virtual Console Setup.
vm-test-run-thp-madv-remove-test> machine # [   46.777078] systemd[1]: Listening on Load/Save RF Kill Switch Status /dev/rfkill Watch.
vm-test-run-thp-madv-remove-test> machine # [   46.780624] systemd-logind[915]: Watching system buttons on /dev/input/event2 (Power Button)
vm-test-run-thp-madv-remove-test> machine # [   46.782448] systemd[1]: Starting Virtual Console Setup...
vm-test-run-thp-madv-remove-test> machine # [   46.783301] systemd-logind[915]: Watching system buttons on /dev/input/event0 (AT Translated Set 2 keyboard)
vm-test-run-thp-madv-remove-test> machine # [   46.794380] systemd-logind[915]: Watching system buttons on /dev/input/event3 (QEMU Virtio Keyboard)
vm-test-run-thp-madv-remove-test> machine # [   47.171157] cfg80211: Loading compiled-in X.509 certificates for regulatory database
vm-test-run-thp-madv-remove-test> machine # [   47.224416] Loaded X.509 cert 'sforshee: 00b28ddf47aef9cea7'
vm-test-run-thp-madv-remove-test> machine # [   47.229440] Loaded X.509 cert 'wens: 61c038651aabdcf94bd0ac7ff06c7248db18c600'
vm-test-run-thp-madv-remove-test> machine # [   47.237385] platform regulatory.0: Direct firmware load for regulatory.db failed with error -2
vm-test-run-thp-madv-remove-test> machine # [   47.240232] cfg80211: failed to load regulatory.db
vm-test-run-thp-madv-remove-test> machine # [   47.349426] 8021q: adding VLAN 0 to HW filter on device eth0
vm-test-run-thp-madv-remove-test> machine # [   47.129381] dhcpcd[1001]: eth0: waiting for carrier
vm-test-run-thp-madv-remove-test> machine # [   47.129793] dhcpcd[1001]: eth0: carrier acquired
vm-test-run-thp-madv-remove-test> machine # [   47.149976] dhcpcd[1001]: DUID 00:01:00:01:31:33:5e:0e:52:54:00:12:34:56
vm-test-run-thp-madv-remove-test> machine # [   47.151748] dhcpcd[1001]: eth0: IAID 00:12:34:56
vm-test-run-thp-madv-remove-test> machine # [   47.153875] dhcpcd[1001]: eth0: adding address fe80::5054:ff:fe12:3456
vm-test-run-thp-madv-remove-test> machine # [   47.190866] systemd[1]: Finished Firewall.
vm-test-run-thp-madv-remove-test> machine # [   47.192743] systemd[1]: Reached target Preparation for Network.
vm-test-run-thp-madv-remove-test> machine # [   47.197817] systemd[1]: Starting Address configuration of eth1...
vm-test-run-thp-madv-remove-test> machine # [   47.553779] 8021q: adding VLAN 0 to HW filter on device eth1
vm-test-run-thp-madv-remove-test> machine # [   47.356855] network-addresses-eth1-start[1071]: adding address 192.168.1.1/24... done
vm-test-run-thp-madv-remove-test> machine # [   47.376805] network-addresses-eth1-start[1071]: adding address 2001:db8:1::1/64... done
vm-test-run-thp-madv-remove-test> machine # [   47.405786] systemd[1]: Finished Address configuration of eth1.
vm-test-run-thp-madv-remove-test> machine # [   47.412144] systemd[1]: Starting Networking Setup...
vm-test-run-thp-madv-remove-test> machine # [   47.678818] systemd[1]: Finished Networking Setup.
vm-test-run-thp-madv-remove-test> machine # [   47.680179] systemd[1]: Reached target Network.
vm-test-run-thp-madv-remove-test> machine # [   47.684735] systemd[1]: Starting Permit User Sessions...
vm-test-run-thp-madv-remove-test> machine # [   47.881179] systemd[1]: Finished Virtual Console Setup.
vm-test-run-thp-madv-remove-test> machine # [   47.916955] systemd[1]: Finished Permit User Sessions.
vm-test-run-thp-madv-remove-test> machine # [   47.924089] systemd[1]: Started Getty on tty1.
vm-test-run-thp-madv-remove-test> machine # [   47.924386] systemd[1]: Reached target Login Prompts.
vm-test-run-thp-madv-remove-test> machine # [   48.249177] dhcpcd[1001]: eth0: soliciting a DHCP lease
vm-test-run-thp-madv-remove-test> machine # [   48.510343] NET: Registered PF_PACKET protocol family
vm-test-run-thp-madv-remove-test> machine # [   48.304924] dhcpcd[1001]: eth0: offered 10.0.2.15 from 10.0.2.2
vm-test-run-thp-madv-remove-test> machine # [   48.320347] dhcpcd[1001]: eth0: probing address 10.0.2.15/24
vm-test-run-thp-madv-remove-test> machine # [   49.356927] dhcpcd[1001]: eth0: soliciting an IPv6 router
vm-test-run-thp-madv-remove-test> machine # [   49.358987] dhcpcd[1001]: eth0: Router Advertisement from fe80::2
vm-test-run-thp-madv-remove-test> machine # [   49.361132] dhcpcd[1001]: eth0: adding address fec0::5054:ff:fe12:3456/64
vm-test-run-thp-madv-remove-test> machine # [   49.362842] dhcpcd[1001]: eth0: adding route to fec0::/64
vm-test-run-thp-madv-remove-test> machine # [   49.364926] dhcpcd[1001]: eth0: adding default route via fe80::2
vm-test-run-thp-madv-remove-test> machine # [   52.872463] dhcpcd[1001]: eth0: leased 10.0.2.15 for 86400 seconds
vm-test-run-thp-madv-remove-test> machine # [   52.872878] dhcpcd[1001]: eth0: adding route to 10.0.2.0/24
vm-test-run-thp-madv-remove-test> machine # [   52.876847] dhcpcd[1001]: eth0: adding default route via 10.0.2.2
vm-test-run-thp-madv-remove-test> machine # [   53.112158] systemd[1]: Started DHCP Client.
vm-test-run-thp-madv-remove-test> machine # [   53.114553] systemd[1]: Reached target Multi-User System.
vm-test-run-thp-madv-remove-test> machine # [   53.115928] systemd[1]: Startup finished in 20.495s (kernel) + 32.619s (userspace) = 53.115s.
vm-test-run-thp-madv-remove-test> machine: (finished: waiting for unit multi-user.target, in 54.77 seconds)
vm-test-run-thp-madv-remove-test> machine: must succeed: grep -q '\[advise\]' /sys/kernel/mm/transparent_hugepage/shmem_enabled
vm-test-run-thp-madv-remove-test> machine: (finished: must succeed: grep -q '\[advise\]' /sys/kernel/mm/transparent_hugepage/shmem_enabled, in 0.05 seconds)
vm-test-run-thp-madv-remove-test> machine: must succeed: systemd-run --service-type=exec --wait -u thp-madv-remove-test thp-madv-remove-test
vm-test-run-thp-madv-remove-test> machine # Running as unit: thp-madv-remove-test.service
vm-test-run-thp-madv-remove-test> machine # [   53.613770] systemd[1]: Starting [systemd-run] /run/current-system/sw/bin/thp-madv-remove-test...
vm-test-run-thp-madv-remove-test> machine # [   53.679887] systemd[1]: Started [systemd-run] /run/current-system/sw/bin/thp-madv-remove-test.
vm-test-run-thp-madv-remove-test> machine # [   53.686575] thp-madv-remove-test[1236]: THP + MADV_REMOVE cross-process kernel regression test
vm-test-run-thp-madv-remove-test> machine # [   53.687632] thp-madv-remove-test[1236]: =======================================================
vm-test-run-thp-madv-remove-test> machine # [   53.689827] thp-madv-remove-test[1236]: File size:       20 MiB
vm-test-run-thp-madv-remove-test> machine # [   53.691376] thp-madv-remove-test[1236]: Total pages:     5120
vm-test-run-thp-madv-remove-test> machine # [   53.692343] thp-madv-remove-test[1236]: Child readers:   16
vm-test-run-thp-madv-remove-test> machine # [   53.693294] thp-madv-remove-test[1236]: Punching every 7th page (731 pages)
vm-test-run-thp-madv-remove-test> machine # [   53.694933] thp-madv-remove-test[1236]: Iterations:      1000
vm-test-run-thp-madv-remove-test> machine # [   53.695532] thp-madv-remove-test[1236]: --- Iteration 1/1000 ---
vm-test-run-thp-madv-remove-test> machine # [   55.063175] thp-madv-remove-test[1237]: post-sleep failures: 0
vm-test-run-thp-madv-remove-test> machine # [   55.066134] thp-madv-remove-test[1236]:   Child: 1038631 pages verified, 0 failures
vm-test-run-thp-madv-remove-test> machine # [   55.068761] thp-madv-remove-test[1236]:   All 4388 non-punched pages verified OK
vm-test-run-thp-madv-remove-test> machine # [   55.068917] thp-madv-remove-test[1236]:   Parent verification failures: 0
vm-test-run-thp-madv-remove-test> machine # [   55.076324] thp-madv-remove-test[1236]: Iteration 1 PASSED
vm-test-run-thp-madv-remove-test> machine # [   55.077178] thp-madv-remove-test[1236]: --- Iteration 2/1000 ---
vm-test-run-thp-madv-remove-test> machine # [   55.943608] thp-madv-remove-test[1254]: post-sleep failures: 0
vm-test-run-thp-madv-remove-test> machine # [   55.945606] thp-madv-remove-test[1236]:   Child: 1735209 pages verified, 0 failures
vm-test-run-thp-madv-remove-test> machine # [   55.947239] thp-madv-remove-test[1236]:   All 4388 non-punched pages verified OK
vm-test-run-thp-madv-remove-test> machine # [   55.947362] thp-madv-remove-test[1236]:   Parent verification failures: 0
vm-test-run-thp-madv-remove-test> machine # [   55.951200] thp-madv-remove-test[1236]: Iteration 2 PASSED
vm-test-run-thp-madv-remove-test> machine # [   55.951757] thp-madv-remove-test[1236]: --- Iteration 3/1000 ---
vm-test-run-thp-madv-remove-test> machine # [   59.152944] thp-madv-remove-test[1271]: post-sleep failures: 0
vm-test-run-thp-madv-remove-test> machine # [   59.155285] thp-madv-remove-test[1236]:   Child: 70112 pages verified, 0 failures
vm-test-run-thp-madv-remove-test> machine # [   59.156718] thp-madv-remove-test[1236]:   All 4388 non-punched pages verified OK
vm-test-run-thp-madv-remove-test> machine # [   59.157788] thp-madv-remove-test[1236]:   Parent verification failures: 0
vm-test-run-thp-madv-remove-test> machine # [   59.162361] thp-madv-remove-test[1236]: Iteration 3 PASSED
vm-test-run-thp-madv-remove-test> machine # [   59.162813] thp-madv-remove-test[1236]: --- Iteration 4/1000 ---
vm-test-run-thp-madv-remove-test> machine # [   59.339874] thp-madv-remove-test[1289]: post-sleep failures: 0
vm-test-run-thp-madv-remove-test> machine # [   59.342065] thp-madv-remove-test[1236]:   Child: 442654 pages verified, 0 failures
vm-test-run-thp-madv-remove-test> machine # [   59.343729] thp-madv-remove-test[1236]:   All 4388 non-punched pages verified OK
vm-test-run-thp-madv-remove-test> machine # [   59.343859] thp-madv-remove-test[1236]:   Parent verification failures: 0
vm-test-run-thp-madv-remove-test> machine # [   59.348658] thp-madv-remove-test[1236]: Iteration 4 PASSED
vm-test-run-thp-madv-remove-test> machine # [   59.349385] thp-madv-remove-test[1236]: --- Iteration 5/1000 ---
vm-test-run-thp-madv-remove-test> machine # [   60.039422] thp-madv-remove-test[1306]: post-sleep failures: 0
vm-test-run-thp-madv-remove-test> machine # [   60.040276] thp-madv-remove-test[1236]:   Child: 1770449 pages verified, 0 failures
vm-test-run-thp-madv-remove-test> machine # [   60.041336] thp-madv-remove-test[1236]:   All 4388 non-punched pages verified OK
vm-test-run-thp-madv-remove-test> machine # [   60.042171] thp-madv-remove-test[1236]:   Parent verification failures: 0
vm-test-run-thp-madv-remove-test> machine # [   60.049514] thp-madv-remove-test[1236]: Iteration 5 PASSED
vm-test-run-thp-madv-remove-test> machine # [   60.049632] thp-madv-remove-test[1236]: --- Iteration 6/1000 ---
vm-test-run-thp-madv-remove-test> machine # [   60.618239] thp-madv-remove-test[1324]: post-sleep failures: 0
vm-test-run-thp-madv-remove-test> machine # [   60.620991] thp-madv-remove-test[1236]:   Child: 311178 pages verified, 0 failures
vm-test-run-thp-madv-remove-test> machine # [   60.622892] thp-madv-remove-test[1236]:   All 4388 non-punched pages verified OK
vm-test-run-thp-madv-remove-test> machine # [   60.624115] thp-madv-remove-test[1236]:   Parent verification failures: 0
vm-test-run-thp-madv-remove-test> machine # [   60.630298] thp-madv-remove-test[1236]: Iteration 6 PASSED
vm-test-run-thp-madv-remove-test> machine # [   60.630477] thp-madv-remove-test[1236]: --- Iteration 7/1000 ---
vm-test-run-thp-madv-remove-test> machine # [   60.662608] thp-madv-remove-test[1341]: post-sleep failures: 0
vm-test-run-thp-madv-remove-test> machine # [   60.663912] thp-madv-remove-test[1236]:   Child: 512700 pages verified, 0 failures
vm-test-run-thp-madv-remove-test> machine # [   60.665859] thp-madv-remove-test[1236]:   All 4388 non-punched pages verified OK
vm-test-run-thp-madv-remove-test> machine # [   60.665972] thp-madv-remove-test[1236]:   Parent verification failures: 0
vm-test-run-thp-madv-remove-test> machine # [   60.671766] thp-madv-remove-test[1236]: Iteration 7 PASSED
vm-test-run-thp-madv-remove-test> machine # [   60.671931] thp-madv-remove-test[1236]: --- Iteration 8/1000 ---
vm-test-run-thp-madv-remove-test> machine # [   61.097746] thp-madv-remove-test[1358]: post-sleep failures: 0
vm-test-run-thp-madv-remove-test> machine # [   61.098930] thp-madv-remove-test[1236]:   Child: 1121883 pages verified, 0 failures
vm-test-run-thp-madv-remove-test> machine # [   61.100589] thp-madv-remove-test[1236]:   All 4388 non-punched pages verified OK
vm-test-run-thp-madv-remove-test> machine # [   61.100863] thp-madv-remove-test[1236]:   Parent verification failures: 0
vm-test-run-thp-madv-remove-test> machine # [   61.106568] thp-madv-remove-test[1236]: Iteration 8 PASSED
vm-test-run-thp-madv-remove-test> machine # [   61.107157] thp-madv-remove-test[1236]: --- Iteration 9/1000 ---
vm-test-run-thp-madv-remove-test> machine # [   64.437367] thp-madv-remove-test[1375]: post-sleep failures: 0
vm-test-run-thp-madv-remove-test> machine # [   64.439935] thp-madv-remove-test[1236]:   Child: 499563 pages verified, 0 failures
vm-test-run-thp-madv-remove-test> machine # [   64.443238] thp-madv-remove-test[1236]:   All 4388 non-punched pages verified OK
vm-test-run-thp-madv-remove-test> machine # [   64.443789] thp-madv-remove-test[1236]:   Parent verification failures: 0
vm-test-run-thp-madv-remove-test> machine # [   64.449724] thp-madv-remove-test[1236]: Iteration 9 PASSED
vm-test-run-thp-madv-remove-test> machine # [   64.449957] thp-madv-remove-test[1236]: --- Iteration 10/1000 ---
vm-test-run-thp-madv-remove-test> machine # [   65.640069] thp-madv-remove-test[1393]: post-sleep failures: 0
vm-test-run-thp-madv-remove-test> machine # [   65.641505] thp-madv-remove-test[1236]:   Child: 1336454 pages verified, 0 failures
vm-test-run-thp-madv-remove-test> machine # [   65.643129] thp-madv-remove-test[1236]:   All 4388 non-punched pages verified OK
vm-test-run-thp-madv-remove-test> machine # [   65.643249] thp-madv-remove-test[1236]:   Parent verification failures: 0
vm-test-run-thp-madv-remove-test> machine # [   65.648549] thp-madv-remove-test[1236]: Iteration 10 PASSED
vm-test-run-thp-madv-remove-test> machine # [   65.648713] thp-madv-remove-test[1236]: --- Iteration 11/1000 ---
vm-test-run-thp-madv-remove-test> machine # [   66.342504] thp-madv-remove-test[1410]: post-sleep failures: 0
vm-test-run-thp-madv-remove-test> machine # [   66.345901] thp-madv-remove-test[1236]:   Child: 70112 pages verified, 0 failures
vm-test-run-thp-madv-remove-test> machine # [   66.349241] thp-madv-remove-test[1236]:   All 4388 non-punched pages verified OK
vm-test-run-thp-madv-remove-test> machine # [   66.349438] thp-madv-remove-test[1236]:   Parent verification failures: 0
vm-test-run-thp-madv-remove-test> machine # [   66.360106] thp-madv-remove-test[1236]: Iteration 11 PASSED
vm-test-run-thp-madv-remove-test> machine # [   66.360916] thp-madv-remove-test[1236]: --- Iteration 12/1000 ---
vm-test-run-thp-madv-remove-test> machine # [   66.542633] thp-madv-remove-test[1427]: post-sleep failures: 0
vm-test-run-thp-madv-remove-test> machine # [   66.544647] thp-madv-remove-test[1236]:   Child: 1376126 pages verified, 0 failures
vm-test-run-thp-madv-remove-test> machine # [   66.545888] thp-madv-remove-test[1236]:   All 4388 non-punched pages verified OK
vm-test-run-thp-madv-remove-test> machine # [   66.546752] thp-madv-remove-test[1236]:   Parent verification failures: 0
vm-test-run-thp-madv-remove-test> machine # [   66.550415] thp-madv-remove-test[1236]: Iteration 12 PASSED
vm-test-run-thp-madv-remove-test> machine # [   66.550625] thp-madv-remove-test[1236]: --- Iteration 13/1000 ---
vm-test-run-thp-madv-remove-test> machine # [   66.758530] thp-madv-remove-test[1444]: post-sleep failures: 0
vm-test-run-thp-madv-remove-test> machine # [   66.761220] thp-madv-remove-test[1236]:   Child: 2493428 pages verified, 0 failures
vm-test-run-thp-madv-remove-test> machine # [   66.762469] thp-madv-remove-test[1236]:   All 4388 non-punched pages verified OK
vm-test-run-thp-madv-remove-test> machine # [   66.763677] thp-madv-remove-test[1236]:   Parent verification failures: 0
vm-test-run-thp-madv-remove-test> machine # [   66.772316] thp-madv-remove-test[1236]: Iteration 13 PASSED
vm-test-run-thp-madv-remove-test> machine # [   66.772837] thp-madv-remove-test[1236]: --- Iteration 14/1000 ---
vm-test-run-thp-madv-remove-test> machine # [   69.924355] thp-madv-remove-test[1462]: post-sleep failures: 0
vm-test-run-thp-madv-remove-test> machine # [   69.926814] thp-madv-remove-test[1236]:   Child: 2063969 pages verified, 0 failures
vm-test-run-thp-madv-remove-test> machine # [   69.928283] thp-madv-remove-test[1236]:   All 4388 non-punched pages verified OK
vm-test-run-thp-madv-remove-test> machine # [   69.929202] thp-madv-remove-test[1236]:   Parent verification failures: 0
vm-test-run-thp-madv-remove-test> machine # [   69.932333] thp-madv-remove-test[1236]: Iteration 14 PASSED
vm-test-run-thp-madv-remove-test> machine # [   69.932556] thp-madv-remove-test[1236]: --- Iteration 15/1000 ---
vm-test-run-thp-madv-remove-test> machine # [   70.096080] thp-madv-remove-test[1479]: post-sleep failures: 0
vm-test-run-thp-madv-remove-test> machine # [   70.098086] thp-madv-remove-test[1236]:   Child: 504006 pages verified, 0 failures
vm-test-run-thp-madv-remove-test> machine # [   70.100643] thp-madv-remove-test[1236]:   All 4388 non-punched pages verified OK
vm-test-run-thp-madv-remove-test> machine # [   70.100790] thp-madv-remove-test[1236]:   Parent verification failures: 0
vm-test-run-thp-madv-remove-test> machine # [   70.107976] thp-madv-remove-test[1236]: Iteration 15 PASSED
vm-test-run-thp-madv-remove-test> machine # [   70.108749] thp-madv-remove-test[1236]: --- Iteration 16/1000 ---
vm-test-run-thp-madv-remove-test> machine # [   70.422594] thp-madv-remove-test[1497]: post-sleep failures: 0
vm-test-run-thp-madv-remove-test> machine # [   70.424627] thp-madv-remove-test[1236]:   Child: 788879 pages verified, 0 failures
vm-test-run-thp-madv-remove-test> machine # [   70.428414] thp-madv-remove-test[1236]:   All 4388 non-punched pages verified OK
vm-test-run-thp-madv-remove-test> machine # [   70.428912] thp-madv-remove-test[1236]:   Parent verification failures: 0
vm-test-run-thp-madv-remove-test> machine # [   70.437299] thp-madv-remove-test[1236]: Iteration 16 PASSED
vm-test-run-thp-madv-remove-test> machine # [   70.437746] thp-madv-remove-test[1236]: --- Iteration 17/1000 ---
vm-test-run-thp-madv-remove-test> machine # [   71.285193] thp-madv-remove-test[1514]: post-sleep failures: 0
vm-test-run-thp-madv-remove-test> machine # [   71.286414] thp-madv-remove-test[1236]:   Child: 1652009 pages verified, 0 failures
vm-test-run-thp-madv-remove-test> machine # [   71.287448] thp-madv-remove-test[1236]:   All 4388 non-punched pages verified OK
vm-test-run-thp-madv-remove-test> machine # [   71.288716] thp-madv-remove-test[1236]:   Parent verification failures: 0
vm-test-run-thp-madv-remove-test> machine # [   71.294676] thp-madv-remove-test[1236]: Iteration 17 PASSED
vm-test-run-thp-madv-remove-test> machine # [   71.294792] thp-madv-remove-test[1236]: --- Iteration 18/1000 ---
vm-test-run-thp-madv-remove-test> machine # [   71.635432] thp-madv-remove-test[1531]: post-sleep failures: 0
