warning: Git tree '/home/bas/thp-madv-remove-test' is dirty
this derivation will be built:
  /nix/store/93mj4cfyz0bmw13wr0n7xr0drphxdh9v-vm-test-run-thp-madv-remove-test.drv
building '/nix/store/93mj4cfyz0bmw13wr0n7xr0drphxdh9v-vm-test-run-thp-madv-remove-test.drv'...
vm-test-run-thp-madv-remove-test> Machine state will be reset. To keep it, pass --keep-vm-state
vm-test-run-thp-madv-remove-test> start all VLans
vm-test-run-thp-madv-remove-test> start vlan
vm-test-run-thp-madv-remove-test> running vlan (pid 7; ctl /build/vde1.ctl)
vm-test-run-thp-madv-remove-test> (finished: start all VLans, in 0.00 seconds)
vm-test-run-thp-madv-remove-test> Test will time out and terminate in 3600 seconds
vm-test-run-thp-madv-remove-test> run the VM test script
vm-test-run-thp-madv-remove-test> additionally exposed symbols:
vm-test-run-thp-madv-remove-test>     machine,
vm-test-run-thp-madv-remove-test>     vlan1,
vm-test-run-thp-madv-remove-test>     start_all, test_script, machines, vlans, driver, log, os, create_machine, subtest, run_tests, join_all, retry, serial_stdout_off, serial_stdout_on, polling_condition, Machine, t, debug
vm-test-run-thp-madv-remove-test> machine: waiting for unit multi-user.target
vm-test-run-thp-madv-remove-test> machine: waiting for the VM to finish booting
vm-test-run-thp-madv-remove-test> machine: starting vm
vm-test-run-thp-madv-remove-test> mke2fs 1.47.3 (8-Jul-2025)
vm-test-run-thp-madv-remove-test> machine: QEMU running (pid 9)
vm-test-run-thp-madv-remove-test> machine # Disk image does not exist, creating the virtualisation disk image...
vm-test-run-thp-madv-remove-test> machine # Formatting '/build/vm-state-machine/tmp.zMHhf9IyHb', fmt=raw size=1073741824
vm-test-run-thp-madv-remove-test> machine # Discarding device blocks:      0/26214            done
vm-test-run-thp-madv-remove-test> machine # Creating filesystem with 262144 4k blocks and 65536 inodes
vm-test-run-thp-madv-remove-test> machine # Filesystem UUID: cf9df146-23e5-4d73-a225-a83a29194ca2
vm-test-run-thp-madv-remove-test> machine # Superblock backups stored on blocks:
vm-test-run-thp-madv-remove-test> machine #     32768, 98304, 163840, 229376
vm-test-run-thp-madv-remove-test> machine # 
vm-test-run-thp-madv-remove-test> machine # Allocating group tables: 0/  done
vm-test-run-thp-madv-remove-test> machine # Writing inode tables: 0/  done
vm-test-run-thp-madv-remove-test> machine # Creating journal (8192 blocks): done
vm-test-run-thp-madv-remove-test> machine # Writing superblocks and filesystem accounting information: 0/  done
vm-test-run-thp-madv-remove-test> machine # 
vm-test-run-thp-madv-remove-test> machine # Virtualisation disk image created.
vm-test-run-thp-madv-remove-test> machine # cSeaBIOS (version rel-1.17.0-0-gb52ca86e094d-prebuilt.qemu.org)
vm-test-run-thp-madv-remove-test> machine # 
vm-test-run-thp-madv-remove-test> machine # 
vm-test-run-thp-madv-remove-test> machine # iPXE (http://ipxe.org) 00:03.0 CA00 PCI2.10 PnP PMM+3EFD1920+3EF31920 CA00
vm-test-run-thp-madv-remove-test> machine # Press Ctrl-B to configure iPXE (PCI 00:03.0)...
vm-test-run-thp-madv-remove-test> machine # 
vm-test-run-thp-madv-remove-test> machine # 
vm-test-run-thp-madv-remove-test> machine # 
vm-test-run-thp-madv-remove-test> machine # 
vm-test-run-thp-madv-remove-test> machine # iPXE (http://ipxe.org) 00:09.0 CB00 PCI2.10 PnP PMM 3EFD1920 3EF31920 CB00
vm-test-run-thp-madv-remove-test> machine # Press Ctrl-B to configure iPXE (PCI 00:09.0)...
vm-test-run-thp-madv-remove-test> machine # 
vm-test-run-thp-madv-remove-test> machine # 
vm-test-run-thp-madv-remove-test> machine # Booting from ROM...
vm-test-run-thp-madv-remove-test> machine # Probing EDD (edd=off to disable)... oc[    0.000000] Linux version 6.14.0-rc6 (nixbld@localhost) (gcc (GCC) 15.2.0, GNU ld (GNU Binutils) 2.44) #1-NixOS SMP PREEMPT_DYNAMIC Tue Jan  1 00:00:00 UTC 1980
vm-test-run-thp-madv-remove-test> machine # [    0.000000] Command line: console=ttyS0 console=tty0 panic=1 boot.panic_on_fail clocksource=acpi_pm loglevel=7 net.ifnames=0 lsm=landlock,yama,bpf init=/nix/store/fzx9xzg31rc3k5ym2nk3jvmbxh087wng-nixos-system-machine-test/init regInfo=/nix/store/g31va97vwk6v007cz7hkrlfmkz702rky-closure-info/registration console=ttyS0,115200n8 console=tty0
vm-test-run-thp-madv-remove-test> machine # [    0.000000] BIOS-provided physical RAM map:
vm-test-run-thp-madv-remove-test> machine # [    0.000000] BIOS-e820: [mem 0x0000000000000000-0x000000000009fbff] usable
vm-test-run-thp-madv-remove-test> machine # [    0.000000] BIOS-e820: [mem 0x000000000009fc00-0x000000000009ffff] reserved
vm-test-run-thp-madv-remove-test> machine # [    0.000000] BIOS-e820: [mem 0x00000000000f0000-0x00000000000fffff] reserved
vm-test-run-thp-madv-remove-test> machine # [    0.000000] BIOS-e820: [mem 0x0000000000100000-0x000000003ffdafff] usable
vm-test-run-thp-madv-remove-test> machine # [    0.000000] BIOS-e820: [mem 0x000000003ffdb000-0x000000003fffffff] reserved
vm-test-run-thp-madv-remove-test> machine # [    0.000000] BIOS-e820: [mem 0x00000000feffc000-0x00000000feffffff] reserved
vm-test-run-thp-madv-remove-test> machine # [    0.000000] BIOS-e820: [mem 0x00000000fffc0000-0x00000000ffffffff] reserved
vm-test-run-thp-madv-remove-test> machine # [    0.000000] BIOS-e820: [mem 0x000000fd00000000-0x000000ffffffffff] reserved
vm-test-run-thp-madv-remove-test> machine # [    0.000000] NX (Execute Disable) protection: active
vm-test-run-thp-madv-remove-test> machine # [    0.000000] APIC: Static calls initialized
vm-test-run-thp-madv-remove-test> machine # [    0.000000] SMBIOS 2.8 present.
vm-test-run-thp-madv-remove-test> machine # [    0.000000] DMI: QEMU Standard PC (i440FX + PIIX, 1996), BIOS rel-1.17.0-0-gb52ca86e094d-prebuilt.qemu.org 04/01/2014
vm-test-run-thp-madv-remove-test> machine # [    0.000000] DMI: Memory slots populated: 1/1
vm-test-run-thp-madv-remove-test> machine # [    0.000000] Hypervisor detected: KVM
vm-test-run-thp-madv-remove-test> machine # [    0.000000] kvm-clock: Using msrs 4b564d01 and 4b564d00
vm-test-run-thp-madv-remove-test> machine # [    0.000000] kvm-clock: using sched offset of 441292221 cycles
vm-test-run-thp-madv-remove-test> machine # [    0.000002] clocksource: kvm-clock: mask: 0xffffffffffffffff max_cycles: 0x1cd42e4dffb, max_idle_ns: 881590591483 ns
vm-test-run-thp-madv-remove-test> machine # [    0.000006] tsc: Detected 3000.004 MHz processor
vm-test-run-thp-madv-remove-test> machine # [    0.001009] last_pfn = 0x3ffdb max_arch_pfn = 0x400000000
vm-test-run-thp-madv-remove-test> machine # [    0.001050] MTRR map: 4 entries (3 fixed + 1 variable; max 19), built from 8 variable MTRRs
vm-test-run-thp-madv-remove-test> machine # [    0.001054] x86/PAT: Configuration [0-7]: WB  WC  UC- UC  WB  WP  UC- WT
vm-test-run-thp-madv-remove-test> machine # [    0.003513] found SMP MP-table at [mem 0x000f5470-0x000f547f]
vm-test-run-thp-madv-remove-test> machine # [    0.003527] Using GB pages for direct mapping
vm-test-run-thp-madv-remove-test> machine # [    0.003640] RAMDISK: [mem 0x3f3bf000-0x3ffcffff]
vm-test-run-thp-madv-remove-test> machine # [    0.003647] ACPI: Early table checksum verification disabled
vm-test-run-thp-madv-remove-test> machine # [    0.003651] ACPI: RSDP 0x00000000000F5290 000014 (v00 BOCHS )
vm-test-run-thp-madv-remove-test> machine # [    0.003658] ACPI: RSDT 0x000000003FFE2959 000034 (v01 BOCHS  BXPC     00000001 BXPC 00000001)
vm-test-run-thp-madv-remove-test> machine # [    0.003663] ACPI: FACP 0x000000003FFE2795 000074 (v01 BOCHS  BXPC     00000001 BXPC 00000001)
vm-test-run-thp-madv-remove-test> machine # [    0.003667] ACPI: DSDT 0x000000003FFE0040 002755 (v01 BOCHS  BXPC     00000001 BXPC 00000001)
vm-test-run-thp-madv-remove-test> machine # [    0.003670] ACPI: FACS 0x000000003FFE0000 000040
vm-test-run-thp-madv-remove-test> machine # [    0.003673] ACPI: APIC 0x000000003FFE2809 0000F0 (v03 BOCHS  BXPC     00000001 BXPC 00000001)
vm-test-run-thp-madv-remove-test> machine # [    0.003675] ACPI: HPET 0x000000003FFE28F9 000038 (v01 BOCHS  BXPC     00000001 BXPC 00000001)
vm-test-run-thp-madv-remove-test> machine # [    0.003677] ACPI: WAET 0x000000003FFE2931 000028 (v01 BOCHS  BXPC     00000001 BXPC 00000001)
vm-test-run-thp-madv-remove-test> machine # [    0.003679] ACPI: Reserving FACP table memory at [mem 0x3ffe2795-0x3ffe2808]
vm-test-run-thp-madv-remove-test> machine # [    0.003681] ACPI: Reserving DSDT table memory at [mem 0x3ffe0040-0x3ffe2794]
vm-test-run-thp-madv-remove-test> machine # [    0.003681] ACPI: Reserving FACS table memory at [mem 0x3ffe0000-0x3ffe003f]
vm-test-run-thp-madv-remove-test> machine # [    0.003682] ACPI: Reserving APIC table memory at [mem 0x3ffe2809-0x3ffe28f8]
vm-test-run-thp-madv-remove-test> machine # [    0.003683] ACPI: Reserving HPET table memory at [mem 0x3ffe28f9-0x3ffe2930]
vm-test-run-thp-madv-remove-test> machine # [    0.003683] ACPI: Reserving WAET table memory at [mem 0x3ffe2931-0x3ffe2958]
vm-test-run-thp-madv-remove-test> machine # [    0.004012] No NUMA configuration found
vm-test-run-thp-madv-remove-test> machine # [    0.004013] Faking a node at [mem 0x0000000000000000-0x000000003ffdafff]
vm-test-run-thp-madv-remove-test> machine # [    0.004015] NODE_DATA(0) allocated [mem 0x3ffd5780-0x3ffdacbf]
vm-test-run-thp-madv-remove-test> machine # [    0.004046] Zone ranges:
vm-test-run-thp-madv-remove-test> machine # [    0.004046]   DMA      [mem 0x0000000000001000-0x0000000000ffffff]
vm-test-run-thp-madv-remove-test> machine # [    0.004048]   DMA32    [mem 0x0000000001000000-0x000000003ffdafff]
vm-test-run-thp-madv-remove-test> machine # [    0.004049]   Normal   empty
vm-test-run-thp-madv-remove-test> machine # [    0.004050]   Device   empty
vm-test-run-thp-madv-remove-test> machine # [    0.004051] Movable zone start for each node
vm-test-run-thp-madv-remove-test> machine # [    0.004052] Early memory node ranges
vm-test-run-thp-madv-remove-test> machine # [    0.004052]   node   0: [mem 0x0000000000001000-0x000000000009efff]
vm-test-run-thp-madv-remove-test> machine # [    0.004054]   node   0: [mem 0x0000000000100000-0x000000003ffdafff]
vm-test-run-thp-madv-remove-test> machine # [    0.004055] Initmem setup node 0 [mem 0x0000000000001000-0x000000003ffdafff]
vm-test-run-thp-madv-remove-test> machine # [    0.004381] On node 0, zone DMA: 1 pages in unavailable ranges
vm-test-run-thp-madv-remove-test> machine # [    0.004397] On node 0, zone DMA: 97 pages in unavailable ranges
vm-test-run-thp-madv-remove-test> machine # [    0.007270] On node 0, zone DMA32: 37 pages in unavailable ranges
vm-test-run-thp-madv-remove-test> machine # [    0.007943] ACPI: PM-Timer IO Port: 0x608
vm-test-run-thp-madv-remove-test> machine # [    0.007961] ACPI: LAPIC_NMI (acpi_id[0xff] dfl dfl lint[0x1])
vm-test-run-thp-madv-remove-test> machine # [    0.008003] IOAPIC[0]: apic_id 0, version 17, address 0xfec00000, GSI 0-23
vm-test-run-thp-madv-remove-test> machine # [    0.008006] ACPI: INT_SRC_OVR (bus 0 bus_irq 0 global_irq 2 dfl dfl)
vm-test-run-thp-madv-remove-test> machine # [    0.008008] ACPI: INT_SRC_OVR (bus 0 bus_irq 5 global_irq 5 high level)
vm-test-run-thp-madv-remove-test> machine # [    0.008009] ACPI: INT_SRC_OVR (bus 0 bus_irq 9 global_irq 9 high level)
vm-test-run-thp-madv-remove-test> machine # [    0.008010] ACPI: INT_SRC_OVR (bus 0 bus_irq 10 global_irq 10 high level)
vm-test-run-thp-madv-remove-test> machine # [    0.008011] ACPI: INT_SRC_OVR (bus 0 bus_irq 11 global_irq 11 high level)
vm-test-run-thp-madv-remove-test> machine # [    0.008014] ACPI: Using ACPI (MADT) for SMP configuration information
vm-test-run-thp-madv-remove-test> machine # [    0.008016] ACPI: HPET id: 0x8086a201 base: 0xfed00000
vm-test-run-thp-madv-remove-test> machine # [    0.008021] TSC deadline timer available
vm-test-run-thp-madv-remove-test> machine # [    0.008027] CPU topo: Max. logical packages:   1
vm-test-run-thp-madv-remove-test> machine # [    0.008028] CPU topo: Max. logical dies:       1
vm-test-run-thp-madv-remove-test> machine # [    0.008028] CPU topo: Max. dies per package:   1
vm-test-run-thp-madv-remove-test> machine # [    0.008033] CPU topo: Max. threads per core:   1
vm-test-run-thp-madv-remove-test> machine # [    0.008033] CPU topo: Num. cores per package:    16
vm-test-run-thp-madv-remove-test> machine # [    0.008034] CPU topo: Num. threads per package:  16
vm-test-run-thp-madv-remove-test> machine # [    0.008035] CPU topo: Allowing 16 present CPUs plus 0 hotplug CPUs
vm-test-run-thp-madv-remove-test> machine # [    0.008059] kvm-guest: APIC: eoi() replaced with kvm_guest_apic_eoi_write()
vm-test-run-thp-madv-remove-test> machine # [    0.008085] kvm-guest: KVM setup pv remote TLB flush
vm-test-run-thp-madv-remove-test> machine # [    0.008089] kvm-guest: setup PV sched yield
vm-test-run-thp-madv-remove-test> machine # [    0.008100] PM: hibernation: Registered nosave memory: [mem 0x00000000-0x00000fff]
vm-test-run-thp-madv-remove-test> machine # [    0.008101] PM: hibernation: Registered nosave memory: [mem 0x0009f000-0x0009ffff]
vm-test-run-thp-madv-remove-test> machine # [    0.008102] PM: hibernation: Registered nosave memory: [mem 0x000a0000-0x000effff]
vm-test-run-thp-madv-remove-test> machine # [    0.008103] PM: hibernation: Registered nosave memory: [mem 0x000f0000-0x000fffff]
vm-test-run-thp-madv-remove-test> machine # [    0.008105] [mem 0x40000000-0xfeffbfff] available for PCI devices
vm-test-run-thp-madv-remove-test> machine # [    0.008107] Booting paravirtualized kernel on KVM
vm-test-run-thp-madv-remove-test> machine # [    0.008112] clocksource: refined-jiffies: mask: 0xffffffff max_cycles: 0xffffffff, max_idle_ns: 1910969940391419 ns
vm-test-run-thp-madv-remove-test> machine # [    0.013371] setup_percpu: NR_CPUS:384 nr_cpumask_bits:16 nr_cpu_ids:16 nr_node_ids:1
vm-test-run-thp-madv-remove-test> machine # [    0.015709] percpu: Embedded 116 pages/cpu s294912 r65536 d114688 u524288
vm-test-run-thp-madv-remove-test> machine # [    0.015773] kvm-guest: PV spinlocks enabled
vm-test-run-thp-madv-remove-test> machine # [    0.015775] PV qspinlock hash table entries: 256 (order: 0, 4096 bytes, linear)
vm-test-run-thp-madv-remove-test> machine # [    0.015778] Kernel command line: console=ttyS0 console=tty0 panic=1 boot.panic_on_fail clocksource=acpi_pm loglevel=7 net.ifnames=0 lsm=landlock,yama,bpf init=/nix/store/fzx9xzg31rc3k5ym2nk3jvmbxh087wng-nixos-system-machine-test/init regInfo=/nix/store/g31va97vwk6v007cz7hkrlfmkz702rky-closure-info/registration console=ttyS0,115200n8 console=tty0
vm-test-run-thp-madv-remove-test> machine # [    0.015904] Unknown kernel command line parameters "regInfo=/nix/store/g31va97vwk6v007cz7hkrlfmkz702rky-closure-info/registration", will be passed to user space.
vm-test-run-thp-madv-remove-test> machine # [    0.015930] random: crng init done
vm-test-run-thp-madv-remove-test> machine # [    0.015931] printk: log buffer data + meta data: 262144 + 917504 = 1179648 bytes
vm-test-run-thp-madv-remove-test> machine # [    0.016128] Dentry cache hash table entries: 131072 (order: 8, 1048576 bytes, linear)
vm-test-run-thp-madv-remove-test> machine # [    0.016197] Inode-cache hash table entries: 65536 (order: 7, 524288 bytes, linear)
vm-test-run-thp-madv-remove-test> machine # [    0.016309] Fallback order for Node 0: 0
vm-test-run-thp-madv-remove-test> machine # [    0.016313] Built 1 zonelists, mobility grouping on.  Total pages: 262009
vm-test-run-thp-madv-remove-test> machine # [    0.016314] Policy zone: DMA32
vm-test-run-thp-madv-remove-test> machine # [    0.017045] mem auto-init: stack:all(zero), heap alloc:on, heap free:off
vm-test-run-thp-madv-remove-test> machine # [    0.021002] SLUB: HWalign=64, Order=0-3, MinObjects=0, CPUs=16, Nodes=1
vm-test-run-thp-madv-remove-test> machine # [    0.021464] allocated 2097152 bytes of page_ext
vm-test-run-thp-madv-remove-test> machine # [    0.021493] ftrace: allocating 47199 entries in 185 pages
vm-test-run-thp-madv-remove-test> machine # [    0.044222] ftrace: allocated 185 pages with 5 groups
vm-test-run-thp-madv-remove-test> machine # [    0.045232] Dynamic Preempt: voluntary
vm-test-run-thp-madv-remove-test> machine # [    0.045964] rcu: Preemptible hierarchical RCU implementation.
vm-test-run-thp-madv-remove-test> machine # [    0.045965] rcu:         RCU event tracing is enabled.
vm-test-run-thp-madv-remove-test> machine # [    0.045966] rcu:         RCU restricting CPUs from NR_CPUS=384 to nr_cpu_ids=16.
vm-test-run-thp-madv-remove-test> machine # [    0.045967]      Trampoline variant of Tasks RCU enabled.
vm-test-run-thp-madv-remove-test> machine # [    0.045968]      Rude variant of Tasks RCU enabled.
vm-test-run-thp-madv-remove-test> machine # [    0.045968]      Tracing variant of Tasks RCU enabled.
vm-test-run-thp-madv-remove-test> machine # [    0.045969] rcu: RCU calculated value of scheduler-enlistment delay is 100 jiffies.
vm-test-run-thp-madv-remove-test> machine # [    0.045970] rcu: Adjusting geometry for rcu_fanout_leaf=16, nr_cpu_ids=16
vm-test-run-thp-madv-remove-test> machine # [    0.045984] RCU Tasks: Setting shift to 4 and lim to 1 rcu_task_cb_adjust=1 rcu_task_cpu_ids=16.
vm-test-run-thp-madv-remove-test> machine # [    0.045988] RCU Tasks Rude: Setting shift to 4 and lim to 1 rcu_task_cb_adjust=1 rcu_task_cpu_ids=16.
vm-test-run-thp-madv-remove-test> machine # [    0.045992] RCU Tasks Trace: Setting shift to 4 and lim to 1 rcu_task_cb_adjust=1 rcu_task_cpu_ids=16.
vm-test-run-thp-madv-remove-test> machine # [    0.051090] NR_IRQS: 24832, nr_irqs: 552, preallocated irqs: 16
vm-test-run-thp-madv-remove-test> machine # [    0.051381] rcu: srcu_init: Setting srcu_struct sizes based on contention.
vm-test-run-thp-madv-remove-test> machine # [    0.051524] kfence: initialized - using 2097152 bytes for 255 objects at 0x(____ptrval____)-0x(____ptrval____)
vm-test-run-thp-madv-remove-test> machine # [    0.056927] Console: colour VGA+ 80x25
vm-test-run-thp-madv-remove-test> machine # [    0.056931] printk: legacy console [tty0] enabled
vm-test-run-thp-madv-remove-test> machine # [    0.105295] printk: legacy console [ttyS0] enabled
vm-test-run-thp-madv-remove-test> machine # [    0.266946] ACPI: Core revision 20240827
vm-test-run-thp-madv-remove-test> machine # [    0.268236] clocksource: hpet: mask: 0xffffffff max_cycles: 0xffffffff, max_idle_ns: 19112604467 ns
vm-test-run-thp-madv-remove-test> machine # [    0.270716] APIC: Switch to symmetric I/O mode setup
vm-test-run-thp-madv-remove-test> machine # [    0.272418] x2apic enabled
vm-test-run-thp-madv-remove-test> machine # [    0.273635] APIC: Switched APIC routing to: physical x2apic
vm-test-run-thp-madv-remove-test> machine # [    0.275172] kvm-guest: APIC: send_IPI_mask() replaced with kvm_send_ipi_mask()
vm-test-run-thp-madv-remove-test> machine # [    0.277262] kvm-guest: APIC: send_IPI_mask_allbutself() replaced with kvm_send_ipi_mask_allbutself()
vm-test-run-thp-madv-remove-test> machine # [    0.279802] kvm-guest: setup PV IPIs
vm-test-run-thp-madv-remove-test> machine # [    0.282166] ..TIMER: vector=0x30 apic1=0 pin1=2 apic2=-1 pin2=-1
vm-test-run-thp-madv-remove-test> machine # [    0.283960] clocksource: tsc-early: mask: 0xffffffffffffffff max_cycles: 0x2b3e4942f25, max_idle_ns: 440795326592 ns
vm-test-run-thp-madv-remove-test> machine # [    0.286859] Calibrating delay loop (skipped) preset value.. 6000.00 BogoMIPS (lpj=3000004)
vm-test-run-thp-madv-remove-test> machine # [    0.287956] x86/cpu: User Mode Instruction Prevention (UMIP) activated
vm-test-run-thp-madv-remove-test> machine # [    0.288966] Last level iTLB entries: 4KB 512, 2MB 255, 4MB 127
vm-test-run-thp-madv-remove-test> machine # [    0.289858] Last level dTLB entries: 4KB 512, 2MB 255, 4MB 127, 1GB 0
vm-test-run-thp-madv-remove-test> machine # [    0.290862] Spectre V1 : Mitigation: usercopy/swapgs barriers and __user pointer sanitization
vm-test-run-thp-madv-remove-test> machine # [    0.291861] Spectre V2 : Mitigation: Retpolines
vm-test-run-thp-madv-remove-test> machine # [    0.293858] Spectre V2 : Spectre v2 / SpectreRSB mitigation: Filling RSB on context switch
vm-test-run-thp-madv-remove-test> machine # [    0.295858] Spectre V2 : Spectre v2 / SpectreRSB : Filling RSB on VMEXIT
vm-test-run-thp-madv-remove-test> machine # [    0.296858] Spectre V2 : Enabling Speculation Barrier for firmware calls
vm-test-run-thp-madv-remove-test> machine # [    0.297858] RETBleed: Mitigation: untrained return thunk
vm-test-run-thp-madv-remove-test> machine # [    0.298860] Spectre V2 : mitigation: Enabling conditional Indirect Branch Prediction Barrier
vm-test-run-thp-madv-remove-test> machine # [    0.300859] Speculative Store Bypass: Mitigation: Speculative Store Bypass disabled via prctl
vm-test-run-thp-madv-remove-test> machine # [    0.302858] Speculative Return Stack Overflow: IBPB-extending microcode not applied!
vm-test-run-thp-madv-remove-test> machine # [    0.303858] Speculative Return Stack Overflow: WARNING: See https://kernel.org/doc/html/latest/admin-guide/hw-vuln/srso.html for mitigation options.
vm-test-run-thp-madv-remove-test> machine # [    0.303860] Speculative Return Stack Overflow: Vulnerable: Safe RET, no microcode
vm-test-run-thp-madv-remove-test> machine # [    0.306875] x86/fpu: Supporting XSAVE feature 0x001: 'x87 floating point registers'
vm-test-run-thp-madv-remove-test> machine # [    0.307858] x86/fpu: Supporting XSAVE feature 0x002: 'SSE registers'
vm-test-run-thp-madv-remove-test> machine # [    0.309857] x86/fpu: Supporting XSAVE feature 0x004: 'AVX registers'
vm-test-run-thp-madv-remove-test> machine # [    0.310858] x86/fpu: xstate_offset[2]:  576, xstate_sizes[2]:  256
vm-test-run-thp-madv-remove-test> machine # [    0.311858] x86/fpu: Enabled xstate features 0x7, context size is 832 bytes, using 'compacted' format.
vm-test-run-thp-madv-remove-test> machine # [    0.352171] Freeing SMP alternatives memory: 40K
vm-test-run-thp-madv-remove-test> machine # [    0.352861] pid_max: default: 32768 minimum: 301
vm-test-run-thp-madv-remove-test> machine # [    0.354910] LSM: initializing lsm=capability,landlock,yama,bpf,ima
vm-test-run-thp-madv-remove-test> machine # [    0.355989] landlock: Up and running.
vm-test-run-thp-madv-remove-test> machine # [    0.357639] Yama: becoming mindful.
vm-test-run-thp-madv-remove-test> machine # [    0.359177] LSM support for eBPF active
vm-test-run-thp-madv-remove-test> machine # [    0.359933] Mount-cache hash table entries: 2048 (order: 2, 16384 bytes, linear)
vm-test-run-thp-madv-remove-test> machine # [    0.361861] Mountpoint-cache hash table entries: 2048 (order: 2, 16384 bytes, linear)
vm-test-run-thp-madv-remove-test> machine # [    0.365781] smpboot: CPU0: AMD EPYC 7302 16-Core Processor (family: 0x17, model: 0x31, stepping: 0x0)
vm-test-run-thp-madv-remove-test> machine # [    0.367145] Performance Events: Fam17h+ core perfctr, AMD PMU driver.
vm-test-run-thp-madv-remove-test> machine # [    0.367864] ... version:                0
vm-test-run-thp-madv-remove-test> machine # [    0.368863] ... bit width:              48
vm-test-run-thp-madv-remove-test> machine # [    0.369861] ... generic registers:      6
vm-test-run-thp-madv-remove-test> machine # [    0.370861] ... value mask:             0000ffffffffffff
vm-test-run-thp-madv-remove-test> machine # [    0.371861] ... max period:             00007fffffffffff
vm-test-run-thp-madv-remove-test> machine # [    0.372861] ... fixed-purpose events:   0
vm-test-run-thp-madv-remove-test> machine # [    0.373861] ... event mask:             000000000000003f
vm-test-run-thp-madv-remove-test> machine # [    0.375006] signal: max sigframe size: 1776
vm-test-run-thp-madv-remove-test> machine # [    0.376880] rcu: Hierarchical SRCU implementation.
vm-test-run-thp-madv-remove-test> machine # [    0.377862] rcu:         Max phase no-delay instances is 400.
vm-test-run-thp-madv-remove-test> machine # [    0.379897] Timer migration: 2 hierarchy levels; 8 children per group; 2 crossnode level
vm-test-run-thp-madv-remove-test> machine # [    0.390086] smp: Bringing up secondary CPUs ...
vm-test-run-thp-madv-remove-test> machine # [    0.391040] smpboot: x86: Booting SMP configuration:
vm-test-run-thp-madv-remove-test> machine # [    0.391864] .... node  #0, CPUs:        #1  #2  #3  #4  #5  #6  #7  #8  #9 #10 #11 #12 #13 #14 #15
vm-test-run-thp-madv-remove-test> machine # [    0.411995] smp: Brought up 1 node, 16 CPUs
vm-test-run-thp-madv-remove-test> machine # [    0.414874] smpboot: Total of 16 processors activated (96000.12 BogoMIPS)
vm-test-run-thp-madv-remove-test> machine # [    0.418177] Memory: 949676K/1048036K available (16277K kernel code, 2682K rwdata, 12796K rodata, 3516K init, 3404K bss, 85972K reserved, 0K cma-reserved)
vm-test-run-thp-madv-remove-test> machine # [    0.420877] devtmpfs: initialized
vm-test-run-thp-madv-remove-test> machine # [    0.422008] x86/mm: Memory block size: 128MB
vm-test-run-thp-madv-remove-test> machine # [    0.424055] clocksource: jiffies: mask: 0xffffffff max_cycles: 0xffffffff, max_idle_ns: 1911260446275000 ns
vm-test-run-thp-madv-remove-test> machine # [    0.425947] futex hash table entries: 4096 (order: 6, 262144 bytes, linear)
vm-test-run-thp-madv-remove-test> machine # [    0.426997] pinctrl core: initialized pinctrl subsystem
vm-test-run-thp-madv-remove-test> machine # [    0.428096] PM: RTC time: 19:32:32, date: 2026-02-26
vm-test-run-thp-madv-remove-test> machine # [    0.431119] NET: Registered PF_NETLINK/PF_ROUTE protocol family
vm-test-run-thp-madv-remove-test> machine # [    0.432626] DMA: preallocated 128 KiB GFP_KERNEL pool for atomic allocations
vm-test-run-thp-madv-remove-test> machine # [    0.434057] DMA: preallocated 128 KiB GFP_KERNEL|GFP_DMA pool for atomic allocations
vm-test-run-thp-madv-remove-test> machine # [    0.434877] DMA: preallocated 128 KiB GFP_KERNEL|GFP_DMA32 pool for atomic allocations
vm-test-run-thp-madv-remove-test> machine # [    0.435904] audit: initializing netlink subsys (disabled)
vm-test-run-thp-madv-remove-test> machine # [    0.438015] audit: type=2000 audit(1772134352.886:1): state=initialized audit_enabled=0 res=1
vm-test-run-thp-madv-remove-test> machine # [    0.438229] thermal_sys: Registered thermal governor 'fair_share'
vm-test-run-thp-madv-remove-test> machine # [    0.439882] thermal_sys: Registered thermal governor 'bang_bang'
vm-test-run-thp-madv-remove-test> machine # [    0.440856] thermal_sys: Registered thermal governor 'step_wise'
vm-test-run-thp-madv-remove-test> machine # [    0.440856] thermal_sys: Registered thermal governor 'user_space'
vm-test-run-thp-madv-remove-test> machine # [    0.440856] thermal_sys: Registered thermal governor 'power_allocator'
vm-test-run-thp-madv-remove-test> machine # [    0.450872] cpuidle: using governor menu
vm-test-run-thp-madv-remove-test> machine # [    0.631504] acpiphp: ACPI Hot Plug PCI Controller Driver version: 0.5
vm-test-run-thp-madv-remove-test> machine # [    0.633515] PCI: Using configuration type 1 for base access
vm-test-run-thp-madv-remove-test> machine # [    0.634862] PCI: Using configuration type 1 for extended access
vm-test-run-thp-madv-remove-test> machine # [    0.637951] kprobes: kprobe jump-optimization is enabled. All kprobes are optimized if possible.
vm-test-run-thp-madv-remove-test> machine # [    0.816964] HugeTLB: allocation took 0ms with hugepage_allocation_threads=4
vm-test-run-thp-madv-remove-test> machine # [    0.822050] HugeTLB: registered 1.00 GiB page size, pre-allocated 0 pages
vm-test-run-thp-madv-remove-test> machine # [    0.825872] HugeTLB: 16380 KiB vmemmap can be freed for a 1.00 GiB page
vm-test-run-thp-madv-remove-test> machine # [    0.829864] HugeTLB: registered 2.00 MiB page size, pre-allocated 0 pages
vm-test-run-thp-madv-remove-test> machine # [    0.831862] HugeTLB: 28 KiB vmemmap can be freed for a 2.00 MiB page
vm-test-run-thp-madv-remove-test> machine # [    0.837184] ACPI: Added _OSI(Module Device)
vm-test-run-thp-madv-remove-test> machine # [    0.837863] ACPI: Added _OSI(Processor Device)
vm-test-run-thp-madv-remove-test> machine # [    0.839862] ACPI: Added _OSI(3.0 _SCP Extensions)
vm-test-run-thp-madv-remove-test> machine # [    0.840862] ACPI: Added _OSI(Processor Aggregator Device)
vm-test-run-thp-madv-remove-test> machine # [    1.010155] ACPI: 1 ACPI AML tables successfully acquired and loaded
vm-test-run-thp-madv-remove-test> machine # [    1.017616] ACPI: Interpreter enabled
vm-test-run-thp-madv-remove-test> machine # [    1.020272] ACPI: PM: (supports S0 S3 S4 S5)
vm-test-run-thp-madv-remove-test> machine # [    1.022872] ACPI: Using IOAPIC for interrupt routing
vm-test-run-thp-madv-remove-test> machine # [    3.281135] PCI: Using host bridge windows from ACPI; if necessary, use "pci=nocrs" and report a bug
vm-test-run-thp-madv-remove-test> machine # [    3.285867] PCI: Using E820 reservations for host bridge windows
vm-test-run-thp-madv-remove-test> machine # [    3.288337] ACPI: Enabled 2 GPEs in block 00 to 0F
vm-test-run-thp-madv-remove-test> machine # [    3.462636] ACPI: PCI Root Bridge [PCI0] (domain 0000 [bus 00-ff])
vm-test-run-thp-madv-remove-test> machine # [    3.463869] acpi PNP0A03:00: _OSC: OS supports [ExtendedConfig ASPM ClockPM Segments MSI HPX-Type3]
vm-test-run-thp-madv-remove-test> machine # [    3.467479] acpiphp: Slot [3] registered
vm-test-run-thp-madv-remove-test> machine # [    3.468894] acpiphp: Slot [4] registered
vm-test-run-thp-madv-remove-test> machine # [    3.469905] acpiphp: Slot [5] registered
vm-test-run-thp-madv-remove-test> machine # [    3.470892] acpiphp: Slot [6] registered
vm-test-run-thp-madv-remove-test> machine # [    3.471892] acpiphp: Slot [7] registered
vm-test-run-thp-madv-remove-test> machine # [    3.473893] acpiphp: Slot [8] registered
vm-test-run-thp-madv-remove-test> machine # [    3.474906] acpiphp: Slot [9] registered
vm-test-run-thp-madv-remove-test> machine # [    3.475896] acpiphp: Slot [10] registered
vm-test-run-thp-madv-remove-test> machine # [    3.476933] acpiphp: Slot [11] registered
vm-test-run-thp-madv-remove-test> machine # [    3.477906] acpiphp: Slot [12] registered
vm-test-run-thp-madv-remove-test> machine # [    3.479895] acpiphp: Slot [13] registered
vm-test-run-thp-madv-remove-test> machine # [    3.480898] acpiphp: Slot [14] registered
vm-test-run-thp-madv-remove-test> machine # [    3.481894] acpiphp: Slot [15] registered
vm-test-run-thp-madv-remove-test> machine # [    3.482903] acpiphp: Slot [16] registered
vm-test-run-thp-madv-remove-test> machine # [    3.484891] acpiphp: Slot [17] registered
vm-test-run-thp-madv-remove-test> machine # [    3.485889] acpiphp: Slot [18] registered
vm-test-run-thp-madv-remove-test> machine # [    3.486928] acpiphp: Slot [19] registered
vm-test-run-thp-madv-remove-test> machine # [    3.487904] acpiphp: Slot [20] registered
vm-test-run-thp-madv-remove-test> machine # [    3.488895] acpiphp: Slot [21] registered
vm-test-run-thp-madv-remove-test> machine # [    3.490893] acpiphp: Slot [22] registered
vm-test-run-thp-madv-remove-test> machine # [    3.491963] acpiphp: Slot [23] registered
vm-test-run-thp-madv-remove-test> machine # [    3.492906] acpiphp: Slot [24] registered
vm-test-run-thp-madv-remove-test> machine # [    3.493894] acpiphp: Slot [25] registered
vm-test-run-thp-madv-remove-test> machine # [    3.494894] acpiphp: Slot [26] registered
vm-test-run-thp-madv-remove-test> machine # [    3.496906] acpiphp: Slot [27] registered
vm-test-run-thp-madv-remove-test> machine # [    3.497894] acpiphp: Slot [28] registered
vm-test-run-thp-madv-remove-test> machine # [    3.498894] acpiphp: Slot [29] registered
vm-test-run-thp-madv-remove-test> machine # [    3.499910] acpiphp: Slot [30] registered
vm-test-run-thp-madv-remove-test> machine # [    3.501910] acpiphp: Slot [31] registered
vm-test-run-thp-madv-remove-test> machine # [    3.502901] PCI host bridge to bus 0000:00
vm-test-run-thp-madv-remove-test> machine # [    3.503871] pci_bus 0000:00: root bus resource [io  0x0000-0x0cf7 window]
vm-test-run-thp-madv-remove-test> machine # [    3.505863] pci_bus 0000:00: root bus resource [io  0x0d00-0xffff window]
vm-test-run-thp-madv-remove-test> machine # [    3.507865] pci_bus 0000:00: root bus resource [mem 0x000a0000-0x000bffff window]
vm-test-run-thp-madv-remove-test> machine # [    3.509864] pci_bus 0000:00: root bus resource [mem 0x40000000-0xfebfffff window]
vm-test-run-thp-madv-remove-test> machine # [    3.511863] pci_bus 0000:00: root bus resource [mem 0x100000000-0x17fffffff window]
vm-test-run-thp-madv-remove-test> machine # [    3.513879] pci_bus 0000:00: root bus resource [bus 00-ff]
vm-test-run-thp-madv-remove-test> machine # [    3.516137] pci 0000:00:00.0: [8086:1237] type 00 class 0x060000 conventional PCI endpoint
vm-test-run-thp-madv-remove-test> machine # [    3.518565] pci 0000:00:01.0: [8086:7000] type 00 class 0x060100 conventional PCI endpoint
vm-test-run-thp-madv-remove-test> machine # [    3.521503] pci 0000:00:01.1: [8086:7010] type 00 class 0x010180 conventional PCI endpoint
vm-test-run-thp-madv-remove-test> machine # [    3.525870] pci 0000:00:01.1: BAR 4 [io  0xc1e0-0xc1ef]
vm-test-run-thp-madv-remove-test> machine # [    3.527954] pci 0000:00:01.1: BAR 0 [io  0x01f0-0x01f7]: legacy IDE quirk
vm-test-run-thp-madv-remove-test> machine # [    3.529862] pci 0000:00:01.1: BAR 1 [io  0x03f6]: legacy IDE quirk
vm-test-run-thp-madv-remove-test> machine # [    3.530862] pci 0000:00:01.1: BAR 2 [io  0x0170-0x0177]: legacy IDE quirk
vm-test-run-thp-madv-remove-test> machine # [    3.532863] pci 0000:00:01.1: BAR 3 [io  0x0376]: legacy IDE quirk
vm-test-run-thp-madv-remove-test> machine # [    3.535096] pci 0000:00:01.2: [8086:7020] type 00 class 0x0c0300 conventional PCI endpoint
vm-test-run-thp-madv-remove-test> machine # [    3.539647] pci 0000:00:01.2: BAR 4 [io  0xc100-0xc11f]
vm-test-run-thp-madv-remove-test> machine # [    3.542356] pci 0000:00:01.3: [8086:7113] type 00 class 0x068000 conventional PCI endpoint
vm-test-run-thp-madv-remove-test> machine # [    3.545308] pci 0000:00:01.3: quirk: [io  0x0600-0x063f] claimed by PIIX4 ACPI
vm-test-run-thp-madv-remove-test> machine # [    3.549928] pci 0000:00:01.3: quirk: [io  0x0700-0x070f] claimed by PIIX4 SMB
vm-test-run-thp-madv-remove-test> machine # [    3.555055] pci 0000:00:02.0: [1234:1111] type 00 class 0x030000 conventional PCI endpoint
vm-test-run-thp-madv-remove-test> machine # [    3.562937] pci 0000:00:02.0: BAR 0 [mem 0xfd000000-0xfdffffff pref]
vm-test-run-thp-madv-remove-test> machine # [    3.564881] pci 0000:00:02.0: BAR 2 [mem 0xfebd0000-0xfebd0fff]
vm-test-run-thp-madv-remove-test> machine # [    3.566897] pci 0000:00:02.0: ROM [mem 0xfebc0000-0xfebcffff pref]
vm-test-run-thp-madv-remove-test> machine # [    3.569001] pci 0000:00:02.0: Video device with shadowed ROM at [mem 0x000c0000-0x000dffff]
vm-test-run-thp-madv-remove-test> machine # [    3.571424] pci 0000:00:03.0: [1af4:1000] type 00 class 0x020000 conventional PCI endpoint
vm-test-run-thp-madv-remove-test> machine # [    3.579121] pci 0000:00:03.0: BAR 0 [io  0xc120-0xc13f]
vm-test-run-thp-madv-remove-test> machine # [    3.583901] pci 0000:00:03.0: BAR 1 [mem 0xfebd1000-0xfebd1fff]
vm-test-run-thp-madv-remove-test> machine # [    3.585904] pci 0000:00:03.0: BAR 4 [mem 0xfe000000-0xfe003fff 64bit pref]
vm-test-run-thp-madv-remove-test> machine # [    3.587876] pci 0000:00:03.0: ROM [mem 0xfeb40000-0xfeb7ffff pref]
vm-test-run-thp-madv-remove-test> machine # [    3.593233] pci 0000:00:04.0: [1af4:1005] type 00 class 0x00ff00 conventional PCI endpoint
vm-test-run-thp-madv-remove-test> machine # [    3.598873] pci 0000:00:04.0: BAR 0 [io  0xc140-0xc15f]
vm-test-run-thp-madv-remove-test> machine # [    3.600876] pci 0000:00:04.0: BAR 1 [mem 0xfebd2000-0xfebd2fff]
vm-test-run-thp-madv-remove-test> machine # [    3.602904] pci 0000:00:04.0: BAR 4 [mem 0xfe004000-0xfe007fff 64bit pref]
vm-test-run-thp-madv-remove-test> machine # [    3.607321] pci 0000:00:05.0: [1af4:1009] type 00 class 0x000200 conventional PCI endpoint
vm-test-run-thp-madv-remove-test> machine # [    3.615919] pci 0000:00:05.0: BAR 0 [io  0xc080-0xc0bf]
vm-test-run-thp-madv-remove-test> machine # [    3.618877] pci 0000:00:05.0: BAR 1 [mem 0xfebd3000-0xfebd3fff]
vm-test-run-thp-madv-remove-test> machine # [    3.620904] pci 0000:00:05.0: BAR 4 [mem 0xfe008000-0xfe00bfff 64bit pref]
vm-test-run-thp-madv-remove-test> machine # [    3.624779] pci 0000:00:06.0: [1af4:1009] type 00 class 0x000200 conventional PCI endpoint
vm-test-run-thp-madv-remove-test> machine # [    3.629929] pci 0000:00:06.0: BAR 0 [io  0xc160-0xc17f]
vm-test-run-thp-madv-remove-test> machine # [    3.630875] pci 0000:00:06.0: BAR 1 [mem 0xfebd4000-0xfebd4fff]
vm-test-run-thp-madv-remove-test> machine # [    3.632898] pci 0000:00:06.0: BAR 4 [mem 0xfe00c000-0xfe00ffff 64bit pref]
vm-test-run-thp-madv-remove-test> machine # [    3.636762] pci 0000:00:07.0: [1af4:1009] type 00 class 0x000200 conventional PCI endpoint
vm-test-run-thp-madv-remove-test> machine # [    3.641908] pci 0000:00:07.0: BAR 0 [io  0xc180-0xc19f]
vm-test-run-thp-madv-remove-test> machine # [    3.642875] pci 0000:00:07.0: BAR 1 [mem 0xfebd5000-0xfebd5fff]
vm-test-run-thp-madv-remove-test> machine # [    3.644896] pci 0000:00:07.0: BAR 4 [mem 0xfe010000-0xfe013fff 64bit pref]
vm-test-run-thp-madv-remove-test> machine # [    3.649025] pci 0000:00:08.0: [1af4:1001] type 00 class 0x010000 conventional PCI endpoint
vm-test-run-thp-madv-remove-test> machine # [    3.655929] pci 0000:00:08.0: BAR 0 [io  0xc000-0xc07f]
vm-test-run-thp-madv-remove-test> machine # [    3.656872] pci 0000:00:08.0: BAR 1 [mem 0xfebd6000-0xfebd6fff]
vm-test-run-thp-madv-remove-test> machine # [    3.658896] pci 0000:00:08.0: BAR 4 [mem 0xfe014000-0xfe017fff 64bit pref]
vm-test-run-thp-madv-remove-test> machine # [    3.663423] pci 0000:00:09.0: [1af4:1000] type 00 class 0x020000 conventional PCI endpoint
vm-test-run-thp-madv-remove-test> machine # [    3.669904] pci 0000:00:09.0: BAR 0 [io  0xc1a0-0xc1bf]
vm-test-run-thp-madv-remove-test> machine # [    3.671871] pci 0000:00:09.0: BAR 1 [mem 0xfebd7000-0xfebd7fff]
vm-test-run-thp-madv-remove-test> machine # [    3.672895] pci 0000:00:09.0: BAR 4 [mem 0xfe018000-0xfe01bfff 64bit pref]
vm-test-run-thp-madv-remove-test> machine # [    3.674871] pci 0000:00:09.0: ROM [mem 0xfeb80000-0xfebbffff pref]
vm-test-run-thp-madv-remove-test> machine # [    3.678772] pci 0000:00:0a.0: [1af4:1052] type 00 class 0x090000 conventional PCI endpoint
vm-test-run-thp-madv-remove-test> machine # [    3.684921] pci 0000:00:0a.0: BAR 1 [mem 0xfebd8000-0xfebd8fff]
vm-test-run-thp-madv-remove-test> machine # [    3.685897] pci 0000:00:0a.0: BAR 4 [mem 0xfe01c000-0xfe01ffff 64bit pref]
vm-test-run-thp-madv-remove-test> machine # [    3.691511] pci 0000:00:0b.0: [1af4:1003] type 00 class 0x078000 conventional PCI endpoint
vm-test-run-thp-madv-remove-test> machine # [    3.697932] pci 0000:00:0b.0: BAR 0 [io  0xc0c0-0xc0ff]
vm-test-run-thp-madv-remove-test> machine # [    3.699875] pci 0000:00:0b.0: BAR 1 [mem 0xfebd9000-0xfebd9fff]
vm-test-run-thp-madv-remove-test> machine # [    3.700900] pci 0000:00:0b.0: BAR 4 [mem 0xfe020000-0xfe023fff 64bit pref]
vm-test-run-thp-madv-remove-test> machine # [    3.705517] pci 0000:00:0c.0: [1af4:1005] type 00 class 0x00ff00 conventional PCI endpoint
vm-test-run-thp-madv-remove-test> machine # [    3.710910] pci 0000:00:0c.0: BAR 0 [io  0xc1c0-0xc1df]
vm-test-run-thp-madv-remove-test> machine # [    3.711872] pci 0000:00:0c.0: BAR 1 [mem 0xfebda000-0xfebdafff]
vm-test-run-thp-madv-remove-test> machine # [    3.714694] pci 0000:00:0c.0: BAR 4 [mem 0xfe024000-0xfe027fff 64bit pref]
vm-test-run-thp-madv-remove-test> machine # [    3.719710] ACPI: PCI: Interrupt link LNKA configured for IRQ 10
vm-test-run-thp-madv-remove-test> machine # [    3.723425] ACPI: PCI: Interrupt link LNKB configured for IRQ 10
vm-test-run-thp-madv-remove-test> machine # [    3.727288] ACPI: PCI: Interrupt link LNKC configured for IRQ 11
vm-test-run-thp-madv-remove-test> machine # [    3.730249] ACPI: PCI: Interrupt link LNKD configured for IRQ 11
vm-test-run-thp-madv-remove-test> machine # [    3.733057] ACPI: PCI: Interrupt link LNKS configured for IRQ 9
vm-test-run-thp-madv-remove-test> machine # [    3.903949] iommu: Default domain type: Translated
vm-test-run-thp-madv-remove-test> machine # [    3.904862] iommu: DMA domain TLB invalidation policy: lazy mode
vm-test-run-thp-madv-remove-test> machine # [    3.907211] ACPI: bus type USB registered
vm-test-run-thp-madv-remove-test> machine # [    3.907956] usbcore: registered new interface driver usbfs
vm-test-run-thp-madv-remove-test> machine # [    3.909875] usbcore: registered new interface driver hub
vm-test-run-thp-madv-remove-test> machine # [    3.911876] usbcore: registered new device driver usb
vm-test-run-thp-madv-remove-test> machine # [    3.914549] NetLabel: Initializing
vm-test-run-thp-madv-remove-test> machine # [    3.915862] NetLabel:  domain hash size = 128
vm-test-run-thp-madv-remove-test> machine # [    3.916862] NetLabel:  protocols = UNLABELED CIPSOv4 CALIPSO
vm-test-run-thp-madv-remove-test> machine # [    3.919025] NetLabel:  unlabeled traffic allowed by default
vm-test-run-thp-madv-remove-test> machine # [    3.919869] PCI: Using ACPI for IRQ routing
vm-test-run-thp-madv-remove-test> machine # [    3.922039] pci 0000:00:02.0: vgaarb: setting as boot VGA device
vm-test-run-thp-madv-remove-test> machine # [    3.922856] pci 0000:00:02.0: vgaarb: bridge control possible
vm-test-run-thp-madv-remove-test> machine # [    3.922856] pci 0000:00:02.0: vgaarb: VGA device added: decodes=io+mem,owns=io+mem,locks=none
vm-test-run-thp-madv-remove-test> machine # [    3.927866] vgaarb: loaded
vm-test-run-thp-madv-remove-test> machine # [    3.928860] hpet0: at MMIO 0xfed00000, IRQs 2, 8, 0
vm-test-run-thp-madv-remove-test> machine # [    3.929861] hpet0: 3 comparators, 64-bit 100.000000 MHz counter
vm-test-run-thp-madv-remove-test> machine # [    3.936000] clocksource: Switched to clocksource kvm-clock
vm-test-run-thp-madv-remove-test> machine # [    4.608985] VFS: Disk quotas dquot_6.6.0
vm-test-run-thp-madv-remove-test> machine # [    4.610610] VFS: Dquot-cache hash table entries: 512 (order 0, 4096 bytes)
vm-test-run-thp-madv-remove-test> machine # [    4.777209] pnp: PnP ACPI init
vm-test-run-thp-madv-remove-test> machine # [    4.781761] pnp: PnP ACPI: found 6 devices
vm-test-run-thp-madv-remove-test> machine # [    4.796431] clocksource: acpi_pm: mask: 0xffffff max_cycles: 0xffffff, max_idle_ns: 2085701024 ns
vm-test-run-thp-madv-remove-test> machine # [    4.799661] clocksource: Switched to clocksource acpi_pm
vm-test-run-thp-madv-remove-test> machine # [    4.801818] NET: Registered PF_INET protocol family
vm-test-run-thp-madv-remove-test> machine # [    4.803659] IP idents hash table entries: 16384 (order: 5, 131072 bytes, linear)
vm-test-run-thp-madv-remove-test> machine # [    4.994030] tcp_listen_portaddr_hash hash table entries: 512 (order: 1, 8192 bytes, linear)
vm-test-run-thp-madv-remove-test> machine # [    4.996505] Table-perturb hash table entries: 65536 (order: 6, 262144 bytes, linear)
vm-test-run-thp-madv-remove-test> machine # [    4.998792] TCP established hash table entries: 8192 (order: 4, 65536 bytes, linear)
vm-test-run-thp-madv-remove-test> machine # [    5.001048] TCP bind hash table entries: 8192 (order: 6, 262144 bytes, linear)
vm-test-run-thp-madv-remove-test> machine # [    5.003221] TCP: Hash tables configured (established 8192 bind 8192)
vm-test-run-thp-madv-remove-test> machine # [    5.005191] MPTCP token hash table entries: 1024 (order: 2, 24576 bytes, linear)
vm-test-run-thp-madv-remove-test> machine # [    5.007358] UDP hash table entries: 512 (order: 3, 32768 bytes, linear)
vm-test-run-thp-madv-remove-test> machine # [    5.009156] UDP-Lite hash table entries: 512 (order: 3, 32768 bytes, linear)
vm-test-run-thp-madv-remove-test> machine # [    5.011213] NET: Registered PF_UNIX/PF_LOCAL protocol family
vm-test-run-thp-madv-remove-test> machine # [    5.012857] NET: Registered PF_XDP protocol family
vm-test-run-thp-madv-remove-test> machine # [    5.014245] pci_bus 0000:00: resource 4 [io  0x0000-0x0cf7 window]
vm-test-run-thp-madv-remove-test> machine # [    5.016204] pci_bus 0000:00: resource 5 [io  0x0d00-0xffff window]
vm-test-run-thp-madv-remove-test> machine # [    5.018994] pci_bus 0000:00: resource 6 [mem 0x000a0000-0x000bffff window]
vm-test-run-thp-madv-remove-test> machine # [    5.022054] pci_bus 0000:00: resource 7 [mem 0x40000000-0xfebfffff window]
vm-test-run-thp-madv-remove-test> machine # [    5.025132] pci_bus 0000:00: resource 8 [mem 0x100000000-0x17fffffff window]
vm-test-run-thp-madv-remove-test> machine # [    5.028305] pci 0000:00:01.0: PIIX3: Enabling Passive Release
vm-test-run-thp-madv-remove-test> machine # [    5.030338] pci 0000:00:00.0: Limiting direct PCI/PCI transfers
vm-test-run-thp-madv-remove-test> machine # [    5.036091] ACPI: \_SB_.LNKD: Enabled at IRQ 11
vm-test-run-thp-madv-remove-test> machine # [    5.044659] pci 0000:00:01.2: quirk_usb_early_handoff+0x0/0x7c0 took 12156 usecs
vm-test-run-thp-madv-remove-test> machine # [    5.048764] PCI: CLS 0 bytes, default 64
vm-test-run-thp-madv-remove-test> machine # [    5.050162] clocksource: tsc: mask: 0xffffffffffffffff max_cycles: 0x2b3e4942f25, max_idle_ns: 440795326592 ns
vm-test-run-thp-madv-remove-test> machine # [    5.050727] Trying to unpack rootfs image as initramfs...
vm-test-run-thp-madv-remove-test> machine # [    5.078133] Initialise system trusted keyrings
vm-test-run-thp-madv-remove-test> machine # [    5.080249] workingset: timestamp_bits=40 max_order=18 bucket_order=0
vm-test-run-thp-madv-remove-test> machine # [    5.097951] Key type asymmetric registered
vm-test-run-thp-madv-remove-test> machine # [    5.099211] Asymmetric key parser 'x509' registered
vm-test-run-thp-madv-remove-test> machine # [    5.100876] Block layer SCSI generic (bsg) driver version 0.4 loaded (major 250)
vm-test-run-thp-madv-remove-test> machine # [    5.103682] io scheduler mq-deadline registered
vm-test-run-thp-madv-remove-test> machine # [    5.105019] io scheduler kyber registered
vm-test-run-thp-madv-remove-test> machine # [    5.850147] Serial: 8250/16550 driver, 4 ports, IRQ sharing enabled
vm-test-run-thp-madv-remove-test> machine # [    5.854794] 00:04: ttyS0 at I/O 0x3f8 (irq = 4, base_baud = 115200) is a 16550A
vm-test-run-thp-madv-remove-test> machine # [    5.860505] Linux agpgart interface v0.103
vm-test-run-thp-madv-remove-test> machine # [    5.861778] ACPI: bus type drm_connector registered
vm-test-run-thp-madv-remove-test> machine # [    6.195951] usbcore: registered new interface driver usbserial_generic
vm-test-run-thp-madv-remove-test> machine # [    6.199568] usbserial: USB Serial support registered for generic
vm-test-run-thp-madv-remove-test> machine # [    6.203190] amd_pstate: the _CPC object is not present in SBIOS or ACPI disabled
vm-test-run-thp-madv-remove-test> machine # [    6.206828] drop_monitor: Initializing network drop monitor service
vm-test-run-thp-madv-remove-test> machine # [    6.217612] NET: Registered PF_INET6 protocol family
vm-test-run-thp-madv-remove-test> machine # [   12.294660] Freeing initrd memory: 12356K
vm-test-run-thp-madv-remove-test> machine # [   12.301601] Segment Routing with IPv6
vm-test-run-thp-madv-remove-test> machine # [   12.304616] In-situ OAM (IOAM) with IPv6
vm-test-run-thp-madv-remove-test> machine # [   12.316131] IPI shorthand broadcast: enabled
vm-test-run-thp-madv-remove-test> machine # [   12.323516] sched_clock: Marking stable (12100024998, 223465276)->(12649246421, -325756147)
vm-test-run-thp-madv-remove-test> machine # [   12.505642] registered taskstats version 1
vm-test-run-thp-madv-remove-test> machine # [   12.507837] Loading compiled-in X.509 certificates
vm-test-run-thp-madv-remove-test> machine # [   12.519179] Demotion targets for Node 0: null
vm-test-run-thp-madv-remove-test> machine # [   12.521604] Key type .fscrypt registered
vm-test-run-thp-madv-remove-test> machine # [   12.524403] Key type fscrypt-provisioning registered
vm-test-run-thp-madv-remove-test> machine # [   12.528190] ima: No TPM chip found, activating TPM-bypass!
vm-test-run-thp-madv-remove-test> machine # [   12.530811] ima: Allocated hash algorithm: sha1
vm-test-run-thp-madv-remove-test> machine # [   12.532978] ima: No architecture policies found
vm-test-run-thp-madv-remove-test> machine # [   12.536932] PM:   Magic number: 14:423:547
vm-test-run-thp-madv-remove-test> machine # [   12.544679] RAS: Correctable Errors collector initialized.
vm-test-run-thp-madv-remove-test> machine # [   12.562417] clk: Disabling unused clocks
vm-test-run-thp-madv-remove-test> machine # [   12.563646] PM: genpd: Disabling unused power domains
vm-test-run-thp-madv-remove-test> machine # [   12.568152] Freeing unused decrypted memory: 2028K
vm-test-run-thp-madv-remove-test> machine # [   12.571198] Freeing unused kernel image (initmem) memory: 3516K
vm-test-run-thp-madv-remove-test> machine # [   12.572981] Write protecting the kernel read-only data: 30720k
vm-test-run-thp-madv-remove-test> machine # [   12.575830] Freeing unused kernel image (text/rodata gap) memory: 104K
vm-test-run-thp-madv-remove-test> machine # [   12.578746] Freeing unused kernel image (rodata/data gap) memory: 1540K
vm-test-run-thp-madv-remove-test> machine # [   12.654215] x86/mm: Checked W+X mappings: passed, no W+X pages found.
vm-test-run-thp-madv-remove-test> machine # [   12.656056] Run /init as init process
vm-test-run-thp-madv-remove-test> machine # [   12.958717] device-mapper: core: CONFIG_IMA_DISABLE_HTABLE is disabled. Duplicate IMA measurements will not be recorded in the IMA log.
vm-test-run-thp-madv-remove-test> machine # [   12.962859] device-mapper: ioctl: 4.49.0-ioctl (2025-01-17) initialised: dm-devel@lists.linux.dev
vm-test-run-thp-madv-remove-test> machine # [   14.797247] ACPI: \_SB_.LNKC: Enabled at IRQ 10
vm-test-run-thp-madv-remove-test> machine # [   14.981269] ACPI: \_SB_.LNKA: Enabled at IRQ 10
vm-test-run-thp-madv-remove-test> machine # [   14.986053] i8042: PNP: PS/2 Controller [PNP0303:KBD,PNP0f13:MOU] at 0x60,0x64 irq 1,12
vm-test-run-thp-madv-remove-test> machine # [   14.986551] SCSI subsystem initialized
vm-test-run-thp-madv-remove-test> machine # [   14.991451] uhci_hcd 0000:00:01.2: UHCI Host Controller
vm-test-run-thp-madv-remove-test> machine # [   14.991610] serio: i8042 KBD port at 0x60,0x64 irq 1
vm-test-run-thp-madv-remove-test> machine # [   14.991757] ACPI: \_SB_.LNKB: Enabled at IRQ 11
vm-test-run-thp-madv-remove-test> machine # [   14.992026] uhci_hcd 0000:00:01.2: new USB bus registered, assigned bus number 1
vm-test-run-thp-madv-remove-test> machine # [   14.992610] serio: i8042 AUX port at 0x60,0x64 irq 12
vm-test-run-thp-madv-remove-test> machine # [   14.993014] uhci_hcd 0000:00:01.2: detected 2 ports
vm-test-run-thp-madv-remove-test> machine # [   15.005216] uhci_hcd 0000:00:01.2: irq 11, io port 0x0000c100
vm-test-run-thp-madv-remove-test> machine # [   15.272910] usb usb1: New USB device found, idVendor=1d6b, idProduct=0001, bcdDevice= 6.14
vm-test-run-thp-madv-remove-test> machine # [   15.278184] usb usb1: New USB device strings: Mfr=3, Product=2, SerialNumber=1
vm-test-run-thp-madv-remove-test> machine # [   15.281748] usb usb1: Product: UHCI Host Controller
vm-test-run-thp-madv-remove-test> machine # [   15.283317] usb usb1: Manufacturer: Linux 6.14.0-rc6 uhci_hcd
vm-test-run-thp-madv-remove-test> machine # [   15.285243] usb usb1: SerialNumber: 0000:00:01.2
vm-test-run-thp-madv-remove-test> machine # [   15.287200] hub 1-0:1.0: USB hub found
vm-test-run-thp-madv-remove-test> machine # [   15.295327] hub 1-0:1.0: 2 ports detected
vm-test-run-thp-madv-remove-test> machine # [   15.763460] usb 1-1: new full-speed USB device number 2 using uhci_hcd
vm-test-run-thp-madv-remove-test> machine # [   19.223117] clocksource: Long readout interval, skipping watchdog check: cs_nsec: 4139681401 wd_nsec: 4139681219
vm-test-run-thp-madv-remove-test> machine # [   19.224044] usb 1-1: New USB device found, idVendor=0627, idProduct=0001, bcdDevice= 0.00
vm-test-run-thp-madv-remove-test> machine # [   19.230078] usb 1-1: New USB device strings: Mfr=1, Product=3, SerialNumber=10
vm-test-run-thp-madv-remove-test> machine # [   19.233455] usb 1-1: Product: QEMU USB Tablet
vm-test-run-thp-madv-remove-test> machine # [   19.235526] usb 1-1: Manufacturer: QEMU
vm-test-run-thp-madv-remove-test> machine # [   19.237332] usb 1-1: SerialNumber: 28754-0000:00:01.2-1
vm-test-run-thp-madv-remove-test> machine # [   19.302377] scsi host0: ata_piix
vm-test-run-thp-madv-remove-test> machine # [   19.304577] scsi host1: ata_piix
vm-test-run-thp-madv-remove-test> machine # [   19.307541] ata1: PATA max MWDMA2 cmd 0x1f0 ctl 0x3f6 bmdma 0xc1e0 irq 14 lpm-pol 0
vm-test-run-thp-madv-remove-test> machine # [   19.311797] ata2: PATA max MWDMA2 cmd 0x170 ctl 0x376 bmdma 0xc1e8 irq 15 lpm-pol 0
vm-test-run-thp-madv-remove-test> machine # [   19.809652] ata2: found unknown device (class 0)
vm-test-run-thp-madv-remove-test> machine # [   19.811808] ata2.00: ATAPI: QEMU DVD-ROM, 2.5+, max UDMA/100
vm-test-run-thp-madv-remove-test> machine # [   20.440409] scsi 1:0:0:0: CD-ROM            QEMU     QEMU DVD-ROM     2.5+ PQ: 0 ANSI: 5
vm-test-run-thp-madv-remove-test> machine # [   20.611570] virtio_blk virtio5: 16/0/0 default/read/poll queues
vm-test-run-thp-madv-remove-test> machine # [   20.614549] hid: raw HID events driver (C) Jiri Kosina
vm-test-run-thp-madv-remove-test> machine # [   20.794516] virtio_blk virtio5: [vda] 2097152 512-byte logical blocks (1.07 GB/1.00 GiB)
vm-test-run-thp-madv-remove-test> machine # [   21.190848] input: AT Translated Set 2 keyboard as /devices/platform/i8042/serio0/input/input0
vm-test-run-thp-madv-remove-test> machine # [   21.195870] netfs: FS-Cache loaded
vm-test-run-thp-madv-remove-test> machine # [   21.363638] usbcore: registered new interface driver usbhid
vm-test-run-thp-madv-remove-test> machine # [   21.367113] usbhid: USB HID core driver
vm-test-run-thp-madv-remove-test> machine # [   21.368314] sr 1:0:0:0: [sr0] scsi3-mmc drive: 4x/4x cd/rw xa/form2 tray
vm-test-run-thp-madv-remove-test> machine # [   21.372907] cdrom: Uniform CD-ROM driver Revision: 3.20
vm-test-run-thp-madv-remove-test> machine # [   21.563642] 9pnet: Installing 9P2000 support
vm-test-run-thp-madv-remove-test> machine # [   21.569750] input: QEMU QEMU USB Tablet as /devices/pci0000:00/0000:00:01.2/usb1/1-1/1-1:1.0/0003:0627:0001.0001/input/input2
vm-test-run-thp-madv-remove-test> machine # [   21.574526] hid-generic 0003:0627:0001.0001: input,hidraw0: USB HID v0.01 Mouse [QEMU QEMU USB Tablet] on usb-0000:00:01.2-1/input0
vm-test-run-thp-madv-remove-test> machine # [   22.739599] EXT4-fs (vda): mounted filesystem cf9df146-23e5-4d73-a225-a83a29194ca2 r/w with ordered data mode. Quota mode: none.
vm-test-run-thp-madv-remove-test> machine # [   22.783669] 9p: Installing v9fs 9p2000 file system support
vm-test-run-thp-madv-remove-test> machine # [   24.286286] EXT4-fs (vda): re-mounted cf9df146-23e5-4d73-a225-a83a29194ca2 r/w. Quota mode: none.
vm-test-run-thp-madv-remove-test> machine # [   24.294431] booting system configuration /nix/store/fzx9xzg31rc3k5ym2nk3jvmbxh087wng-nixos-system-machine-test
vm-test-run-thp-madv-remove-test> machine: Guest root shell did not produce any data yet...
vm-test-run-thp-madv-remove-test> machine:   To debug, enter the VM and run 'systemctl status backdoor.service'.
vm-test-run-thp-madv-remove-test> machine # [   29.934029] systemd[1]: Inserted module 'autofs4'
vm-test-run-thp-madv-remove-test> machine # [   30.028167] systemd[1]: systemd 259 running in system mode (+PAM +AUDIT -SELINUX +APPARMOR +IMA +IPE +SMACK +SECCOMP +GCRYPT -GNUTLS +OPENSSL +ACL +BLKID +CURL +ELFUTILS +FIDO2 +IDN2 -IDN +KMOD +LIBCRYPTSETUP +LIBCRYPTSETUP_PLUGINS +LIBFDISK +PCRE2 +PWQUALITY +P11KIT +QRENCODE +TPM2 +BZIP2 +LZ4 +XZ +ZLIB +ZSTD +BPF_FRAMEWORK -BTF -XKBCOMMON +UTMP -SYSVINIT +LIBARCHIVE)
vm-test-run-thp-madv-remove-test> machine # [   30.037503] systemd[1]: Detected virtualization kvm.
vm-test-run-thp-madv-remove-test> machine # [   30.039081] systemd[1]: Detected architecture x86-64.
vm-test-run-thp-madv-remove-test> machine # [   30.040697] systemd[1]: Detected first boot.
vm-test-run-thp-madv-remove-test> machine # [   30.047828] systemd[1]: Initializing machine ID from random generator.
vm-test-run-thp-madv-remove-test> machine # [   30.059255] systemd[1]: Hostname set to <machine>.
vm-test-run-thp-madv-remove-test> machine # [   30.825752] systemd[1]: bpf-restrict-fs: LSM BPF program attached
vm-test-run-thp-madv-remove-test> machine # [   31.238072] systemd[1]: Applying preset policy.
vm-test-run-thp-madv-remove-test> machine # [   32.172068] systemd[1]: Populated /etc with preset unit settings.
vm-test-run-thp-madv-remove-test> machine # [   32.996134] systemd[1]: Queued start job for default target Multi-User System.
vm-test-run-thp-madv-remove-test> machine # [   33.062132] systemd[1]: Created slice Slice /system/getty.
vm-test-run-thp-madv-remove-test> machine # [   33.065334] systemd[1]: Created slice Slice /system/modprobe.
vm-test-run-thp-madv-remove-test> machine # [   33.068343] systemd[1]: Created slice User and Session Slice.
vm-test-run-thp-madv-remove-test> machine # [   33.070302] systemd[1]: Started Dispatch Password Requests to Console Directory Watch.
vm-test-run-thp-madv-remove-test> machine # [   33.072598] systemd[1]: Started Forward Password Requests to Wall Directory Watch.
vm-test-run-thp-madv-remove-test> machine # [   33.074637] systemd[1]: Expecting device /dev/hvc0...
vm-test-run-thp-madv-remove-test> machine # [   33.076076] systemd[1]: Expecting device /dev/ttyS0...
vm-test-run-thp-madv-remove-test> machine # [   33.077456] systemd[1]: Expecting device /sys/subsystem/net/devices/eth1...
vm-test-run-thp-madv-remove-test> machine # [   33.079216] systemd[1]: Reached target Local Encrypted Volumes.
vm-test-run-thp-madv-remove-test> machine # [   33.080848] systemd[1]: Reached target Virtual Machines and Containers.
vm-test-run-thp-madv-remove-test> machine # [   33.082581] systemd[1]: Reached target Path Units.
vm-test-run-thp-madv-remove-test> machine # [   33.083908] systemd[1]: Reached target Remote File Systems.
vm-test-run-thp-madv-remove-test> machine # [   33.085488] systemd[1]: Reached target Slice Units.
vm-test-run-thp-madv-remove-test> machine # [   33.086846] systemd[1]: Reached target Swaps.
vm-test-run-thp-madv-remove-test> machine # [   33.094701] systemd[1]: Listening on Process Core Dump Socket.
vm-test-run-thp-madv-remove-test> machine # [   33.101341] systemd[1]: Listening on Credential Encryption/Decryption.
vm-test-run-thp-madv-remove-test> machine # [   33.119064] systemd[1]: Listening on Journal Audit Socket.
vm-test-run-thp-madv-remove-test> machine # [   33.121239] systemd[1]: Listening on Journal Socket (/dev/log).
vm-test-run-thp-madv-remove-test> machine # [   33.123537] systemd[1]: Listening on Journal Sockets.
vm-test-run-thp-madv-remove-test> machine # [   33.125668] systemd[1]: Listening on Userspace Out-Of-Memory (OOM) Killer Socket.
vm-test-run-thp-madv-remove-test> machine # [   33.128246] systemd[1]: Make TPM PCR Policy was skipped because of an unmet condition check (ConditionSecurity=measured-uki).
vm-test-run-thp-madv-remove-test> machine # [   33.131319] systemd[1]: Listening on udev Control Socket.
vm-test-run-thp-madv-remove-test> machine # [   33.132911] systemd[1]: Listening on udev Kernel Socket.
vm-test-run-thp-madv-remove-test> machine # [   33.141759] systemd[1]: Mounting Huge Pages File System...
vm-test-run-thp-madv-remove-test> machine # [   33.147430] systemd[1]: Mounting POSIX Message Queue File System...
vm-test-run-thp-madv-remove-test> machine # [   33.154733] systemd[1]: Mounting Kernel Debug File System...
vm-test-run-thp-madv-remove-test> machine # [   33.162870] systemd[1]: Mounting Kernel Trace File System...
vm-test-run-thp-madv-remove-test> machine # [   33.185475] systemd[1]: Starting Create List of Static Device Nodes...
vm-test-run-thp-madv-remove-test> machine # [   33.194287] systemd[1]: Load Kernel Module 9pnet_virtio was skipped because of an unmet condition check (ConditionKernelModuleLoaded=!9pnet_virtio).
vm-test-run-thp-madv-remove-test> machine # [   33.204524] systemd[1]: Starting Load Kernel Module configfs...
vm-test-run-thp-madv-remove-test> machine # [   33.206538] systemd[1]: Load Kernel Module drm was skipped because of an unmet condition check (ConditionKernelModuleLoaded=!drm).
vm-test-run-thp-madv-remove-test> machine # [   33.215900] systemd[1]: Starting Load Kernel Module efi_pstore...
vm-test-run-thp-madv-remove-test> machine # [   33.224564] systemd[1]: Starting Load Kernel Module fuse...
vm-test-run-thp-madv-remove-test> machine # [   33.229501] systemd[1]: File System Check on Root Device was skipped because of an unmet condition check (ConditionPathIsReadWrite=!/).
vm-test-run-thp-madv-remove-test> machine # [   33.241087] systemd[1]: Clear Stale Hibernate Storage Info was skipped because of an unmet condition check (ConditionPathExists=/sys/firmware/efi/efivars/HibernateLocation-8cf2644b-4b0b-428f-9387-6d876050dc67).
vm-test-run-thp-madv-remove-test> machine # [   33.265035] systemd[1]: Starting Journal Service...
vm-test-run-thp-madv-remove-test> machine # [   33.275450] systemd[1]: Starting Load Kernel Modules...
vm-test-run-thp-madv-remove-test> machine # [   33.284227] systemd[1]: Starting Userspace Out-Of-Memory (OOM) Killer...
vm-test-run-thp-madv-remove-test> machine # [   33.293396] systemd[1]: Starting Remount Root and Kernel File Systems...
vm-test-run-thp-madv-remove-test> machine # [   33.299515] systemd[1]: Early TPM SRK Setup was skipped because of an unmet condition check (ConditionSecurity=measured-uki).
vm-test-run-thp-madv-remove-test> machine # [   33.310955] systemd[1]: Starting Coldplug All udev Devices...
vm-test-run-thp-madv-remove-test> machine # [   33.319256] systemd[1]: Mounted Huge Pages File System.
vm-test-run-thp-madv-remove-test> machine # [   33.322750] systemd[1]: Mounted POSIX Message Queue File System.
vm-test-run-thp-madv-remove-test> machine # [   33.325729] systemd[1]: Mounted Kernel Debug File System.
vm-test-run-thp-madv-remove-test> machine # [   33.330910] systemd[1]: Mounted Kernel Trace File System.
vm-test-run-thp-madv-remove-test> machine # [   33.343563] systemd[1]: Finished Create List of Static Device Nodes.
vm-test-run-thp-madv-remove-test> machine # [   33.344393] fuse: init (API version 7.42)
vm-test-run-thp-madv-remove-test> machine # [   33.347531] systemd[1]: modprobe@configfs.service: Deactivated successfully.
vm-test-run-thp-madv-remove-test> machine # [   33.351809] systemd[1]: Finished Load Kernel Module configfs.
vm-test-run-thp-madv-remove-test> machine # [   33.354765] systemd[1]: modprobe@efi_pstore.service: Deactivated successfully.
vm-test-run-thp-madv-remove-test> machine # [   33.355480] systemd-journald[668]: Collecting audit messages is enabled.
vm-test-run-thp-madv-remove-test> machine # [   33.356312] systemd[1]: Finished Load Kernel Module efi_pstore.
vm-test-run-thp-madv-remove-test> machine # [   33.363862] systemd[1]: modprobe@fuse.service: Deactivated successfully.
vm-test-run-thp-madv-remove-test> machine # [   33.366770] systemd[1]: Finished Load Kernel Module fuse.
vm-test-run-thp-madv-remove-test> machine # [   33.373529] systemd[1]: Mounting FUSE Control File System...
vm-test-run-thp-madv-remove-test> machine # [   33.378926] systemd[1]: Mounting Kernel Configuration File System...
vm-test-run-thp-madv-remove-test> machine # [   33.385356] systemd[1]: Starting Create Static Device Nodes in /dev gracefully...
vm-test-run-thp-madv-remove-test> machine # [   33.734243] systemd-modules-load[669]: Using 2 probe threads
vm-test-run-thp-madv-remove-test> machine # [   33.956431] systemd[1]: Started Journal Service.
vm-test-run-thp-madv-remove-test> machine # [   33.956761] EXT4-fs (vda): re-mounted cf9df146-23e5-4d73-a225-a83a29194ca2 r/w. Quota mode: none.
vm-test-run-thp-madv-remove-test> machine # [   33.969911] loop: module loaded
vm-test-run-thp-madv-remove-test> machine # [   33.754950] systemd-modules-load[669]: Inserted module 'loop'
vm-test-run-thp-madv-remove-test> machine # [   33.761327] systemd-oomd[670]: No swap; memory pressure usage will be degraded
vm-test-run-thp-madv-remove-test> machine # [   33.768272] systemd[1]: Finished Load Kernel Modules.
vm-test-run-thp-madv-remove-test> machine # [   33.770234] systemd[1]: Finished Remount Root and Kernel File Systems.
vm-test-run-thp-madv-remove-test> machine # [   34.019773] systemd[1]: Starting Firewall...
vm-test-run-thp-madv-remove-test> machine # [   34.025886] systemd[1]: Starting Flush Journal to Persistent Storage...
vm-test-run-thp-madv-remove-test> machine # [   34.036745] systemd[1]: Platform Persistent Storage Archival was skipped because of an unmet condition check (ConditionDirectoryNotEmpty=/sys/fs/pstore).
vm-test-run-thp-madv-remove-test> machine # [   34.044894] systemd[1]: Starting Load/Save OS Random Seed...
vm-test-run-thp-madv-remove-test> machine # [   34.049139] systemd[1]: Starting Apply Kernel Variables...
vm-test-run-thp-madv-remove-test> machine # [   34.052734] systemd[1]: TPM SRK Setup was skipped because of an unmet condition check (ConditionSecurity=measured-uki).
vm-test-run-thp-madv-remove-test> machine # [   34.057698] systemd[1]: Started Userspace Out-Of-Memory (OOM) Killer.
vm-test-run-thp-madv-remove-test> machine # [   34.060600] systemd[1]: Mounted FUSE Control File System.
vm-test-run-thp-madv-remove-test> machine # [   34.063819] systemd[1]: Mounted Kernel Configuration File System.
vm-test-run-thp-madv-remove-test> machine # [   34.068522] systemd[1]: Finished Coldplug All udev Devices.
vm-test-run-thp-madv-remove-test> machine # [   34.107166] systemd[1]: Finished Load/Save OS Random Seed.
vm-test-run-thp-madv-remove-test> machine # [   34.409381] systemd[1]: Reached target First Boot Complete.
vm-test-run-thp-madv-remove-test> machine # [   34.414395] systemd[1]: Finished Create Static Device Nodes in /dev gracefully.
vm-test-run-thp-madv-remove-test> machine # [   34.421110] systemd[1]: Starting Create Static Device Nodes in /dev...
vm-test-run-thp-madv-remove-test> machine # [   35.276600] systemd-journald[668]: Received client request to flush runtime journal.
vm-test-run-thp-madv-remove-test> machine # [   35.097734] systemd[1]: Finished Flush Journal to Persistent Storage.
vm-test-run-thp-madv-remove-test> machine # [   35.102204] systemd[1]: Finished Apply Kernel Variables.
vm-test-run-thp-madv-remove-test> machine # [   35.112781] systemd[1]: Finished Create Static Device Nodes in /dev.
vm-test-run-thp-madv-remove-test> machine # [   35.117085] systemd[1]: Reached target Preparation for Local File Systems.
vm-test-run-thp-madv-remove-test> machine # [   35.123970] systemd[1]: Mounting /run/wrappers...
vm-test-run-thp-madv-remove-test> machine # [   35.130329] systemd[1]: Starting Rule-based Manager for Device Events and Files...
vm-test-run-thp-madv-remove-test> machine # [   35.193993] systemd[1]: Mounted /run/wrappers.
vm-test-run-thp-madv-remove-test> machine # [   35.198759] systemd[1]: Reached target Local File Systems.
vm-test-run-thp-madv-remove-test> machine # [   35.203819] systemd[1]: Listening on Boot Entries Service Socket.
vm-test-run-thp-madv-remove-test> machine # [   35.208462] systemd[1]: Starting Create SUID/SGID Wrappers...
vm-test-run-thp-madv-remove-test> machine # [   35.212152] systemd[1]: Update Boot Loader Random Seed was skipped because no trigger condition checks were met.
vm-test-run-thp-madv-remove-test> machine # [   35.254933] systemd-udevd[713]: Using default interface naming scheme 'v259'.
vm-test-run-thp-madv-remove-test> machine # [   37.407440] systemd[1]: Starting Save Transient machine-id to Disk...
vm-test-run-thp-madv-remove-test> machine # [   37.430961] systemd[1]: Starting Create System Files and Directories...
vm-test-run-thp-madv-remove-test> machine # [   37.478612] systemd[1]: etc-machine\x2did.mount: Deactivated successfully.
vm-test-run-thp-madv-remove-test> machine # [   37.486176] systemd[1]: Finished Save Transient machine-id to Disk.
vm-test-run-thp-madv-remove-test> machine # [   37.535304] systemd[1]: Started Rule-based Manager for Device Events and Files.
vm-test-run-thp-madv-remove-test> machine # [   37.548757] systemd[1]: Finished Create System Files and Directories.
vm-test-run-thp-madv-remove-test> machine # [   37.555232] systemd[1]: Starting Rebuild Journal Catalog...
vm-test-run-thp-madv-remove-test> machine # [   37.560476] systemd[1]: Starting Record System Boot/Shutdown in UTMP...
vm-test-run-thp-madv-remove-test> machine # [   37.635427] systemd[1]: Finished Record System Boot/Shutdown in UTMP.
vm-test-run-thp-madv-remove-test> machine # [   37.649525] systemd[1]: Found device /dev/hvc0.
vm-test-run-thp-madv-remove-test> machine # [   38.098808] systemd[1]: Found device /dev/ttyS0.
vm-test-run-thp-madv-remove-test> machine # [   38.104306] (udev-worker)[771]: eth1: Config file /etc/systemd/network/40-eth1.link is applied to device based on potentially unpredictable interface name.
vm-test-run-thp-madv-remove-test> machine # [   38.258314] (udev-worker)[779]: Network interface NamePolicy= disabled on kernel command line.
vm-test-run-thp-madv-remove-test> machine # [   38.264503] (udev-worker)[771]: Network interface NamePolicy= disabled on kernel command line.
vm-test-run-thp-madv-remove-test> machine # [   38.268407] systemd[1]: Found device Virtio network device.
vm-test-run-thp-madv-remove-test> machine # [   38.271831] systemd[1]: Finished Rebuild Journal Catalog.
vm-test-run-thp-madv-remove-test> machine # [   38.273751] systemd[1]: Starting Update is Completed...
vm-test-run-thp-madv-remove-test> machine # [   38.854095] input: QEMU Virtio Keyboard as /devices/pci0000:00/0000:00:0a.0/virtio7/input/input3
vm-test-run-thp-madv-remove-test> machine # [   39.366224] input: Power Button as /devices/LNXSYSTM:00/LNXPWRBN:00/input/input4
vm-test-run-thp-madv-remove-test> machine # [   39.373770] bochs-drm 0000:00:02.0: vgaarb: deactivate vga console
vm-test-run-thp-madv-remove-test> machine # [   39.377004] ACPI: button: Power Button [PWRF]
vm-test-run-thp-madv-remove-test> machine # [   39.384521] piix4_smbus 0000:00:01.3: SMBus Host Controller at 0x700, revision 0
vm-test-run-thp-madv-remove-test> machine # [   39.384758] i2c i2c-0: Memory type 0x07 not supported yet, not instantiating SPD
vm-test-run-thp-madv-remove-test> machine # [   39.386604] mousedev: PS/2 mouse device common for all mice
vm-test-run-thp-madv-remove-test> machine # [   39.387380] rtc_cmos 00:05: RTC can wake from S4
vm-test-run-thp-madv-remove-test> machine # [   39.391030] rtc_cmos 00:05: registered as rtc0
vm-test-run-thp-madv-remove-test> machine # [   39.392036] rtc_cmos 00:05: setting system clock to 2026-02-26T19:33:12 UTC (1772134392)
vm-test-run-thp-madv-remove-test> machine # [   39.392469] rtc_cmos 00:05: alarms up to one day, y3k, 242 bytes nvram, hpet irqs
vm-test-run-thp-madv-remove-test> machine # [   39.394128] Floppy drive(s): fd0 is 2.88M AMI BIOS
vm-test-run-thp-madv-remove-test> machine # [   39.396989] parport_pc 00:03: reported by Plug and Play ACPI
vm-test-run-thp-madv-remove-test> machine # [   39.397201] parport0: PC-style at 0x378, irq 7 [PCSPP(,...)]
vm-test-run-thp-madv-remove-test> machine # [   39.400530] Console: switching to colour dummy device 80x25
vm-test-run-thp-madv-remove-test> machine # [   39.411677] FDC 0 is a S82078B
vm-test-run-thp-madv-remove-test> machine # [   39.415767] [drm] Found bochs VGA, ID 0xb0c5.
vm-test-run-thp-madv-remove-test> machine # [   39.415771] [drm] Framebuffer size 16384 kB @ 0xfd000000, mmio @ 0xfebd0000.
vm-test-run-thp-madv-remove-test> machine # [   39.416517] [drm] Initialized bochs-drm 1.0.0 for 0000:00:02.0 on minor 0
vm-test-run-thp-madv-remove-test> machine # [   39.450961] cryptd: max_cpu_qlen set to 1000
vm-test-run-thp-madv-remove-test> machine # [   39.454727] input: VirtualPS/2 VMware VMMouse as /devices/platform/i8042/serio1/input/input6
vm-test-run-thp-madv-remove-test> machine # [   40.211013] AES CTR mode by8 optimization enabled
vm-test-run-thp-madv-remove-test> machine # [   40.213981] fbcon: bochs-drmdrmfb (fb0) is primary device
vm-test-run-thp-madv-remove-test> machine # [   40.392917] input: VirtualPS/2 VMware VMMouse as /devices/platform/i8042/serio1/input/input5
vm-test-run-thp-madv-remove-test> machine # [   40.394263] Console: switching to colour frame buffer device 160x50
vm-test-run-thp-madv-remove-test> machine # [   40.410230] bochs-drm 0000:00:02.0: [drm] fb0: bochs-drmdrmfb frame buffer device
vm-test-run-thp-madv-remove-test> machine # [   40.211529] systemd[1]: Finished Update is Completed.
vm-test-run-thp-madv-remove-test> machine # [   46.819306] systemd[1]: suid-sgid-wrappers.service: Deactivated successfully.
vm-test-run-thp-madv-remove-test> machine # [   46.822507] systemd[1]: Finished Create SUID/SGID Wrappers.
vm-test-run-thp-madv-remove-test> machine # [   46.825341] systemd[1]: suid-sgid-wrappers.service: Consumed 7.334s CPU time over 11.613s wall clock time, 5.5M memory peak.
vm-test-run-thp-madv-remove-test> machine # [   46.828893] systemd[1]: Reached target System Initialization.
vm-test-run-thp-madv-remove-test> machine # [   46.830860] systemd[1]: Started Discard unused filesystem blocks once a week.
vm-test-run-thp-madv-remove-test> machine # [   46.833222] systemd[1]: Started Daily Cleanup of Temporary Directories.
vm-test-run-thp-madv-remove-test> machine # [   46.835155] systemd[1]: Reached target Timer Units.
vm-test-run-thp-madv-remove-test> machine # [   46.836537] systemd[1]: Listening on D-Bus System Message Bus Socket.
vm-test-run-thp-madv-remove-test> machine # [   46.838275] systemd[1]: Listening on Nix Daemon Socket.
vm-test-run-thp-madv-remove-test> machine # [   46.839721] systemd[1]: Listening on Hostname Service Socket.
vm-test-run-thp-madv-remove-test> machine # [   46.841297] systemd[1]: Reached target Socket Units.
vm-test-run-thp-madv-remove-test> machine # [   46.842801] systemd[1]: Reached target Basic System.
vm-test-run-thp-madv-remove-test> machine # [   47.207267] systemd[1]: Started backdoor.service.
vm-test-run-thp-madv-remove-test> machine # [   47.211320] systemd[1]: Starting Import lastlog data into lastlog2 database...
vm-test-run-thp-madv-remove-test> machine # [   47.215712] systemd[1]: Starting Name Service Cache Daemon (nsncd)...
vm-test-run-thp-madv-remove-test> machine # [   47.220222] systemd[1]: Starting Post-boot Actions...
vm-test-run-thp-madv-remove-test> machine # [   47.225199] systemd[1]: Started Reset console on configuration changes.
vm-test-run-thp-madv-remove-test> machine # [   47.230503] systemd[1]: Starting resolvconf update...
vm-test-run-thp-madv-remove-test> machine # [   55.786512] systemd[1]: Starting D-Bus System Message Bus...
vm-test-run-thp-madv-remove-test> machine # [   56.287671] systemd[1]: Finished Post-boot Actions.
vm-test-run-thp-madv-remove-test> machine # connecting to host...
vm-test-run-thp-madv-remove-test> machine: Guest shell says: b'Spawning backdoor root shell...\n'
vm-test-run-thp-madv-remove-test> machine: connected to guest root shell
vm-test-run-thp-madv-remove-test> machine: (connecting took 57.82 seconds)
vm-test-run-thp-madv-remove-test> machine: (finished: waiting for the VM to finish booting, in 58.09 seconds)
vm-test-run-thp-madv-remove-test> machine # [   56.853443] dbus-daemon[892]: dbus[892]: Unknown username "systemd-timesync" in message bus configuration file
vm-test-run-thp-madv-remove-test> machine # [   56.855919] systemd[1]: Finished Import lastlog data into lastlog2 database.
vm-test-run-thp-madv-remove-test> machine # [   57.210937] systemd[1]: Started D-Bus System Message Bus.
vm-test-run-thp-madv-remove-test> machine # [   57.348838] nsncd[887]: Feb 26 19:33:30.678 INFO started, config: Config { ignored_request_types: {}, worker_count: 8, handoff_timeout: 10s }, path: "/var/run/nscd/socket"
vm-test-run-thp-madv-remove-test> machine # [   57.350705] systemd[1]: Started Name Service Cache Daemon (nsncd).
vm-test-run-thp-madv-remove-test> machine # [   57.351959] systemd[1]: Reached target Host and Network Name Lookups.
vm-test-run-thp-madv-remove-test> machine # [   57.352899] systemd[1]: Reached target User and Group Name Lookups.
vm-test-run-thp-madv-remove-test> machine # [   59.640540] systemd[1]: Starting User Login Management...
vm-test-run-thp-madv-remove-test> machine # [   59.645400] systemd[1]: Stopped target Host and Network Name Lookups.
vm-test-run-thp-madv-remove-test> machine # [   59.647789] systemd[1]: Stopping Host and Network Name Lookups...
vm-test-run-thp-madv-remove-test> machine # [   59.650322] systemd[1]: Stopped target User and Group Name Lookups.
vm-test-run-thp-madv-remove-test> machine # [   59.651837] systemd[1]: Stopping User and Group Name Lookups...
vm-test-run-thp-madv-remove-test> machine # [   59.652813] systemd[1]: Stopping Name Service Cache Daemon (nsncd)...
vm-test-run-thp-madv-remove-test> machine # [   59.906405] systemd[1]: nscd.service: Deactivated successfully.
vm-test-run-thp-madv-remove-test> machine # [   59.954808] systemd[1]: Stopped Name Service Cache Daemon (nsncd).
vm-test-run-thp-madv-remove-test> machine # [   59.958521] systemd[1]: nscd.service: Consumed 2.922s CPU time over 12.690s wall clock time, 4.5M memory peak.
vm-test-run-thp-madv-remove-test> machine # [   59.964868] systemd[1]: Starting Name Service Cache Daemon (nsncd)...
vm-test-run-thp-madv-remove-test> machine # [   59.981625] systemd[1]: Finished resolvconf update.
vm-test-run-thp-madv-remove-test> machine # [   60.219457] kvm_amd: Nested Virtualization enabled
vm-test-run-thp-madv-remove-test> machine # [   60.220695] kvm_amd: Nested Paging enabled
vm-test-run-thp-madv-remove-test> machine # [   60.013079] systemd[1]: Starting DHCP Client...
vm-test-run-thp-madv-remove-test> machine # [   60.050581] nsncd[971]: Feb 26 19:33:33.381 INFO started, config: Config { ignored_request_types: {}, worker_count: 8, handoff_timeout: 10s }, path: "/var/run/nscd/socket"
vm-test-run-thp-madv-remove-test> machine # [   60.052046] systemd[1]: Started Name Service Cache Daemon (nsncd).
vm-test-run-thp-madv-remove-test> machine # [   60.052694] systemd[1]: Reached target Host and Network Name Lookups.
vm-test-run-thp-madv-remove-test> machine # [   60.054161] systemd[1]: Reached target User and Group Name Lookups.
vm-test-run-thp-madv-remove-test> machine # [   60.055687] systemd-logind[951]: New seat seat0.
vm-test-run-thp-madv-remove-test> machine # [   60.061149] systemd[1]: Started User Login Management.
vm-test-run-thp-madv-remove-test> machine # [   60.062585] systemd[1]: Starting linger-users.service...
vm-test-run-thp-madv-remove-test> machine # [   60.125261] systemd[1]: linger-users.service: Deactivated successfully.
vm-test-run-thp-madv-remove-test> machine # [   60.130431] systemd[1]: Finished linger-users.service.
vm-test-run-thp-madv-remove-test> machine # [   60.384733] EDAC MC: Ver: 3.0.0
vm-test-run-thp-madv-remove-test> machine # [   60.247942] systemd[1]: Starting Virtual Console Setup...
vm-test-run-thp-madv-remove-test> machine # [   60.264279] systemd[1]: systemd-vconsole-setup.service: Deactivated successfully.
vm-test-run-thp-madv-remove-test> machine # [   60.265199] systemd[1]: Stopped Virtual Console Setup.
vm-test-run-thp-madv-remove-test> machine # [   60.271092] systemd[1]: Starting Virtual Console Setup...
vm-test-run-thp-madv-remove-test> machine # [   60.273488] dhcpcd[1005]: dhcpcd-10.3.0 starting
vm-test-run-thp-madv-remove-test> machine # [   60.287592] dhcpcd[1032]: dev[   60.510796] ppdev: user-space parallel port driver
vm-test-run-thp-madv-remove-test> machine # : loaded udev
vm-test-run-thp-madv-remove-test> machine # [   60.317492] systemd[1]: systemd-vconsole-setup.service: Deactivated successfully.
vm-test-run-thp-madv-remove-test> machine # [   60.318425] systemd-logind[951]: Watching system buttons on /dev/input/event3 (Power Button)
vm-test-run-thp-madv-remove-test> machine # [   60.320969] systemd[1]: Stopped Virtual Console Setup.
vm-test-run-thp-madv-remove-test> machine # [   60.552992] 8021q: 802.1Q VLAN Support v1.8
vm-test-run-thp-madv-remove-test> machine # [   60.334059] systemd-logind[951]: Watching system buttons on /dev/input/event2 (QEMU Virtio Keyboard)
vm-test-run-thp-madv-remove-test> machine # [   60.339231] systemd[1]: Starting Virtual Console Setup...
vm-test-run-thp-madv-remove-test> machine # [   60.341700] systemd-logind[951]: Watching system buttons on /dev/input/event0 (AT Translated Set 2 keyboard)
vm-test-run-thp-madv-remove-test> machine # [   60.383960] systemd[1]: Listening on Load/Save RF Kill Switch Status /dev/rfkill Watch.
vm-test-run-thp-madv-remove-test> machine # [   60.517565] systemd[1]: Finished Firewall.
vm-test-run-thp-madv-remove-test> machine # [   60.519212] systemd[1]: Reached target Preparation for Network.
vm-test-run-thp-madv-remove-test> machine # [   60.525065] systemd[1]: Starting Address configuration of eth1...
vm-test-run-thp-madv-remove-test> machine # [   60.780993] cfg80211: Loading compiled-in X.509 certificates for regulatory database
vm-test-run-thp-madv-remove-test> machine # [   60.835447] Loaded X.509 cert 'sforshee: 00b28ddf47aef9cea7'
vm-test-run-thp-madv-remove-test> machine # [   60.840193] Loaded X.509 cert 'wens: 61c038651aabdcf94bd0ac7ff06c7248db18c600'
vm-test-run-thp-madv-remove-test> machine # [   60.850809] platform regulatory.0: Direct firmware load for regulatory.db failed with error -2
vm-test-run-thp-madv-remove-test> machine # [   60.854200] cfg80211: failed to load regulatory.db
vm-test-run-thp-madv-remove-test> machine # [   60.899711] 8021q: adding VLAN 0 to HW filter on device eth1
vm-test-run-thp-madv-remove-test> machine # [   60.708516] network-addresses-eth1-start[1059]: adding address 192.168.1.1/24... done
vm-test-run-thp-madv-remove-test> machine # [   60.732325] network-addresses-eth1-start[1059]: adding address 2001:db8:1::1/64... done
vm-test-run-thp-madv-remove-test> machine # [   60.968036] 8021q: adding VLAN 0 to HW filter on device eth0
vm-test-run-thp-madv-remove-test> machine # [   60.750562] dhcpcd[1032]: eth0: waiting for carrier
vm-test-run-thp-madv-remove-test> machine # [   60.755689] dhcpcd[1032]: libudev: received NULL device
vm-test-run-thp-madv-remove-test> machine # [   60.757915] dhcpcd[1032]: libudev: received NULL device
vm-test-run-thp-madv-remove-test> machine # [   60.760178] dhcpcd[1032]: eth0: carrier acquired
vm-test-run-thp-madv-remove-test> machine # [   60.765992] systemd[1]: Finished Address configuration of eth1.
vm-test-run-thp-madv-remove-test> machine # [   60.772664] systemd[1]: Starting Networking Setup...
vm-test-run-thp-madv-remove-test> machine # [   60.777373] dhcpcd[1032]: DUID 00:01:00:01:31:33:5c:8e:52:54:00:12:34:56
vm-test-run-thp-madv-remove-test> machine # [   60.781615] dhcpcd[1032]: eth0: IAID 00:12:34:56
vm-test-run-thp-madv-remove-test> machine # [   60.784149] dhcpcd[1032]: eth0: adding address fe80::5054:ff:fe12:3456
vm-test-run-thp-madv-remove-test> machine # [   61.040284] systemd[1]: Finished Networking Setup.
vm-test-run-thp-madv-remove-test> machine # [   61.043501] systemd[1]: Reached target Network.
vm-test-run-thp-madv-remove-test> machine # [   61.048311] systemd[1]: Starting Permit User Sessions...
vm-test-run-thp-madv-remove-test> machine # [   61.119797] systemd[1]: Finished Permit User Sessions.
vm-test-run-thp-madv-remove-test> machine # [   61.126443] systemd[1]: Started Getty on tty1.
vm-test-run-thp-madv-remove-test> machine # [   61.128909] systemd[1]: Reached target Login Prompts.
vm-test-run-thp-madv-remove-test> machine # [   61.321280] dhcpcd[1032]: eth0: soliciting a DHCP lease
vm-test-run-thp-madv-remove-test> machine # [   61.604976] NET: Registered PF_PACKET protocol family
vm-test-run-thp-madv-remove-test> machine # [   61.539934] systemd[1]: Finished Virtual Console Setup.
vm-test-run-thp-madv-remove-test> machine # [   61.542612] dhcpcd[1032]: eth0: offered 10.0.2.15 from 10.0.2.2
vm-test-run-thp-madv-remove-test> machine # [   61.565391] dhcpcd[1032]: eth0: probing address 10.0.2.15/24
vm-test-run-thp-madv-remove-test> machine # [   63.396533] dhcpcd[1032]: eth0: soliciting an IPv6 router
vm-test-run-thp-madv-remove-test> machine # [   63.399661] dhcpcd[1032]: eth0: Router Advertisement from fe80::2
vm-test-run-thp-madv-remove-test> machine # [   63.401974] dhcpcd[1032]: eth0: adding address fec0::5054:ff:fe12:3456/64
vm-test-run-thp-madv-remove-test> machine # [   63.404940] dhcpcd[1032]: eth0: adding route to fec0::/64
vm-test-run-thp-madv-remove-test> machine # [   63.406750] dhcpcd[1032]: eth0: adding default route via fe80::2
vm-test-run-thp-madv-remove-test> machine # [   66.291718] dhcpcd[1032]: eth0: leased 10.0.2.15 for 86400 seconds
vm-test-run-thp-madv-remove-test> machine # [   66.295924] dhcpcd[1032]: eth0: adding route to 10.0.2.0/24
vm-test-run-thp-madv-remove-test> machine # [   66.297250] dhcpcd[1032]: eth0: adding default route via 10.0.2.2
vm-test-run-thp-madv-remove-test> machine # [   66.539481] systemd[1]: Started DHCP Client.
vm-test-run-thp-madv-remove-test> machine # [   66.548344] systemd[1]: Reached target Multi-User System.
vm-test-run-thp-madv-remove-test> machine # [   66.549285] systemd[1]: Startup finished in 29.618s (kernel) + 36.929s (userspace) = 1min 6.548s.
vm-test-run-thp-madv-remove-test> machine: (finished: waiting for unit multi-user.target, in 69.03 seconds)
vm-test-run-thp-madv-remove-test> machine: must succeed: grep -q '\[advise\]' /sys/kernel/mm/transparent_hugepage/shmem_enabled
vm-test-run-thp-madv-remove-test> machine: (finished: must succeed: grep -q '\[advise\]' /sys/kernel/mm/transparent_hugepage/shmem_enabled, in 0.05 seconds)
vm-test-run-thp-madv-remove-test> machine: must succeed: systemd-run --service-type=exec --wait -u thp-madv-remove-test thp-madv-remove-test
vm-test-run-thp-madv-remove-test> machine # Running as unit: thp-madv-remove-test.service
vm-test-run-thp-madv-remove-test> machine # [   67.904539] systemd[1]: Starting [systemd-run] /run/current-system/sw/bin/thp-madv-remove-test...
vm-test-run-thp-madv-remove-test> machine # [   67.974369] systemd[1]: Started [systemd-run] /run/current-system/sw/bin/thp-madv-remove-test.
vm-test-run-thp-madv-remove-test> machine # [   67.983374] thp-madv-remove-test[1248]: THP + MADV_REMOVE cross-process kernel regression test
vm-test-run-thp-madv-remove-test> machine # [   67.985567] thp-madv-remove-test[1248]: =======================================================
vm-test-run-thp-madv-remove-test> machine # [   67.987295] thp-madv-remove-test[1248]: File size:       20 MiB
vm-test-run-thp-madv-remove-test> machine # [   67.988287] thp-madv-remove-test[1248]: Total pages:     5120
vm-test-run-thp-madv-remove-test> machine # [   67.989123] thp-madv-remove-test[1248]: Child readers:   16
vm-test-run-thp-madv-remove-test> machine # [   67.989831] thp-madv-remove-test[1248]: Punching every 7th page (731 pages)
vm-test-run-thp-madv-remove-test> machine # [   67.991524] thp-madv-remove-test[1248]: Iterations:      1000
vm-test-run-thp-madv-remove-test> machine # [   67.992753] thp-madv-remove-test[1248]: --- Iteration 1/1000 ---
vm-test-run-thp-madv-remove-test> machine # [   69.719803] thp-madv-remove-test[1249]: post-sleep failures: 0
vm-test-run-thp-madv-remove-test> machine # [   69.722221] thp-madv-remove-test[1248]:   Child: 1831711 pages verified, 0 failures
vm-test-run-thp-madv-remove-test> machine # [   69.723270] thp-madv-remove-test[1248]:   All 4388 non-punched pages verified OK
vm-test-run-thp-madv-remove-test> machine # [   69.724061] thp-madv-remove-test[1248]:   Parent verification failures: 0
vm-test-run-thp-madv-remove-test> machine # [   69.725122] thp-madv-remove-test[1248]: Iteration 1 PASSED
vm-test-run-thp-madv-remove-test> machine # [   69.726063] thp-madv-remove-test[1248]: --- Iteration 2/1000 ---
vm-test-run-thp-madv-remove-test> machine # [   70.951394] thp-madv-remove-test[1266]: post-sleep failures: 0
vm-test-run-thp-madv-remove-test> machine # [   70.953352] thp-madv-remove-test[1248]:   Child: 2984054 pages verified, 0 failures
vm-test-run-thp-madv-remove-test> machine # [   70.954228] thp-madv-remove-test[1248]:   All 4388 non-punched pages verified OK
vm-test-run-thp-madv-remove-test> machine # [   70.954376] thp-madv-remove-test[1248]:   Parent verification failures: 0
vm-test-run-thp-madv-remove-test> machine # [   70.956537] thp-madv-remove-test[1248]: Iteration 2 PASSED
vm-test-run-thp-madv-remove-test> machine # [   70.957582] thp-madv-remove-test[1248]: --- Iteration 3/1000 ---
vm-test-run-thp-madv-remove-test> machine # [   73.870834] thp-madv-remove-test[1284]: post-sleep failures: 0
vm-test-run-thp-madv-remove-test> machine # [   73.872598] thp-madv-remove-test[1248]:   Child: 2247983 pages verified, 0 failures
vm-test-run-thp-madv-remove-test> machine # [   73.873750] thp-madv-remove-test[1248]:   All 4388 non-punched pages verified OK
vm-test-run-thp-madv-remove-test> machine # [   73.874758] thp-madv-remove-test[1248]:   Parent verification failures: 0
vm-test-run-thp-madv-remove-test> machine # [   73.875909] thp-madv-remove-test[1248]: Iteration 3 PASSED
vm-test-run-thp-madv-remove-test> machine # [   73.877092] thp-madv-remove-test[1248]: --- Iteration 4/1000 ---
vm-test-run-thp-madv-remove-test> machine # [   74.892320] thp-madv-remove-test[1302]: post-sleep failures: 0
vm-test-run-thp-madv-remove-test> machine # [   74.893532] thp-madv-remove-test[1248]:   Child: 718716 pages verified, 0 failures
vm-test-run-thp-madv-remove-test> machine # [   74.894926] thp-madv-remove-test[1248]:   All 4388 non-punched pages verified OK
vm-test-run-thp-madv-remove-test> machine # [   74.896211] thp-madv-remove-test[1248]:   Parent verification failures: 0
vm-test-run-thp-madv-remove-test> machine # [   74.898479] thp-madv-remove-test[1248]: Iteration 4 PASSED
vm-test-run-thp-madv-remove-test> machine # [   74.899635] thp-madv-remove-test[1248]: --- Iteration 5/1000 ---
vm-test-run-thp-madv-remove-test> machine # [   75.125430] thp-madv-remove-test[1319]: post-sleep failures: 0
vm-test-run-thp-madv-remove-test> machine # [   75.127597] thp-madv-remove-test[1248]:   Child: 1625859 pages verified, 0 failures
vm-test-run-thp-madv-remove-test> machine # [   75.129523] thp-madv-remove-test[1248]:   All 4388 non-punched pages verified OK
vm-test-run-thp-madv-remove-test> machine # [   75.130536] thp-madv-remove-test[1248]:   Parent verification failures: 0
vm-test-run-thp-madv-remove-test> machine # [   75.132637] thp-madv-remove-test[1248]: Iteration 5 PASSED
vm-test-run-thp-madv-remove-test> machine # [   75.133525] thp-madv-remove-test[1248]: --- Iteration 6/1000 ---
vm-test-run-thp-madv-remove-test> machine # [   75.662312] thp-madv-remove-test[1336]: post-sleep failures: 0
vm-test-run-thp-madv-remove-test> machine # [   75.664419] thp-madv-remove-test[1248]:   Child: 1476828 pages verified, 0 failures
vm-test-run-thp-madv-remove-test> machine # [   75.665956] thp-madv-remove-test[1248]:   All 4388 non-punched pages verified OK
vm-test-run-thp-madv-remove-test> machine # [   75.667226] thp-madv-remove-test[1248]:   Parent verification failures: 0
vm-test-run-thp-madv-remove-test> machine # [   75.668463] thp-madv-remove-test[1248]: Iteration 6 PASSED
vm-test-run-thp-madv-remove-test> machine # [   75.670501] thp-madv-remove-test[1248]: --- Iteration 7/1000 ---
vm-test-run-thp-madv-remove-test> machine # [   75.887182] thp-madv-remove-test[1353]: post-sleep failures: 0
vm-test-run-thp-madv-remove-test> machine # [   75.888751] thp-madv-remove-test[1248]:   Child: 1340954 pages verified, 0 failures
vm-test-run-thp-madv-remove-test> machine # [   75.890300] thp-madv-remove-test[1248]:   All 4388 non-punched pages verified OK
vm-test-run-thp-madv-remove-test> machine # [   75.891563] thp-madv-remove-test[1248]:   Parent verification failures: 0
vm-test-run-thp-madv-remove-test> machine # [   75.892880] thp-madv-remove-test[1248]: Iteration 7 PASSED
vm-test-run-thp-madv-remove-test> machine # [   75.894263] thp-madv-remove-test[1248]: --- Iteration 8/1000 ---
vm-test-run-thp-madv-remove-test> machine # [   77.120503] thp-madv-remove-test[1370]: post-sleep failures: 0
vm-test-run-thp-madv-remove-test> machine # [   77.121969] thp-madv-remove-test[1248]:   Child: 1349727 pages verified, 0 failures
vm-test-run-thp-madv-remove-test> machine # [   77.123607] thp-madv-remove-test[1248]:   All 4388 non-punched pages verified OK
vm-test-run-thp-madv-remove-test> machine # [   77.124358] thp-madv-remove-test[1248]:   Parent verification failures: 0
vm-test-run-thp-madv-remove-test> machine # [   77.126711] thp-madv-remove-test[1248]: Iteration 8 PASSED
vm-test-run-thp-madv-remove-test> machine # [   77.127809] thp-madv-remove-test[1248]: --- Iteration 9/1000 ---
vm-test-run-thp-madv-remove-test> machine # [   77.175221] thp-madv-remove-test[1388]: post-sleep failures: 0
vm-test-run-thp-madv-remove-test> machine # [   77.177177] thp-madv-remove-test[1248]:   Child: 1415416 pages verified, 0 failures
vm-test-run-thp-madv-remove-test> machine # [   77.178758] thp-madv-remove-test[1248]:   All 4388 non-punched pages verified OK
vm-test-run-thp-madv-remove-test> machine # [   77.179914] thp-madv-remove-test[1248]:   Parent verification failures: 0
vm-test-run-thp-madv-remove-test> machine # [   77.181225] thp-madv-remove-test[1248]: Iteration 9 PASSED
vm-test-run-thp-madv-remove-test> machine # [   77.181880] thp-madv-remove-test[1248]: --- Iteration 10/1000 ---
vm-test-run-thp-madv-remove-test> machine # [   80.898528] thp-madv-remove-test[1405]: post-sleep failures: 0
vm-test-run-thp-madv-remove-test> machine # [   80.900875] thp-madv-remove-test[1248]:   Child: 1660749 pages verified, 0 failures
vm-test-run-thp-madv-remove-test> machine # [   80.902243] thp-madv-remove-test[1248]:   All 4388 non-punched pages verified OK
vm-test-run-thp-madv-remove-test> machine # [   80.902945] thp-madv-remove-test[1248]:   Parent verification failures: 0
vm-test-run-thp-madv-remove-test> machine # [   80.904232] thp-madv-remove-test[1248]: Iteration 10 PASSED
vm-test-run-thp-madv-remove-test> machine # [   80.904902] thp-madv-remove-test[1248]: --- Iteration 11/1000 ---
vm-test-run-thp-madv-remove-test> machine # [   81.800756] thp-madv-remove-test[1423]: post-sleep failures: 0
vm-test-run-thp-madv-remove-test> machine # [   81.802338] thp-madv-remove-test[1248]:   Child: 1669498 pages verified, 0 failures
vm-test-run-thp-madv-remove-test> machine # [   81.805091] thp-madv-remove-test[1248]:   All 4388 non-punched pages verified OK
vm-test-run-thp-madv-remove-test> machine # [   81.806326] thp-madv-remove-test[1248]:   Parent verification failures: 0
vm-test-run-thp-madv-remove-test> machine # [   81.811422] thp-madv-remove-test[1248]: Iteration 11 PASSED
vm-test-run-thp-madv-remove-test> machine # [   81.813001] thp-madv-remove-test[1248]: --- Iteration 12/1000 ---
vm-test-run-thp-madv-remove-test> machine # [   81.903653] thp-madv-remove-test[1440]: post-sleep failures: 0
vm-test-run-thp-madv-remove-test> machine # [   81.905943] thp-madv-remove-test[1248]:   Child: 2870485 pages verified, 0 failures
vm-test-run-thp-madv-remove-test> machine # [   81.907113] thp-madv-remove-test[1248]:   All 4388 non-punched pages verified OK
vm-test-run-thp-madv-remove-test> machine # [   81.908200] thp-madv-remove-test[1248]:   Parent verification failures: 0
vm-test-run-thp-madv-remove-test> machine # [   81.913593] thp-madv-remove-test[1248]: Iteration 12 PASSED
vm-test-run-thp-madv-remove-test> machine # [   81.914563] thp-madv-remove-test[1248]: --- Iteration 13/1000 ---
vm-test-run-thp-madv-remove-test> machine # [   81.960546] thp-madv-remove-test[1457]: post-sleep failures: 0
vm-test-run-thp-madv-remove-test> machine # [   81.961909] thp-madv-remove-test[1248]:   Child: 1095721 pages verified, 0 failures
vm-test-run-thp-madv-remove-test> machine # [   81.962892] thp-madv-remove-test[1248]:   All 4388 non-punched pages verified OK
vm-test-run-thp-madv-remove-test> machine # [   81.963996] thp-madv-remove-test[1248]:   Parent verification failures: 0
vm-test-run-thp-madv-remove-test> machine # [   81.965039] thp-madv-remove-test[1248]: Iteration 13 PASSED
vm-test-run-thp-madv-remove-test> machine # [   81.965490] thp-madv-remove-test[1248]: --- Iteration 14/1000 ---
vm-test-run-thp-madv-remove-test> machine # [   83.154370] thp-madv-remove-test[1474]: post-sleep failures: 0
vm-test-run-thp-madv-remove-test> machine # [   83.155863] thp-madv-remove-test[1248]:   Child: 1472434 pages verified, 0 failures
vm-test-run-thp-madv-remove-test> machine # [   83.156485] thp-madv-remove-test[1248]:   All 4388 non-punched pages verified OK
vm-test-run-thp-madv-remove-test> machine # [   83.157646] thp-madv-remove-test[1248]:   Parent verification failures: 0
vm-test-run-thp-madv-remove-test> machine # [   83.159346] thp-madv-remove-test[1248]: Iteration 14 PASSED
vm-test-run-thp-madv-remove-test> machine # [   83.160509] thp-madv-remove-test[1248]: --- Iteration 15/1000 ---
vm-test-run-thp-madv-remove-test> machine # [   83.216592] thp-madv-remove-test[1491]: post-sleep failures: 0
vm-test-run-thp-madv-remove-test> machine # [   83.218807] thp-madv-remove-test[1248]:   Child: 1507489 pages verified, 0 failures
vm-test-run-thp-madv-remove-test> machine # [   83.220587] thp-madv-remove-test[1248]:   All 4388 non-punched pages verified OK
vm-test-run-thp-madv-remove-test> machine # [   83.221737] thp-madv-remove-test[1248]:   Parent verification failures: 0
vm-test-run-thp-madv-remove-test> machine # [   83.223050] thp-madv-remove-test[1248]: Iteration 15 PASSED
vm-test-run-thp-madv-remove-test> machine # [   83.223952] thp-madv-remove-test[1248]: --- Iteration 16/1000 ---
vm-test-run-thp-madv-remove-test> machine # [   86.459398] thp-madv-remove-test[1508]: post-sleep failures: 0
vm-test-run-thp-madv-remove-test> machine # [   86.462378] thp-madv-remove-test[1248]:   Child: 946564 pages verified, 0 failures
vm-test-run-thp-madv-remove-test> machine # [   86.464542] thp-madv-remove-test[1248]:   All 4388 non-punched pages verified OK
vm-test-run-thp-madv-remove-test> machine # [   86.465932] thp-madv-remove-test[1248]:   Parent verification failures: 0
vm-test-run-thp-madv-remove-test> machine # [   86.468252] thp-madv-remove-test[1248]: Iteration 16 PASSED
vm-test-run-thp-madv-remove-test> machine # [   86.469976] thp-madv-remove-test[1248]: --- Iteration 17/1000 ---
vm-test-run-thp-madv-remove-test> machine # [   86.525173] thp-madv-remove-test[1526]: post-sleep failures: 0
vm-test-run-thp-madv-remove-test> machine # [   86.526616] thp-madv-remove-test[1248]:   Child: 1590749 pages verified, 0 failures
vm-test-run-thp-madv-remove-test> machine # [   86.527741] thp-madv-remove-test[1248]:   All 4388 non-punched pages verified OK
vm-test-run-thp-madv-remove-test> machine # [   86.528146] thp-madv-remove-test[1248]:   Parent verification failures: 0
