warning: Git tree '/home/bas/thp-madv-remove-test' is dirty
this derivation will be built:
  /nix/store/2i1vsj6ni74d7ydyymjgzph94a0szdiv-vm-test-run-thp-madv-remove-test.drv
building '/nix/store/2i1vsj6ni74d7ydyymjgzph94a0szdiv-vm-test-run-thp-madv-remove-test.drv'...
vm-test-run-thp-madv-remove-test> Machine state will be reset. To keep it, pass --keep-vm-state
vm-test-run-thp-madv-remove-test> start all VLans
vm-test-run-thp-madv-remove-test> start vlan
vm-test-run-thp-madv-remove-test> running vlan (pid 7; ctl /build/vde1.ctl)
vm-test-run-thp-madv-remove-test> (finished: start all VLans, in 0.00 seconds)
vm-test-run-thp-madv-remove-test> Test will time out and terminate in 3600 seconds
vm-test-run-thp-madv-remove-test> run the VM test script
vm-test-run-thp-madv-remove-test> additionally exposed symbols:
vm-test-run-thp-madv-remove-test>     machine,
vm-test-run-thp-madv-remove-test>     vlan1,
vm-test-run-thp-madv-remove-test>     start_all, test_script, machines, vlans, driver, log, os, create_machine, subtest, run_tests, join_all, retry, serial_stdout_off, serial_stdout_on, polling_condition, Machine, t, debug
vm-test-run-thp-madv-remove-test> machine: waiting for unit multi-user.target
vm-test-run-thp-madv-remove-test> machine: waiting for the VM to finish booting
vm-test-run-thp-madv-remove-test> machine: starting vm
vm-test-run-thp-madv-remove-test> mke2fs 1.47.3 (8-Jul-2025)
vm-test-run-thp-madv-remove-test> machine: QEMU running (pid 9)
vm-test-run-thp-madv-remove-test> machine # Disk image does not exist, creating the virtualisation disk image...
vm-test-run-thp-madv-remove-test> machine # Formatting '/build/vm-state-machine/tmp.LssvY076tC', fmt=raw size=1073741824
vm-test-run-thp-madv-remove-test> machine # Discarding device blocks:      0/26214            done
vm-test-run-thp-madv-remove-test> machine # Creating filesystem with 262144 4k blocks and 65536 inodes
vm-test-run-thp-madv-remove-test> machine # Filesystem UUID: c24835dd-89d4-47b6-aca0-62f0a7cc9e8f
vm-test-run-thp-madv-remove-test> machine # Superblock backups stored on blocks:
vm-test-run-thp-madv-remove-test> machine #     32768, 98304, 163840, 229376
vm-test-run-thp-madv-remove-test> machine # 
vm-test-run-thp-madv-remove-test> machine # Allocating group tables: 0/  done
vm-test-run-thp-madv-remove-test> machine # Writing inode tables: 0/  done
vm-test-run-thp-madv-remove-test> machine # Creating journal (8192 blocks): done
vm-test-run-thp-madv-remove-test> machine # Writing superblocks and filesystem accounting information: 0/  done
vm-test-run-thp-madv-remove-test> machine # 
vm-test-run-thp-madv-remove-test> machine # Virtualisation disk image created.
vm-test-run-thp-madv-remove-test> machine # cSeaBIOS (version rel-1.17.0-0-gb52ca86e094d-prebuilt.qemu.org)
vm-test-run-thp-madv-remove-test> machine # 
vm-test-run-thp-madv-remove-test> machine # 
vm-test-run-thp-madv-remove-test> machine # iPXE (http://ipxe.org) 00:03.0 CA00 PCI2.10 PnP PMM+3EFD1920+3EF31920 CA00
vm-test-run-thp-madv-remove-test> machine # Press Ctrl-B to configure iPXE (PCI 00:03.0)...
vm-test-run-thp-madv-remove-test> machine # 
vm-test-run-thp-madv-remove-test> machine # 
vm-test-run-thp-madv-remove-test> machine # 
vm-test-run-thp-madv-remove-test> machine # 
vm-test-run-thp-madv-remove-test> machine # iPXE (http://ipxe.org) 00:09.0 CB00 PCI2.10 PnP PMM 3EFD1920 3EF31920 CB00
vm-test-run-thp-madv-remove-test> machine # Press Ctrl-B to configure iPXE (PCI 00:09.0)...
vm-test-run-thp-madv-remove-test> machine # 
vm-test-run-thp-madv-remove-test> machine # 
vm-test-run-thp-madv-remove-test> machine # Booting from ROM...
vm-test-run-thp-madv-remove-test> machine # Probing EDD (edd=off to disable)... oc[    0.000000] Linux version 7.0.0-rc1 (nixbld@localhost) (gcc (GCC) 15.2.0, GNU ld (GNU Binutils) 2.44) #1-NixOS SMP PREEMPT_DYNAMIC Tue Jan  1 00:00:00 UTC 1980
vm-test-run-thp-madv-remove-test> machine # [    0.000000] Command line: console=ttyS0 console=tty0 panic=1 boot.panic_on_fail clocksource=acpi_pm loglevel=7 net.ifnames=0 lsm=landlock,yama,bpf init=/nix/store/33nk1ndsk998xgc9z9vrcf8kkxszb8gk-nixos-system-machine-test/init regInfo=/nix/store/axi2z93bxv2c9wh56jn3sx8dzc8xwpfk-closure-info/registration console=ttyS0,115200n8 console=tty0
vm-test-run-thp-madv-remove-test> machine # [    0.000000] BIOS-provided physical RAM map:
vm-test-run-thp-madv-remove-test> machine # [    0.000000] BIOS-e820: [mem 0x0000000000000000-0x000000000009fbff]  System RAM
vm-test-run-thp-madv-remove-test> machine # [    0.000000] BIOS-e820: [mem 0x000000000009fc00-0x000000000009ffff]  device reserved
vm-test-run-thp-madv-remove-test> machine # [    0.000000] BIOS-e820: [gap 0x00000000000a0000-0x00000000000effff]
vm-test-run-thp-madv-remove-test> machine # [    0.000000] BIOS-e820: [mem 0x00000000000f0000-0x00000000000fffff]  device reserved
vm-test-run-thp-madv-remove-test> machine # [    0.000000] BIOS-e820: [mem 0x0000000000100000-0x000000003ffdafff]  System RAM
vm-test-run-thp-madv-remove-test> machine # [    0.000000] BIOS-e820: [mem 0x000000003ffdb000-0x000000003fffffff]  device reserved
vm-test-run-thp-madv-remove-test> machine # [    0.000000] BIOS-e820: [gap 0x0000000040000000-0x00000000feffbfff]
vm-test-run-thp-madv-remove-test> machine # [    0.000000] BIOS-e820: [mem 0x00000000feffc000-0x00000000feffffff]  device reserved
vm-test-run-thp-madv-remove-test> machine # [    0.000000] BIOS-e820: [gap 0x00000000ff000000-0x00000000fffbffff]
vm-test-run-thp-madv-remove-test> machine # [    0.000000] BIOS-e820: [mem 0x00000000fffc0000-0x00000000ffffffff]  device reserved
vm-test-run-thp-madv-remove-test> machine # [    0.000000] BIOS-e820: [gap 0x0000000100000000-0x000000fcffffffff]
vm-test-run-thp-madv-remove-test> machine # [    0.000000] BIOS-e820: [mem 0x000000fd00000000-0x000000ffffffffff]  device reserved
vm-test-run-thp-madv-remove-test> machine # [    0.000000] NX (Execute Disable) protection: active
vm-test-run-thp-madv-remove-test> machine # [    0.000000] APIC: Static calls initialized
vm-test-run-thp-madv-remove-test> machine # [    0.000000] SMBIOS 2.8 present.
vm-test-run-thp-madv-remove-test> machine # [    0.000000] DMI: QEMU Standard PC (i440FX + PIIX, 1996), BIOS rel-1.17.0-0-gb52ca86e094d-prebuilt.qemu.org 04/01/2014
vm-test-run-thp-madv-remove-test> machine # [    0.000000] DMI: Memory slots populated: 1/1
vm-test-run-thp-madv-remove-test> machine # [    0.000000] Hypervisor detected: KVM
vm-test-run-thp-madv-remove-test> machine # [    0.000000] last_pfn = 0x3ffdb max_arch_pfn = 0x400000000
vm-test-run-thp-madv-remove-test> machine # [    0.000000] kvm-clock: Using msrs 4b564d01 and 4b564d00
vm-test-run-thp-madv-remove-test> machine # [    0.000001] kvm-clock: using sched offset of 465662480 cycles
vm-test-run-thp-madv-remove-test> machine # [    0.000003] clocksource: kvm-clock: mask: 0xffffffffffffffff max_cycles: 0x1cd42e4dffb, max_idle_ns: 881590591483 ns
vm-test-run-thp-madv-remove-test> machine # [    0.000008] tsc: Detected 3000.004 MHz processor
vm-test-run-thp-madv-remove-test> machine # [    0.001176] last_pfn = 0x3ffdb max_arch_pfn = 0x400000000
vm-test-run-thp-madv-remove-test> machine # [    0.001254] MTRR map: 4 entries (3 fixed + 1 variable; max 19), built from 8 variable MTRRs
vm-test-run-thp-madv-remove-test> machine # [    0.001259] x86/PAT: Configuration [0-7]: WB  WC  UC- UC  WB  WP  UC- WT
vm-test-run-thp-madv-remove-test> machine # [    0.003999] found SMP MP-table at [mem 0x000f5470-0x000f547f]
vm-test-run-thp-madv-remove-test> machine # [    0.004021] Using GB pages for direct mapping
vm-test-run-thp-madv-remove-test> machine # [    0.004113] RAMDISK: [mem 0x3f39c000-0x3ffcffff]
vm-test-run-thp-madv-remove-test> machine # [    0.004123] ACPI: Early table checksum verification disabled
vm-test-run-thp-madv-remove-test> machine # [    0.004128] ACPI: RSDP 0x00000000000F5290 000014 (v00 BOCHS )
vm-test-run-thp-madv-remove-test> machine # [    0.004139] ACPI: RSDT 0x000000003FFE2959 000034 (v01 BOCHS  BXPC     00000001 BXPC 00000001)
vm-test-run-thp-madv-remove-test> machine # [    0.004147] ACPI: FACP 0x000000003FFE2795 000074 (v01 BOCHS  BXPC     00000001 BXPC 00000001)
vm-test-run-thp-madv-remove-test> machine # [    0.004153] ACPI: DSDT 0x000000003FFE0040 002755 (v01 BOCHS  BXPC     00000001 BXPC 00000001)
vm-test-run-thp-madv-remove-test> machine # [    0.004157] ACPI: FACS 0x000000003FFE0000 000040
vm-test-run-thp-madv-remove-test> machine # [    0.004159] ACPI: APIC 0x000000003FFE2809 0000F0 (v03 BOCHS  BXPC     00000001 BXPC 00000001)
vm-test-run-thp-madv-remove-test> machine # [    0.004162] ACPI: HPET 0x000000003FFE28F9 000038 (v01 BOCHS  BXPC     00000001 BXPC 00000001)
vm-test-run-thp-madv-remove-test> machine # [    0.004165] ACPI: WAET 0x000000003FFE2931 000028 (v01 BOCHS  BXPC     00000001 BXPC 00000001)
vm-test-run-thp-madv-remove-test> machine # [    0.004168] ACPI: Reserving FACP table memory at [mem 0x3ffe2795-0x3ffe2808]
vm-test-run-thp-madv-remove-test> machine # [    0.004169] ACPI: Reserving DSDT table memory at [mem 0x3ffe0040-0x3ffe2794]
vm-test-run-thp-madv-remove-test> machine # [    0.004170] ACPI: Reserving FACS table memory at [mem 0x3ffe0000-0x3ffe003f]
vm-test-run-thp-madv-remove-test> machine # [    0.004171] ACPI: Reserving APIC table memory at [mem 0x3ffe2809-0x3ffe28f8]
vm-test-run-thp-madv-remove-test> machine # [    0.004172] ACPI: Reserving HPET table memory at [mem 0x3ffe28f9-0x3ffe2930]
vm-test-run-thp-madv-remove-test> machine # [    0.004173] ACPI: Reserving WAET table memory at [mem 0x3ffe2931-0x3ffe2958]
vm-test-run-thp-madv-remove-test> machine # [    0.004634] No NUMA configuration found
vm-test-run-thp-madv-remove-test> machine # [    0.004636] Faking a node at [mem 0x0000000000000000-0x000000003ffdafff]
vm-test-run-thp-madv-remove-test> machine # [    0.004640] NODE_DATA(0) allocated [mem 0x3ffd5780-0x3ffdacff]
vm-test-run-thp-madv-remove-test> machine # [    0.005523] ACPI: PM-Timer IO Port: 0x608
vm-test-run-thp-madv-remove-test> machine # [    0.005539] ACPI: LAPIC_NMI (acpi_id[0xff] dfl dfl lint[0x1])
vm-test-run-thp-madv-remove-test> machine # [    0.005582] IOAPIC[0]: apic_id 0, version 17, address 0xfec00000, GSI 0-23
vm-test-run-thp-madv-remove-test> machine # [    0.005585] ACPI: INT_SRC_OVR (bus 0 bus_irq 0 global_irq 2 dfl dfl)
vm-test-run-thp-madv-remove-test> machine # [    0.005587] ACPI: INT_SRC_OVR (bus 0 bus_irq 5 global_irq 5 high level)
vm-test-run-thp-madv-remove-test> machine # [    0.005588] ACPI: INT_SRC_OVR (bus 0 bus_irq 9 global_irq 9 high level)
vm-test-run-thp-madv-remove-test> machine # [    0.005590] ACPI: INT_SRC_OVR (bus 0 bus_irq 10 global_irq 10 high level)
vm-test-run-thp-madv-remove-test> machine # [    0.005591] ACPI: INT_SRC_OVR (bus 0 bus_irq 11 global_irq 11 high level)
vm-test-run-thp-madv-remove-test> machine # [    0.005595] ACPI: Using ACPI (MADT) for SMP configuration information
vm-test-run-thp-madv-remove-test> machine # [    0.005596] ACPI: HPET id: 0x8086a201 base: 0xfed00000
vm-test-run-thp-madv-remove-test> machine # [    0.005600] TSC deadline timer available
vm-test-run-thp-madv-remove-test> machine # [    0.005607] CPU topo: Max. logical packages:   1
vm-test-run-thp-madv-remove-test> machine # [    0.005608] CPU topo: Max. logical dies:       1
vm-test-run-thp-madv-remove-test> machine # [    0.005608] CPU topo: Max. dies per package:   1
vm-test-run-thp-madv-remove-test> machine # [    0.005614] CPU topo: Max. threads per core:   1
vm-test-run-thp-madv-remove-test> machine # [    0.005615] CPU topo: Num. cores per package:    16
vm-test-run-thp-madv-remove-test> machine # [    0.005616] CPU topo: Num. threads per package:  16
vm-test-run-thp-madv-remove-test> machine # [    0.005617] CPU topo: Allowing 16 present CPUs plus 0 hotplug CPUs
vm-test-run-thp-madv-remove-test> machine # [    0.005636] kvm-guest: APIC: eoi() replaced with kvm_guest_apic_eoi_write()
vm-test-run-thp-madv-remove-test> machine # [    0.005657] kvm-guest: KVM setup pv remote TLB flush
vm-test-run-thp-madv-remove-test> machine # [    0.005667] kvm-guest: setup PV sched yield
vm-test-run-thp-madv-remove-test> machine # [    0.005676] PM: hibernation: Registered nosave memory: [mem 0x00000000-0x00000fff]
vm-test-run-thp-madv-remove-test> machine # [    0.005679] PM: hibernation: Registered nosave memory: [mem 0x0009f000-0x000fffff]
vm-test-run-thp-madv-remove-test> machine # [    0.005681] [gap 0x40000000-0xfeffbfff] available for PCI devices
vm-test-run-thp-madv-remove-test> machine # [    0.005682] Booting paravirtualized kernel on KVM
vm-test-run-thp-madv-remove-test> machine # [    0.005685] clocksource: refined-jiffies: mask: 0xffffffff max_cycles: 0xffffffff, max_idle_ns: 1910969940391419 ns
vm-test-run-thp-madv-remove-test> machine # [    0.011682] Zone ranges:
vm-test-run-thp-madv-remove-test> machine # [    0.011684]   DMA      [mem 0x0000000000001000-0x0000000000ffffff]
vm-test-run-thp-madv-remove-test> machine # [    0.011686]   DMA32    [mem 0x0000000001000000-0x000000003ffdafff]
vm-test-run-thp-madv-remove-test> machine # [    0.011688]   Normal   empty
vm-test-run-thp-madv-remove-test> machine # [    0.011689]   Device   empty
vm-test-run-thp-madv-remove-test> machine # [    0.011690] Movable zone start for each node
vm-test-run-thp-madv-remove-test> machine # [    0.011691] Early memory node ranges
vm-test-run-thp-madv-remove-test> machine # [    0.011692]   node   0: [mem 0x0000000000001000-0x000000000009efff]
vm-test-run-thp-madv-remove-test> machine # [    0.011693]   node   0: [mem 0x0000000000100000-0x000000003ffdafff]
vm-test-run-thp-madv-remove-test> machine # [    0.011695] Initmem setup node 0 [mem 0x0000000000001000-0x000000003ffdafff]
vm-test-run-thp-madv-remove-test> machine # [    0.012022] On node 0, zone DMA: 1 pages in unavailable ranges
vm-test-run-thp-madv-remove-test> machine # [    0.012042] On node 0, zone DMA: 97 pages in unavailable ranges
vm-test-run-thp-madv-remove-test> machine # [    0.015029] On node 0, zone DMA32: 37 pages in unavailable ranges
vm-test-run-thp-madv-remove-test> machine # [    0.015046] setup_percpu: NR_CPUS:384 nr_cpumask_bits:16 nr_cpu_ids:16 nr_node_ids:1
vm-test-run-thp-madv-remove-test> machine # [    0.017257] percpu: Embedded 98 pages/cpu s278528 r8192 d114688 u524288
vm-test-run-thp-madv-remove-test> machine # [    0.017342] kvm-guest: PV spinlocks enabled
vm-test-run-thp-madv-remove-test> machine # [    0.017344] PV qspinlock hash table entries: 256 (order: 0, 4096 bytes, linear)
vm-test-run-thp-madv-remove-test> machine # [    0.017349] Kernel command line: console=ttyS0 console=tty0 panic=1 boot.panic_on_fail clocksource=acpi_pm loglevel=7 net.ifnames=0 lsm=landlock,yama,bpf init=/nix/store/33nk1ndsk998xgc9z9vrcf8kkxszb8gk-nixos-system-machine-test/init regInfo=/nix/store/axi2z93bxv2c9wh56jn3sx8dzc8xwpfk-closure-info/registration console=ttyS0,115200n8 console=tty0
vm-test-run-thp-madv-remove-test> machine # [    0.017502] Unknown kernel command line parameters "regInfo=/nix/store/axi2z93bxv2c9wh56jn3sx8dzc8xwpfk-closure-info/registration", will be passed to user space.
vm-test-run-thp-madv-remove-test> machine # [    0.017530] random: crng init done
vm-test-run-thp-madv-remove-test> machine # [    0.017531] printk: log buffer data + meta data: 262144 + 1114112 = 1376256 bytes
vm-test-run-thp-madv-remove-test> machine # [    0.017686] Dentry cache hash table entries: 131072 (order: 8, 1048576 bytes, linear)
vm-test-run-thp-madv-remove-test> machine # [    0.017760] Inode-cache hash table entries: 65536 (order: 7, 524288 bytes, linear)
vm-test-run-thp-madv-remove-test> machine # [    0.017896] Fallback order for Node 0: 0
vm-test-run-thp-madv-remove-test> machine # [    0.017900] Built 1 zonelists, mobility grouping on.  Total pages: 262009
vm-test-run-thp-madv-remove-test> machine # [    0.017902] Policy zone: DMA32
vm-test-run-thp-madv-remove-test> machine # [    0.018611] mem auto-init: stack:all(zero), heap alloc:on, heap free:off
vm-test-run-thp-madv-remove-test> machine # [    0.024174] SLUB: HWalign=64, Order=0-3, MinObjects=0, CPUs=16, Nodes=1
vm-test-run-thp-madv-remove-test> machine # [    0.024975] allocated 2097152 bytes of page_ext
vm-test-run-thp-madv-remove-test> machine # [    0.039437] ftrace: allocating 48938 entries in 192 pages
vm-test-run-thp-madv-remove-test> machine # [    0.039440] ftrace: allocated 192 pages with 2 groups
vm-test-run-thp-madv-remove-test> machine # [    0.040211] Dynamic Preempt: lazy
vm-test-run-thp-madv-remove-test> machine # [    0.040754] rcu: Preemptible hierarchical RCU implementation.
vm-test-run-thp-madv-remove-test> machine # [    0.040756] rcu:         RCU event tracing is enabled.
vm-test-run-thp-madv-remove-test> machine # [    0.040757] rcu:         RCU restricting CPUs from NR_CPUS=384 to nr_cpu_ids=16.
vm-test-run-thp-madv-remove-test> machine # [    0.040759]      Trampoline variant of Tasks RCU enabled.
vm-test-run-thp-madv-remove-test> machine # [    0.040760]      Rude variant of Tasks RCU enabled.
vm-test-run-thp-madv-remove-test> machine # [    0.040760]      Tracing variant of Tasks RCU enabled.
vm-test-run-thp-madv-remove-test> machine # [    0.040761] rcu: RCU calculated value of scheduler-enlistment delay is 100 jiffies.
vm-test-run-thp-madv-remove-test> machine # [    0.040762] rcu: Adjusting geometry for rcu_fanout_leaf=16, nr_cpu_ids=16
vm-test-run-thp-madv-remove-test> machine # [    0.040788] RCU Tasks: Setting shift to 4 and lim to 1 rcu_task_cb_adjust=1 rcu_task_cpu_ids=16.
vm-test-run-thp-madv-remove-test> machine # [    0.040795] RCU Tasks Rude: Setting shift to 4 and lim to 1 rcu_task_cb_adjust=1 rcu_task_cpu_ids=16.
vm-test-run-thp-madv-remove-test> machine # [    0.047968] NR_IRQS: 24832, nr_irqs: 552, preallocated irqs: 16
vm-test-run-thp-madv-remove-test> machine # [    0.048299] rcu: srcu_init: Setting srcu_struct sizes based on contention.
vm-test-run-thp-madv-remove-test> machine # [    0.048470] kfence: initialized - using 2097152 bytes for 255 objects at 0x(____ptrval____)-0x(____ptrval____)
vm-test-run-thp-madv-remove-test> machine # [    0.055031] Console: colour VGA+ 80x25
vm-test-run-thp-madv-remove-test> machine # [    0.055035] printk: legacy console [tty0] enabled
vm-test-run-thp-madv-remove-test> machine # [    0.105192] printk: legacy console [ttyS0] enabled
vm-test-run-thp-madv-remove-test> machine # [    0.285497] ACPI: Core revision 20251212
vm-test-run-thp-madv-remove-test> machine # [    0.286940] clocksource: hpet: mask: 0xffffffff max_cycles: 0xffffffff, max_idle_ns: 19112604467 ns
vm-test-run-thp-madv-remove-test> machine # [    0.289727] APIC: Switch to symmetric I/O mode setup
vm-test-run-thp-madv-remove-test> machine # [    0.291513] x2apic enabled
vm-test-run-thp-madv-remove-test> machine # [    0.292817] APIC: Switched APIC routing to: physical x2apic
vm-test-run-thp-madv-remove-test> machine # [    0.294503] kvm-guest: APIC: send_IPI_mask() replaced with kvm_send_ipi_mask()
vm-test-run-thp-madv-remove-test> machine # [    0.296729] kvm-guest: APIC: send_IPI_mask_allbutself() replaced with kvm_send_ipi_mask_allbutself()
vm-test-run-thp-madv-remove-test> machine # [    0.299420] kvm-guest: setup PV IPIs
vm-test-run-thp-madv-remove-test> machine # [    0.301991] ..TIMER: vector=0x30 apic1=0 pin1=2 apic2=-1 pin2=-1
vm-test-run-thp-madv-remove-test> machine # [    0.303905] clocksource: tsc-early: mask: 0xffffffffffffffff max_cycles: 0x2b3e4942f25, max_idle_ns: 440795326592 ns
vm-test-run-thp-madv-remove-test> machine # [    0.307074] Calibrating delay loop (skipped) preset value.. 6000.00 BogoMIPS (lpj=3000004)
vm-test-run-thp-madv-remove-test> machine # [    0.309205] x86/cpu: User Mode Instruction Prevention (UMIP) activated
vm-test-run-thp-madv-remove-test> machine # [    0.310185] Last level iTLB entries: 4KB 512, 2MB 255, 4MB 127
vm-test-run-thp-madv-remove-test> machine # [    0.311074] Last level dTLB entries: 4KB 512, 2MB 255, 4MB 127, 1GB 0
vm-test-run-thp-madv-remove-test> machine # [    0.312079] mitigations: Enabled attack vectors: user_kernel, user_user, guest_host, guest_guest, SMT mitigations: auto
vm-test-run-thp-madv-remove-test> machine # [    0.313076] Speculative Store Bypass: Mitigation: Speculative Store Bypass disabled via prctl
vm-test-run-thp-madv-remove-test> machine # [    0.314074] Spectre V2 : Mitigation: Retpolines
vm-test-run-thp-madv-remove-test> machine # [    0.315074] RETBleed: Mitigation: untrained return thunk
vm-test-run-thp-madv-remove-test> machine # [    0.316074] Speculative Return Stack Overflow: Mitigation: SMT disabled
vm-test-run-thp-madv-remove-test> machine # [    0.317074] Spectre V1 : Mitigation: usercopy/swapgs barriers and __user pointer sanitization
vm-test-run-thp-madv-remove-test> machine # [    0.318074] Spectre V2 : Spectre v2 / SpectreRSB: Filling RSB on context switch and VMEXIT
vm-test-run-thp-madv-remove-test> machine # [    0.320074] Spectre V2 : Enabling Speculation Barrier for firmware calls
vm-test-run-thp-madv-remove-test> machine # [    0.321074] active return thunk: retbleed_return_thunk
vm-test-run-thp-madv-remove-test> machine # [    0.323075] Spectre V2 : mitigation: Enabling conditional Indirect Branch Prediction Barrier
vm-test-run-thp-madv-remove-test> machine # [    0.324095] x86/fpu: Supporting XSAVE feature 0x001: 'x87 floating point registers'
vm-test-run-thp-madv-remove-test> machine # [    0.326074] x86/fpu: Supporting XSAVE feature 0x002: 'SSE registers'
vm-test-run-thp-madv-remove-test> machine # [    0.328074] x86/fpu: Supporting XSAVE feature 0x004: 'AVX registers'
vm-test-run-thp-madv-remove-test> machine # [    0.330075] x86/fpu: xstate_offset[2]:  576, xstate_sizes[2]:  256
vm-test-run-thp-madv-remove-test> machine # [    0.332074] x86/fpu: Enabled xstate features 0x7, context size is 832 bytes, using 'compacted' format.
vm-test-run-thp-madv-remove-test> machine # [    0.363570] Freeing SMP alternatives memory: 44K
vm-test-run-thp-madv-remove-test> machine # [    0.364076] pid_max: default: 32768 minimum: 301
vm-test-run-thp-madv-remove-test> machine # [    0.366298] landlock: Up and running.
vm-test-run-thp-madv-remove-test> machine # [    0.367918] Yama: becoming mindful.
vm-test-run-thp-madv-remove-test> machine # [    0.369302] LSM support for eBPF active
vm-test-run-thp-madv-remove-test> machine # [    0.370163] Mount-cache hash table entries: 2048 (order: 2, 16384 bytes, linear)
vm-test-run-thp-madv-remove-test> machine # [    0.372076] Mountpoint-cache hash table entries: 2048 (order: 2, 16384 bytes, linear)
vm-test-run-thp-madv-remove-test> machine # [    0.374215] VFS: Finished mounting rootfs on nullfs
vm-test-run-thp-madv-remove-test> machine # [    0.376904] smpboot: CPU0: AMD EPYC 7302 16-Core Processor (family: 0x17, model: 0x31, stepping: 0x0)
vm-test-run-thp-madv-remove-test> machine # [    0.377313] Performance Events: Fam17h+ core perfctr, AMD PMU driver.
vm-test-run-thp-madv-remove-test> machine # [    0.378080] ... version:                   0
vm-test-run-thp-madv-remove-test> machine # [    0.379084] ... bit width:                 48
vm-test-run-thp-madv-remove-test> machine # [    0.380077] ... generic counters:          6
vm-test-run-thp-madv-remove-test> machine # [    0.381077] ... generic bitmap:            000000000000003f
vm-test-run-thp-madv-remove-test> machine # [    0.382077] ... fixed-purpose counters:    0
vm-test-run-thp-madv-remove-test> machine # [    0.383077] ... fixed-purpose bitmap:      0000000000000000
vm-test-run-thp-madv-remove-test> machine # [    0.384077] ... value mask:                0000ffffffffffff
vm-test-run-thp-madv-remove-test> machine # [    0.385077] ... max period:                00007fffffffffff
vm-test-run-thp-madv-remove-test> machine # [    0.386077] ... global_ctrl mask:          000000000000003f
vm-test-run-thp-madv-remove-test> machine # [    0.387198] signal: max sigframe size: 1776
vm-test-run-thp-madv-remove-test> machine # [    0.388122] rcu: Hierarchical SRCU implementation.
vm-test-run-thp-madv-remove-test> machine # [    0.389082] rcu:         Max phase no-delay instances is 400.
vm-test-run-thp-madv-remove-test> machine # [    0.390132] Timer migration: 2 hierarchy levels; 8 children per group; 2 crossnode level
vm-test-run-thp-madv-remove-test> machine # [    0.396376] smp: Bringing up secondary CPUs ...
vm-test-run-thp-madv-remove-test> machine # [    0.397221] smpboot: x86: Booting SMP configuration:
vm-test-run-thp-madv-remove-test> machine # [    0.398086] .... node  #0, CPUs:        #1  #2  #3  #4  #5  #6  #7  #8  #9 #10 #11 #12 #13 #14 #15
vm-test-run-thp-madv-remove-test> machine # [    0.415230] smp: Brought up 1 node, 16 CPUs
vm-test-run-thp-madv-remove-test> machine # [    0.418079] smpboot: Total of 16 processors activated (96000.12 BogoMIPS)
vm-test-run-thp-madv-remove-test> machine # [    0.420402] Memory: 945388K/1048036K available (17357K kernel code, 2922K rwdata, 13732K rodata, 3672K init, 4716K bss, 89052K reserved, 0K cma-reserved)
vm-test-run-thp-madv-remove-test> machine # [    0.422502] devtmpfs: initialized
vm-test-run-thp-madv-remove-test> machine # [    0.423961] x86/mm: Memory block size: 128MB
vm-test-run-thp-madv-remove-test> machine # [    0.426077] clocksource: jiffies: mask: 0xffffffff max_cycles: 0xffffffff, max_idle_ns: 1911260446275000 ns
vm-test-run-thp-madv-remove-test> machine # [    0.427101] posixtimers hash table entries: 8192 (order: 5, 131072 bytes, linear)
vm-test-run-thp-madv-remove-test> machine # [    0.429130] futex hash table entries: 4096 (262144 bytes on 1 NUMA nodes, total 256 KiB, linear).
vm-test-run-thp-madv-remove-test> machine # [    0.430735] PM: RTC time: 19:35:53, date: 2026-02-26
vm-test-run-thp-madv-remove-test> machine # [    0.435726] NET: Registered PF_NETLINK/PF_ROUTE protocol family
vm-test-run-thp-madv-remove-test> machine # [    0.437584] DMA: preallocated 128 KiB GFP_KERNEL|GFP_DMA pool for atomic allocations
vm-test-run-thp-madv-remove-test> machine # [    0.439108] DMA: preallocated 128 KiB GFP_KERNEL|GFP_DMA32 pool for atomic allocations
vm-test-run-thp-madv-remove-test> machine # [    0.440096] audit: initializing netlink subsys (disabled)
vm-test-run-thp-madv-remove-test> machine # [    0.571351] audit: type=2000 audit(1772134553.298:1): state=initialized audit_enabled=0 res=1
vm-test-run-thp-madv-remove-test> machine # [    0.571685] thermal_sys: Registered thermal governor 'fair_share'
vm-test-run-thp-madv-remove-test> machine # [    0.574115] thermal_sys: Registered thermal governor 'bang_bang'
vm-test-run-thp-madv-remove-test> machine # [    0.576079] thermal_sys: Registered thermal governor 'step_wise'
vm-test-run-thp-madv-remove-test> machine # [    0.578078] thermal_sys: Registered thermal governor 'user_space'
vm-test-run-thp-madv-remove-test> machine # [    0.580076] thermal_sys: Registered thermal governor 'power_allocator'
vm-test-run-thp-madv-remove-test> machine # [    0.582164] cpuidle: using governor menu
vm-test-run-thp-madv-remove-test> machine # [    0.587615] acpiphp: ACPI Hot Plug PCI Controller Driver version: 0.5
vm-test-run-thp-madv-remove-test> machine # [    0.592370] PCI: Using configuration type 1 for base access
vm-test-run-thp-madv-remove-test> machine # [    0.594080] PCI: Using configuration type 1 for extended access
vm-test-run-thp-madv-remove-test> machine # [    0.597250] kprobes: kprobe jump-optimization is enabled. All kprobes are optimized if possible.
vm-test-run-thp-madv-remove-test> machine # [    0.824402] HugeTLB: registered 1.00 GiB page size, pre-allocated 0 pages
vm-test-run-thp-madv-remove-test> machine # [    0.829086] HugeTLB: 16380 KiB vmemmap can be freed for a 1.00 GiB page
vm-test-run-thp-madv-remove-test> machine # [    0.833090] HugeTLB: registered 2.00 MiB page size, pre-allocated 0 pages
vm-test-run-thp-madv-remove-test> machine # [    0.836079] HugeTLB: 28 KiB vmemmap can be freed for a 2.00 MiB page
vm-test-run-thp-madv-remove-test> machine # [    1.444862] ACPI: Added _OSI(Module Device)
vm-test-run-thp-madv-remove-test> machine # [    1.447057] ACPI: Added _OSI(Processor Device)
vm-test-run-thp-madv-remove-test> machine # [    1.448068] ACPI: Added _OSI(Processor Aggregator Device)
vm-test-run-thp-madv-remove-test> machine # [    1.450926] ACPI: 1 ACPI AML tables successfully acquired and loaded
vm-test-run-thp-madv-remove-test> machine # [    1.457100] ACPI: \_SB_: platform _OSC: OS support mask [002e7eff]
vm-test-run-thp-madv-remove-test> machine # [    1.459396] ACPI: Interpreter enabled
vm-test-run-thp-madv-remove-test> machine # [    1.623197] ACPI: PM: (supports S0 S3 S4 S5)
vm-test-run-thp-madv-remove-test> machine # [    1.625079] ACPI: Using IOAPIC for interrupt routing
vm-test-run-thp-madv-remove-test> machine # [    1.626498] PCI: Using host bridge windows from ACPI; if necessary, use "pci=nocrs" and report a bug
vm-test-run-thp-madv-remove-test> machine # [    1.629078] PCI: Using E820 reservations for host bridge windows
vm-test-run-thp-madv-remove-test> machine # [    1.631669] ACPI: Enabled 2 GPEs in block 00 to 0F
vm-test-run-thp-madv-remove-test> machine # [    1.638574] ACPI: PCI Root Bridge [PCI0] (domain 0000 [bus 00-ff])
vm-test-run-thp-madv-remove-test> machine # [    1.641084] acpi PNP0A03:00: _OSC: OS supports [ExtendedConfig ASPM ClockPM Segments MSI HPX-Type3]
vm-test-run-thp-madv-remove-test> machine # [    1.643103] acpi PNP0A03:00: _OSC: OS requested [PCIeHotplug PME PCIeCapability LTR]
vm-test-run-thp-madv-remove-test> machine # [    1.645078] acpi PNP0A03:00: _OSC: platform willing to grant [PCIeHotplug PME PCIeCapability LTR]
vm-test-run-thp-madv-remove-test> machine # [    1.648077] acpi PNP0A03:00: _OSC: platform retains control of PCIe features (AE_ERROR)
vm-test-run-thp-madv-remove-test> machine # [    1.650618] acpiphp: Slot [3] registered
vm-test-run-thp-madv-remove-test> machine # [    1.652300] acpiphp: Slot [4] registered
vm-test-run-thp-madv-remove-test> machine # [    1.653102] acpiphp: Slot [5] registered
vm-test-run-thp-madv-remove-test> machine # [    1.655102] acpiphp: Slot [6] registered
vm-test-run-thp-madv-remove-test> machine # [    1.656104] acpiphp: Slot [7] registered
vm-test-run-thp-madv-remove-test> machine # [    1.658101] acpiphp: Slot [8] registered
vm-test-run-thp-madv-remove-test> machine # [    1.659102] acpiphp: Slot [9] registered
vm-test-run-thp-madv-remove-test> machine # [    1.660103] acpiphp: Slot [10] registered
vm-test-run-thp-madv-remove-test> machine # [    1.661123] acpiphp: Slot [11] registered
vm-test-run-thp-madv-remove-test> machine # [    1.664105] acpiphp: Slot [12] registered
vm-test-run-thp-madv-remove-test> machine # [    1.665144] acpiphp: Slot [13] registered
vm-test-run-thp-madv-remove-test> machine # [    1.667095] acpiphp: Slot [14] registered
vm-test-run-thp-madv-remove-test> machine # [    1.668096] acpiphp: Slot [15] registered
vm-test-run-thp-madv-remove-test> machine # [    1.669095] acpiphp: Slot [16] registered
vm-test-run-thp-madv-remove-test> machine # [    1.670094] acpiphp: Slot [17] registered
vm-test-run-thp-madv-remove-test> machine # [    1.672115] acpiphp: Slot [18] registered
vm-test-run-thp-madv-remove-test> machine # [    1.673095] acpiphp: Slot [19] registered
vm-test-run-thp-madv-remove-test> machine # [    1.674094] acpiphp: Slot [20] registered
vm-test-run-thp-madv-remove-test> machine # [    1.676095] acpiphp: Slot [21] registered
vm-test-run-thp-madv-remove-test> machine # [    1.677095] acpiphp: Slot [22] registered
vm-test-run-thp-madv-remove-test> machine # [    1.678096] acpiphp: Slot [23] registered
vm-test-run-thp-madv-remove-test> machine # [    1.679143] acpiphp: Slot [24] registered
vm-test-run-thp-madv-remove-test> machine # [    1.680095] acpiphp: Slot [25] registered
vm-test-run-thp-madv-remove-test> machine # [    1.681111] acpiphp: Slot [26] registered
vm-test-run-thp-madv-remove-test> machine # [    1.683096] acpiphp: Slot [27] registered
vm-test-run-thp-madv-remove-test> machine # [    1.684095] acpiphp: Slot [28] registered
vm-test-run-thp-madv-remove-test> machine # [    1.685095] acpiphp: Slot [29] registered
vm-test-run-thp-madv-remove-test> machine # [    1.686095] acpiphp: Slot [30] registered
vm-test-run-thp-madv-remove-test> machine # [    1.687096] acpiphp: Slot [31] registered
vm-test-run-thp-madv-remove-test> machine # [    1.689089] PCI host bridge to bus 0000:00
vm-test-run-thp-madv-remove-test> machine # [    1.690088] pci_bus 0000:00: root bus resource [io  0x0000-0x0cf7 window]
vm-test-run-thp-madv-remove-test> machine # [    1.692077] pci_bus 0000:00: root bus resource [io  0x0d00-0xffff window]
vm-test-run-thp-madv-remove-test> machine # [    1.693076] pci_bus 0000:00: root bus resource [mem 0x000a0000-0x000bffff window]
vm-test-run-thp-madv-remove-test> machine # [    1.695078] pci_bus 0000:00: root bus resource [mem 0x40000000-0xfebfffff window]
vm-test-run-thp-madv-remove-test> machine # [    1.698078] pci_bus 0000:00: root bus resource [mem 0x100000000-0x17fffffff window]
vm-test-run-thp-madv-remove-test> machine # [    1.700077] pci_bus 0000:00: root bus resource [bus 00-ff]
vm-test-run-thp-madv-remove-test> machine # [    1.701341] pci 0000:00:00.0: [8086:1237] type 00 class 0x060000 conventional PCI endpoint
vm-test-run-thp-madv-remove-test> machine # [    1.704844] pci 0000:00:01.0: [8086:7000] type 00 class 0x060100 conventional PCI endpoint
vm-test-run-thp-madv-remove-test> machine # [    1.707728] pci 0000:00:01.1: [8086:7010] type 00 class 0x010180 conventional PCI endpoint
vm-test-run-thp-madv-remove-test> machine # [    1.712164] pci 0000:00:01.1: BAR 4 [io  0xc1e0-0xc1ef]
vm-test-run-thp-madv-remove-test> machine # [    1.713155] pci 0000:00:01.1: BAR 0 [io  0x01f0-0x01f7]: legacy IDE quirk
vm-test-run-thp-madv-remove-test> machine # [    1.715077] pci 0000:00:01.1: BAR 1 [io  0x03f6]: legacy IDE quirk
vm-test-run-thp-madv-remove-test> machine # [    1.717083] pci 0000:00:01.1: BAR 2 [io  0x0170-0x0177]: legacy IDE quirk
vm-test-run-thp-madv-remove-test> machine # [    1.719077] pci 0000:00:01.1: BAR 3 [io  0x0376]: legacy IDE quirk
vm-test-run-thp-madv-remove-test> machine # [    1.721798] pci 0000:00:01.2: [8086:7020] type 00 class 0x0c0300 conventional PCI endpoint
vm-test-run-thp-madv-remove-test> machine # [    1.730146] pci 0000:00:01.2: BAR 4 [io  0xc100-0xc11f]
vm-test-run-thp-madv-remove-test> machine # [    1.733071] pci 0000:00:01.3: [8086:7113] type 00 class 0x068000 conventional PCI endpoint
vm-test-run-thp-madv-remove-test> machine # [    1.735533] pci 0000:00:01.3: quirk: [io  0x0600-0x063f] claimed by PIIX4 ACPI
vm-test-run-thp-madv-remove-test> machine # [    1.738088] pci 0000:00:01.3: quirk: [io  0x0700-0x070f] claimed by PIIX4 SMB
vm-test-run-thp-madv-remove-test> machine # [    1.740351] pci 0000:00:02.0: [1234:1111] type 00 class 0x030000 conventional PCI endpoint
vm-test-run-thp-madv-remove-test> machine # [    1.746258] pci 0000:00:02.0: BAR 0 [mem 0xfd000000-0xfdffffff pref]
vm-test-run-thp-madv-remove-test> machine # [    1.748095] pci 0000:00:02.0: BAR 2 [mem 0xfebd0000-0xfebd0fff]
vm-test-run-thp-madv-remove-test> machine # [    1.750111] pci 0000:00:02.0: ROM [mem 0xfebc0000-0xfebcffff pref]
vm-test-run-thp-madv-remove-test> machine # [    1.751204] pci 0000:00:02.0: Video device with shadowed ROM at [mem 0x000c0000-0x000dffff]
vm-test-run-thp-madv-remove-test> machine # [    1.754674] pci 0000:00:03.0: [1af4:1000] type 00 class 0x020000 conventional PCI endpoint
vm-test-run-thp-madv-remove-test> machine # [    1.765116] pci 0000:00:03.0: BAR 0 [io  0xc120-0xc13f]
vm-test-run-thp-madv-remove-test> machine # [    1.766087] pci 0000:00:03.0: BAR 1 [mem 0xfebd1000-0xfebd1fff]
vm-test-run-thp-madv-remove-test> machine # [    1.768112] pci 0000:00:03.0: BAR 4 [mem 0xfe000000-0xfe003fff 64bit pref]
vm-test-run-thp-madv-remove-test> machine # [    1.770086] pci 0000:00:03.0: ROM [mem 0xfeb40000-0xfeb7ffff pref]
vm-test-run-thp-madv-remove-test> machine # [    1.773190] pci 0000:00:04.0: [1af4:1005] type 00 class 0x00ff00 conventional PCI endpoint
vm-test-run-thp-madv-remove-test> machine # [    1.779111] pci 0000:00:04.0: BAR 0 [io  0xc140-0xc15f]
vm-test-run-thp-madv-remove-test> machine # [    1.780088] pci 0000:00:04.0: BAR 1 [mem 0xfebd2000-0xfebd2fff]
vm-test-run-thp-madv-remove-test> machine # [    1.782112] pci 0000:00:04.0: BAR 4 [mem 0xfe004000-0xfe007fff 64bit pref]
vm-test-run-thp-madv-remove-test> machine # [    1.786392] pci 0000:00:05.0: [1af4:1009] type 00 class 0x000200 conventional PCI endpoint
vm-test-run-thp-madv-remove-test> machine # [    1.791116] pci 0000:00:05.0: BAR 0 [io  0xc080-0xc0bf]
vm-test-run-thp-madv-remove-test> machine # [    1.792088] pci 0000:00:05.0: BAR 1 [mem 0xfebd3000-0xfebd3fff]
vm-test-run-thp-madv-remove-test> machine # [    1.795114] pci 0000:00:05.0: BAR 4 [mem 0xfe008000-0xfe00bfff 64bit pref]
vm-test-run-thp-madv-remove-test> machine # [    1.798377] pci 0000:00:06.0: [1af4:1009] type 00 class 0x000200 conventional PCI endpoint
vm-test-run-thp-madv-remove-test> machine # [    1.804133] pci 0000:00:06.0: BAR 0 [io  0xc160-0xc17f]
vm-test-run-thp-madv-remove-test> machine # [    1.807094] pci 0000:00:06.0: BAR 1 [mem 0xfebd4000-0xfebd4fff]
vm-test-run-thp-madv-remove-test> machine # [    1.809112] pci 0000:00:06.0: BAR 4 [mem 0xfe00c000-0xfe00ffff 64bit pref]
vm-test-run-thp-madv-remove-test> machine # [    1.812352] pci 0000:00:07.0: [1af4:1009] type 00 class 0x000200 conventional PCI endpoint
vm-test-run-thp-madv-remove-test> machine # [    1.818036] pci 0000:00:07.0: BAR 0 [io  0xc180-0xc19f]
vm-test-run-thp-madv-remove-test> machine # [    1.819087] pci 0000:00:07.0: BAR 1 [mem 0xfebd5000-0xfebd5fff]
vm-test-run-thp-madv-remove-test> machine # [    1.821112] pci 0000:00:07.0: BAR 4 [mem 0xfe010000-0xfe013fff 64bit pref]
vm-test-run-thp-madv-remove-test> machine # [    1.823388] pci 0000:00:08.0: [1af4:1001] type 00 class 0x010000 conventional PCI endpoint
vm-test-run-thp-madv-remove-test> machine # [    1.831121] pci 0000:00:08.0: BAR 0 [io  0xc000-0xc07f]
vm-test-run-thp-madv-remove-test> machine # [    1.832085] pci 0000:00:08.0: BAR 1 [mem 0xfebd6000-0xfebd6fff]
vm-test-run-thp-madv-remove-test> machine # [    1.834110] pci 0000:00:08.0: BAR 4 [mem 0xfe014000-0xfe017fff 64bit pref]
vm-test-run-thp-madv-remove-test> machine # [    1.837367] pci 0000:00:09.0: [1af4:1000] type 00 class 0x020000 conventional PCI endpoint
vm-test-run-thp-madv-remove-test> machine # [    1.842012] pci 0000:00:09.0: BAR 0 [io  0xc1a0-0xc1bf]
vm-test-run-thp-madv-remove-test> machine # [    1.843085] pci 0000:00:09.0: BAR 1 [mem 0xfebd7000-0xfebd7fff]
vm-test-run-thp-madv-remove-test> machine # [    1.845110] pci 0000:00:09.0: BAR 4 [mem 0xfe018000-0xfe01bfff 64bit pref]
vm-test-run-thp-madv-remove-test> machine # [    1.847085] pci 0000:00:09.0: ROM [mem 0xfeb80000-0xfebbffff pref]
vm-test-run-thp-madv-remove-test> machine # [    1.849326] pci 0000:00:0a.0: [1af4:1052] type 00 class 0x090000 conventional PCI endpoint
vm-test-run-thp-madv-remove-test> machine # [    1.854096] pci 0000:00:0a.0: BAR 1 [mem 0xfebd8000-0xfebd8fff]
vm-test-run-thp-madv-remove-test> machine # [    1.856113] pci 0000:00:0a.0: BAR 4 [mem 0xfe01c000-0xfe01ffff 64bit pref]
vm-test-run-thp-madv-remove-test> machine # [    1.859316] pci 0000:00:0b.0: [1af4:1003] type 00 class 0x078000 conventional PCI endpoint
vm-test-run-thp-madv-remove-test> machine # [    1.865119] pci 0000:00:0b.0: BAR 0 [io  0xc0c0-0xc0ff]
vm-test-run-thp-madv-remove-test> machine # [    1.866086] pci 0000:00:0b.0: BAR 1 [mem 0xfebd9000-0xfebd9fff]
vm-test-run-thp-madv-remove-test> machine # [    1.868112] pci 0000:00:0b.0: BAR 4 [mem 0xfe020000-0xfe023fff 64bit pref]
vm-test-run-thp-madv-remove-test> machine # [    1.871071] pci 0000:00:0c.0: [1af4:1005] type 00 class 0x00ff00 conventional PCI endpoint
vm-test-run-thp-madv-remove-test> machine # [    1.876087] pci 0000:00:0c.0: BAR 0 [io  0xc1c0-0xc1df]
vm-test-run-thp-madv-remove-test> machine # [    1.878116] pci 0000:00:0c.0: BAR 1 [mem 0xfebda000-0xfebdafff]
vm-test-run-thp-madv-remove-test> machine # [    1.882184] pci 0000:00:0c.0: BAR 4 [mem 0xfe024000-0xfe027fff 64bit pref]
vm-test-run-thp-madv-remove-test> machine # [    2.033774] ACPI: PCI: Interrupt link LNKA configured for IRQ 10
vm-test-run-thp-madv-remove-test> machine # [    2.044632] ACPI: PCI: Interrupt link LNKB configured for IRQ 10
vm-test-run-thp-madv-remove-test> machine # [    2.048594] ACPI: PCI: Interrupt link LNKC configured for IRQ 11
vm-test-run-thp-madv-remove-test> machine # [    2.050227] ACPI: PCI: Interrupt link LNKD configured for IRQ 11
vm-test-run-thp-madv-remove-test> machine # [    2.052177] ACPI: PCI: Interrupt link LNKS configured for IRQ 9
vm-test-run-thp-madv-remove-test> machine # [    2.056267] iommu: Default domain type: Translated
vm-test-run-thp-madv-remove-test> machine # [    2.058099] iommu: DMA domain TLB invalidation policy: lazy mode
vm-test-run-thp-madv-remove-test> machine # [    2.198207] ACPI: bus type USB registered
vm-test-run-thp-madv-remove-test> machine # [    2.200181] usbcore: registered new interface driver usbfs
vm-test-run-thp-madv-remove-test> machine # [    2.202258] usbcore: registered new interface driver hub
vm-test-run-thp-madv-remove-test> machine # [    2.206135] usbcore: registered new device driver usb
vm-test-run-thp-madv-remove-test> machine # [    2.209544] NetLabel: Initializing
vm-test-run-thp-madv-remove-test> machine # [    2.211079] NetLabel:  domain hash size = 128
vm-test-run-thp-madv-remove-test> machine # [    2.213078] NetLabel:  protocols = UNLABELED CIPSOv4 CALIPSO
vm-test-run-thp-madv-remove-test> machine # [    2.215166] NetLabel:  unlabeled traffic allowed by default
vm-test-run-thp-madv-remove-test> machine # [    2.217084] PCI: Using ACPI for IRQ routing
vm-test-run-thp-madv-remove-test> machine # [    2.218465] e820: register RAM buffer resource [mem 0x0009fc00-0x0009ffff]
vm-test-run-thp-madv-remove-test> machine # [    2.221080] e820: register RAM buffer resource [mem 0x3ffdb000-0x3fffffff]
vm-test-run-thp-madv-remove-test> machine # [    2.223192] pci 0000:00:02.0: vgaarb: setting as boot VGA device
vm-test-run-thp-madv-remove-test> machine # [    2.224071] pci 0000:00:02.0: vgaarb: bridge control possible
vm-test-run-thp-madv-remove-test> machine # [    2.224071] pci 0000:00:02.0: vgaarb: VGA device added: decodes=io+mem,owns=io+mem,locks=none
vm-test-run-thp-madv-remove-test> machine # [    2.229084] vgaarb: loaded
vm-test-run-thp-madv-remove-test> machine # [    2.230075] hpet0: at MMIO 0xfed00000, IRQs 2, 8, 0
vm-test-run-thp-madv-remove-test> machine # [    2.231077] hpet0: 3 comparators, 64-bit 100.000000 MHz counter
vm-test-run-thp-madv-remove-test> machine # [    2.236341] clocksource: Switched to clocksource kvm-clock
vm-test-run-thp-madv-remove-test> machine # [    2.238168] VFS: Disk quotas dquot_6.6.0
vm-test-run-thp-madv-remove-test> machine # [    2.239465] VFS: Dquot-cache hash table entries: 512 (order 0, 4096 bytes)
vm-test-run-thp-madv-remove-test> machine # [    2.241902] pnp: PnP ACPI init
vm-test-run-thp-madv-remove-test> machine # [    2.243589] pnp: PnP ACPI: found 6 devices
vm-test-run-thp-madv-remove-test> machine # [    2.252725] clocksource: acpi_pm: mask: 0xffffff max_cycles: 0xffffff, max_idle_ns: 2085701024 ns
vm-test-run-thp-madv-remove-test> machine # [    2.256686] clocksource: Switched to clocksource acpi_pm
vm-test-run-thp-madv-remove-test> machine # [    2.259268] NET: Registered PF_INET protocol family
vm-test-run-thp-madv-remove-test> machine # [    2.260945] IP idents hash table entries: 16384 (order: 5, 131072 bytes, linear)
vm-test-run-thp-madv-remove-test> machine # [    2.276072] tcp_listen_portaddr_hash hash table entries: 512 (order: 1, 8192 bytes, linear)
vm-test-run-thp-madv-remove-test> machine # [    2.278528] Table-perturb hash table entries: 65536 (order: 6, 262144 bytes, linear)
vm-test-run-thp-madv-remove-test> machine # [    2.280900] TCP established hash table entries: 8192 (order: 4, 65536 bytes, linear)
vm-test-run-thp-madv-remove-test> machine # [    2.283236] TCP bind hash table entries: 8192 (order: 6, 262144 bytes, linear)
vm-test-run-thp-madv-remove-test> machine # [    2.285462] TCP: Hash tables configured (established 8192 bind 8192)
vm-test-run-thp-madv-remove-test> machine # [    2.287442] MPTCP token hash table entries: 1024 (order: 3, 24576 bytes, linear)
vm-test-run-thp-madv-remove-test> machine # [    2.289736] UDP hash table entries: 512 (order: 3, 32768 bytes, linear)
vm-test-run-thp-madv-remove-test> machine # [    2.291707] UDP-Lite hash table entries: 512 (order: 3, 32768 bytes, linear)
vm-test-run-thp-madv-remove-test> machine # [    2.293888] NET: Registered PF_UNIX/PF_LOCAL protocol family
vm-test-run-thp-madv-remove-test> machine # [    2.295525] NET: Registered PF_XDP protocol family
vm-test-run-thp-madv-remove-test> machine # [    2.297007] pci_bus 0000:00: resource 4 [io  0x0000-0x0cf7 window]
vm-test-run-thp-madv-remove-test> machine # [    2.298704] pci_bus 0000:00: resource 5 [io  0x0d00-0xffff window]
vm-test-run-thp-madv-remove-test> machine # [    2.300522] pci_bus 0000:00: resource 6 [mem 0x000a0000-0x000bffff window]
vm-test-run-thp-madv-remove-test> machine # [    2.302399] pci_bus 0000:00: resource 7 [mem 0x40000000-0xfebfffff window]
vm-test-run-thp-madv-remove-test> machine # [    2.304930] pci_bus 0000:00: resource 8 [mem 0x100000000-0x17fffffff window]
vm-test-run-thp-madv-remove-test> machine # [    2.307669] pci 0000:00:01.0: PIIX3: Enabling Passive Release
vm-test-run-thp-madv-remove-test> machine # [    2.309886] pci 0000:00:00.0: Limiting direct PCI/PCI transfers
vm-test-run-thp-madv-remove-test> machine # [    2.313074] ACPI: \_SB_.LNKD: Enabled at IRQ 11
vm-test-run-thp-madv-remove-test> machine # [    2.316108] PCI: CLS 0 bytes, default 64
vm-test-run-thp-madv-remove-test> machine # [    2.317516] clocksource: tsc: mask: 0xffffffffffffffff max_cycles: 0x2b3e4942f25, max_idle_ns: 440795326592 ns
vm-test-run-thp-madv-remove-test> machine # [    2.317875] Trying to unpack rootfs image as initramfs...
vm-test-run-thp-madv-remove-test> machine # [    2.319241] Initialise system trusted keyrings
vm-test-run-thp-madv-remove-test> machine # [    2.326903] workingset: timestamp_bits=40 max_order=18 bucket_order=0
vm-test-run-thp-madv-remove-test> machine # [    2.587668] Key type asymmetric registered
vm-test-run-thp-madv-remove-test> machine # [    2.590560] Asymmetric key parser 'x509' registered
vm-test-run-thp-madv-remove-test> machine # [    2.593393] Block layer SCSI generic (bsg) driver version 0.4 loaded (major 249)
vm-test-run-thp-madv-remove-test> machine # [    2.597179] io scheduler mq-deadline registered
vm-test-run-thp-madv-remove-test> machine # [    2.599098] io scheduler kyber registered
vm-test-run-thp-madv-remove-test> machine # [    2.966607] Serial: 8250/16550 driver, 4 ports, IRQ sharing enabled
vm-test-run-thp-madv-remove-test> machine # [    2.969862] 00:04: ttyS0 at I/O 0x3f8 (irq = 4, base_baud = 115200) is a 16550A
vm-test-run-thp-madv-remove-test> machine # [    2.975362] Linux agpgart interface v0.103
vm-test-run-thp-madv-remove-test> machine # [    2.978182] ACPI: bus type drm_connector registered
vm-test-run-thp-madv-remove-test> machine # [    3.116507] usbcore: registered new interface driver usbserial_generic
vm-test-run-thp-madv-remove-test> machine # [    3.120605] usbserial: USB Serial support registered for generic
vm-test-run-thp-madv-remove-test> machine # [    3.123523] amd_pstate: the _CPC object is not present in SBIOS or ACPI disabled
vm-test-run-thp-madv-remove-test> machine # [    3.126014] drop_monitor: Initializing network drop monitor service
vm-test-run-thp-madv-remove-test> machine # [    3.128216] NET: Registered PF_INET6 protocol family
vm-test-run-thp-madv-remove-test> machine # [    3.131558] Segment Routing with IPv6
vm-test-run-thp-madv-remove-test> machine # [    3.132673] In-situ OAM (IOAM) with IPv6
vm-test-run-thp-madv-remove-test> machine # [    3.500082] IPI shorthand broadcast: enabled
vm-test-run-thp-madv-remove-test> machine # [    3.508119] sched_clock: Marking stable (3259031318, 248759565)->(4728749353, -1220958470)
vm-test-run-thp-madv-remove-test> machine # [    3.512680] registered taskstats version 1
vm-test-run-thp-madv-remove-test> machine # [    3.515128] Loading compiled-in X.509 certificates
vm-test-run-thp-madv-remove-test> machine # [    6.817000] Freeing initrd memory: 12496K
vm-test-run-thp-madv-remove-test> machine # [    6.820041] Demotion targets for Node 0: null
vm-test-run-thp-madv-remove-test> machine # [    6.823783] Key type .fscrypt registered
vm-test-run-thp-madv-remove-test> machine # [    6.826411] Key type fscrypt-provisioning registered
vm-test-run-thp-madv-remove-test> machine # [    6.828918] ima: No TPM chip found, activating TPM-bypass!
vm-test-run-thp-madv-remove-test> machine # [    6.831191] ima: Allocated hash algorithm: sha1
vm-test-run-thp-madv-remove-test> machine # [    6.833135] ima: No architecture policies found
vm-test-run-thp-madv-remove-test> machine # [    6.835495] PM:   Magic number: 14:973:597
vm-test-run-thp-madv-remove-test> machine # [    6.837199] RAS: Correctable Errors collector initialized.
vm-test-run-thp-madv-remove-test> machine # [    6.839238] clk: Disabling unused clocks
vm-test-run-thp-madv-remove-test> machine # [    6.840424] PM: genpd: Disabling unused power domains
vm-test-run-thp-madv-remove-test> machine # [    6.845099] Freeing unused decrypted memory: 2028K
vm-test-run-thp-madv-remove-test> machine # [    6.847595] Freeing unused kernel image (initmem) memory: 3672K
vm-test-run-thp-madv-remove-test> machine # [    6.849308] Write protecting the kernel read-only data: 32768k
vm-test-run-thp-madv-remove-test> machine # [    6.851972] Freeing unused kernel image (text/rodata gap) memory: 1072K
vm-test-run-thp-madv-remove-test> machine # [    6.854419] Freeing unused kernel image (rodata/data gap) memory: 604K
vm-test-run-thp-madv-remove-test> machine # [    6.905636] x86/mm: Checked W+X mappings: passed, no W+X pages found.
vm-test-run-thp-madv-remove-test> machine # [    6.907448] Run /init as init process
vm-test-run-thp-madv-remove-test> machine # [    7.290414] device-mapper: core: CONFIG_IMA_DISABLE_HTABLE is disabled. Duplicate IMA measurements will not be recorded in the IMA log.
vm-test-run-thp-madv-remove-test> machine # [    7.294321] device-mapper: ioctl: 4.50.0-ioctl (2025-04-28) initialised: dm-devel@lists.linux.dev
vm-test-run-thp-madv-remove-test> machine # [    9.167128] i8042: PNP: PS/2 Controller [PNP0303:KBD,PNP0f13:MOU] at 0x60,0x64 irq 1,12
vm-test-run-thp-madv-remove-test> machine # [    9.169779] ACPI: \_SB_.LNKC: Enabled at IRQ 10
vm-test-run-thp-madv-remove-test> machine # [    9.173484] serio: i8042 KBD port at 0x60,0x64 irq 1
vm-test-run-thp-madv-remove-test> machine # [    9.177661] serio: i8042 AUX port at 0x60,0x64 irq 12
vm-test-run-thp-madv-remove-test> machine # [    9.178972] uhci_hcd 0000:00:01.2: UHCI Host Controller
vm-test-run-thp-madv-remove-test> machine # [    9.179068] uhci_hcd 0000:00:01.2: new USB bus registered, assigned bus number 1
vm-test-run-thp-madv-remove-test> machine # [    9.186570] uhci_hcd 0000:00:01.2: detected 2 ports
vm-test-run-thp-madv-remove-test> machine # [    9.188121] ACPI: \_SB_.LNKA: Enabled at IRQ 10
vm-test-run-thp-madv-remove-test> machine # [    9.191696] uhci_hcd 0000:00:01.2: irq 11, io port 0x0000c100
vm-test-run-thp-madv-remove-test> machine # [    9.196397] ACPI: \_SB_.LNKB: Enabled at IRQ 11
vm-test-run-thp-madv-remove-test> machine # [    9.198056] usb usb1: New USB device found, idVendor=1d6b, idProduct=0001, bcdDevice= 7.00
vm-test-run-thp-madv-remove-test> machine # [    9.206148] usb usb1: New USB device strings: Mfr=3, Product=2, SerialNumber=1
vm-test-run-thp-madv-remove-test> machine # [    9.211862] usb usb1: Product: UHCI Host Controller
vm-test-run-thp-madv-remove-test> machine # [    9.214365] usb usb1: Manufacturer: Linux 7.0.0-rc1 uhci_hcd
vm-test-run-thp-madv-remove-test> machine # [    9.217684] usb usb1: SerialNumber: 0000:00:01.2
vm-test-run-thp-madv-remove-test> machine # [    9.222206] hub 1-0:1.0: USB hub found
vm-test-run-thp-madv-remove-test> machine # [    9.225282] hub 1-0:1.0: 2 ports detected
vm-test-run-thp-madv-remove-test> machine # [    9.229100] SCSI subsystem initialized
vm-test-run-thp-madv-remove-test> machine # [    9.668791] usb 1-1: new full-speed USB device number 2 using uhci_hcd
vm-test-run-thp-madv-remove-test> machine # [    9.837007] usb 1-1: New USB device found, idVendor=0627, idProduct=0001, bcdDevice= 0.00
vm-test-run-thp-madv-remove-test> machine # [    9.842276] usb 1-1: New USB device strings: Mfr=1, Product=3, SerialNumber=10
vm-test-run-thp-madv-remove-test> machine # [    9.846889] usb 1-1: Product: QEMU USB Tablet
vm-test-run-thp-madv-remove-test> machine # [    9.848238] usb 1-1: Manufacturer: QEMU
vm-test-run-thp-madv-remove-test> machine # [    9.849465] usb 1-1: SerialNumber: 28754-0000:00:01.2-1
vm-test-run-thp-madv-remove-test> machine # [   11.779134] clocksource: Long readout interval, skipping watchdog check: cs_nsec: 1465379658 wd_nsec: 1465379485
vm-test-run-thp-madv-remove-test> machine # [   11.783169] virtio_blk virtio5: 16/0/0 default/read/poll queues
vm-test-run-thp-madv-remove-test> machine # [   11.791851] scsi host0: ata_piix
vm-test-run-thp-madv-remove-test> machine # [   11.794280] scsi host1: ata_piix
vm-test-run-thp-madv-remove-test> machine # [   11.795510] ata1: PATA max MWDMA2 cmd 0x1f0 ctl 0x3f6 bmdma 0xc1e0 irq 14 lpm-pol 0
vm-test-run-thp-madv-remove-test> machine # [   11.799555] ata2: PATA max MWDMA2 cmd 0x170 ctl 0x376 bmdma 0xc1e8 irq 15 lpm-pol 0
vm-test-run-thp-madv-remove-test> machine # [   12.016505] ata2: found unknown device (class 0)
vm-test-run-thp-madv-remove-test> machine # [   12.019655] hid: raw HID events driver (C) Jiri Kosina
vm-test-run-thp-madv-remove-test> machine # [   12.022658] ata2.00: ATAPI: QEMU DVD-ROM, 2.5+, max UDMA/100
vm-test-run-thp-madv-remove-test> machine # [   12.029493] scsi 1:0:0:0: CD-ROM            QEMU     QEMU DVD-ROM     2.5+ PQ: 0 ANSI: 5
vm-test-run-thp-madv-remove-test> machine # [   12.589979] virtio_blk virtio5: [vda] 2097152 512-byte logical blocks (1.07 GB/1.00 GiB)
vm-test-run-thp-madv-remove-test> machine # [   12.779653] input: AT Translated Set 2 keyboard as /devices/platform/i8042/serio0/input/input0
vm-test-run-thp-madv-remove-test> machine # [   12.782322] netfs: FS-Cache loaded
vm-test-run-thp-madv-remove-test> machine # [   13.276388] usbcore: registered new interface driver usbhid
vm-test-run-thp-madv-remove-test> machine # [   13.278472] usbhid: USB HID core driver
vm-test-run-thp-madv-remove-test> machine # [   13.294458] input: QEMU QEMU USB Tablet as /devices/pci0000:00/0000:00:01.2/usb1/1-1/1-1:1.0/0003:0627:0001.0001/input/input2
vm-test-run-thp-madv-remove-test> machine # [   13.295973] 9pnet: Installing 9P2000 support
vm-test-run-thp-madv-remove-test> machine # [   13.298067] hid-generic 0003:0627:0001.0001: input,hidraw0: USB HID v0.01 Mouse [QEMU QEMU USB Tablet] on usb-0000:00:01.2-1/input0
vm-test-run-thp-madv-remove-test> machine # [   13.320700] sr 1:0:0:0: [sr0] scsi3-mmc drive: 4x/4x cd/rw xa/form2 tray
vm-test-run-thp-madv-remove-test> machine # [   13.323307] cdrom: Uniform CD-ROM driver Revision: 3.20
vm-test-run-thp-madv-remove-test> machine # [   14.567147] EXT4-fs (vda): mounted filesystem c24835dd-89d4-47b6-aca0-62f0a7cc9e8f r/w with ordered data mode. Quota mode: none.
vm-test-run-thp-madv-remove-test> machine # [   14.603600] 9p: Installing v9fs 9p2000 file system support
vm-test-run-thp-madv-remove-test> machine # [   15.779707] EXT4-fs (vda): re-mounted c24835dd-89d4-47b6-aca0-62f0a7cc9e8f.
vm-test-run-thp-madv-remove-test> machine # [   15.786553] booting system configuration /nix/store/33nk1ndsk998xgc9z9vrcf8kkxszb8gk-nixos-system-machine-test
vm-test-run-thp-madv-remove-test> machine # [   18.369168] systemd[1]: Inserted module 'autofs4'
vm-test-run-thp-madv-remove-test> machine # [   18.471026] systemd[1]: systemd 259 running in system mode (+PAM +AUDIT -SELINUX +APPARMOR +IMA +IPE +SMACK +SECCOMP +GCRYPT -GNUTLS +OPENSSL +ACL +BLKID +CURL +ELFUTILS +FIDO2 +IDN2 -IDN +KMOD +LIBCRYPTSETUP +LIBCRYPTSETUP_PLUGINS +LIBFDISK +PCRE2 +PWQUALITY +P11KIT +QRENCODE +TPM2 +BZIP2 +LZ4 +XZ +ZLIB +ZSTD +BPF_FRAMEWORK -BTF -XKBCOMMON +UTMP -SYSVINIT +LIBARCHIVE)
vm-test-run-thp-madv-remove-test> machine # [   18.480355] systemd[1]: Detected virtualization kvm.
vm-test-run-thp-madv-remove-test> machine # [   18.481983] systemd[1]: Detected architecture x86-64.
vm-test-run-thp-madv-remove-test> machine # [   18.483675] systemd[1]: Detected first boot.
vm-test-run-thp-madv-remove-test> machine # [   18.489496] systemd[1]: Initializing machine ID from random generator.
vm-test-run-thp-madv-remove-test> machine # [   18.497804] systemd[1]: Hostname set to <machine>.
vm-test-run-thp-madv-remove-test> machine # [   18.613340] systemd[1]: bpf-restrict-fs: LSM BPF program attached
vm-test-run-thp-madv-remove-test> machine # [   22.201406] systemd[1]: Applying preset policy.
vm-test-run-thp-madv-remove-test> machine # [   22.938776] systemd[1]: Populated /etc with preset unit settings.
vm-test-run-thp-madv-remove-test> machine # [   23.571207] systemd[1]: Queued start job for default target Multi-User System.
vm-test-run-thp-madv-remove-test> machine # [   23.630162] systemd[1]: Created slice Slice /system/getty.
vm-test-run-thp-madv-remove-test> machine # [   23.633064] systemd[1]: Created slice Slice /system/modprobe.
vm-test-run-thp-madv-remove-test> machine # [   23.635675] systemd[1]: Created slice User and Session Slice.
vm-test-run-thp-madv-remove-test> machine # [   23.637903] systemd[1]: Started Dispatch Password Requests to Console Directory Watch.
vm-test-run-thp-madv-remove-test> machine # [   23.640120] systemd[1]: Started Forward Password Requests to Wall Directory Watch.
vm-test-run-thp-madv-remove-test> machine # [   23.642434] systemd[1]: Expecting device /dev/hvc0...
vm-test-run-thp-madv-remove-test> machine # [   23.643914] systemd[1]: Expecting device /dev/ttyS0...
vm-test-run-thp-madv-remove-test> machine # [   23.645320] systemd[1]: Expecting device /sys/subsystem/net/devices/eth1...
vm-test-run-thp-madv-remove-test> machine # [   23.647172] systemd[1]: Reached target Local Encrypted Volumes.
vm-test-run-thp-madv-remove-test> machine # [   23.648803] systemd[1]: Reached target Virtual Machines and Containers.
vm-test-run-thp-madv-remove-test> machine # [   23.650555] systemd[1]: Reached target Path Units.
vm-test-run-thp-madv-remove-test> machine # [   23.651986] systemd[1]: Reached target Remote File Systems.
vm-test-run-thp-madv-remove-test> machine # [   23.653512] systemd[1]: Reached target Slice Units.
vm-test-run-thp-madv-remove-test> machine # [   23.654928] systemd[1]: Reached target Swaps.
vm-test-run-thp-madv-remove-test> machine # [   23.661249] systemd[1]: Listening on Process Core Dump Socket.
vm-test-run-thp-madv-remove-test> machine # [   23.666266] systemd[1]: Listening on Credential Encryption/Decryption.
vm-test-run-thp-madv-remove-test> machine # [   23.680138] systemd[1]: Listening on Journal Audit Socket.
vm-test-run-thp-madv-remove-test> machine # [   23.682239] systemd[1]: Listening on Journal Socket (/dev/log).
vm-test-run-thp-madv-remove-test> machine # [   23.684553] systemd[1]: Listening on Journal Sockets.
vm-test-run-thp-madv-remove-test> machine # [   23.686589] systemd[1]: Listening on Userspace Out-Of-Memory (OOM) Killer Socket.
vm-test-run-thp-madv-remove-test> machine # [   23.689121] systemd[1]: Make TPM PCR Policy was skipped because of an unmet condition check (ConditionSecurity=measured-uki).
vm-test-run-thp-madv-remove-test> machine # [   23.692213] systemd[1]: Listening on udev Control Socket.
vm-test-run-thp-madv-remove-test> machine # [   23.693761] systemd[1]: Listening on udev Kernel Socket.
vm-test-run-thp-madv-remove-test> machine # [   23.700859] systemd[1]: Mounting Huge Pages File System...
vm-test-run-thp-madv-remove-test> machine # [   23.705891] systemd[1]: Mounting POSIX Message Queue File System...
vm-test-run-thp-madv-remove-test> machine # [   23.712026] systemd[1]: Mounting Kernel Debug File System...
vm-test-run-thp-madv-remove-test> machine # [   23.718501] systemd[1]: Mounting Kernel Trace File System...
vm-test-run-thp-madv-remove-test> machine # [   23.726051] systemd[1]: Starting Create List of Static Device Nodes...
vm-test-run-thp-madv-remove-test> machine # [   23.728037] systemd[1]: Load Kernel Module 9pnet_virtio was skipped because of an unmet condition check (ConditionKernelModuleLoaded=!9pnet_virtio).
vm-test-run-thp-madv-remove-test> machine # [   23.735468] systemd[1]: Starting Load Kernel Module configfs...
vm-test-run-thp-madv-remove-test> machine # [   23.737388] systemd[1]: Load Kernel Module drm was skipped because of an unmet condition check (ConditionKernelModuleLoaded=!drm).
vm-test-run-thp-madv-remove-test> machine # [   23.743756] systemd[1]: Starting Load Kernel Module efi_pstore...
vm-test-run-thp-madv-remove-test> machine # [   23.749251] systemd[1]: Starting Load Kernel Module fuse...
vm-test-run-thp-madv-remove-test> machine # [   23.751250] systemd[1]: File System Check on Root Device was skipped because of an unmet condition check (ConditionPathIsReadWrite=!/).
vm-test-run-thp-madv-remove-test> machine # [   23.754920] systemd[1]: Clear Stale Hibernate Storage Info was skipped because of an unmet condition check (ConditionPathExists=/sys/firmware/efi/efivars/HibernateLocation-8cf2644b-4b0b-428f-9387-6d876050dc67).
vm-test-run-thp-madv-remove-test> machine # [   23.764419] systemd[1]: Starting Journal Service...
vm-test-run-thp-madv-remove-test> machine # [   23.769741] systemd[1]: Starting Load Kernel Modules...
vm-test-run-thp-madv-remove-test> machine # [   23.775610] systemd[1]: Starting Userspace Out-Of-Memory (OOM) Killer...
vm-test-run-thp-madv-remove-test> machine # [   23.781199] systemd[1]: Starting Remount Root and Kernel File Systems...
vm-test-run-thp-madv-remove-test> machine # [   23.783763] systemd[1]: Early TPM SRK Setup was skipped because of an unmet condition check (ConditionSecurity=measured-uki).
vm-test-run-thp-madv-remove-test> machine # [   23.791014] systemd[1]: Starting Coldplug All udev Devices...
vm-test-run-thp-madv-remove-test> machine # [   23.827244] systemd[1]: Mounted Huge Pages File System.
vm-test-run-thp-madv-remove-test> machine # [   23.829143] systemd[1]: Mounted Kernel Debug File System.
vm-test-run-thp-madv-remove-test> machine # [   23.830897] systemd[1]: Mounted Kernel Trace File System.
vm-test-run-thp-madv-remove-test> machine # [   24.562828] systemd[1]: Mounted POSIX Message Queue File System.
vm-test-run-thp-madv-remove-test> machine # [   24.722232] systemd[1]: Finished Create List of Static Device Nodes.
vm-test-run-thp-madv-remove-test> machine # [   24.801724] EXT4-fs (vda): re-mounted c24835dd-89d4-47b6-aca0-62f0a7cc9e8f.
vm-test-run-thp-madv-remove-test> machine # [   24.804690] systemd[1]: Starting Create Static Device Nodes in /dev gracefully...
vm-test-run-thp-madv-remove-test> machine # [   24.815500] systemd[1]: Finished Remount Root and Kernel File Systems.
vm-test-run-thp-madv-remove-test> machine # [   24.818990] systemd[1]: modprobe@efi_pstore.service: Deactivated successfully.
vm-test-run-thp-madv-remove-test> machine # [   24.822881] systemd[1]: Finished Load Kernel Module efi_pstore.
vm-test-run-thp-madv-remove-test> machine # [   24.825651] systemd[1]: modprobe@configfs.service: Deactivated successfully.
vm-test-run-thp-madv-remove-test> machine # [   24.828735] systemd[1]: Finished Load Kernel Module configfs.
vm-test-run-thp-madv-remove-test> machine # [   24.829565] loop: module loaded
vm-test-run-thp-madv-remove-test> machine # [   24.838789] systemd[1]: Mounting Kernel Configuration File System...
vm-test-run-thp-madv-remove-test> machine # [   24.839146] fuse: init (API version 7.45)
vm-test-run-thp-madv-remove-test> machine # [   24.839705] systemd[1]: Platform Persistent Storage Archival was skipped because of an unmet condition check (ConditionDirectoryNotEmpty=/sys/fs/pstore).
vm-test-run-thp-madv-remove-test> machine # [   24.843529] systemd-journald[642]: Collecting audit messages is enabled.
vm-test-run-thp-madv-remove-test> machine # [   24.848440] systemd[1]: Starting Load/Save OS Random Seed...
vm-test-run-thp-madv-remove-test> machine # [   24.862575] systemd[1]: TPM SRK Setup was skipped because of an unmet condition check (ConditionSecurity=measured-uki).
vm-test-run-thp-madv-remove-test> machine # [   24.869836] systemd[1]: modprobe@fuse.service: Deactivated successfully.
vm-test-run-thp-madv-remove-test> machine # [   25.062868] systemd[1]: Finished Load Kernel Module fuse.
vm-test-run-thp-madv-remove-test> machine # [   25.069891] systemd[1]: Started Userspace Out-Of-Memory (OOM) Killer.
vm-test-run-thp-madv-remove-test> machine # [   25.076944] systemd[1]: Finished Load Kernel Modules.
vm-test-run-thp-madv-remove-test> machine # [   25.085635] systemd[1]: Mounting FUSE Control File System...
vm-test-run-thp-madv-remove-test> machine # [   25.017786] systemd-modules-load[643]: Using 2 probe threads
vm-test-run-thp-madv-remove-test> machine # [   25.022139] systemd-modules-load[643]: Inserted module 'loop'
vm-test-run-thp-madv-remove-test> machine # [   25.025209] systemd-oomd[644]: No swap; memory pressure usage will be degraded
vm-test-run-thp-madv-remove-test> machine # [   25.306315] systemd[1]: Starting Firewall...
vm-test-run-thp-madv-remove-test> machine # [   25.316896] systemd[1]: Starting Apply Kernel Variables...
vm-test-run-thp-madv-remove-test> machine # [   25.322591] systemd[1]: Started Journal Service.
vm-test-run-thp-madv-remove-test> machine # [   25.085152] systemd[1]: Finished Create Static Device Nodes in /dev gracefully.
vm-test-run-thp-madv-remove-test> machine # [   25.090883] systemd[1]: Mounted Kernel Configuration File System.
vm-test-run-thp-madv-remove-test> machine # [   25.095082] systemd[1]: Finished Coldplug All udev Devices.
vm-test-run-thp-madv-remove-test> machine # [   25.098177] systemd[1]: Finished Load/Save OS Random Seed.
vm-test-run-thp-madv-remove-test> machine # [   25.103904] systemd[1]: Mounted FUSE Control File System.
vm-test-run-thp-madv-remove-test> machine # [   25.257893] systemd[1]: Reached target First Boot Complete.
vm-test-run-thp-madv-remove-test> machine # [   25.390701] systemd[1]: Starting Flush Journal to Persistent Storage...
vm-test-run-thp-madv-remove-test> machine # [   25.396925] systemd[1]: Starting Create Static Device Nodes in /dev...
vm-test-run-thp-madv-remove-test> machine # [   25.400400] systemd[1]: Finished Apply Kernel Variables.
vm-test-run-thp-madv-remove-test> machine # [   25.852423] systemd-journald[642]: Received client request to flush runtime journal.
vm-test-run-thp-madv-remove-test> machine: Guest root shell did not produce any data yet...
vm-test-run-thp-madv-remove-test> machine:   To debug, enter the VM and run 'systemctl status backdoor.service'.
vm-test-run-thp-madv-remove-test> machine # [   28.987142] systemd[1]: Finished Create Static Device Nodes in /dev.
vm-test-run-thp-madv-remove-test> machine # [   28.994199] systemd[1]: Reached target Preparation for Local File Systems.
vm-test-run-thp-madv-remove-test> machine # [   28.999551] systemd[1]: Mounting /run/wrappers...
vm-test-run-thp-madv-remove-test> machine # [   29.003793] systemd[1]: Starting Rule-based Manager for Device Events and Files...
vm-test-run-thp-madv-remove-test> machine # [   29.009928] systemd[1]: Finished Flush Journal to Persistent Storage.
vm-test-run-thp-madv-remove-test> machine # [   29.013665] systemd[1]: Mounted /run/wrappers.
vm-test-run-thp-madv-remove-test> machine # [   29.016396] systemd[1]: Reached target Local File Systems.
vm-test-run-thp-madv-remove-test> machine # [   29.020068] systemd[1]: Listening on Boot Entries Service Socket.
vm-test-run-thp-madv-remove-test> machine # [   29.023164] systemd[1]: Starting Create SUID/SGID Wrappers...
vm-test-run-thp-madv-remove-test> machine # [   29.025361] systemd[1]: Update Boot Loader Random Seed was skipped because no trigger condition checks were met.
vm-test-run-thp-madv-remove-test> machine # [   29.028837] systemd[1]: Starting Save Transient machine-id to Disk...
vm-test-run-thp-madv-remove-test> machine # [   29.031244] systemd[1]: Starting Create System Files and Directories...
vm-test-run-thp-madv-remove-test> machine # [   29.048397] systemd-udevd[701]: Using default interface naming scheme 'v259'.
vm-test-run-thp-madv-remove-test> machine # [   29.081747] systemd[1]: etc-machine\x2did.mount: Deactivated successfully.
vm-test-run-thp-madv-remove-test> machine # [   29.092940] systemd[1]: Finished Save Transient machine-id to Disk.
vm-test-run-thp-madv-remove-test> machine # [   29.123672] systemd[1]: Finished Create System Files and Directories.
vm-test-run-thp-madv-remove-test> machine # [   29.129695] systemd[1]: Starting Rebuild Journal Catalog...
vm-test-run-thp-madv-remove-test> machine # [   29.135108] systemd[1]: Starting Record System Boot/Shutdown in UTMP...
vm-test-run-thp-madv-remove-test> machine # [   29.194980] systemd[1]: Finished Record System Boot/Shutdown in UTMP.
vm-test-run-thp-madv-remove-test> machine # [   29.233762] systemd[1]: Started Rule-based Manager for Device Events and Files.
vm-test-run-thp-madv-remove-test> machine # [   29.658730] systemd[1]: Finished Rebuild Journal Catalog.
vm-test-run-thp-madv-remove-test> machine # [   29.789540] (udev-worker)[801]: eth1: Config file /etc/systemd/network/40-eth1.link is applied to device based on potentially unpredictable interface name.
vm-test-run-thp-madv-remove-test> machine # [   29.802655] (udev-worker)[801]: Network interface NamePolicy= disabled on kernel command line.
vm-test-run-thp-madv-remove-test> machine # [   29.808817] (udev-worker)[798]: Network interface NamePolicy= disabled on kernel command line.
vm-test-run-thp-madv-remove-test> machine # [   29.819053] systemd[1]: Starting Update is Completed...
vm-test-run-thp-madv-remove-test> machine # [   29.826824] systemd[1]: Found device /dev/hvc0.
vm-test-run-thp-madv-remove-test> machine # [   29.840560] systemd[1]: Found device /dev/ttyS0.
vm-test-run-thp-madv-remove-test> machine # [   29.849180] systemd[1]: Found device Virtio network device.
vm-test-run-thp-madv-remove-test> machine # [   30.376659] input: Power Button as /devices/platform/LNXPWRBN:00/input/input3
vm-test-run-thp-madv-remove-test> machine # [   30.380626] ACPI: button: Power Button [PWRF]
vm-test-run-thp-madv-remove-test> machine # [   30.385329] rtc_cmos 00:05: RTC can wake from S4
vm-test-run-thp-madv-remove-test> machine # [   30.390940] rtc_cmos 00:05: registered as rtc0
vm-test-run-thp-madv-remove-test> machine # [   30.393395] rtc_cmos 00:05: setting system clock to 2026-02-26T19:36:24 UTC (1772134584)
vm-test-run-thp-madv-remove-test> machine # [   30.412511] rtc_cmos 00:05: alarms up to one day, y3k, 242 bytes nvram, hpet irqs
vm-test-run-thp-madv-remove-test> machine # [   30.170808] systemd[1]: Finished Update is Completed.
vm-test-run-thp-madv-remove-test> machine # [   30.803893] hpet: Lost 25 RTC interrupts
vm-test-run-thp-madv-remove-test> machine # [   30.815337] bochs-drm 0000:00:02.0: vgaarb: deactivate vga console
vm-test-run-thp-madv-remove-test> machine # [   30.816411] Floppy drive(s): fd0 is 2.88M AMI BIOS
vm-test-run-thp-madv-remove-test> machine # [   30.827021] Console: switching to colour dummy device 80x25
vm-test-run-thp-madv-remove-test> machine # [   30.828983] [drm] Found bochs VGA, ID 0xb0c5.
vm-test-run-thp-madv-remove-test> machine # [   30.828986] [drm] Framebuffer size 16384 kB @ 0xfd000000, mmio @ 0xfebd0000.
vm-test-run-thp-madv-remove-test> machine # [   30.830405] bochs-drm 0000:00:02.0: [drm] Registered 1 planes with drm panic
vm-test-run-thp-madv-remove-test> machine # [   30.834730] FDC 0 is a S82078B
vm-test-run-thp-madv-remove-test> machine # [   30.586707] systemd[1]: suid-sgid-wrappers.service: Deactivated successfully.
vm-test-run-thp-madv-remove-test> machine # [   30.591395] systemd[1]: Finished Create SUID/SGID Wrappers.
vm-test-run-thp-madv-remove-test> machine # [   30.594281] systemd[1]: Reached target System Initialization.
vm-test-run-thp-madv-remove-test> machine # [   30.596635] systemd[1]: Started Discard unused filesystem blocks once a week.
vm-test-run-thp-madv-remove-test> machine # [   30.599667] systemd[1]: Started Daily Cleanup of Temporary Directories.
vm-test-run-thp-madv-remove-test> machine # [   30.601890] systemd[1]: Reached target Timer Units.
vm-test-run-thp-madv-remove-test> machine # [   30.604285] systemd[1]: Listening on D-Bus System Message Bus Socket.
vm-test-run-thp-madv-remove-test> machine # [   30.607935] systemd[1]: Listening on Nix Daemon Socket.
vm-test-run-thp-madv-remove-test> machine # [   30.860188] parport_pc 00:03: reported by Plug and Play ACPI
vm-test-run-thp-madv-remove-test> machine # [   30.860318] [drm] Initialized bochs-drm 1.0.0 for 0000:00:02.0 on minor 0
vm-test-run-thp-madv-remove-test> machine # [   30.860532] mousedev: PS/2 mouse device common for all mice
vm-test-run-thp-madv-remove-test> machine # [   30.612109] s[   30.864567] parport0: PC-style at 0x378, irq 7 [PCSPP(,...)]
vm-test-run-thp-madv-remove-test> machine # ystemd[1]: Listening on Hostname Service Socket.
vm-test-run-thp-madv-remove-test> machine # [   30.625802] systemd[1]: Reached target Socket Units.
vm-test-run-thp-madv-remove-test> machine # [   30.628524] systemd[1]: Reached target Basic System.
vm-test-run-thp-madv-remove-test> machine # [   30.631237] systemd[1]: Started backdoor.service.
vm-test-run-thp-madv-remove-test> machine # [   30.633597] systemd[1]: Starting Import lastlog data into lastlog2 database...
vm-test-run-thp-madv-remove-test> machine # [   30.637100] systemd[1]: Starting Name Service Cache Daemon (nsncd)...
vm-test-run-thp-madv-remove-test> machine # [   31.165569] systemd[1]: Starting Post-boot Actions...
vm-test-run-thp-madv-remove-test> machine # [   31.167850] systemd[1]: Started Reset console on configuration changes.
vm-test-run-thp-madv-remove-test> machine # [   31.171989] systemd[1]: Starting resolvconf update...
vm-test-run-thp-madv-remove-test> machine # connecting to host...
vm-test-run-thp-madv-remove-test> machine # [   31.286280] systemd[1]: Starting D-Bus System Message Bus...
vm-test-run-thp-madv-remove-test> machine # [   31.291579] systemd[1]: Finished Post-boot Actions.
vm-test-run-thp-madv-remove-test> machine # [   31.534501] fbcon: bochs-drmdrmfb (fb0) is primary device
vm-test-run-thp-madv-remove-test> machine # [   35.465384] clocksource: Long readout interval, skipping watchdog check: cs_nsec: 3968228866 wd_nsec: 3968228588
vm-test-run-thp-madv-remove-test> machine # [   35.631678] piix4_smbus 0000:00:01.3: SMBus Host Controller at 0x700, revision 0
vm-test-run-thp-madv-remove-test> machine # [   35.631855] i2c i2c-0: Memory type 0x07 not supported yet, not instantiating SPD
vm-test-run-thp-madv-remove-test> machine # [   35.639450] input: QEMU Virtio Keyboard as /devices/pci0000:00/0000:00:0a.0/virtio7/input/input4
vm-test-run-thp-madv-remove-test> machine # [   35.664483] Console: switching to colour frame buffer device 160x50
vm-test-run-thp-madv-remove-test> machine # [   35.734860] bochs-drm 0000:00:02.0: [drm] fb0: bochs-drmdrmfb frame buffer device
vm-test-run-thp-madv-remove-test> machine # [   35.431625] nsncd[840]: Feb 26 19:36:29.785 INFO started, config: Config { ignored_request_types: {}, worker_count: 8, handoff_timeout: 10s }, path: "/var/run/nscd/socket"
vm-test-run-thp-madv-remove-test> machine # [   35.492483] systemd[1]: Started Name Service Cache Daemon (nsncd).
vm-test-run-thp-madv-remove-test> machine # [   35.494533] systemd[1]: Reached target Host and Network Name Lookups.
vm-test-run-thp-madv-remove-test> machine # [   35.495304] systemd[1]: Reached target User and Group Name Lookups.
vm-test-run-thp-madv-remove-test> machine: Guest shell says: b'Spawning backdoor root shell...\n'
vm-test-run-thp-madv-remove-test> machine: connected to guest root shell
vm-test-run-thp-madv-remove-test> machine: (connecting took 37.72 seconds)
vm-test-run-thp-madv-remove-test> machine: (finished: waiting for the VM to finish booting, in 37.99 seconds)
vm-test-run-thp-madv-remove-test> machine # [   36.117630] systemd[1]: Starting User Login Management...
vm-test-run-thp-madv-remove-test> machine # [   36.376902] input: VirtualPS/2 VMware VMMouse as /devices/platform/i8042/serio1/input/input6
vm-test-run-thp-madv-remove-test> machine # [   36.148146] systemd[1]: Stopped target Host and Network Name Lookups.
vm-test-run-thp-madv-remove-test> machine # [   36.150358] systemd[1]: Stopping Host and Network Name Lookups...
vm-test-run-thp-madv-remove-test> machine # [   36.150737] systemd[1]: Stopped target User and Group Name Lookups.
vm-test-run-thp-madv-remove-test> machine # [   36.151053] systemd[1]: Stopping User and Group Name Lookups...
vm-test-run-thp-madv-remove-test> machine # [   36.151347] systemd[1]: Stopping Name Service Cache Daemon (nsncd)...
vm-test-run-thp-madv-remove-test> machine # [   36.162611] systemd[1]: Finished Import lastlog data into lastlog2 database.
vm-test-run-thp-madv-remove-test> machine # [   36.238152] systemd-logind[909]: New seat seat0.
vm-test-run-thp-madv-remove-test> machine # [   37.162445] systemd[1]: nscd.service: Deactivated successfully.
vm-test-run-thp-madv-remove-test> machine # [   37.414730] input: VirtualPS/2 VMware VMMouse as /devices/platform/i8042/serio1/input/input5
vm-test-run-thp-madv-remove-test> machine # [   37.167149] dbus-daemon[859]: dbus[859]: Unknown username "systemd-timesync" in message bus configuration file
vm-test-run-thp-madv-remove-test> machine # [   37.175634] systemd[1]: Stopped Name Service Cache Daemon (nsncd).
vm-test-run-thp-madv-remove-test> machine # [   37.177766] systemd[1]: Started User Login Management.
vm-test-run-thp-madv-remove-test> machine # [   37.178327] systemd[1]: Finished resolvconf update.
vm-test-run-thp-madv-remove-test> machine # [   37.182140] systemd[1]: Starting DHCP Client...
vm-test-run-thp-madv-remove-test> machine # [   37.183599] systemd[1]: Starting linger-users.service...
vm-test-run-thp-madv-remove-test> machine # [   37.187760] systemd[1]: Starting Name Service Cache Daemon (nsncd)...
vm-test-run-thp-madv-remove-test> machine # [   37.616120] systemd[1]: Started D-Bus System Message Bus.
vm-test-run-thp-madv-remove-test> machine # [   40.665084] nsncd[951]: Feb 2[   41.654795] ------------[ cut here ]------------
vm-test-run-thp-madv-remove-test> machine # 6 19:36:35.019 I[   41.656082] [CRTC:35:crtc-0] vblank wait timed out
vm-test-run-thp-madv-remove-test> machine # NFO started, con[   41.657263] WARNING: drivers/gpu/drm/drm_atomic_helper.c:1921 at drm_atomic_helper_wait_for_vblanks.part.0+0x206/0x220, CPU#3: kworker/3:1/136
vm-test-run-thp-madv-remove-test> machine # fig: Config { ig[   41.659895] Modules linked in: irqbypass ghash_clmulni_intel evdev aesni_intel xt_conntrack nf_conntrack nf_defrag_ipv6 nf_defrag_ipv4 vga16fb joydev psmouse vgastate input_leds virtio_input parport_pc led_class ip6t_rpfilter mousedev i2c_piix4 tiny_power_button ata_generic intel_agp i2c_smbus floppy bochs rtc_cmos mac_hid pata_acpi parport button serio_raw intel_gtt ipt_rpfilter xt_pkttype xt_LOG nf_log_syslog xt_tcpudp nft_compat x_tables nf_tables sch_fq_codel fuse configfs loop efi_pstore nfnetlink dmi_sysfs qemu_fw_cfg autofs4 overlay 9p ext4 crc16 mbcache jbd2 9pnet_virtio hid_generic 9pnet sr_mod cdrom usbhid virtio_net atkbd netfs hid net_failover ata_piix libps2 virtio_blk failover vivaldi_fmap libata scsi_mod uhci_hcd i8042 virtio_pci virtio_pci_legacy_dev serio ehci_hcd scsi_common virtio_pci_modern_dev virtio_rng rng_core virtio_gpu virtio_dma_buf virtio_console virtio_balloon virtio virtio_ring dm_mod dax
vm-test-run-thp-madv-remove-test> machine # nored_request_ty[   41.674199] CPU: 3 UID: 0 PID: 136 Comm: kworker/3:1 Not tainted 7.0.0-rc1 #1-NixOS PREEMPT(lazy)
vm-test-run-thp-madv-remove-test> machine # pes: {}, worker_[   41.676612] Hardware name: QEMU Standard PC (i440FX + PIIX, 1996), BIOS rel-1.17.0-0-gb52ca86e094d-prebuilt.qemu.org 04/01/2014
vm-test-run-thp-madv-remove-test> machine # count: 8, handof[   41.679413] Workqueue: events drm_fb_helper_damage_work
vm-test-run-thp-madv-remove-test> machine # f_timeout: 10s }[   41.681085] RIP: 0010:drm_atomic_helper_wait_for_vblanks.part.0+0x20e/0x220
vm-test-run-thp-madv-remove-test> machine # , path: "/var/ru[   41.683148] Code: 84 c0 74 82 48 8b 3c 24 48 8d 74 24 10 e8 da d9 70 ff 45 85 e4 0f 85 eb fe ff ff 48 8d 3d aa 35 65 01 49 8b 56 20 41 8b 76 60 <67> 48 0f b9 3a e9 d2 fe ff ff e8 d3 43 43 00 0f 1f 00 90 90 90 90
vm-test-run-thp-madv-remove-test> machine # n/nscd/socket"
vm-test-run-thp-madv-remove-test> machine # [   41.687514] RSP: 0018:ffffd3aac04ffc38 EFLAGS: 00010246
vm-test-run-thp-madv-remove-test> machine # [   41.688729] RAX: 0000000000000001 RBX: 0000000000000000 RCX: ffff8ee082b83838
vm-test-run-thp-madv-remove-test> machine # [   41.690703] RDX: ffff8ee0816858f0 RSI: 0000000000000023 RDI: ffffffff83af9730
vm-test-run-thp-madv-remove-test> machine # [   41.692332] RBP: 0000000000000000 R08: 00000009b2d153c2 R09: 0000000000000001
vm-test-run-thp-madv-remove-test> machine # [   41.693964] R10: 00000000fffffffb R11: 0000000000000000 R12: 0000000000000000
vm-test-run-thp-madv-remove-test> machine # [   41.695527] R13: 0000000000000001 R14: ffff8ee08dc04bc8 R15: ffff8ee08e64ce00
vm-test-run-thp-madv-remove-test> machine # [   41.697163] FS:  0000000000000000(0000) GS:ffff8ee13986c000(0000) knlGS:0000000000000000
vm-test-run-thp-madv-remove-test> machine # [   41.698938] CS:  0010 DS: 0000 ES: 0000 CR0: 0000000080050033
vm-test-run-thp-madv-remove-test> machine # [   41.700298] CR2: 00007f53dfbfdcd4 CR3: 000000000d379000 CR4: 0000000000350ef0
vm-test-run-thp-madv-remove-test> machine # [   41.701877] Call Trace:
vm-test-run-thp-madv-remove-test> machine # [   41.702589]  <TASK>
vm-test-run-thp-madv-remove-test> machine # [   41.703285]  ? __pfx_autoremove_wake_function+0x10/0x10
vm-test-run-thp-madv-remove-test> machine # [   41.704503]  drm_atomic_helper_commit_tail+0xa8/0xc0
vm-test-run-thp-madv-remove-test> machine # [   41.705630]  commit_tail+0x10e/0x160
vm-test-run-thp-madv-remove-test> machine # [   41.706554]  drm_atomic_helper_commit+0x13c/0x180
vm-test-run-thp-madv-remove-test> machine # [   41.707637]  drm_atomic_commit+0xb1/0xe0
vm-test-run-thp-madv-remove-test> machine # [   41.708591]  ? __pfx___drm_printfn_info+0x10/0x10
vm-test-run-thp-madv-remove-test> machine # [   41.709662]  drm_atomic_helper_dirtyfb+0x23d/0x310
vm-test-run-thp-madv-remove-test> machine # [   41.710821]  drm_fbdev_shmem_helper_fb_dirty+0x4d/0xb0
vm-test-run-thp-madv-remove-test> machine # [   41.712050]  drm_fb_helper_damage_work+0xe9/0x1a0
vm-test-run-thp-madv-remove-test> machine # [   41.713149]  process_one_work+0x18e/0x390
vm-test-run-thp-madv-remove-test> machine # [   41.714201]  worker_thread+0x165/0x2d0
vm-test-run-thp-madv-remove-test> machine # [   41.715162]  ? __pfx_worker_thread+0x10/0x10
vm-test-run-thp-madv-remove-test> machine # [   41.716270]  kthread+0xe2/0x110
vm-test-run-thp-madv-remove-test> machine # [   41.717152]  ? __pfx_kthread+0x10/0x10
vm-test-run-thp-madv-remove-test> machine # [   41.718126]  ret_from_fork+0x2c6/0x350
vm-test-run-thp-madv-remove-test> machine # [   41.719089]  ? __pfx_kthread+0x10/0x10
vm-test-run-thp-madv-remove-test> machine # [   41.720096]  ret_from_fork_asm+0x1a/0x30
vm-test-run-thp-madv-remove-test> machine # [   41.721136]  </TASK>
vm-test-run-thp-madv-remove-test> machine # [   41.721825] ---[ end trace 0000000000000000 ]---
vm-test-run-thp-madv-remove-test> machine # [   42.242189] systemd[1]: Started Name Service Cache Daemon (nsncd).
vm-test-run-thp-madv-remove-test> machine # [   42.242906] systemd[1]: linger-users.service: Deactivated successfully.
vm-test-run-thp-madv-remove-test> machine # [   42.243140] systemd[1]: Finished linger-users.service.
vm-test-run-thp-madv-remove-test> machine # [   42.243357] systemd[1]: Reached target Host and Network Name Lookups.
vm-test-run-thp-madv-remove-test> machine # [   42.243551] systemd[1]: Reached target User and Group Name Lookups.
vm-test-run-thp-madv-remove-test> machine # [   42.580884] ------------[ cut here ]------------
vm-test-run-thp-madv-remove-test> machine # [   42.584355] [CRTC:35:crtc-0] vblank wait timed out
vm-test-run-thp-madv-remove-test> machine # [   42.587372] WARNING: drivers/gpu/drm/drm_atomic_helper.c:1921 at drm_atomic_helper_wait_for_vblanks.part.0+0x206/0x220, CPU#3: kworker/3:1/136
vm-test-run-thp-madv-remove-test> machine # [   42.592037] Modules linked in: irqbypass ghash_clmulni_intel evdev aesni_intel xt_conntrack nf_conntrack nf_defrag_ipv6 nf_defrag_ipv4 vga16fb joydev psmouse vgastate input_leds virtio_input parport_pc led_class ip6t_rpfilter mousedev i2c_piix4 tiny_power_button ata_generic intel_agp i2c_smbus floppy bochs rtc_cmos mac_hid pata_acpi parport button serio_raw intel_gtt ipt_rpfilter xt_pkttype xt_LOG nf_log_syslog xt_tcpudp nft_compat x_tables nf_tables sch_fq_codel fuse configfs loop efi_pstore nfnetlink dmi_sysfs qemu_fw_cfg autofs4 overlay 9p ext4 crc16 mbcache jbd2 9pnet_virtio hid_generic 9pnet sr_mod cdrom usbhid virtio_net atkbd netfs hid net_failover ata_piix libps2 virtio_blk failover vivaldi_fmap libata scsi_mod uhci_hcd i8042 virtio_pci virtio_pci_legacy_dev serio ehci_hcd scsi_common virtio_pci_modern_dev virtio_rng rng_core virtio_gpu virtio_dma_buf virtio_console virtio_balloon virtio virtio_ring dm_mod dax
vm-test-run-thp-madv-remove-test> machine # [   42.610693] CPU: 3 UID: 0 PID: 136 Comm: kworker/3:1 Tainted: G        W           7.0.0-rc1 #1-NixOS PREEMPT(lazy)
vm-test-run-thp-madv-remove-test> machine # [   42.612834] Tainted: [W]=WARN
vm-test-run-thp-madv-remove-test> machine # [   42.613607] Hardware name: QEMU Standard PC (i440FX + PIIX, 1996), BIOS rel-1.17.0-0-gb52ca86e094d-prebuilt.qemu.org 04/01/2014
vm-test-run-thp-madv-remove-test> machine # [   42.615915] Workqueue: events drm_fb_helper_damage_work
vm-test-run-thp-madv-remove-test> machine # [   42.617217] RIP: 0010:drm_atomic_helper_wait_for_vblanks.part.0+0x20e/0x220
vm-test-run-thp-madv-remove-test> machine # [   42.618783] Code: 84 c0 74 82 48 8b 3c 24 48 8d 74 24 10 e8 da d9 70 ff 45 85 e4 0f 85 eb fe ff ff 48 8d 3d aa 35 65 01 49 8b 56 20 41 8b 76 60 <67> 48 0f b9 3a e9 d2 fe ff ff e8 d3 43 43 00 0f 1f 00 90 90 90 90
vm-test-run-thp-madv-remove-test> machine # [   42.622694] RSP: 0018:ffffd3aac04ffc38 EFLAGS: 00010246
vm-test-run-thp-madv-remove-test> machine # [   42.623957] RAX: 0000000000000001 RBX: 0000000000000000 RCX: ffff8ee082b83838
vm-test-run-thp-madv-remove-test> machine # [   42.625473] RDX: ffff8ee0816858f0 RSI: 0000000000000023 RDI: ffffffff83af9730
vm-test-run-thp-madv-remove-test> machine # [   42.627009] RBP: 0000000000000000 R08: 00000009ea0488eb R09: 0000000000000001
vm-test-run-thp-madv-remove-test> machine # [   42.628521] R10: ffff8ee082a9b900 R11: 0000000000000000 R12: 0000000000000000
vm-test-run-thp-madv-remove-test> machine # [   42.630045] R13: 0000000000000001 R14: ffff8ee08dc04bc8 R15: ffff8ee08e64ce00
vm-test-run-thp-madv-remove-test> machine # [   42.631549] FS:  0000000000000000(0000) GS:ffff8ee13986c000(0000) knlGS:0000000000000000
vm-test-run-thp-madv-remove-test> machine # [   42.633196] CS:  0010 DS: 0000 ES: 0000 CR0: 0000000080050033
vm-test-run-thp-madv-remove-test> machine # [   42.634603] CR2: 00007f530ed75cb8 CR3: 000000000d285000 CR4: 0000000000350ef0
vm-test-run-thp-madv-remove-test> machine # [   42.636388] Call Trace:
vm-test-run-thp-madv-remove-test> machine # [   42.637215]  <TASK>
vm-test-run-thp-madv-remove-test> machine # [   42.637982]  ? __pfx_autoremove_wake_function+0x10/0x10
vm-test-run-thp-madv-remove-test> machine # [   42.639302]  drm_atomic_helper_commit_tail+0xa8/0xc0
vm-test-run-thp-madv-remove-test> machine # [   42.640588]  commit_tail+0x10e/0x160
vm-test-run-thp-madv-remove-test> machine # [   42.641553]  drm_atomic_helper_commit+0x13c/0x180
vm-test-run-thp-madv-remove-test> machine # [   42.642798]  drm_atomic_commit+0xb1/0xe0
vm-test-run-thp-madv-remove-test> machine # [   42.643889]  ? __pfx___drm_printfn_info+0x10/0x10
vm-test-run-thp-madv-remove-test> machine # [   42.645097]  drm_atomic_helper_dirtyfb+0x23d/0x310
vm-test-run-thp-madv-remove-test> machine # [   42.646361]  drm_fbdev_shmem_helper_fb_dirty+0x4d/0xb0
vm-test-run-thp-madv-remove-test> machine # [   42.647627]  drm_fb_helper_damage_work+0xe9/0x1a0
vm-test-run-thp-madv-remove-test> machine # [   42.648842]  process_one_work+0x18e/0x390
vm-test-run-thp-madv-remove-test> machine # [   42.649931]  worker_thread+0x165/0x2d0
vm-test-run-thp-madv-remove-test> machine # [   42.650965]  ? __pfx_worker_thread+0x10/0x10
vm-test-run-thp-madv-remove-test> machine # [   42.652111]  kthread+0xe2/0x110
vm-test-run-thp-madv-remove-test> machine # [   42.653076]  ? __pfx_kthread+0x10/0x10
vm-test-run-thp-madv-remove-test> machine # [   42.654335]  ret_from_fork+0x2c6/0x350
vm-test-run-thp-madv-remove-test> machine # [   42.655508]  ? __pfx_kthread+0x10/0x10
vm-test-run-thp-madv-remove-test> machine # [   42.656509]  ret_from_fork_asm+0x1a/0x30
vm-test-run-thp-madv-remove-test> machine # [   42.657545]  </TASK>
vm-test-run-thp-madv-remove-test> machine # [   42.658312] ---[ end trace 0000000000000000 ]---
vm-test-run-thp-madv-remove-test> machine # [   43.660889] ------------[ cut here ]------------
vm-test-run-thp-madv-remove-test> machine # [   43.663583] bochs-drm 0000:00:02.0: [drm] vblank wait timed out on crtc 0
vm-test-run-thp-madv-remove-test> machine # [   43.665579] WARNING: drivers/gpu/drm/drm_vblank.c:1320 at drm_crtc_wait_one_vblank+0x179/0x1e0, CPU#3: kworker/3:1/136
vm-test-run-thp-madv-remove-test> machine # [   43.668513] Modules linked in: irqbypass ghash_clmulni_intel evdev aesni_intel xt_conntrack nf_conntrack nf_defrag_ipv6 nf_defrag_ipv4 vga16fb joydev psmouse vgastate input_leds virtio_input parport_pc led_class ip6t_rpfilter mousedev i2c_piix4 tiny_power_button ata_generic intel_agp i2c_smbus floppy bochs rtc_cmos mac_hid pata_acpi parport button serio_raw intel_gtt ipt_rpfilter xt_pkttype xt_LOG nf_log_syslog xt_tcpudp nft_compat x_tables nf_tables sch_fq_codel fuse configfs loop efi_pstore nfnetlink dmi_sysfs qemu_fw_cfg autofs4 overlay 9p ext4 crc16 mbcache jbd2 9pnet_virtio hid_generic 9pnet sr_mod cdrom usbhid virtio_net atkbd netfs hid net_failover ata_piix libps2 virtio_blk failover vivaldi_fmap libata scsi_mod uhci_hcd i8042 virtio_pci virtio_pci_legacy_dev serio ehci_hcd scsi_common virtio_pci_modern_dev virtio_rng rng_core virtio_gpu virtio_dma_buf virtio_console virtio_balloon virtio virtio_ring dm_mod dax
vm-test-run-thp-madv-remove-test> machine # [   43.690457] CPU: 3 UID: 0 PID: 136 Comm: kworker/3:1 Tainted: G        W           7.0.0-rc1 #1-NixOS PREEMPT(lazy)
vm-test-run-thp-madv-remove-test> machine # [   43.693147] Tainted: [W]=WARN
vm-test-run-thp-madv-remove-test> machine # [   43.694143] Hardware name: QEMU Standard PC (i440FX + PIIX, 1996), BIOS rel-1.17.0-0-gb52ca86e094d-prebuilt.qemu.org 04/01/2014
vm-test-run-thp-madv-remove-test> machine # [   43.696972] Workqueue: events drm_fb_helper_damage_work
vm-test-run-thp-madv-remove-test> machine # [   43.698507] RIP: 0010:drm_crtc_wait_one_vblank+0x182/0x1e0
vm-test-run-thp-madv-remove-test> machine # [   43.700064] Code: 48 85 db 74 7a 48 8b 7b 08 48 8b 6f 50 48 85 ed 75 03 48 8b 2f e8 be 29 03 00 48 8d 3d 97 70 66 01 44 89 e1 48 89 ea 48 89 c6 <67> 48 0f b9 3a 44 89 e6 48 89 df 41 bd 92 ff ff ff e8 08 fd ff ff
vm-test-run-thp-madv-remove-test> machine # [   43.704694] RSP: 0018:ffffd3aac04ffdb0 EFLAGS: 00010282
vm-test-run-thp-madv-remove-test> machine # [   43.706314] RAX: ffffffffc0d54090 RBX: ffff8ee08dc04000 RCX: 0000000000000000
vm-test-run-thp-madv-remove-test> machine # [   43.708293] RDX: ffff8ee0836ff740 RSI: ffffffffc0d54090 RDI: ffffffff83af92a0
vm-test-run-thp-madv-remove-test> machine # [   43.710376] RBP: ffff8ee0836ff740 R08: 0000000a2a63d699 R09: 0000000000000001
vm-test-run-thp-madv-remove-test> machine # [   43.712253] R10: ffff8ee082a9b900 R11: 0000000000000000 R12: 0000000000000000
vm-test-run-thp-madv-remove-test> machine # [   43.714112] R13: 0000000000000000 R14: ffff8ee082b83830 R15: 0000000000000201
vm-test-run-thp-madv-remove-test> machine # [   43.715966] FS:  0000000000000000(0000) GS:ffff8ee13986c000(0000) knlGS:0000000000000000
vm-test-run-thp-madv-remove-test> machine # [   43.717967] CS:  0010 DS: 0000 ES: 0000 CR0: 0000000080050033
vm-test-run-thp-madv-remove-test> machine # [   43.719358] CR2: 00007f530ed75cb8 CR3: 000000000d285000 CR4: 0000000000350ef0
vm-test-run-thp-madv-remove-test> machine # [   43.721302] Call Trace:
vm-test-run-thp-madv-remove-test> machine # [   43.722239]  <TASK>
vm-test-run-thp-madv-remove-test> machine # [   43.723160]  ? __pfx_autoremove_wake_function+0x10/0x10
vm-test-run-thp-madv-remove-test> machine # [   43.724754]  drm_client_modeset_wait_for_vblank+0x5b/0x70
vm-test-run-thp-madv-remove-test> machine # [   43.726257]  drm_fb_helper_damage_work+0x7e/0x1a0
vm-test-run-thp-madv-remove-test> machine # [   43.727625]  process_one_work+0x18e/0x390
vm-test-run-thp-madv-remove-test> machine # [   43.728787]  worker_thread+0x165/0x2d0
vm-test-run-thp-madv-remove-test> machine # [   43.729909]  ? __pfx_worker_thread+0x10/0x10
vm-test-run-thp-madv-remove-test> machine # [   43.731251]  kthread+0xe2/0x110
vm-test-run-thp-madv-remove-test> machine # [   43.732243]  ? __pfx_kthread+0x10/0x10
vm-test-run-thp-madv-remove-test> machine # [   43.733323]  ret_from_fork+0x2c6/0x350
vm-test-run-thp-madv-remove-test> machine # [   43.734389]  ? __pfx_kthread+0x10/0x10
vm-test-run-thp-madv-remove-test> machine # [   43.735459]  ret_from_fork_asm+0x1a/0x30
vm-test-run-thp-madv-remove-test> machine # [   43.736562]  </TASK>
vm-test-run-thp-madv-remove-test> machine # [   43.737371] ---[ end trace 0000000000000000 ]---
vm-test-run-thp-madv-remove-test> machine # [   45.964855] ------------[ cut here ]------------
vm-test-run-thp-madv-remove-test> machine # [   45.967777] [CRTC:35:crtc-0] vblank wait timed out
vm-test-run-thp-madv-remove-test> machine # [   45.970308] WARNING: drivers/gpu/drm/drm_atomic_helper.c:1921 at drm_atomic_helper_wait_for_vblanks.part.0+0x206/0x220, CPU#3: kworker/3:1/136
vm-test-run-thp-madv-remove-test> machine # [   45.974213] Modules linked in: irqbypass ghash_clmulni_intel evdev aesni_intel xt_conntrack nf_conntrack nf_defrag_ipv6 nf_defrag_ipv4 vga16fb joydev psmouse vgastate input_leds virtio_input parport_pc led_class ip6t_rpfilter mousedev i2c_piix4 tiny_power_button ata_generic intel_agp i2c_smbus floppy bochs rtc_cmos mac_hid pata_acpi parport button serio_raw intel_gtt ipt_rpfilter xt_pkttype xt_LOG nf_log_syslog xt_tcpudp nft_compat x_tables nf_tables sch_fq_codel fuse configfs loop efi_pstore nfnetlink dmi_sysfs qemu_fw_cfg autofs4 overlay 9p ext4 crc16 mbcache jbd2 9pnet_virtio hid_generic 9pnet sr_mod cdrom usbhid virtio_net atkbd netfs hid net_failover ata_piix libps2 virtio_blk failover vivaldi_fmap libata scsi_mod uhci_hcd i8042 virtio_pci virtio_pci_legacy_dev serio ehci_hcd scsi_common virtio_pci_modern_dev virtio_rng rng_core virtio_gpu virtio_dma_buf virtio_console virtio_balloon virtio virtio_ring dm_mod dax
vm-test-run-thp-madv-remove-test> machine # [   45.993521] CPU: 3 UID: 0 PID: 136 Comm: kworker/3:1 Tainted: G        W           7.0.0-rc1 #1-NixOS PREEMPT(lazy)
vm-test-run-thp-madv-remove-test> machine # [   45.995956] Tainted: [W]=WARN
vm-test-run-thp-madv-remove-test> machine # [   45.996931] Hardware name: QEMU Standard PC (i440FX + PIIX, 1996), BIOS rel-1.17.0-0-gb52ca86e094d-prebuilt.qemu.org 04/01/2014
vm-test-run-thp-madv-remove-test> machine # [   45.999519] Workqueue: events drm_fb_helper_damage_work
vm-test-run-thp-madv-remove-test> machine # [   46.000877] RIP: 0010:drm_atomic_helper_wait_for_vblanks.part.0+0x20e/0x220
vm-test-run-thp-madv-remove-test> machine # [   46.002549] Code: 84 c0 74 82 48 8b 3c 24 48 8d 74 24 10 e8 da d9 70 ff 45 85 e4 0f 85 eb fe ff ff 48 8d 3d aa 35 65 01 49 8b 56 20 41 8b 76 60 <67> 48 0f b9 3a e9 d2 fe ff ff e8 d3 43 43 00 0f 1f 00 90 90 90 90
vm-test-run-thp-madv-remove-test> machine # [   46.006876] RSP: 0018:ffffd3aac04ffc38 EFLAGS: 00010246
vm-test-run-thp-madv-remove-test> machine # [   46.008193] RAX: 0000000000000001 RBX: 0000000000000000 RCX: ffff8ee082b83838
vm-test-run-thp-madv-remove-test> machine # [   46.009941] RDX: ffff8ee0816858f0 RSI: 0000000000000023 RDI: ffffffff83af9730
vm-test-run-thp-madv-remove-test> machine # [   46.011617] RBP: 0000000000000000 R08: 0000000ab3b7a198 R09: 0000000000000001
vm-test-run-thp-madv-remove-test> machine # [   46.013423] R10: ffff8ee082a9b900 R11: 0000000000000000 R12: 0000000000000000
vm-test-run-thp-madv-remove-test> machine # [   46.015404] R13: 0000000000000001 R14: ffff8ee08dc04bc8 R15: ffff8ee08e64ce00
vm-test-run-thp-madv-remove-test> machine # [   46.017353] FS:  0000000000000000(0000) GS:ffff8ee13986c000(0000) knlGS:0000000000000000
vm-test-run-thp-madv-remove-test> machine # [   46.019484] CS:  0010 DS: 0000 ES: 0000 CR0: 0000000080050033
vm-test-run-thp-madv-remove-test> machine # [   46.021153] CR2: 00007f530ed75cb8 CR3: 000000000d285000 CR4: 0000000000350ef0
vm-test-run-thp-madv-remove-test> machine # [   46.023172] Call Trace:
vm-test-run-thp-madv-remove-test> machine # [   46.024163]  <TASK>
vm-test-run-thp-madv-remove-test> machine # [   46.025076]  ? __pfx_autoremove_wake_function+0x10/0x10
vm-test-run-thp-madv-remove-test> machine # [   46.026698]  drm_atomic_helper_commit_tail+0xa8/0xc0
vm-test-run-thp-madv-remove-test> machine # [   46.028250]  commit_tail+0x10e/0x160
vm-test-run-thp-madv-remove-test> machine # [   46.029554]  drm_atomic_helper_commit+0x13c/0x180
vm-test-run-thp-madv-remove-test> machine # [   46.031531]  drm_atomic_commit+0xb1/0xe0
vm-test-run-thp-madv-remove-test> machine # [   46.033977]  ? __pfx___drm_printfn_info+0x10/0x10
vm-test-run-thp-madv-remove-test> machine # [   46.036532]  drm_atomic_helper_dirtyfb+0x23d/0x310
vm-test-run-thp-madv-remove-test> machine # [   46.039259]  drm_fbdev_shmem_helper_fb_dirty+0x4d/0xb0
vm-test-run-thp-madv-remove-test> machine # [   46.041498]  drm_fb_helper_damage_work+0xe9/0x1a0
vm-test-run-thp-madv-remove-test> machine # [   46.043099]  process_one_work+0x18e/0x390
vm-test-run-thp-madv-remove-test> machine # [   46.044448]  worker_thread+0x165/0x2d0
vm-test-run-thp-madv-remove-test> machine # [   46.045715]  ? __pfx_worker_thread+0x10/0x10
vm-test-run-thp-madv-remove-test> machine # [   46.047162]  kthread+0xe2/0x110
vm-test-run-thp-madv-remove-test> machine # [   46.048299]  ? __pfx_kthread+0x10/0x10
vm-test-run-thp-madv-remove-test> machine # [   46.049535]  ret_from_fork+0x2c6/0x350
vm-test-run-thp-madv-remove-test> machine # [   46.050889]  ? __pfx_kthread+0x10/0x10
vm-test-run-thp-madv-remove-test> machine # [   46.052161]  ret_from_fork_asm+0x1a/0x30
