Machine state will be reset. To keep it, pass --keep-vm-state
start all VLans
start vlan
running vlan (pid 6; ctl /build/vde1.ctl)
(finished: start all VLans, in 0.00 seconds)
Test will time out and terminate in 3600 seconds
run the VM test script
additionally exposed symbols:
    machine,
    vlan1,
    start_all, test_script, machines, vlans, driver, log, os, create_machine, subtest, run_tests, join_all, retry, serial_stdout_off, serial_stdout_on, polling_condition, Machine
machine: waiting for unit multi-user.target
machine: waiting for the VM to finish booting
machine: starting vm
mke2fs 1.47.0 (5-Feb-2023)
machine: QEMU running (pid 8)
machine # Disk image do not exist, creating the virtualisation disk image...
machine # Formatting '/build/vm-state-machine/tmp.Yxc0leNJKi', fmt=raw size=1073741824
machine # Discarding device blocks:      0/26214            done
machine # Creating filesystem with 262144 4k blocks and 65536 inodes
machine # Filesystem UUID: 7fffa670-f6ac-448c-bac0-414ae80d80e6
machine # Superblock backups stored on blocks:
machine # 	32768, 98304, 163840, 229376
machine # 
machine # Allocating group tables: 0/  done
machine # Writing inode tables: 0/  done
machine # Creating journal (8192 blocks): done
machine # Writing superblocks and filesystem accounting information: 0/  done
machine # 
machine # Virtualisation disk image created.
machine # cSeaBIOS (version rel-1.16.3-0-ga6ed6b701f0a-prebuilt.qemu.org)
machine # 
machine # 
machine # iPXE (http://ipxe.org) 00:03.0 CA00 PCI2.10 PnP PMM+3EFD0AF0+3EF30AF0 CA00
machine # Press Ctrl-B to configure iPXE (PCI 00:03.0)...
machine # 
machine # 
machine # 
machine # 
machine # iPXE (http://ipxe.org) 00:09.0 CB00 PCI2.10 PnP PMM 3EFD0AF0 3EF30AF0 CB00
machine # Press Ctrl-B to configure iPXE (PCI 00:09.0)...
machine # 
machine # 
machine # Booting from ROM...
machine # Probing EDD (edd=off to disable)... ock[    0.000000] Linux version 6.14.0-rc6 (nixbld@localhost) (gcc (GCC) 13.2.0, GNU ld (GNU Binutils) 2.41) #1-NixOS SMP PREEMPT_DYNAMIC Tue Jan  1 00:00:00 UTC 1980
machine # [    0.000000] Command line: console=ttyS0 panic=1 boot.panic_on_fail clocksource=acpi_pm loglevel=7 net.ifnames=0 init=/nix/store/021h7zb7g25rggmdba9z7xq2lzdn3slg-nixos-system-machine-test/init regInfo=/nix/store/kkdyjs81svnrdm64pa401kawf9r27nbk-closure-info/registration console=ttyS0
machine # [    0.000000] BIOS-provided physical RAM map:
machine # [    0.000000] BIOS-e820: [mem 0x0000000000000000-0x000000000009fbff] usable
machine # [    0.000000] BIOS-e820: [mem 0x000000000009fc00-0x000000000009ffff] reserved
machine # [    0.000000] BIOS-e820: [mem 0x00000000000f0000-0x00000000000fffff] reserved
machine # [    0.000000] BIOS-e820: [mem 0x0000000000100000-0x000000003ffdafff] usable
machine # [    0.000000] BIOS-e820: [mem 0x000000003ffdb000-0x000000003fffffff] reserved
machine # [    0.000000] BIOS-e820: [mem 0x00000000feffc000-0x00000000feffffff] reserved
machine # [    0.000000] BIOS-e820: [mem 0x00000000fffc0000-0x00000000ffffffff] reserved
machine # [    0.000000] BIOS-e820: [mem 0x000000fd00000000-0x000000ffffffffff] reserved
machine # [    0.000000] NX (Execute Disable) protection: active
machine # [    0.000000] APIC: Static calls initialized
machine # [    0.000000] SMBIOS 3.0.0 present.
machine # [    0.000000] DMI: QEMU Standard PC (i440FX + PIIX, 1996), BIOS rel-1.16.3-0-ga6ed6b701f0a-prebuilt.qemu.org 04/01/2014
machine # [    0.000000] DMI: Memory slots populated: 1/1
machine # [    0.000000] Hypervisor detected: KVM
machine # [    0.000000] kvm-clock: Using msrs 4b564d01 and 4b564d00
machine # [    0.000000] kvm-clock: using sched offset of 422419948 cycles
machine # [    0.000002] clocksource: kvm-clock: mask: 0xffffffffffffffff max_cycles: 0x1cd42e4dffb, max_idle_ns: 881590591483 ns
machine # [    0.000005] tsc: Detected 3000.004 MHz processor
machine # [    0.000984] last_pfn = 0x3ffdb max_arch_pfn = 0x400000000
machine # [    0.001027] MTRR map: 4 entries (3 fixed + 1 variable; max 19), built from 8 variable MTRRs
machine # [    0.001030] x86/PAT: Configuration [0-7]: WB  WC  UC- UC  WB  WP  UC- WT
machine # [    0.003547] found SMP MP-table at [mem 0x000f5430-0x000f543f]
machine # [    0.003560] Using GB pages for direct mapping
machine # [    0.003709] RAMDISK: [mem 0x3f469000-0x3ffcffff]
machine # [    0.003716] ACPI: Early table checksum verification disabled
machine # [    0.003720] ACPI: RSDP 0x00000000000F5250 000014 (v00 BOCHS )
machine # [    0.003726] ACPI: RSDT 0x000000003FFE1DFB 000034 (v01 BOCHS  BXPC     00000001 BXPC 00000001)
machine # [    0.003731] ACPI: FACP 0x000000003FFE1C97 000074 (v01 BOCHS  BXPC     00000001 BXPC 00000001)
machine # [    0.003736] ACPI: DSDT 0x000000003FFE0040 001C57 (v01 BOCHS  BXPC     00000001 BXPC 00000001)
machine # [    0.003738] ACPI: FACS 0x000000003FFE0000 000040
machine # [    0.003740] ACPI: APIC 0x000000003FFE1D0B 000090 (v03 BOCHS  BXPC     00000001 BXPC 00000001)
machine # [    0.003742] ACPI: HPET 0x000000003FFE1D9B 000038 (v01 BOCHS  BXPC     00000001 BXPC 00000001)
machine # [    0.003744] ACPI: WAET 0x000000003FFE1DD3 000028 (v01 BOCHS  BXPC     00000001 BXPC 00000001)
machine # [    0.003746] ACPI: Reserving FACP table memory at [mem 0x3ffe1c97-0x3ffe1d0a]
machine # [    0.003747] ACPI: Reserving DSDT table memory at [mem 0x3ffe0040-0x3ffe1c96]
machine # [    0.003748] ACPI: Reserving FACS table memory at [mem 0x3ffe0000-0x3ffe003f]
machine # [    0.003749] ACPI: Reserving APIC table memory at [mem 0x3ffe1d0b-0x3ffe1d9a]
machine # [    0.003750] ACPI: Reserving HPET table memory at [mem 0x3ffe1d9b-0x3ffe1dd2]
machine # [    0.003750] ACPI: Reserving WAET table memory at [mem 0x3ffe1dd3-0x3ffe1dfa]
machine # [    0.004070] No NUMA configuration found
machine # [    0.004071] Faking a node at [mem 0x0000000000000000-0x000000003ffdafff]
machine # [    0.004074] NODE_DATA(0) allocated [mem 0x3ffd5ac0-0x3ffdafff]
machine # [    0.004092] Zone ranges:
machine # [    0.004093]   DMA      [mem 0x0000000000001000-0x0000000000ffffff]
machine # [    0.004094]   DMA32    [mem 0x0000000001000000-0x000000003ffdafff]
machine # [    0.004095]   Normal   empty
machine # [    0.004096]   Device   empty
machine # [    0.004097] Movable zone start for each node
machine # [    0.004099] Early memory node ranges
machine # [    0.004099]   node   0: [mem 0x0000000000001000-0x000000000009efff]
machine # [    0.004101]   node   0: [mem 0x0000000000100000-0x000000003ffdafff]
machine # [    0.004102] Initmem setup node 0 [mem 0x0000000000001000-0x000000003ffdafff]
machine # [    0.004437] On node 0, zone DMA: 1 pages in unavailable ranges
machine # [    0.004451] On node 0, zone DMA: 97 pages in unavailable ranges
machine # [    0.007235] On node 0, zone DMA32: 37 pages in unavailable ranges
machine # [    0.007881] ACPI: PM-Timer IO Port: 0x608
machine # [    0.007896] ACPI: LAPIC_NMI (acpi_id[0xff] dfl dfl lint[0x1])
machine # [    0.007936] IOAPIC[0]: apic_id 0, version 17, address 0xfec00000, GSI 0-23
machine # [    0.007939] ACPI: INT_SRC_OVR (bus 0 bus_irq 0 global_irq 2 dfl dfl)
machine # [    0.007941] ACPI: INT_SRC_OVR (bus 0 bus_irq 5 global_irq 5 high level)
machine # [    0.007942] ACPI: INT_SRC_OVR (bus 0 bus_irq 9 global_irq 9 high level)
machine # [    0.007944] ACPI: INT_SRC_OVR (bus 0 bus_irq 10 global_irq 10 high level)
machine # [    0.007945] ACPI: INT_SRC_OVR (bus 0 bus_irq 11 global_irq 11 high level)
machine # [    0.007948] ACPI: Using ACPI (MADT) for SMP configuration information
machine # [    0.007949] ACPI: HPET id: 0x8086a201 base: 0xfed00000
machine # [    0.007953] TSC deadline timer available
machine # [    0.007959] CPU topo: Max. logical packages:   1
machine # [    0.007960] CPU topo: Max. logical dies:       1
machine # [    0.007961] CPU topo: Max. dies per package:   1
machine # [    0.007966] CPU topo: Max. threads per core:   1
machine # [    0.007967] CPU topo: Num. cores per package:     4
machine # [    0.007967] CPU topo: Num. threads per package:   4
machine # [    0.007968] CPU topo: Allowing 4 present CPUs plus 0 hotplug CPUs
machine # [    0.007992] kvm-guest: APIC: eoi() replaced with kvm_guest_apic_eoi_write()
machine # [    0.008016] kvm-guest: KVM setup pv remote TLB flush
machine # [    0.008020] kvm-guest: setup PV sched yield
machine # [    0.008030] PM: hibernation: Registered nosave memory: [mem 0x00000000-0x00000fff]
machine # [    0.008031] PM: hibernation: Registered nosave memory: [mem 0x0009f000-0x0009ffff]
machine # [    0.008032] PM: hibernation: Registered nosave memory: [mem 0x000a0000-0x000effff]
machine # [    0.008033] PM: hibernation: Registered nosave memory: [mem 0x000f0000-0x000fffff]
machine # [    0.008035] [mem 0x40000000-0xfeffbfff] available for PCI devices
machine # [    0.008036] Booting paravirtualized kernel on KVM
machine # [    0.008038] clocksource: refined-jiffies: mask: 0xffffffff max_cycles: 0xffffffff, max_idle_ns: 1910969940391419 ns
machine # [    0.012972] setup_percpu: NR_CPUS:384 nr_cpumask_bits:4 nr_cpu_ids:4 nr_node_ids:1
machine # [    0.013431] percpu: Embedded 87 pages/cpu s233472 r8192 d114688 u524288
machine # [    0.013488] kvm-guest: PV spinlocks enabled
machine # [    0.013491] PV qspinlock hash table entries: 256 (order: 0, 4096 bytes, linear)
machine # [    0.013494] Kernel command line: console=ttyS0 panic=1 boot.panic_on_fail clocksource=acpi_pm loglevel=7 net.ifnames=0 init=/nix/store/021h7zb7g25rggmdba9z7xq2lzdn3slg-nixos-system-machine-test/init regInfo=/nix/store/kkdyjs81svnrdm64pa401kawf9r27nbk-closure-info/registration console=ttyS0
machine # [    0.013608] Unknown kernel command line parameters "regInfo=/nix/store/kkdyjs81svnrdm64pa401kawf9r27nbk-closure-info/registration", will be passed to user space.
machine # [    0.013633] random: crng init done
machine # [    0.013634] printk: log buffer data + meta data: 262144 + 917504 = 1179648 bytes
machine # [    0.013984] Dentry cache hash table entries: 131072 (order: 8, 1048576 bytes, linear)
machine # [    0.014008] Inode-cache hash table entries: 65536 (order: 7, 524288 bytes, linear)
machine # [    0.014059] Fallback order for Node 0: 0
machine # [    0.014062] Built 1 zonelists, mobility grouping on.  Total pages: 262009
machine # [    0.014063] Policy zone: DMA32
machine # [    0.014494] mem auto-init: stack:all(zero), heap alloc:off, heap free:off
machine # [    0.017649] SLUB: HWalign=64, Order=0-3, MinObjects=0, CPUs=4, Nodes=1
machine # [    0.017687] ftrace: allocating 45416 entries in 178 pages
machine # [    0.038975] ftrace: allocated 178 pages with 4 groups
machine # [    0.039870] Dynamic Preempt: voluntary
machine # [    0.040231] rcu: Preemptible hierarchical RCU implementation.
machine # [    0.040232] rcu: 	RCU event tracing is enabled.
machine # [    0.040232] rcu: 	RCU restricting CPUs from NR_CPUS=384 to nr_cpu_ids=4.
machine # [    0.040234] 	Trampoline variant of Tasks RCU enabled.
machine # [    0.040234] 	Rude variant of Tasks RCU enabled.
machine # [    0.040235] 	Tracing variant of Tasks RCU enabled.
machine # [    0.040235] rcu: RCU calculated value of scheduler-enlistment delay is 100 jiffies.
machine # [    0.040236] rcu: Adjusting geometry for rcu_fanout_leaf=16, nr_cpu_ids=4
machine # [    0.040243] RCU Tasks: Setting shift to 2 and lim to 1 rcu_task_cb_adjust=1 rcu_task_cpu_ids=4.
machine # [    0.040245] RCU Tasks Rude: Setting shift to 2 and lim to 1 rcu_task_cb_adjust=1 rcu_task_cpu_ids=4.
machine # [    0.040246] RCU Tasks Trace: Setting shift to 2 and lim to 1 rcu_task_cb_adjust=1 rcu_task_cpu_ids=4.
machine # [    0.043856] NR_IRQS: 24832, nr_irqs: 456, preallocated irqs: 16
machine # [    0.044091] rcu: srcu_init: Setting srcu_struct sizes based on contention.
machine # [    0.044237] kfence: initialized - using 2097152 bytes for 255 objects at 0x(____ptrval____)-0x(____ptrval____)
machine # [    0.049516] Console: colour VGA+ 80x25
machine # [    0.049576] printk: legacy console [ttyS0] enabled
machine # [    0.204236] ACPI: Core revision 20240827
machine # [    0.205171] clocksource: hpet: mask: 0xffffffff max_cycles: 0xffffffff, max_idle_ns: 19112604467 ns
machine # [    0.207094] APIC: Switch to symmetric I/O mode setup
machine # [    0.208374] x2apic enabled
machine # [    0.209263] APIC: Switched APIC routing to: physical x2apic
machine # [    0.210397] kvm-guest: APIC: send_IPI_mask() replaced with kvm_send_ipi_mask()
machine # [    0.211851] kvm-guest: APIC: send_IPI_mask_allbutself() replaced with kvm_send_ipi_mask_allbutself()
machine # [    0.213656] kvm-guest: setup PV IPIs
machine # [    0.215661] ..TIMER: vector=0x30 apic1=0 pin1=2 apic2=-1 pin2=-1
machine # [    0.216878] clocksource: tsc-early: mask: 0xffffffffffffffff max_cycles: 0x2b3e4942f25, max_idle_ns: 440795326592 ns
machine # [    0.218992] Calibrating delay loop (skipped) preset value.. 6000.00 BogoMIPS (lpj=3000004)
machine # [    0.220091] x86/cpu: User Mode Instruction Prevention (UMIP) activated
machine # [    0.222038] Last level iTLB entries: 4KB 512, 2MB 255, 4MB 127
machine # [    0.222991] Last level dTLB entries: 4KB 512, 2MB 255, 4MB 127, 1GB 0
machine # [    0.223998] Spectre V1 : Mitigation: usercopy/swapgs barriers and __user pointer sanitization
machine # [    0.224993] Spectre V2 : Mitigation: Retpolines
machine # [    0.225991] Spectre V2 : Spectre v2 / SpectreRSB mitigation: Filling RSB on context switch
machine # [    0.226991] Spectre V2 : Spectre v2 / SpectreRSB : Filling RSB on VMEXIT
machine # [    0.227991] Spectre V2 : Enabling Speculation Barrier for firmware calls
machine # [    0.228991] RETBleed: Mitigation: untrained return thunk
machine # [    0.229992] Spectre V2 : mitigation: Enabling conditional Indirect Branch Prediction Barrier
machine # [    0.230992] Speculative Store Bypass: Mitigation: Speculative Store Bypass disabled via prctl
machine # [    0.231991] Speculative Return Stack Overflow: IBPB-extending microcode not applied!
machine # [    0.232991] Speculative Return Stack Overflow: WARNING: See https://kernel.org/doc/html/latest/admin-guide/hw-vuln/srso.html for mitigation options.
machine # [    0.232993] Speculative Return Stack Overflow: Vulnerable: Safe RET, no microcode
machine # [    0.235007] x86/fpu: Supporting XSAVE feature 0x001: 'x87 floating point registers'
machine # [    0.235991] x86/fpu: Supporting XSAVE feature 0x002: 'SSE registers'
machine # [    0.236991] x86/fpu: Supporting XSAVE feature 0x004: 'AVX registers'
machine # [    0.237991] x86/fpu: xstate_offset[2]:  576, xstate_sizes[2]:  256
machine # [    0.238991] x86/fpu: Enabled xstate features 0x7, context size is 832 bytes, using 'compacted' format.
machine # [    0.275094] Freeing SMP alternatives memory: 40K
machine # [    0.275993] pid_max: default: 32768 minimum: 301
machine # [    0.276940] LSM: initializing lsm=capability,landlock,yama,selinux,bpf
machine # [    0.277087] landlock: Up and running.
machine # [    0.277992] Yama: becoming mindful.
machine # [    0.278682] SELinux:  Initializing.
machine # [    0.280261] LSM support for eBPF active
machine # [    0.281029] Mount-cache hash table entries: 2048 (order: 2, 16384 bytes, linear)
machine # [    0.281995] Mountpoint-cache hash table entries: 2048 (order: 2, 16384 bytes, linear)
machine # [    0.283458] smpboot: CPU0: AMD EPYC 7302 16-Core Processor (family: 0x17, model: 0x31, stepping: 0x0)
machine # [    0.284328] Performance Events: Fam17h+ core perfctr, AMD PMU driver.
machine # [    0.284997] ... version:                0
machine # [    0.285774] ... bit width:              48
machine # [    0.285994] ... generic registers:      6
machine # [    0.286781] ... value mask:             0000ffffffffffff
machine # [    0.286994] ... max period:             00007fffffffffff
machine # [    0.287994] ... fixed-purpose events:   0
machine # [    0.288771] ... event mask:             000000000000003f
machine # [    0.289112] signal: max sigframe size: 1776
machine # [    0.289976] rcu: Hierarchical SRCU implementation.
machine # [    0.289995] rcu: 	Max phase no-delay instances is 400.
machine # [    0.292036] Timer migration: 1 hierarchy levels; 8 children per group; 1 crossnode level
machine # [    0.298456] smp: Bringing up secondary CPUs ...
machine # [    0.299186] smpboot: x86: Booting SMP configuration:
machine # [    0.299998] .... node  #0, CPUs:      #1 #2 #3
machine # [    0.304254] smp: Brought up 1 node, 4 CPUs
machine # [    0.305997] smpboot: Total of 4 processors activated (24000.03 BogoMIPS)
machine # [    0.307544] Memory: 964636K/1048036K available (15096K kernel code, 2485K rwdata, 11888K rodata, 3344K init, 3868K bss, 77100K reserved, 0K cma-reserved)
machine # [    0.308219] devtmpfs: initialized
machine # [    0.309088] x86/mm: Memory block size: 128MB
machine # [    0.310565] clocksource: jiffies: mask: 0xffffffff max_cycles: 0xffffffff, max_idle_ns: 1911260446275000 ns
machine # [    0.311000] futex hash table entries: 1024 (order: 4, 65536 bytes, linear)
machine # [    0.312426] pinctrl core: initialized pinctrl subsystem
machine # [    0.313157] PM: RTC time: 13:43:39, date: 2026-02-26
machine # [    0.315044] NET: Registered PF_NETLINK/PF_ROUTE protocol family
machine # [    0.316216] DMA: preallocated 128 KiB GFP_KERNEL pool for atomic allocations
machine # [    0.316998] DMA: preallocated 128 KiB GFP_KERNEL|GFP_DMA pool for atomic allocations
machine # [    0.317996] DMA: preallocated 128 KiB GFP_KERNEL|GFP_DMA32 pool for atomic allocations
machine # [    0.319005] audit: initializing netlink subsys (disabled)
machine # [    0.320141] audit: type=2000 audit(1772113419.626:1): state=initialized audit_enabled=0 res=1
machine # [    0.320202] thermal_sys: Registered thermal governor 'bang_bang'
machine # [    0.321000] thermal_sys: Registered thermal governor 'step_wise'
machine # [    0.322015] cpuidle: using governor menu
machine # [    0.324404] acpiphp: ACPI Hot Plug PCI Controller Driver version: 0.5
machine # [    0.325171] PCI: Using configuration type 1 for base access
machine # [    0.325995] PCI: Using configuration type 1 for extended access
machine # [    0.327295] kprobes: kprobe jump-optimization is enabled. All kprobes are optimized if possible.
machine # [    0.329456] HugeTLB: allocation took 0ms with hugepage_allocation_threads=1
machine # [    0.332047] HugeTLB: registered 1.00 GiB page size, pre-allocated 0 pages
machine # [    0.334997] HugeTLB: 16380 KiB vmemmap can be freed for a 1.00 GiB page
machine # [    0.336996] HugeTLB: registered 2.00 MiB page size, pre-allocated 0 pages
machine # [    0.337996] HugeTLB: 28 KiB vmemmap can be freed for a 2.00 MiB page
machine # [    0.343211] ACPI: Added _OSI(Module Device)
machine # [    0.345003] ACPI: Added _OSI(Processor Device)
machine # [    0.347003] ACPI: Added _OSI(3.0 _SCP Extensions)
machine # [    0.349001] ACPI: Added _OSI(Processor Aggregator Device)
machine # [    0.352663] ACPI: 1 ACPI AML tables successfully acquired and loaded
machine # [    0.361442] ACPI: Interpreter enabled
machine # [    0.363066] ACPI: PM: (supports S0 S3 S4 S5)
machine # [    0.365002] ACPI: Using IOAPIC for interrupt routing
machine # [    0.367082] PCI: Using host bridge windows from ACPI; if necessary, use "pci=nocrs" and report a bug
machine # [    0.370999] PCI: Using E820 reservations for host bridge windows
machine # [    0.372227] ACPI: Enabled 2 GPEs in block 00 to 0F
machine # [    0.379884] ACPI: PCI Root Bridge [PCI0] (domain 0000 [bus 00-ff])
machine # [    0.381008] acpi PNP0A03:00: _OSC: OS supports [ExtendedConfig ASPM ClockPM Segments MSI HPX-Type3]
machine # [    0.383384] acpiphp: Slot [3] registered
machine # [    0.384021] acpiphp: Slot [4] registered
machine # [    0.384838] acpiphp: Slot [5] registered
machine # [    0.386021] acpiphp: Slot [6] registered
machine # [    0.386862] acpiphp: Slot [7] registered
machine # [    0.388019] acpiphp: Slot [8] registered
machine # [    0.388826] acpiphp: Slot [9] registered
machine # [    0.389020] acpiphp: Slot [10] registered
machine # [    0.389834] acpiphp: Slot [11] registered
machine # [    0.391021] acpiphp: Slot [12] registered
machine # [    0.391832] acpiphp: Slot [13] registered
machine # [    0.392017] acpiphp: Slot [14] registered
machine # [    0.392850] acpiphp: Slot [15] registered
machine # [    0.394020] acpiphp: Slot [16] registered
machine # [    0.394831] acpiphp: Slot [17] registered
machine # [    0.396021] acpiphp: Slot [18] registered
machine # [    0.396833] acpiphp: Slot [19] registered
machine # [    0.397018] acpiphp: Slot [20] registered
machine # [    0.397830] acpiphp: Slot [21] registered
machine # [    0.399020] acpiphp: Slot [22] registered
machine # [    0.399830] acpiphp: Slot [23] registered
machine # [    0.400018] acpiphp: Slot [24] registered
machine # [    0.400835] acpiphp: Slot [25] registered
machine # [    0.402022] acpiphp: Slot [26] registered
machine # [    0.402835] acpiphp: Slot [27] registered
machine # [    0.404019] acpiphp: Slot [28] registered
machine # [    0.404831] acpiphp: Slot [29] registered
machine # [    0.405023] acpiphp: Slot [30] registered
machine # [    0.405834] acpiphp: Slot [31] registered
machine # [    0.407017] PCI host bridge to bus 0000:00
machine # [    0.407825] pci_bus 0000:00: root bus resource [io  0x0000-0x0cf7 window]
machine # [    0.408997] pci_bus 0000:00: root bus resource [io  0x0d00-0xffff window]
machine # [    0.409996] pci_bus 0000:00: root bus resource [mem 0x000a0000-0x000bffff window]
machine # [    0.411995] pci_bus 0000:00: root bus resource [mem 0x40000000-0xfebfffff window]
machine # [    0.412994] pci_bus 0000:00: root bus resource [mem 0x100000000-0x17fffffff window]
machine # [    0.414995] pci_bus 0000:00: root bus resource [bus 00-ff]
machine # [    0.416195] pci 0000:00:00.0: [8086:1237] type 00 class 0x060000 conventional PCI endpoint
machine # [    0.418611] pci 0000:00:01.0: [8086:7000] type 00 class 0x060100 conventional PCI endpoint
machine # [    0.420611] pci 0000:00:01.1: [8086:7010] type 00 class 0x010180 conventional PCI endpoint
machine # [    0.423038] pci 0000:00:01.1: BAR 4 [io  0xc1e0-0xc1ef]
machine # [    0.424037] pci 0000:00:01.1: BAR 0 [io  0x01f0-0x01f7]: legacy IDE quirk
machine # [    0.425996] pci 0000:00:01.1: BAR 1 [io  0x03f6]: legacy IDE quirk
machine # [    0.426995] pci 0000:00:01.1: BAR 2 [io  0x0170-0x0177]: legacy IDE quirk
machine # [    0.428002] pci 0000:00:01.1: BAR 3 [io  0x0376]: legacy IDE quirk
machine # [    0.430488] pci 0000:00:01.2: [8086:7020] type 00 class 0x0c0300 conventional PCI endpoint
machine # [    0.434867] pci 0000:00:01.2: BAR 4 [io  0xc100-0xc11f]
machine # [    0.438261] pci 0000:00:01.3: [8086:7113] type 00 class 0x068000 conventional PCI endpoint
machine # [    0.440573] pci 0000:00:01.3: quirk: [io  0x0600-0x063f] claimed by PIIX4 ACPI
machine # [    0.443009] pci 0000:00:01.3: quirk: [io  0x0700-0x070f] claimed by PIIX4 SMB
machine # [    0.445273] pci 0000:00:02.0: [1234:1111] type 00 class 0x030000 conventional PCI endpoint
machine # [    0.449012] pci 0000:00:02.0: BAR 0 [mem 0xfd000000-0xfdffffff pref]
machine # [    0.451012] pci 0000:00:02.0: BAR 2 [mem 0xfebd0000-0xfebd0fff]
machine # [    0.452028] pci 0000:00:02.0: ROM [mem 0xfebc0000-0xfebcffff pref]
machine # [    0.453048] pci 0000:00:02.0: Video device with shadowed ROM at [mem 0x000c0000-0x000dffff]
machine # [    0.456336] pci 0000:00:03.0: [1af4:1000] type 00 class 0x020000 conventional PCI endpoint
machine # [    0.460005] pci 0000:00:03.0: BAR 0 [io  0xc120-0xc13f]
machine # [    0.461003] pci 0000:00:03.0: BAR 1 [mem 0xfebd1000-0xfebd1fff]
machine # [    0.463029] pci 0000:00:03.0: BAR 4 [mem 0xfe000000-0xfe003fff 64bit pref]
machine # [    0.464004] pci 0000:00:03.0: ROM [mem 0xfeb40000-0xfeb7ffff pref]
machine # [    0.466354] pci 0000:00:04.0: [1af4:1005] type 00 class 0x00ff00 conventional PCI endpoint
machine # [    0.472006] pci 0000:00:04.0: BAR 0 [io  0xc140-0xc15f]
machine # [    0.473003] pci 0000:00:04.0: BAR 1 [mem 0xfebd2000-0xfebd2fff]
machine # [    0.474029] pci 0000:00:04.0: BAR 4 [mem 0xfe004000-0xfe007fff 64bit pref]
machine # [    0.477378] pci 0000:00:05.0: [1af4:1009] type 00 class 0x000200 conventional PCI endpoint
machine # [    0.481717] pci 0000:00:05.0: BAR 0 [io  0xc080-0xc0bf]
machine # [    0.482004] pci 0000:00:05.0: BAR 1 [mem 0xfebd3000-0xfebd3fff]
machine # [    0.484029] pci 0000:00:05.0: BAR 4 [mem 0xfe008000-0xfe00bfff 64bit pref]
machine # [    0.487256] pci 0000:00:06.0: [1af4:1009] type 00 class 0x000200 conventional PCI endpoint
machine # [    0.491017] pci 0000:00:06.0: BAR 0 [io  0xc160-0xc17f]
machine # [    0.492008] pci 0000:00:06.0: BAR 1 [mem 0xfebd4000-0xfebd4fff]
machine # [    0.493028] pci 0000:00:06.0: BAR 4 [mem 0xfe00c000-0xfe00ffff 64bit pref]
machine # [    0.498143] pci 0000:00:07.0: [1af4:1009] type 00 class 0x000200 conventional PCI endpoint
machine # [    0.504011] pci 0000:00:07.0: BAR 0 [io  0xc180-0xc19f]
machine # [    0.505009] pci 0000:00:07.0: BAR 1 [mem 0xfebd5000-0xfebd5fff]
machine # [    0.507043] pci 0000:00:07.0: BAR 4 [mem 0xfe010000-0xfe013fff 64bit pref]
machine # [    0.510379] pci 0000:00:08.0: [1af4:1001] type 00 class 0x010000 conventional PCI endpoint
machine # [    0.515006] pci 0000:00:08.0: BAR 0 [io  0xc000-0xc07f]
machine # [    0.516003] pci 0000:00:08.0: BAR 1 [mem 0xfebd6000-0xfebd6fff]
machine # [    0.517029] pci 0000:00:08.0: BAR 4 [mem 0xfe014000-0xfe017fff 64bit pref]
machine # [    0.520366] pci 0000:00:09.0: [1af4:1000] type 00 class 0x020000 conventional PCI endpoint
machine # [    0.524005] pci 0000:00:09.0: BAR 0 [io  0xc1a0-0xc1bf]
machine # [    0.525003] pci 0000:00:09.0: BAR 1 [mem 0xfebd7000-0xfebd7fff]
machine # [    0.526029] pci 0000:00:09.0: BAR 4 [mem 0xfe018000-0xfe01bfff 64bit pref]
machine # [    0.528004] pci 0000:00:09.0: ROM [mem 0xfeb80000-0xfebbffff pref]
machine # [    0.530354] pci 0000:00:0a.0: [1af4:1052] type 00 class 0x090000 conventional PCI endpoint
machine # [    0.534031] pci 0000:00:0a.0: BAR 1 [mem 0xfebd8000-0xfebd8fff]
machine # [    0.535028] pci 0000:00:0a.0: BAR 4 [mem 0xfe01c000-0xfe01ffff 64bit pref]
machine # [    0.537352] pci 0000:00:0b.0: [1af4:1003] type 00 class 0x078000 conventional PCI endpoint
machine # [    0.541601] pci 0000:00:0b.0: BAR 0 [io  0xc0c0-0xc0ff]
machine # [    0.543005] pci 0000:00:0b.0: BAR 1 [mem 0xfebd9000-0xfebd9fff]
machine # [    0.544028] pci 0000:00:0b.0: BAR 4 [mem 0xfe020000-0xfe023fff 64bit pref]
machine # [    0.546362] pci 0000:00:0c.0: [1af4:1005] type 00 class 0x00ff00 conventional PCI endpoint
machine # [    0.550005] pci 0000:00:0c.0: BAR 0 [io  0xc1c0-0xc1df]
machine # [    0.552006] pci 0000:00:0c.0: BAR 1 [mem 0xfebda000-0xfebdafff]
machine # [    0.553029] pci 0000:00:0c.0: BAR 4 [mem 0xfe024000-0xfe027fff 64bit pref]
machine # [    0.556753] ACPI: PCI: Interrupt link LNKA configured for IRQ 10
machine # [    0.558169] ACPI: PCI: Interrupt link LNKB configured for IRQ 10
machine # [    0.559146] ACPI: PCI: Interrupt link LNKC configured for IRQ 11
machine # [    0.560142] ACPI: PCI: Interrupt link LNKD configured for IRQ 11
machine # [    0.562319] ACPI: PCI: Interrupt link LNKS configured for IRQ 9
machine # [    0.566244] iommu: Default domain type: Translated
machine # [    0.568001] iommu: DMA domain TLB invalidation policy: lazy mode
machine # [    0.570071] ACPI: bus type USB registered
machine # [    0.570897] usbcore: registered new interface driver usbfs
machine # [    0.572005] usbcore: registered new interface driver hub
machine # [    0.573005] usbcore: registered new device driver usb
machine # [    0.575006] NetLabel: Initializing
machine # [    0.575678] NetLabel:  domain hash size = 128
machine # [    0.575994] NetLabel:  protocols = UNLABELED CIPSOv4 CALIPSO
machine # [    0.578030] NetLabel:  unlabeled traffic allowed by default
machine # [    0.579001] PCI: Using ACPI for IRQ routing
machine # [    0.580172] pci 0000:00:02.0: vgaarb: setting as boot VGA device
machine # [    0.580990] pci 0000:00:02.0: vgaarb: bridge control possible
machine # [    0.580990] pci 0000:00:02.0: vgaarb: VGA device added: decodes=io+mem,owns=io+mem,locks=none
machine # [    0.584005] vgaarb: loaded
machine # [    0.584674] hpet0: at MMIO 0xfed00000, IRQs 2, 8, 0
machine # [    0.584994] hpet0: 3 comparators, 64-bit 100.000000 MHz counter
machine # [    0.593081] clocksource: Switched to clocksource kvm-clock
machine # [    0.596501] VFS: Disk quotas dquot_6.6.0
machine # [    0.597329] VFS: Dquot-cache hash table entries: 512 (order 0, 4096 bytes)
machine # [    0.598836] pnp: PnP ACPI init
machine # [    0.599968] pnp: PnP ACPI: found 6 devices
machine # [    0.610703] clocksource: acpi_pm: mask: 0xffffff max_cycles: 0xffffff, max_idle_ns: 2085701024 ns
machine # [    0.612552] clocksource: Switched to clocksource acpi_pm
machine # [    0.613855] NET: Registered PF_INET protocol family
machine # [    0.614943] IP idents hash table entries: 16384 (order: 5, 131072 bytes, linear)
machine # [    0.631251] tcp_listen_portaddr_hash hash table entries: 512 (order: 1, 8192 bytes, linear)
machine # [    0.633343] Table-perturb hash table entries: 65536 (order: 6, 262144 bytes, linear)
machine # [    0.635089] TCP established hash table entries: 8192 (order: 4, 65536 bytes, linear)
machine # [    0.638510] TCP bind hash table entries: 8192 (order: 6, 262144 bytes, linear)
machine # [    0.641597] TCP: Hash tables configured (established 8192 bind 8192)
machine # [    0.643528] MPTCP token hash table entries: 1024 (order: 2, 24576 bytes, linear)
machine # [    0.645568] UDP hash table entries: 512 (order: 3, 32768 bytes, linear)
machine # [    0.647365] UDP-Lite hash table entries: 512 (order: 3, 32768 bytes, linear)
machine # [    0.649392] NET: Registered PF_UNIX/PF_LOCAL protocol family
machine # [    0.650945] NET: Registered PF_XDP protocol family
machine # [    0.652426] pci_bus 0000:00: resource 4 [io  0x0000-0x0cf7 window]
machine # [    0.653871] pci_bus 0000:00: resource 5 [io  0x0d00-0xffff window]
machine # [    0.655093] pci_bus 0000:00: resource 6 [mem 0x000a0000-0x000bffff window]
machine # [    0.656439] pci_bus 0000:00: resource 7 [mem 0x40000000-0xfebfffff window]
machine # [    0.657800] pci_bus 0000:00: resource 8 [mem 0x100000000-0x17fffffff window]
machine # [    0.659264] pci 0000:00:01.0: PIIX3: Enabling Passive Release
machine # [    0.660417] pci 0000:00:00.0: Limiting direct PCI/PCI transfers
machine # [    0.702228] ACPI: \_SB_.LNKD: Enabled at IRQ 11
machine # [    0.743727] pci 0000:00:01.2: quirk_usb_early_handoff+0x0/0x7e0 took 80161 usecs
machine # [    0.745342] PCI: CLS 0 bytes, default 64
machine # [    0.746312] clocksource: tsc: mask: 0xffffffffffffffff max_cycles: 0x2b3e4942f25, max_idle_ns: 440795326592 ns
machine # [    0.746756] Trying to unpack rootfs image as initramfs...
machine # [    0.774750] Initialise system trusted keyrings
machine # [    0.776308] workingset: timestamp_bits=40 max_order=18 bucket_order=0
machine # [    0.794405] Key type asymmetric registered
machine # [    0.795261] Asymmetric key parser 'x509' registered
machine # [    0.796286] Block layer SCSI generic (bsg) driver version 0.4 loaded (major 251)
machine # [    0.798347] io scheduler mq-deadline registered
machine # [    0.799373] io scheduler kyber registered
machine # [    0.802451] Serial: 8250/16550 driver, 4 ports, IRQ sharing enabled
machine # [    0.804085] 00:04: ttyS0 at I/O 0x3f8 (irq = 4, base_baud = 115200) is a 16550A
machine # [    0.807536] Linux agpgart interface v0.103
machine # [    0.808399] ACPI: bus type drm_connector registered
machine # [    0.810713] usbcore: registered new interface driver usbserial_generic
machine # [    0.812058] usbserial: USB Serial support registered for generic
machine # [    0.813307] amd_pstate: the _CPC object is not present in SBIOS or ACPI disabled
machine # [    0.814862] drop_monitor: Initializing network drop monitor service
machine # [    0.816414] NET: Registered PF_INET6 protocol family
machine # [    0.834540] Freeing initrd memory: 11676K
machine # [    0.838135] Segment Routing with IPv6
machine # [    0.839882] In-situ OAM (IOAM) with IPv6
machine # [    0.842873] IPI shorthand broadcast: enabled
machine # [    0.848453] sched_clock: Marking stable (681022668, 166889696)->(886041499, -38129135)
machine # [    0.851199] registered taskstats version 1
machine # [    0.852749] Loading compiled-in X.509 certificates
machine # [    0.862823] Demotion targets for Node 0: null
machine # [    0.864069] Key type .fscrypt registered
machine # [    0.864922] Key type fscrypt-provisioning registered
machine # [    0.866351] PM:   Magic number: 14:990:736
machine # [    0.871603] RAS: Correctable Errors collector initialized.
machine # [    0.888401] clk: Disabling unused clocks
machine # [    0.889443] PM: genpd: Disabling unused power domains
machine # [    0.893685] Freeing unused decrypted memory: 2028K
machine # [    0.895532] Freeing unused kernel image (initmem) memory: 3344K
machine # [    0.896664] Write protecting the kernel read-only data: 28672k
machine # [    0.898723] Freeing unused kernel image (text/rodata gap) memory: 1284K
machine # [    0.900241] Freeing unused kernel image (rodata/data gap) memory: 400K
machine # [    0.971728] x86/mm: Checked W+X mappings: passed, no W+X pages found.
machine # [    0.972806] Run /init as init process
machine # 
machine # <<< NixOS Stage 1 >>>
machine # 
machine # loading module virtio_balloon...
machine # loading module virtio_console...
machine # loading module virtio_rng...
machine # loading module virtio_gpu...
machine # loading module dm_mod...
machine # [    1.104113] device-mapper: ioctl: 4.49.0-ioctl (2025-01-17) initialised: dm-devel@lists.linux.dev
machine # running udev...
machine # Starting systemd-udevd version 255.9
machine # [    1.179294] rtc_cmos 00:05: RTC can wake from S4
machine # [    1.181522] rtc_cmos 00:05: registered as rtc0
machine # [    1.182523] rtc_cmos 00:05: setting system clock to 2026-02-26T13:43:40 UTC (1772113420)
machine # [    1.184285] rtc_cmos 00:05: alarms up to one day, y3k, 242 bytes nvram, hpet irqs
machine # [    1.184615] i8042: PNP: PS/2 Controller [PNP0303:KBD,PNP0f13:MOU] at 0x60,0x64 irq 1,12
machine # [    1.188708] serio: i8042 KBD port at 0x60,0x64 irq 1
machine # [    1.189878] serio: i8042 AUX port at 0x60,0x64 irq 12
machine # [    1.213489] SCSI subsystem initialized
machine # [    1.295149] uhci_hcd 0000:00:01.2: UHCI Host Controller
machine # [    1.296263] uhci_hcd 0000:00:01.2: new USB bus registered, assigned bus number 1
machine # [    1.296347] ACPI: \_SB_.LNKC: Enabled at IRQ 10
machine # [    1.297787] uhci_hcd 0000:00:01.2: detected 2 ports
machine # [    1.298542] uhci_hcd 0000:00:01.2: irq 11, io port 0x0000c100
machine # [    1.299735] scsi host0: ata_piix
machine # [    1.301059] usb usb1: New USB device found, idVendor=1d6b, idProduct=0001, bcdDevice= 6.14
machine # [    1.305684] usb usb1: New USB device strings: Mfr=3, Product=2, SerialNumber=1
machine # [    1.307153] usb usb1: Product: UHCI Host Controller
machine # [    1.307202] scsi host1: ata_piix
machine # [    1.308163] usb usb1: Manufacturer: Linux 6.14.0-rc6 uhci_hcd
machine # [    1.309538] ata1: PATA max MWDMA2 cmd 0x1f0 ctl 0x3f6 bmdma 0xc1e0 irq 14 lpm-pol 0
machine # [    1.310124] usb usb1: SerialNumber: 0000:00:01.2
machine # [    1.311905] ata2: PATA max MWDMA2 cmd 0x170 ctl 0x376 bmdma 0xc1e8 irq 15 lpm-pol 0
machine # [    1.313739] hub 1-0:1.0: USB hub found
machine # [    1.316557] hub 1-0:1.0: 2 ports detected
machine # [    1.402307] ACPI: \_SB_.LNKA: Enabled at IRQ 10
machine # [    1.445057] ACPI: \_SB_.LNKB: Enabled at IRQ 11
machine # [    1.475336] ata2: found unknown device (class 0)
machine # [    1.478689] ata2.00: ATAPI: QEMU DVD-ROM, 2.5+, max UDMA/100
machine # [    1.483491] scsi 1:0:0:0: CD-ROM            QEMU     QEMU DVD-ROM     2.5+ PQ: 0 ANSI: 5
machine # [    1.538973] usb 1-1: new full-speed USB device number 2 using uhci_hcd
machine # [    1.710681] usb 1-1: New USB device found, idVendor=0627, idProduct=0001, bcdDevice= 0.00
machine # [    1.714100] usb 1-1: New USB device strings: Mfr=1, Product=3, SerialNumber=10
machine # [    1.717110] usb 1-1: Product: QEMU USB Tablet
machine # [    1.718930] usb 1-1: Manufacturer: QEMU
machine # [    1.720392] usb 1-1: SerialNumber: 28754-0000:00:01.2-1
machine # [    1.747654] input: AT Translated Set 2 keyboard as /devices/platform/i8042/serio0/input/input0
machine # [    1.755534] virtio_blk virtio5: 4/0/0 default/read/poll queues
machine # [    1.763298] virtio_blk virtio5: [vda] 2097152 512-byte logical blocks (1.07 GB/1.00 GiB)
machine # [    1.770976] hid: raw HID events driver (C) Jiri Kosina
machine # [    1.798012] usbcore: registered new interface driver usbhid
machine # [    1.799080] netfs: FS-Cache loaded
machine # [    1.800163] usbhid: USB HID core driver
machine # [    1.801631] sr 1:0:0:0: [sr0] scsi3-mmc drive: 4x/4x cd/rw xa/form2 tray
machine # [    1.803326] cdrom: Uniform CD-ROM driver Revision: 3.20
machine # [    1.806527] input: QEMU QEMU USB Tablet as /devices/pci0000:00/0000:00:01.2/usb1/1-1/1-1:1.0/0003:0627:0001.0001/input/input2
machine # [    1.809663] hid-generic 0003:0627:0001.0001: input,hidraw0: USB HID v0.01 Mouse [QEMU QEMU USB Tablet] on usb-0000:00:01.2-1/input0
machine # [    1.820096] 9pnet: Installing 9P2000 support
machine # kbd_mode: KDSKBMODE: Inappropriate ioctl for device
machine # %Gstarting device mapper and LVM...
machine # checking /dev/disk/by-label/nixos...
machine # fsck (busybox 1.36.1)
machine # [fsck.ext4 (1) -- /mnt-root/] fsck.ext4 -a /dev/disk/by-label/nixos
machine # nixos: clean, 11/65536 files, 12955/262144 blocks
machine # mounting /dev/disk/by-label/nixos on /...
machine # [    2.540105] EXT4-fs (vda): mounted filesystem 7fffa670-f6ac-448c-bac0-414ae80d80e6 r/w with ordered data mode. Quota mode: none.
machine # [    2.556921] EXT4-fs (vda): re-mounted 7fffa670-f6ac-448c-bac0-414ae80d80e6 r/w. Quota mode: none.
machine # mounting nix-store on /nix/.ro-store...
machine # [    2.599146] 9p: Installing v9fs 9p2000 file system support
machine # mounting tmpfs on /nix/.rw-store...
machine # mounting shared on /tmp/shared...
machine # mounting xchg on /tmp/xchg...
machine # mounting overlay filesystem on /nix/store...
machine # 
machine # <<< NixOS Stage 2 >>>
machine # 
machine # [    3.019941] EXT4-fs (vda): re-mounted 7fffa670-f6ac-448c-bac0-414ae80d80e6 r/w. Quota mode: none.
machine # [    3.026765] booting system configuration /nix/store/021h7zb7g25rggmdba9z7xq2lzdn3slg-nixos-system-machine-test
machine # running activation script...
machine # setting up /etc...
machine # starting systemd...
machine # [    5.423825] systemd[1]: Inserted module 'autofs4'
machine # [    5.517597] systemd[1]: systemd 255.9 running in system mode (+PAM +AUDIT -SELINUX +APPARMOR +IMA +SMACK +SECCOMP +GCRYPT -GNUTLS +OPENSSL +ACL +BLKID +CURL +ELFUTILS +FIDO2 +IDN2 -IDN +IPTC +KMOD +LIBCRYPTSETUP +LIBFDISK +PCRE2 +PWQUALITY +P11KIT +QRENCODE +TPM2 +BZIP2 +LZ4 +XZ +ZLIB +ZSTD +BPF_FRAMEWORK -XKBCOMMON +UTMP -SYSVINIT default-hierarchy=unified)
machine # [    5.523954] systemd[1]: Detected virtualization kvm.
machine # [    5.524880] systemd[1]: Detected architecture x86-64.
machine # [  !!  ] This OS version (NixOS 24.05 (Uakari)) is past its end-of-support date (2024-12-31)
machine # [    5.535407] systemd[1]: Hostname set to <machine>.
machine # [    5.536904] systemd[1]: Initializing machine ID from random generator.
machine # [    5.868490] systemd[1]: bpf-lsm: LSM BPF program attached
machine # [    7.175353] systemd[1]: Queued start job for default target Multi-User System.
machine # [    7.243291] systemd[1]: Created slice Slice /system/getty.
machine # [    7.245609] systemd[1]: Created slice Slice /system/modprobe.
machine # [    7.247918] systemd[1]: Created slice User and Session Slice.
machine # [    7.249542] systemd[1]: Started Dispatch Password Requests to Console Directory Watch.
machine # [    7.251279] systemd[1]: Started Forward Password Requests to Wall Directory Watch.
machine # [    7.253042] systemd[1]: Expecting device /dev/hvc0...
machine # [    7.253963] systemd[1]: Expecting device /dev/ttyS0...
machine # [    7.254914] systemd[1]: Expecting device /sys/subsystem/net/devices/eth1...
machine # [    7.256282] systemd[1]: Reached target Local Encrypted Volumes.
machine # [    7.257558] systemd[1]: Reached target Containers.
machine # [    7.259230] systemd[1]: Reached target Path Units.
machine # [    7.260865] systemd[1]: Reached target Remote File Systems.
machine # [    7.262676] systemd[1]: Reached target Slice Units.
machine # [    7.264415] systemd[1]: Reached target Swaps.
machine # [    7.275285] systemd[1]: Listening on Process Core Dump Socket.
machine # [    7.278254] systemd[1]: Listening on Journal Socket (/dev/log).
machine # [    7.280015] systemd[1]: Listening on Journal Socket.
machine # [    7.282558] systemd[1]: Listening on Userspace Out-Of-Memory (OOM) Killer Socket.
machine # [    7.287640] systemd[1]: Listening on udev Control Socket.
machine # [    7.289470] systemd[1]: Listening on udev Kernel Socket.
machine # [    7.318022] systemd[1]: Mounting Huge Pages File System...
machine # [    7.325977] systemd[1]: Mounting POSIX Message Queue File System...
machine # [    7.332154] systemd[1]: Mounting Kernel Debug File System...
machine # [    7.344364] systemd[1]: Starting Create List of Static Device Nodes...
machine # [    7.351274] systemd[1]: Starting Load Kernel Module configfs...
machine # [    7.357465] systemd[1]: Starting Load Kernel Module drm...
machine # [    7.366505] systemd[1]: Starting Load Kernel Module efi_pstore...
machine # [    7.377051] systemd[1]: Starting Load Kernel Module fuse...
machine # [    7.386576] systemd[1]: Starting mount-pstore.service...
machine # [    7.396975] systemd[1]: Starting Create SUID/SGID Wrappers...
machine # [    7.399941] systemd[1]: File System Check on Root Device was skipped because of an unmet condition check (ConditionPathIsReadWrite=!/).
machine # [    7.416353] systemd[1]: Starting Journal Service...
machine # [    7.432952] systemd[1]: Starting Load Kernel Modules...
machine # [    7.445045] systemd[1]: Starting Remount Root and Kernel File Systems...
machine # [    7.452180] systemd[1]: Starting Coldplug All udev Devices...
machine # [    7.458483] systemd[1]: Mounted Huge Pages File System.
machine # [    7.460481] systemd[1]: Mounted POSIX Message Queue File System.
machine # [    7.463111] systemd[1]: Mounted Kernel Debug File System.
machine # [    7.469430] systemd[1]: Finished Create List of Static Device Nodes.
machine # [    7.473478] systemd[1]: modprobe@configfs.service: Deactivated successfully.
machine # [    7.478643] systemd[1]: Finished Load Kernel Module configfs.
machine # [    7.483111] systemd[1]: modprobe@drm.service: Deactivated successfully.
machine # [    7.490058] systemd[1]: Finished Load Kernel Module drm.
machine # [    7.493477] systemd[1]: modprobe@efi_pstore.service: Deactivated successfully.
machine # [    7.498322] systemd[1]: Finished Load Kernel Module efi_pstore.
machine # [    7.514935] fuse: init (API version 7.42)
machine # [    7.519012] systemd[1]: Mounting Kernel Configuration File System...
machine # [    7.532394] systemd[1]: Starting Create Static Device Nodes in /dev gracefully...
machine # [    7.534312] systemd-journald[422]: Collecting audit messages is disabled.
machine # [    7.538473] systemd[1]: modprobe@fuse.service: Deactivated successfully.
machine # [    7.541286] systemd[1]: Finished Load Kernel Module fuse.
machine # [    7.555392] systemd[1]: Mounting FUSE Control File System...
machine # [    7.567103] EXT4-fs (vda): re-mounted 7fffa670-f6ac-448c-bac0-414ae80d80e6 r/w. Quota mode: none.
machine # [    7.584477] systemd[1]: Finished Remount Root and Kernel File Systems.
machine # [    7.602029] systemd[1]: Starting Load/Save OS Random Seed...
machine # [    7.606666] systemd[1]: Mounted Kernel Configuration File System.
machine # [    7.635235] systemd[1]: Mounted FUSE Control File System.
machine # [    7.638567] bridge: filtering via arp/ip/ip6tables is no longer available by default. Update your scripts to load br_netfilter if you need this.
machine # [    7.664500] systemd[1]: Started Journal Service.
machine # [    7.498976] systemd-modules-load[423]: Inserted module 'bridge'
machine # [    7.502710] systemd-modules-load[423]: Inserted module 'macvlan'
machine # [    7.506121] systemd-modules-load[423]: Inserted module 'tap'
machine # [    7.512766] systemd[1]: Starting Flush Journal to Persistent Storage...
machine # [    7.687214] tun: Universal TUN/TAP device driver, 1.6
machine # [    7.522986] systemd-modules-load[423]: Inserted module 'tun'
machine # [    7.527559] systemd[1]: Finished Coldplug All udev Devices.
machine # [    7.705049] loop: module loaded
machine # [    7.539582] systemd-modules-load[423]: Inserted module 'loop'
machine # [    7.546331] systemd[1]: Finished Load/Save OS Random Seed.
machine # [    7.560823] systemd[1]: Finished Load Kernel Modules.
machine # [    7.572574] systemd[1]: Starting Firewall...
machine # [    7.577678] systemd[1]: Starting Apply Kernel Variables...
machine # [    7.593828] systemd[1]: Finished Create Static Device Nodes in /dev gracefully.
machine # [    7.770081] systemd-journald[422]: Received client request to flush runtime journal.
machine # [    7.677536] systemd[1]: Starting Create Static Device Nodes in /dev...
machine # [    7.688765] systemd[1]: Finished Flush Journal to Persistent Storage.
machine # [    7.717530] systemd[1]: Finished Apply Kernel Variables.
machine # [    7.722408] systemd[1]: Finished Create Static Device Nodes in /dev.
machine # [    7.724818] systemd[1]: Reached target Preparation for Local File Systems.
machine # [    7.727654] systemd[1]: Reached target Local File Systems.
machine # [    7.729735] systemd[1]: Update Boot Loader Random Seed was skipped because no trigger condition checks were met.
machine # [    7.743580] systemd[1]: Starting Create System Files and Directories...
machine # [    7.751111] systemd[1]: Starting Rule-based Manager for Device Events and Files...
machine # [    7.850526] systemd-udevd[497]: Using default interface naming scheme 'v255'.
machine # [    7.871993] systemd[1]: Finished Create System Files and Directories.
machine # [    7.882652] systemd[1]: Starting Rebuild Journal Catalog...
machine # [    7.892415] systemd[1]: Starting Userspace Out-Of-Memory (OOM) Killer...
machine # [    7.897579] systemd[1]: Starting Record System Boot/Shutdown in UTMP...
machine # [    8.029918] systemd[1]: Started Rule-based Manager for Device Events and Files.
machine # [    8.158748] systemd[1]: Finished Rebuild Journal Catalog.
machine # [    8.170590] systemd[1]: Starting Update is Completed...
machine # [    8.210907] systemd[1]: Finished Record System Boot/Shutdown in UTMP.
machine # [    8.228229] systemd-oomd[523]: No swap; memory pressure usage will be degraded
machine # [    8.234103] systemd[1]: Started Userspace Out-Of-Memory (OOM) Killer.
machine # [    8.239852] systemd[1]: Found device /dev/hvc0.
machine # [    8.250291] (udev-worker)[543]: Network interface NamePolicy= disabled on kernel command line.
machine # [    8.257493] (udev-worker)[544]: eth1: Config file /etc/systemd/network/40-eth1.link is applied to device based on potentially unpredictable interface name.
machine # [    8.265029] (udev-worker)[544]: Network interface NamePolicy= disabled on kernel command line.
machine # [    8.270533] systemd[1]: Found device /dev/ttyS0.
machine # [    8.282289] systemd[1]: Finished Update is Completed.
machine # [    8.507592] mousedev: PS/2 mouse device common for all mice
machine # [    8.362396] systemd[1]: Found device Virtio network device.
machine # [    8.543449] input: Power Button as /devices/LNXSYSTM:00/LNXPWRBN:00/input/input3
machine # [    8.550573] ACPI: button: Power Button [PWRF]
machine # [    8.580343] Floppy drive(s): fd0 is 2.88M AMI BIOS
machine # [    8.582328] parport_pc 00:03: reported by Plug and Play ACPI
machine # [    8.585193] parport0: PC-style at 0x378, irq 7 [PCSPP(,...)]
machine # [    8.597954] FDC 0 is a S82078B
machine # [    8.715576] piix4_smbus 0000:00:01.3: SMBus Host Controller at 0x700, revision 0
machine # [    8.720084] i2c i2c-0: Memory type 0x07 not supported yet, not instantiating SPD
machine # [    8.723115] bochs-drm 0000:00:02.0: vgaarb: deactivate vga console
machine # [    8.723225] input: QEMU Virtio Keyboard as /devices/pci0000:00/0000:00:0a.0/virtio7/input/input4
machine # [    8.740786] cryptd: max_cpu_qlen set to 1000
machine # [    8.743831] Console: switching to colour dummy device 80x25
machine # [    8.748551] [drm] Found bochs VGA, ID 0xb0c5.
machine # [    8.750215] [drm] Framebuffer size 16384 kB @ 0xfd000000, mmio @ 0xfebd0000.
machine # [    8.753371] [drm] Initialized bochs-drm 1.0.0 for 0000:00:02.0 on minor 0
machine # [    8.757527] input: VirtualPS/2 VMware VMMouse as /devices/platform/i8042/serio1/input/input6
machine # [    8.765308] input: VirtualPS/2 VMware VMMouse as /devices/platform/i8042/serio1/input/input5
machine # [    8.874469] AES CTR mode by8 optimization enabled
machine # [    9.060288] fbcon: bochs-drmdrmfb (fb0) is primary device
machine # [    9.175397] Console: switching to colour frame buffer device 160x50
machine # [    9.181854] bochs-drm 0000:00:02.0: [drm] fb0: bochs-drmdrmfb frame buffer device
machine # [    9.055581] systemd[1]: suid-sgid-wrappers.service: Deactivated successfully.
machine # [    9.060858] systemd[1]: Finished Create SUID/SGID Wrappers.
machine # [    9.352287] ppdev: user-space parallel port driver
machine # [    9.382816] systemd[1]: Starting Virtual Console Setup...
machine # [   11.183527] clocksource: Long readout interval, skipping watchdog check: cs_nsec: 1956699004 wd_nsec: 1956698761
machine # [   12.871404] systemd[1]: systemd-vconsole-setup.service: Deactivated successfully.
machine # [   12.875747] systemd[1]: Stopped Virtual Console Setup.
machine # [   12.886513] systemd[1]: Starting Virtual Console Setup...
machine # [   13.009511] systemd[1]: systemd-vconsole-setup.service: Deactivated successfully.
machine # [   13.013128] systemd[1]: Stopped Virtual Console Setup.
machine # [   13.110328] systemd[1]: Starting Virtual Console Setup...
machine # [   13.333859] kvm_amd: Nested Virtualization enabled
machine # [   13.335841] kvm_amd: Nested Paging enabled
machine # [   15.186737] EDAC MC: Ver: 3.0.0
machine # [   15.099706] cz91g3ll948jisxvbsxnqsl917083qwr-mount-pstore.sh[427]: Persistent Storage backend was not registered in time.
machine # [   15.105317] systemd[1]: Finished mount-pstore.service.
machine # [   15.108444] systemd[1]: Platform Persistent Storage Archival was skipped because of an unmet condition check (ConditionDirectoryNotEmpty=/sys/fs/pstore).
machine # [   15.588739] systemd[1]: Finished Firewall.
machine # [   16.046837] systemd[1]: Finished Virtual Console Setup.
machine # [   16.050085] systemd[1]: Reached target System Initialization.
machine # [   16.052517] systemd[1]: Started Daily Cleanup of Temporary Directories.
machine # [   16.054739] systemd[1]: Reached target Timer Units.
machine # [   16.058810] systemd[1]: Listening on D-Bus System Message Bus Socket.
machine # [   16.061865] systemd[1]: Listening on Nix Daemon Socket.
machine # [   16.063560] systemd[1]: Reached target Socket Units.
machine # [   16.065076] systemd[1]: Reached target Basic System.
machine # [   16.067416] systemd[1]: System is tainted: support-ended
machine # [   16.088734] systemd[1]: Starting Kernel Auditing...
machine # [   16.095104] systemd[1]: Started backdoor.service.
machine # [   16.101842] systemd[1]: Starting DHCP Client...
machine # [   16.107151] systemd[1]: Starting Name Service Cache Daemon (nsncd)...
machine # [   16.115195] systemd[1]: Started Reset console on configuration changes.
machine # [   16.119504] systemd[1]: Starting resolvconf update...
machine # [   16.130800] systemd[1]: Starting D-Bus System Message Bus...
machine # [   16.160877] 2zm09qv8pdisxdrn00vj7cfk48lagjhw-audit-disable[721]: No rules
machine # [   16.172371] dhcpcd[716]: dhcpcd-10.0.6 starting
machine # [   16.181462] systemd[1]: Finished Kernel Auditing.
machine # connecting to host...
machine # [   16.207091] dhcpcd[729]: dev: loaded udev
machine # [   16.231937] systemd[1]: Started Name Service Cache Daemon (nsncd).
machine: Guest shell says: b'Spawning backdoor root shell...\n'
machine: connected to guest root shell
machine # [   16.233960] systemd[1]: Reached target Host and Network Name Lookups.
machine: (connecting took 16.87 seconds)
(finished: waiting for the VM to finish booting, in 17.08 seconds)
machine # [   16.237377] systemd[1]: Reached target User and Group Name Lookups.
machine # [   16.240464] nsncd[717]: Feb 26 13:43:55.032 INFO started, config: Config { ignored_request_types: {}, worker_count: 8, handoff_timeout: 3s }, path: "/var/run/nscd/socket"
machine # [   16.253776] systemd[1]: Starting User Login Management...
machine # [   16.427134] 8021q: 802.1Q VLAN Support v1.8
machine # [   16.320182] systemd[1]: Listening on Load/Save RF Kill Switch Status /dev/rfkill Watch.
machine # [   16.324587] dbus-daemon[720]: dbus[720]: Unknown username "systemd-timesync" in message bus configuration file
machine # [   16.364674] systemd[1]: Stopped target Host and Network Name Lookups.
machine # [   16.366670] systemd[1]: Stopping Host and Network Name Lookups...
machine # [   16.368736] systemd[1]: Stopped target User and Group Name Lookups.
machine # [   16.371087] systemd[1]: Stopping User and Group Name Lookups...
machine # [   16.373175] systemd[1]: Stopping Name Service Cache Daemon (nsncd)...
machine # [   16.378820] systemd[1]: nscd.service: Deactivated successfully.
machine # [   16.381909] systemd[1]: Stopped Name Service Cache Daemon (nsncd).
machine # [   16.396383] systemd-logind[748]: New seat seat0.
machine # [   16.399752] systemd-logind[748]: Watching system buttons on /dev/input/event2 (Power Button)
machine # [   16.402529] systemd-logind[748]: Watching system buttons on /dev/input/event3 (QEMU Virtio Keyboard)
machine # [   16.406278] systemd-logind[748]: Watching system buttons on /dev/input/event0 (AT Translated Set 2 keyboard)
machine # [   16.409452] systemd[1]: Starting Name Service Cache Daemon (nsncd)...
machine # [   16.411427] systemd[1]: Started User Login Management.
machine # [   16.519172] systemd[1]: Started D-Bus System Message Bus.
machine # [   16.702916] cfg80211: Loading compiled-in X.509 certificates for regulatory database
machine # [   16.543906] systemd[1]: Finished resolvconf update.
machine # [   16.550506] systemd[1]: Reached target Preparation for Network.
machine # [   16.552876] dbus-daemon[720]: [system] Successfully activated service 'org.freedesktop.systemd1'
machine # [   16.562860] systemd[1]: Starting Address configuration of eth1...
machine # [   16.579475] nsncd[784]: Feb 26 13:43:55.380 INFO started, config: Config { ignored_request_types: {}, worker_count: 8, handoff_timeout: 3s }, path: "/var/run/nscd/socket"
machine # [   16.583524] systemd[1]: Started Name Service Cache Daemon (nsncd).
machine # [   16.585422] systemd[1]: Reached target Host and Network Name Lookups.
machine # [   16.587367] systemd[1]: Reached target User and Group Name Lookups.
machine # [   16.771610] Loaded X.509 cert 'sforshee: 00b28ddf47aef9cea7'
machine # [   16.773417] Loaded X.509 cert 'wens: 61c038651aabdcf94bd0ac7ff06c7248db18c600'
machine # [   16.779619] platform regulatory.0: Direct firmware load for regulatory.db failed with error -2
machine # [   16.781648] cfg80211: failed to load regulatory.db
machine # [   16.854708] 8021q: adding VLAN 0 to HW filter on device eth1
machine # [   16.708790] network-addresses-eth1-start[797]: adding address 192.168.1.1/24... done
machine # [   17.002420] 8021q: adding VLAN 0 to HW filter on device eth0
machine # [   16.839181] systemd[1]: Finished Address configuration of eth1.
machine # [   16.840920] dhcpcd[729]: eth0: waiting for carrier
machine # [   16.842386] dhcpcd[729]: eth0: carrier acquired
machine # [   16.859837] systemd[1]: Starting Networking Setup...
machine # [   16.866621] dhcpcd[729]: DUID 00:01:00:01:31:33:0a:9b:52:54:00:12:34:56
machine # [   16.869297] dhcpcd[729]: eth0: IAID 00:12:34:56
machine # [   16.871247] dhcpcd[729]: eth0: adding address fe80::5054:ff:fe12:3456
machine # [   17.128693] systemd[1]: Finished Networking Setup.
machine # [   17.149837] systemd[1]: Starting Extra networking commands....
machine # [   17.216520] systemd[1]: Finished Extra networking commands..
machine # [   17.220639] systemd[1]: Reached target Network.
machine # [   17.242998] systemd[1]: Starting Permit User Sessions...
machine # [   17.329893] systemd[1]: Finished Permit User Sessions.
machine # [   17.345875] systemd[1]: Started Getty on tty1.
machine # [   17.348500] systemd[1]: Reached target Login Prompts.
machine # [   17.673739] dhcpcd[729]: eth0: soliciting an IPv6 router
machine # [   18.166203] dhcpcd[729]: eth0: soliciting a DHCP lease
machine # [   18.386094] NET: Registered PF_PACKET protocol family
machine # [   18.231716] dhcpcd[729]: eth0: offered 10.0.2.15 from 10.0.2.2
machine # [   18.235356] dhcpcd[729]: eth0: leased 10.0.2.15 for 86400 seconds
machine # [   18.238268] dhcpcd[729]: eth0: adding route to 10.0.2.0/24
machine # [   18.239995] dhcpcd[729]: eth0: adding default route via 10.0.2.2
machine # [   18.431244] systemd[1]: Stopped target Host and Network Name Lookups.
machine # [   18.432667] systemd[1]: Stopping Host and Network Name Lookups...
machine # [   18.435918] systemd[1]: Stopped target User and Group Name Lookups.
machine # [   18.437764] systemd[1]: Stopping User and Group Name Lookups...
machine # [   18.439683] systemd[1]: Stopping Name Service Cache Daemon (nsncd)...
machine # [   18.446945] systemd[1]: nscd.service: Deactivated successfully.
machine # [   18.449661] systemd[1]: Stopped Name Service Cache Daemon (nsncd).
machine # [   18.473296] systemd[1]: Starting Name Service Cache Daemon (nsncd)...
machine # [   18.499115] dhcpcd[729]: eth0: Router Advertisement from fe80::2
machine # [   18.501588] dhcpcd[729]: eth0: adding address fec0::5054:ff:fe12:3456/64
machine # [   18.503687] systemd[1]: Started DHCP Client.
machine # [   18.505358] dhcpcd[729]: eth0: adding route to fec0::/64
machine # [   18.507195] systemd[1]: Reached target Network is Online.
machine # [   18.508852] dhcpcd[729]: eth0: adding default route via fe80::2
machine # [   18.547358] nsncd[926]: Feb 26 13:43:57.348 INFO started, config: Config { ignored_request_types: {}, worker_count: 8, handoff_timeout: 3s }, path: "/var/run/nscd/socket"
machine # [   18.552771] systemd[1]: Started Name Service Cache Daemon (nsncd).
machine # [   18.554980] systemd[1]: Reached target Multi-User System.
machine # [   18.558897] systemd[1]: Reached target Host and Network Name Lookups.
machine # [   18.560614] systemd[1]: Reached target User and Group Name Lookups.
machine # [   18.562269] systemd[1]: Startup finished in 5.185s (kernel) + 13.369s (userspace) = 18.554s.
(finished: waiting for unit multi-user.target, in 19.81 seconds)
machine: must succeed: grep -q '\[advise\]' /sys/kernel/mm/transparent_hugepage/shmem_enabled
(finished: must succeed: grep -q '\[advise\]' /sys/kernel/mm/transparent_hugepage/shmem_enabled, in 0.07 seconds)
machine: must succeed: systemd-run --service-type=exec --wait -u thp-madv-remove-test thp-madv-remove-test
machine # [   19.154912] systemd[1]: Starting /run/current-system/sw/bin/thp-madv-remove-test...
machine # [   19.206619] systemd[1]: Started /run/current-system/sw/bin/thp-madv-remove-test.
machine # Running as unit: thp-madv-remove-test.service; invocation ID: b4a1fa4766174c6b84033518e36bed8c
machine # [   19.224568] thp-madv-remove-test[956]: THP + MADV_REMOVE cross-process kernel regression test
machine # [   19.226395] thp-madv-remove-test[956]: =======================================================
machine # [   19.228591] thp-madv-remove-test[956]: File size:       20 MiB
machine # [   19.229974] thp-madv-remove-test[956]: Total pages:     5120
machine # [   19.231625] thp-madv-remove-test[956]: Child readers:   16
machine # [   19.233488] thp-madv-remove-test[956]: Punching every 7th page (731 pages)
machine # [   19.236155] thp-madv-remove-test[956]: Iterations:      1000
machine # [   19.237705] thp-madv-remove-test[956]: --- Iteration 1/1000 ---
machine # [   20.442605] thp-madv-remove-test[957]: post-sleep failures: 0
machine # [   20.444756] thp-madv-remove-test[956]:   Child: 1117708 pages verified, 0 failures
machine # [   20.447904] thp-madv-remove-test[956]:   All 4388 non-punched pages verified OK
machine # [   20.449618] thp-madv-remove-test[956]:   Parent verification failures: 0
machine # [   20.455361] thp-madv-remove-test[956]: Iteration 1 PASSED
machine # [   20.456669] thp-madv-remove-test[956]: --- Iteration 2/1000 ---
machine # [   24.939899] thp-madv-remove-test[979]: post-sleep failures: 0
machine # [   24.942377] thp-madv-remove-test[956]:   Child: 39463 pages verified, 0 failures
machine # [   24.944406] thp-madv-remove-test[956]:   All 4388 non-punched pages verified OK
machine # [   24.946296] thp-madv-remove-test[956]:   Parent verification failures: 0
machine # [   24.951722] thp-madv-remove-test[956]: Iteration 2 PASSED
machine # [   24.953160] thp-madv-remove-test[956]: --- Iteration 3/1000 ---
machine # [   25.671914] thp-madv-remove-test[996]: post-sleep failures: 0
machine # [   25.674073] thp-madv-remove-test[956]:   Child: 1240374 pages verified, 0 failures
machine # [   25.676624] thp-madv-remove-test[956]:   All 4388 non-punched pages verified OK
machine # [   25.677561] thp-madv-remove-test[956]:   Parent verification failures: 0
machine # [   25.685577] thp-madv-remove-test[956]: Iteration 3 PASSED
machine # [   25.686320] thp-madv-remove-test[956]: --- Iteration 4/1000 ---
machine # [   26.416485] thp-madv-remove-test[1014]: post-sleep failures: 0
machine # [   26.419130] thp-madv-remove-test[956]:   Child: 1485549 pages verified, 0 failures
machine # [   26.420638] thp-madv-remove-test[956]:   All 4388 non-punched pages verified OK
machine # [   26.421875] thp-madv-remove-test[956]:   Parent verification failures: 0
machine # [   26.429155] thp-madv-remove-test[956]: Iteration 4 PASSED
machine # [   26.430676] thp-madv-remove-test[956]: --- Iteration 5/1000 ---
machine # [   27.308644] thp-madv-remove-test[1031]: post-sleep failures: 0
machine # [   27.311101] thp-madv-remove-test[956]:   Child: 1222799 pages verified, 0 failures
machine # [   27.313510] thp-madv-remove-test[956]:   All 4388 non-punched pages verified OK
machine # [   27.315206] thp-madv-remove-test[956]:   Parent verification failures: 0
machine # [   27.318917] thp-madv-remove-test[956]: Iteration 5 PASSED
machine # [   27.320318] thp-madv-remove-test[956]: --- Iteration 6/1000 ---
machine # [   32.006254] clocksource: Long readout interval, skipping watchdog check: cs_nsec: 4419929634 wd_nsec: 4419929325
machine # [   32.048157] thp-madv-remove-test[1049]: post-sleep failures: 0
machine # [   32.050457] thp-madv-remove-test[956]:   Child: 2331327 pages verified, 0 failures
machine # [   32.053931] thp-madv-remove-test[956]:   All 4388 non-punched pages verified OK
machine # [   32.054486] thp-madv-remove-test[956]:   Parent verification failures: 0
machine # [   32.061213] thp-madv-remove-test[956]: Iteration 6 PASSED
machine # [   32.062946] thp-madv-remove-test[956]: --- Iteration 7/1000 ---
machine # [   32.112719] thp-madv-remove-test[1067]: post-sleep failures: 0
machine # [   32.114733] thp-madv-remove-test[956]:   Child: 959772 pages verified, 0 failures
machine # [   32.116918] thp-madv-remove-test[956]:   All 4388 non-punched pages verified OK
machine # [   32.117548] thp-madv-remove-test[956]:   Parent verification failures: 0
machine # [   32.123639] thp-madv-remove-test[956]: Iteration 7 PASSED
machine # [   32.124418] thp-madv-remove-test[956]: --- Iteration 8/1000 ---
machine # [   32.187271] thp-madv-remove-test[1084]: post-sleep failures: 0
machine # [   32.189458] thp-madv-remove-test[956]:   Child: 1362852 pages verified, 0 failures
machine # [   32.191584] thp-madv-remove-test[956]:   All 4388 non-punched pages verified OK
machine # [   32.191762] thp-madv-remove-test[956]:   Parent verification failures: 0
machine # [   32.197362] thp-madv-remove-test[956]: Iteration 8 PASSED
machine # [   32.198193] thp-madv-remove-test[956]: --- Iteration 9/1000 ---
machine # [   32.270693] thp-madv-remove-test[1101]: post-sleep failures: 0
machine # [   32.272559] thp-madv-remove-test[956]:   Child: 1709105 pages verified, 0 failures
machine # [   32.274474] thp-madv-remove-test[956]:   All 4388 non-punched pages verified OK
machine # [   32.274883] thp-madv-remove-test[956]:   Parent verification failures: 0
machine # [   32.279580] thp-madv-remove-test[956]: Iteration 9 PASSED
machine # [   32.280911] thp-madv-remove-test[956]: --- Iteration 10/1000 ---
machine # [   32.322196] thp-madv-remove-test[1118]: post-sleep failures: 0
machine # [   32.324254] thp-madv-remove-test[956]:   Child: 771503 pages verified, 0 failures
machine # [   32.326234] thp-madv-remove-test[956]:   All 4388 non-punched pages verified OK
machine # [   32.327562] thp-madv-remove-test[956]:   Parent verification failures: 0
machine # [   32.333834] thp-madv-remove-test[956]: Iteration 10 PASSED
machine # [   32.334603] thp-madv-remove-test[956]: --- Iteration 11/1000 ---
machine # [   32.643105] thp-madv-remove-test[1135]: post-sleep failures: 0
machine # [   32.645139] thp-madv-remove-test[956]:   Child: 1919747 pages verified, 0 failures
machine # [   32.648643] thp-madv-remove-test[956]:   All 4388 non-punched pages verified OK
machine # [   32.649392] thp-madv-remove-test[956]:   Parent verification failures: 0
machine # [   32.658393] thp-madv-remove-test[956]: Iteration 11 PASSED
machine # [   32.659784] thp-madv-remove-test[956]: --- Iteration 12/1000 ---
machine # [   32.945545] thp-madv-remove-test[1152]: post-sleep failures: 0
machine # [   32.947875] thp-madv-remove-test[956]:   Child: 1959010 pages verified, 0 failures
machine # [   32.951908] thp-madv-remove-test[956]:   All 4388 non-punched pages verified OK
machine # [   32.953436] thp-madv-remove-test[956]:   Parent verification failures: 0
machine # [   32.962996] thp-madv-remove-test[956]: Iteration 12 PASSED
machine # [   32.964650] thp-madv-remove-test[956]: --- Iteration 13/1000 ---
machine # [   33.556150] thp-madv-remove-test[1169]: post-sleep failures: 0
machine # [   33.558234] thp-madv-remove-test[956]:   Child: 2230673 pages verified, 0 failures
machine # [   33.559828] thp-madv-remove-test[956]:   All 4388 non-punched pages verified OK
machine # [   33.559975] thp-madv-remove-test[956]:   Parent verification failures: 0
machine # [   33.565418] thp-madv-remove-test[956]: Iteration 13 PASSED
machine # [   33.565706] thp-madv-remove-test[956]: --- Iteration 14/1000 ---
machine # [   34.064414] thp-madv-remove-test[1187]: post-sleep failures: 0
machine # [   34.066597] thp-madv-remove-test[956]:   Child: 1507735 pages verified, 0 failures
machine # [   34.073191] thp-madv-remove-test[956]:   All 4388 non-punched pages verified OK
machine # [   34.074215] thp-madv-remove-test[956]:   Parent verification failures: 0
machine # [   34.083104] thp-madv-remove-test[956]: Iteration 14 PASSED
machine # [   34.084595] thp-madv-remove-test[956]: --- Iteration 15/1000 ---
machine # [   34.891141] thp-madv-remove-test[1204]: post-sleep failures: 0
machine # [   34.893407] thp-madv-remove-test[956]:   Child: 1165980 pages verified, 0 failures
machine # [   34.896475] thp-madv-remove-test[956]:   All 4388 non-punched pages verified OK
machine # [   34.897337] thp-madv-remove-test[956]:   Parent verification failures: 0
machine # [   34.903547] thp-madv-remove-test[956]: Iteration 15 PASSED
machine # [   34.904825] thp-madv-remove-test[956]: --- Iteration 16/1000 ---
machine # [   39.348415] thp-madv-remove-test[1221]: post-sleep failures: 0
machine # [   39.350577] thp-madv-remove-test[956]:   Child: 837294 pages verified, 0 failures
machine # [   39.354477] thp-madv-remove-test[956]:   All 4388 non-punched pages verified OK
machine # [   39.355453] thp-madv-remove-test[956]:   Parent verification failures: 0
machine # [   39.364153] thp-madv-remove-test[956]: Iteration 16 PASSED
machine # [   39.365387] thp-madv-remove-test[956]: --- Iteration 17/1000 ---
machine # [   40.085439] thp-madv-remove-test[1240]: post-sleep failures: 0
machine # [   40.087907] thp-madv-remove-test[956]:   Child: 1323650 pages verified, 0 failures
machine # [   40.090260] thp-madv-remove-test[956]:   All 4388 non-punched pages verified OK
machine # [   40.090672] thp-madv-remove-test[956]:   Parent verification failures: 0
machine # [   40.098110] thp-madv-remove-test[956]: Iteration 17 PASSED
machine # [   40.098675] thp-madv-remove-test[956]: --- Iteration 18/1000 ---
machine # [   40.181703] thp-madv-remove-test[1257]: post-sleep failures: 0
machine # [   40.184252] thp-madv-remove-test[956]:   Child: 2335817 pages verified, 0 failures
machine # [   40.186252] thp-madv-remove-test[956]:   All 4388 non-punched pages verified OK
machine # [   40.186664] thp-madv-remove-test[956]:   Parent verification failures: 0
machine # [   40.191683] thp-madv-remove-test[956]: Iteration 18 PASSED
machine # [   40.192416] thp-madv-remove-test[956]: --- Iteration 19/1000 ---
machine # [   40.799993] thp-madv-remove-test[1274]: post-sleep failures: 0
machine # [   40.802528] thp-madv-remove-test[956]:   Child: 1485875 pages verified, 0 failures
machine # [   40.804445] thp-madv-remove-test[956]:   All 4388 non-punched pages verified OK
machine # [   40.804908] thp-madv-remove-test[956]:   Parent verification failures: 0
machine # [   40.810277] thp-madv-remove-test[956]: Iteration 19 PASSED
machine # [   40.810945] thp-madv-remove-test[956]: --- Iteration 20/1000 ---
machine # [   40.881811] thp-madv-remove-test[1291]: post-sleep failures: 0
machine # [   40.883775] thp-madv-remove-test[956]:   Child: 1463706 pages verified, 0 failures
machine # [   40.887653] thp-madv-remove-test[956]:   All 4388 non-punched pages verified OK
machine # [   40.888582] thp-madv-remove-test[956]:   Parent verification failures: 0
machine # [   40.894763] thp-madv-remove-test[956]: Iteration 20 PASSED
machine # [   40.895545] thp-madv-remove-test[956]: --- Iteration 21/1000 ---
machine # [   41.062114] thp-madv-remove-test[1308]: post-sleep failures: 0
machine # [   41.064197] thp-madv-remove-test[956]:   Child: 1573564 pages verified, 0 failures
machine # [   41.066044] thp-madv-remove-test[956]:   All 4388 non-punched pages verified OK
machine # [   41.066764] thp-madv-remove-test[956]:   Parent verification failures: 0
machine # [   41.070786] thp-madv-remove-test[956]: Iteration 21 PASSED
machine # [   41.071347] thp-madv-remove-test[956]: --- Iteration 22/1000 ---
machine # [   41.125394] thp-madv-remove-test[1325]: post-sleep failures: 0
machine # [   41.127411] thp-madv-remove-test[956]:   Child: 1419874 pages verified, 0 failures
machine # [   41.129307] thp-madv-remove-test[956]:   All 4388 non-punched pages verified OK
machine # [   41.129747] thp-madv-remove-test[956]:   Parent verification failures: 0
machine # [   41.135100] thp-madv-remove-test[956]: Iteration 22 PASSED
machine # [   41.135810] thp-madv-remove-test[956]: --- Iteration 23/1000 ---
machine # [   46.323600] thp-madv-remove-test[1342]: post-sleep failures: 0
machine # [   46.325787] thp-madv-remove-test[956]:   Child: 2340357 pages verified, 0 failures
machine # [   46.327847] thp-madv-remove-test[956]:   All 4388 non-punched pages verified OK
machine # [   46.328478] thp-madv-remove-test[956]:   Parent verification failures: 0
machine # [   46.335698] thp-madv-remove-test[956]: Iteration 23 PASSED
machine # [   46.336494] thp-madv-remove-test[956]: --- Iteration 24/1000 ---
machine # [   47.150837] thp-madv-remove-test[1360]: post-sleep failures: 0
machine # [   47.152960] thp-madv-remove-test[956]:   Child: 1253293 pages verified, 0 failures
machine # [   47.156929] thp-madv-remove-test[956]:   All 4388 non-punched pages verified OK
machine # [   47.158270] thp-madv-remove-test[956]:   Parent verification failures: 0
machine # [   47.166879] thp-madv-remove-test[956]: Iteration 24 PASSED
machine # [   47.168275] thp-madv-remove-test[956]: --- Iteration 25/1000 ---
machine # [   47.410256] thp-madv-remove-test[1377]: post-sleep failures: 0
machine # [   47.412357] thp-madv-remove-test[956]:   Child: 521525 pages verified, 0 failures
machine # [   47.415624] thp-madv-remove-test[956]:   All 4388 non-punched pages verified OK
machine # [   47.417338] thp-madv-remove-test[956]:   Parent verification failures: 0
machine # [   47.423424] thp-madv-remove-test[956]: Iteration 25 PASSED
machine # [   47.424744] thp-madv-remove-test[956]: --- Iteration 26/1000 ---
machine # [   47.496495] thp-madv-remove-test[1394]: post-sleep failures: 0
machine # [   47.498310] thp-madv-remove-test[956]:   Child: 2134119 pages verified, 0 failures
machine # [   47.500459] thp-madv-remove-test[956]:   All 4388 non-punched pages verified OK
machine # [   47.500663] thp-madv-remove-test[956]:   Parent verification failures: 0
machine # [   47.509353] thp-madv-remove-test[956]: Iteration 26 PASSED
machine # [   47.510594] thp-madv-remove-test[956]: --- Iteration 27/1000 ---
machine # [   47.570837] thp-madv-remove-test[1411]: post-sleep failures: 0
machine # [   47.572772] thp-madv-remove-test[956]:   Child: 1152568 pages verified, 0 failures
machine # [   47.576566] thp-madv-remove-test[956]:   All 4388 non-punched pages verified OK
machine # [   47.577591] thp-madv-remove-test[956]:   Parent verification failures: 0
machine # [   47.586316] thp-madv-remove-test[956]: Iteration 27 PASSED
machine # [   47.587626] thp-madv-remove-test[956]: --- Iteration 28/1000 ---
machine # [   47.755821] thp-madv-remove-test[1428]: post-sleep failures: 0
machine # [   47.757708] thp-madv-remove-test[956]:   Child: 1507449 pages verified, 0 failures
machine # [   47.759648] thp-madv-remove-test[956]:   All 4388 non-punched pages verified OK
machine # [   47.760782] thp-madv-remove-test[956]:   Parent verification failures: 0
machine # [   47.768957] thp-madv-remove-test[956]: Iteration 28 PASSED
machine # [   47.770278] thp-madv-remove-test[956]: --- Iteration 29/1000 ---
machine # [   47.817976] thp-madv-remove-test[1445]: post-sleep failures: 0
machine # [   47.819934] thp-madv-remove-test[956]:   Child: 1424320 pages verified, 0 failures
machine # [   47.821789] thp-madv-remove-test[956]:   All 4388 non-punched pages verified OK
machine # [   47.823473] thp-madv-remove-test[956]:   Parent verification failures: 0
machine # [   47.828453] thp-madv-remove-test[956]: Iteration 29 PASSED
machine # [   47.829259] thp-madv-remove-test[956]: --- Iteration 30/1000 ---
machine # [   47.897675] thp-madv-remove-test[1462]: post-sleep failures: 0
machine # [   47.900231] thp-madv-remove-test[956]:   Child: 1639037 pages verified, 0 failures
machine # [   47.902116] thp-madv-remove-test[956]:   All 4388 non-punched pages verified OK
machine # [   47.903967] thp-madv-remove-test[956]:   Parent verification failures: 0
machine # [   47.907674] thp-madv-remove-test[956]: Iteration 30 PASSED
machine # [   47.909688] thp-madv-remove-test[956]: --- Iteration 31/1000 ---
machine # [   47.939475] thp-madv-remove-test[1479]: post-sleep failures: 0
machine # [   47.941906] thp-madv-remove-test[956]:   Child: 390071 pages verified, 0 failures
machine # [   47.943775] thp-madv-remove-test[956]:   All 4388 non-punched pages verified OK
machine # [   47.944265] thp-madv-remove-test[956]:   Parent verification failures: 0
machine # [   47.950566] thp-madv-remove-test[956]: Iteration 31 PASSED
machine # [   47.951953] thp-madv-remove-test[956]: --- Iteration 32/1000 ---
machine # [   48.013471] thp-madv-remove-test[1496]: post-sleep failures: 0
machine # [   48.015290] thp-madv-remove-test[956]:   Child: 1441801 pages verified, 0 failures
machine # [   48.016942] thp-madv-remove-test[956]:   All 4388 non-punched pages verified OK
machine # [   48.018589] thp-madv-remove-test[956]:   Parent verification failures: 0
machine # [   48.021065] thp-madv-remove-test[956]: Iteration 32 PASSED
machine # [   48.022466] thp-madv-remove-test[956]: --- Iteration 33/1000 ---
machine # [   48.065127] thp-madv-remove-test[1513]: post-sleep failures: 0
machine # [   48.066835] thp-madv-remove-test[956]:   Child: 1157137 pages verified, 0 failures
machine # [   48.070239] thp-madv-remove-test[956]:   All 4388 non-punched pages verified OK
machine # [   48.070895] thp-madv-remove-test[956]:   Parent verification failures: 0
machine # [   48.077565] thp-madv-remove-test[956]: Iteration 33 PASSED
machine # [   48.078866] thp-madv-remove-test[956]: --- Iteration 34/1000 ---
machine # [   48.123799] thp-madv-remove-test[1530]: post-sleep failures: 0
machine # [   48.126303] thp-madv-remove-test[956]:   Child: 1139564 pages verified, 0 failures
machine # [   48.128350] thp-madv-remove-test[956]:   All 4388 non-punched pages verified OK
machine # [   48.128764] thp-madv-remove-test[956]:   Parent verification failures: 0
machine # [   48.136305] thp-madv-remove-test[956]: Iteration 34 PASSED
machine # [   48.137665] thp-madv-remove-test[956]: --- Iteration 35/1000 ---
machine # [   48.196232] thp-madv-remove-test[1547]: post-sleep failures: 0
machine # [   48.198076] thp-madv-remove-test[956]:   Child: 1354146 pages verified, 0 failures
machine # [   48.199706] thp-madv-remove-test[956]:   All 4388 non-punched pages verified OK
machine # [   48.201296] thp-madv-remove-test[956]:   Parent verification failures: 0
machine # [   48.202833] thp-madv-remove-test[956]: Iteration 35 PASSED
machine # [   48.204107] thp-madv-remove-test[956]: --- Iteration 36/1000 ---
machine # [   48.254822] thp-madv-remove-test[1564]: post-sleep failures: 0
machine # [   48.257683] thp-madv-remove-test[956]:   Child: 1551175 pages verified, 0 failures
machine # [   48.259774] thp-madv-remove-test[956]:   All 4388 non-punched pages verified OK
machine # [   48.261373] thp-madv-remove-test[956]:   Parent verification failures: 0
machine # [   48.265362] thp-madv-remove-test[956]: Iteration 36 PASSED
machine # [   48.266856] thp-madv-remove-test[956]: --- Iteration 37/1000 ---
machine # [   48.281122] thp-madv-remove-test[1581]: post-sleep failures: 0
machine # [   48.283135] thp-madv-remove-test[956]:   Child: 74511 pages verified, 0 failures
machine # [   48.286304] thp-madv-remove-test[956]:   All 4388 non-punched pages verified OK
machine # [   48.287951] thp-madv-remove-test[956]:   Parent verification failures: 0
machine # [   48.293888] thp-madv-remove-test[956]: Iteration 37 PASSED
machine # [   48.295143] thp-madv-remove-test[956]: --- Iteration 38/1000 ---
machine # [   48.333458] thp-madv-remove-test[1598]: post-sleep failures: 0
machine # [   48.335364] thp-madv-remove-test[956]:   Child: 924897 pages verified, 0 failures
machine # [   48.338818] thp-madv-remove-test[956]:   All 4388 non-punched pages verified OK
machine # [   48.340549] thp-madv-remove-test[956]:   Parent verification failures: 0
machine # [   48.346451] thp-madv-remove-test[956]: Iteration 38 PASSED
machine # [   48.347720] thp-madv-remove-test[956]: --- Iteration 39/1000 ---
machine # [   48.382673] thp-madv-remove-test[1615]: post-sleep failures: 0
machine # [   48.385299] thp-madv-remove-test[956]:   Child: 854661 pages verified, 0 failures
machine # [   48.387304] thp-madv-remove-test[956]:   All 4388 non-punched pages verified OK
machine # [   48.388099] thp-madv-remove-test[956]:   Parent verification failures: 0
machine # [   48.395554] thp-madv-remove-test[956]: Iteration 39 PASSED
machine # [   48.396986] thp-madv-remove-test[956]: --- Iteration 40/1000 ---
machine # [   48.450559] thp-madv-remove-test[1632]: post-sleep failures: 0
machine # [   48.452572] thp-madv-remove-test[956]:   Child: 1174559 pages verified, 0 failures
machine # [   48.455810] thp-madv-remove-test[956]:   All 4388 non-punched pages verified OK
machine # [   48.457436] thp-madv-remove-test[956]:   Parent verification failures: 0
machine # [   48.463494] thp-madv-remove-test[956]: Iteration 40 PASSED
machine # [   48.464758] thp-madv-remove-test[956]: --- Iteration 41/1000 ---
machine # [   48.517944] thp-madv-remove-test[1649]: post-sleep failures: 0
machine # [   48.519828] thp-madv-remove-test[956]:   Child: 1450587 pages verified, 0 failures
machine # [   48.521852] thp-madv-remove-test[956]:   All 4388 non-punched pages verified OK
machine # [   48.522332] thp-madv-remove-test[956]:   Parent verification failures: 0
machine # [   48.528247] thp-madv-remove-test[956]: Iteration 41 PASSED
machine # [   48.528863] thp-madv-remove-test[956]: --- Iteration 42/1000 ---
machine # [   48.612447] thp-madv-remove-test[1666]: post-sleep failures: 0
machine # [   48.614397] thp-madv-remove-test[956]:   Child: 2217603 pages verified, 0 failures
machine # [   48.616649] thp-madv-remove-test[956]:   All 4388 non-punched pages verified OK
machine # [   48.618758] thp-madv-remove-test[956]:   Parent verification failures: 0
machine # [   48.621852] thp-madv-remove-test[956]: Iteration 42 PASSED
machine # [   48.623499] thp-madv-remove-test[956]: --- Iteration 43/1000 ---
machine # [   49.204682] thp-madv-remove-test[1683]: post-sleep failures: 0
machine # [   49.206574] thp-madv-remove-test[956]:   Child: 1025746 pages verified, 0 failures
machine # [   49.208381] thp-madv-remove-test[956]:   All 4388 non-punched pages verified OK
machine # [   49.210109] thp-madv-remove-test[956]:   Parent verification failures: 0
machine # [   49.215296] thp-madv-remove-test[956]: Iteration 43 PASSED
machine # [   49.216606] thp-madv-remove-test[956]: --- Iteration 44/1000 ---
machine # [   53.407607] thp-madv-remove-test[1700]: post-sleep failures: 0
machine # [   53.409954] thp-madv-remove-test[956]:   Child: 1226954 pages verified, 0 failures
machine # [   53.411890] thp-madv-remove-test[956]:   All 4388 non-punched pages verified OK
machine # [   53.412425] thp-madv-remove-test[956]:   Parent verification failures: 0
machine # [   53.418138] thp-madv-remove-test[956]: Iteration 44 PASSED
machine # [   53.418978] thp-madv-remove-test[956]: --- Iteration 45/1000 ---
machine # [   53.566703] thp-madv-remove-test[1719]: post-sleep failures: 0
machine # [   53.568843] thp-madv-remove-test[956]:   Child: 1284132 pages verified, 0 failures
machine # [   53.570505] thp-madv-remove-test[956]:   All 4388 non-punched pages verified OK
machine # [   53.570918] thp-madv-remove-test[956]:   Parent verification failures: 0
machine # [   53.576581] thp-madv-remove-test[956]: Iteration 45 PASSED
machine # [   53.577635] thp-madv-remove-test[956]: --- Iteration 46/1000 ---
machine # [   53.620277] thp-madv-remove-test[1736]: post-sleep failures: 0
machine # [   53.622210] thp-madv-remove-test[956]:   Child: 806431 pages verified, 0 failures
machine # [   53.625472] thp-madv-remove-test[956]:   All 4388 non-punched pages verified OK
machine # [   53.626230] thp-madv-remove-test[956]:   Parent verification failures: 0
machine # [   53.632577] thp-madv-remove-test[956]: Iteration 46 PASSED
machine # [   53.633746] thp-madv-remove-test[956]: --- Iteration 47/1000 ---
machine # [   53.676711] thp-madv-remove-test[1753]: post-sleep failures: 0
machine # [   53.679202] thp-madv-remove-test[956]:   Child: 828314 pages verified, 0 failures
machine # [   53.682193] thp-madv-remove-test[956]:   All 4388 non-punched pages verified OK
machine # [   53.683718] thp-madv-remove-test[956]:   Parent verification failures: 0
machine # [   53.689260] thp-madv-remove-test[956]: Iteration 47 PASSED
machine # [   53.691131] thp-madv-remove-test[956]: --- Iteration 48/1000 ---
machine # [   53.738882] thp-madv-remove-test[1770]: post-sleep failures: 0
machine # [   53.741349] thp-madv-remove-test[956]:   Child: 1086841 pages verified, 0 failures
machine # [   53.743437] thp-madv-remove-test[956]:   All 4388 non-punched pages verified OK
machine # [   53.743847] thp-madv-remove-test[956]:   Parent verification failures: 0
machine # [   53.751364] thp-madv-remove-test[956]: Iteration 48 PASSED
machine # [   53.751975] thp-madv-remove-test[956]: --- Iteration 49/1000 ---
machine # [   53.810578] thp-madv-remove-test[1787]: post-sleep failures: 0
machine # [   53.813995] thp-madv-remove-test[956]:   Child: 1253342 pages verified, 0 failures
machine # [   53.818092] thp-madv-remove-test[956]:   All 4388 non-punched pages verified OK
machine # [   53.820250] thp-madv-remove-test[956]:   Parent verification failures: 0
machine # [   53.824886] thp-madv-remove-test[956]: Iteration 49 PASSED
machine # [   53.826373] thp-madv-remove-test[956]: --- Iteration 50/1000 ---
machine # [   53.974411] thp-madv-remove-test[1804]: post-sleep failures: 0
machine # [   53.976713] thp-madv-remove-test[956]:   Child: 1122153 pages verified, 0 failures
machine # [   53.978725] thp-madv-remove-test[956]:   All 4388 non-punched pages verified OK
machine # [   53.979332] thp-madv-remove-test[956]:   Parent verification failures: 0
machine # [   53.983755] thp-madv-remove-test[956]: Iteration 50 PASSED
machine # [   53.984710] thp-madv-remove-test[956]: --- Iteration 51/1000 ---
machine # [   54.028282] thp-madv-remove-test[1821]: post-sleep failures: 0
machine # [   54.030448] thp-madv-remove-test[956]:   Child: 937833 pages verified, 0 failures
machine # [   54.032307] thp-madv-remove-test[956]:   All 4388 non-punched pages verified OK
machine # [   54.032752] thp-madv-remove-test[956]:   Parent verification failures: 0
machine # [   54.036837] thp-madv-remove-test[956]: Iteration 51 PASSED
machine # [   54.037596] thp-madv-remove-test[956]: --- Iteration 52/1000 ---
machine # [   54.202868] thp-madv-remove-test[1838]: post-sleep failures: 0
machine # [   54.205317] thp-madv-remove-test[956]:   Child: 1463750 pages verified, 0 failures
machine # [   54.207232] thp-madv-remove-test[956]:   All 4388 non-punched pages verified OK
machine # [   54.207681] thp-madv-remove-test[956]:   Parent verification failures: 0
machine # [   54.212092] thp-madv-remove-test[956]: Iteration 52 PASSED
machine # [   54.212623] thp-madv-remove-test[956]: --- Iteration 53/1000 ---
machine # [   54.277378] thp-madv-remove-test[1855]: post-sleep failures: 0
machine # [   54.279921] thp-madv-remove-test[956]:   Child: 1647733 pages verified, 0 failures
machine # [   54.281835] thp-madv-remove-test[956]:   All 4388 non-punched pages verified OK
machine # [   54.281936] thp-madv-remove-test[956]:   Parent verification failures: 0
machine # [   54.289351] thp-madv-remove-test[956]: Iteration 53 PASSED
machine # [   54.291116] thp-madv-remove-test[956]: --- Iteration 54/1000 ---
machine # [   54.442065] thp-madv-remove-test[1872]: post-sleep failures: 0
machine # [   54.444255] thp-madv-remove-test[956]:   Child: 1489986 pages verified, 0 failures
machine # [   54.446077] thp-madv-remove-test[956]:   All 4388 non-punched pages verified OK
machine # [   54.446531] thp-madv-remove-test[956]:   Parent verification failures: 0
machine # [   54.452967] thp-madv-remove-test[956]: Iteration 54 PASSED
machine # [   54.453935] thp-madv-remove-test[956]: --- Iteration 55/1000 ---
machine # [   54.608350] thp-madv-remove-test[1889]: post-sleep failures: 0
machine # [   54.610514] thp-madv-remove-test[956]:   Child: 1498931 pages verified, 0 failures
machine # [   54.614111] thp-madv-remove-test[956]:   All 4388 non-punched pages verified OK
machine # [   54.615747] thp-madv-remove-test[956]:   Parent verification failures: 0
machine # [   54.622597] thp-madv-remove-test[956]: Iteration 55 PASSED
machine # [   54.624522] thp-madv-remove-test[956]: --- Iteration 56/1000 ---
machine # [   54.794049] thp-madv-remove-test[1906]: post-sleep failures: 0
machine # [   54.795941] thp-madv-remove-test[956]:   Child: 1411317 pages verified, 0 failures
machine # [   54.799434] thp-madv-remove-test[956]:   All 4388 non-punched pages verified OK
machine # [   54.801189] thp-madv-remove-test[956]:   Parent verification failures: 0
machine # [   54.807250] thp-madv-remove-test[956]: Iteration 56 PASSED
machine # [   54.808709] thp-madv-remove-test[956]: --- Iteration 57/1000 ---
machine # [   54.978591] thp-madv-remove-test[1923]: post-sleep failures: 0
machine # [   54.980466] thp-madv-remove-test[956]:   Child: 1893106 pages verified, 0 failures
machine # [   54.982301] thp-madv-remove-test[956]:   All 4388 non-punched pages verified OK
machine # [   54.983972] thp-madv-remove-test[956]:   Parent verification failures: 0
machine # [   54.986598] thp-madv-remove-test[956]: Iteration 57 PASSED
machine # [   54.988090] thp-madv-remove-test[956]: --- Iteration 58/1000 ---
machine # [   55.767159] thp-madv-remove-test[1940]: post-sleep failures: 0
machine # [   55.769252] thp-madv-remove-test[956]:   Child: 854744 pages verified, 0 failures
machine # [   55.771929] thp-madv-remove-test[956]:   All 4388 non-punched pages verified OK
machine # [   55.773707] thp-madv-remove-test[956]:   Parent verification failures: 0
machine # [   55.783073] thp-madv-remove-test[956]: Iteration 58 PASSED
machine # [   55.785892] thp-madv-remove-test[956]: --- Iteration 59/1000 ---
machine # [   57.098475] thp-madv-remove-test[1957]: post-sleep failures: 0
machine # [   57.100689] thp-madv-remove-test[956]:   Child: 1862645 pages verified, 0 failures
machine # [   57.104069] thp-madv-remove-test[956]:   All 4388 non-punched pages verified OK
machine # [   57.104944] thp-madv-remove-test[956]:   Parent verification failures: 0
machine # [   57.113667] thp-madv-remove-test[956]: Iteration 59 PASSED
machine # [   57.115500] thp-madv-remove-test[956]: --- Iteration 60/1000 ---
machine # [   57.248184] thp-madv-remove-test[1974]: post-sleep failures: 0
machine # [   57.250433] thp-madv-remove-test[956]:   Child: 455859 pages verified, 0 failures
machine # [   57.254142] thp-madv-remove-test[956]:   All 4388 non-punched pages verified OK
machine # [   57.257649] thp-madv-remove-test[956]:   Parent verification failures: 0
machine # [   57.260941] thp-madv-remove-test[956]: Iteration 60 PASSED
machine # [   57.263335] thp-madv-remove-test[956]: --- Iteration 61/1000 ---
machine # [   57.423816] thp-madv-remove-test[1991]: post-sleep failures: 0
machine # [   57.425875] thp-madv-remove-test[956]:   Child: 1682939 pages verified, 0 failures
machine # [   57.429360] thp-madv-remove-test[956]:   All 4388 non-punched pages verified OK
machine # [   57.431137] thp-madv-remove-test[956]:   Parent verification failures: 0
machine # [   57.436963] thp-madv-remove-test[956]: Iteration 61 PASSED
machine # [   57.437932] thp-madv-remove-test[956]: --- Iteration 62/1000 ---
machine # [   57.566165] thp-madv-remove-test[2008]: post-sleep failures: 0
machine # [   57.568438] thp-madv-remove-test[956]:   Child: 569900 pages verified, 0 failures
machine # [   57.571750] thp-madv-remove-test[956]:   All 4388 non-punched pages verified OK
machine # [   57.572726] thp-madv-remove-test[956]:   Parent verification failures: 0
machine # [   57.580896] thp-madv-remove-test[956]: Iteration 62 PASSED
machine # [   57.582348] thp-madv-remove-test[956]: --- Iteration 63/1000 ---
machine # [   57.649641] thp-madv-remove-test[2025]: post-sleep failures: 0
machine # [   57.651875] thp-madv-remove-test[956]:   Child: 1928352 pages verified, 0 failures
machine # [   57.653846] thp-madv-remove-test[956]:   All 4388 non-punched pages verified OK
machine # [   57.655665] thp-madv-remove-test[956]:   Parent verification failures: 0
machine # [   57.658269] thp-madv-remove-test[956]: Iteration 63 PASSED
machine # [   57.659657] thp-madv-remove-test[956]: --- Iteration 64/1000 ---
machine # [   57.706798] thp-madv-remove-test[2042]: post-sleep failures: 0
machine # [   57.709229] thp-madv-remove-test[956]:   Child: 1152594 pages verified, 0 failures
machine # [   57.711102] thp-madv-remove-test[956]:   All 4388 non-punched pages verified OK
machine # [   57.711669] thp-madv-remove-test[956]:   Parent verification failures: 0
machine # [   57.718506] thp-madv-remove-test[956]: Iteration 64 PASSED
machine # [   57.718714] thp-madv-remove-test[956]: --- Iteration 65/1000 ---
machine # [   57.775523] thp-madv-remove-test[2059]: post-sleep failures: 0
machine # [   57.777500] thp-madv-remove-test[956]:   Child: 1454813 pages verified, 0 failures
machine # [   57.781548] thp-madv-remove-test[956]:   All 4388 non-punched pages verified OK
machine # [   57.783875] thp-madv-remove-test[956]:   Parent verification failures: 0
machine # [   57.791771] thp-madv-remove-test[956]: Iteration 65 PASSED
machine # [   57.793182] thp-madv-remove-test[956]: --- Iteration 66/1000 ---
machine # [   57.847040] thp-madv-remove-test[2076]: post-sleep failures: 0
machine # [   57.848918] thp-madv-remove-test[956]:   Child: 1240102 pages verified, 0 failures
machine # [   57.850769] thp-madv-remove-test[956]:   All 4388 non-punched pages verified OK
machine # [   57.852007] thp-madv-remove-test[956]:   Parent verification failures: 0
machine # [   57.858789] thp-madv-remove-test[956]: Iteration 66 PASSED
machine # [   57.860121] thp-madv-remove-test[956]: --- Iteration 67/1000 ---
machine # [   57.920718] thp-madv-remove-test[2093]: post-sleep failures: 0
machine # [   57.923228] thp-madv-remove-test[956]:   Child: 1696163 pages verified, 0 failures
machine # [   57.924900] thp-madv-remove-test[956]:   All 4388 non-punched pages verified OK
machine # [   57.925432] thp-madv-remove-test[956]:   Parent verification failures: 0
machine # [   57.929614] thp-madv-remove-test[956]: Iteration 67 PASSED
machine # [   57.930888] thp-madv-remove-test[956]: --- Iteration 68/1000 ---
machine # [   57.985542] thp-madv-remove-test[2110]: post-sleep failures: 0
machine # [   57.987663] thp-madv-remove-test[956]:   Child: 1314737 pages verified, 0 failures
machine # [   57.990664] thp-madv-remove-test[956]:   All 4388 non-punched pages verified OK
machine # [   57.992421] thp-madv-remove-test[956]:   Parent verification failures: 0
machine # [   57.997974] thp-madv-remove-test[956]: Iteration 68 PASSED
machine # [   57.999299] thp-madv-remove-test[956]: --- Iteration 69/1000 ---
machine # [   58.048723] thp-madv-remove-test[2127]: post-sleep failures: 0
machine # [   58.050636] thp-madv-remove-test[956]:   Child: 1393759 pages verified, 0 failures
machine # [   58.053741] thp-madv-remove-test[956]:   All 4388 non-punched pages verified OK
machine # [   58.054283] thp-madv-remove-test[956]:   Parent verification failures: 0
machine # [   58.060183] thp-madv-remove-test[956]: Iteration 69 PASSED
machine # [   58.061322] thp-madv-remove-test[956]: --- Iteration 70/1000 ---
machine # [   58.110648] thp-madv-remove-test[2144]: post-sleep failures: 0
machine # [   58.113326] thp-madv-remove-test[956]:   Child: 1130762 pages verified, 0 failures
machine # [   58.115147] thp-madv-remove-test[956]:   All 4388 non-punched pages verified OK
machine # [   58.115568] thp-madv-remove-test[956]:   Parent verification failures: 0
machine # [   58.120361] thp-madv-remove-test[956]: Iteration 70 PASSED
machine # [   58.121566] thp-madv-remove-test[956]: --- Iteration 71/1000 ---
machine # [   58.264648] thp-madv-remove-test[2161]: post-sleep failures: 0
machine # [   58.266410] thp-madv-remove-test[956]:   Child: 1003559 pages verified, 0 failures
machine # [   58.268412] thp-madv-remove-test[956]:   All 4388 non-punched pages verified OK
machine # [   58.270277] thp-madv-remove-test[956]:   Parent verification failures: 0
machine # [   58.273741] thp-madv-remove-test[956]: Iteration 71 PASSED
machine # [   58.275228] thp-madv-remove-test[956]: --- Iteration 72/1000 ---
machine # [   58.496170] thp-madv-remove-test[2178]: post-sleep failures: 0
machine # [   58.499412] thp-madv-remove-test[956]:   Child: 214684 pages verified, 0 failures
machine # [   58.504208] thp-madv-remove-test[956]:   All 4388 non-punched pages verified OK
machine # [   58.507841] thp-madv-remove-test[956]:   Parent verification failures: 0
machine # [   58.511996] thp-madv-remove-test[956]: Iteration 72 PASSED
machine # [   58.513450] thp-madv-remove-test[956]: --- Iteration 73/1000 ---
machine # [   58.847424] thp-madv-remove-test[2195]: post-sleep failures: 0
machine # [   58.849047] thp-madv-remove-test[956]:   Child: 1279940 pages verified, 0 failures
machine # [   58.850819] thp-madv-remove-test[956]:   All 4388 non-punched pages verified OK
machine # [   58.852472] thp-madv-remove-test[956]:   Parent verification failures: 0
machine # [   58.856608] thp-madv-remove-test[956]: Iteration 73 PASSED
machine # [   58.857996] thp-madv-remove-test[956]: --- Iteration 74/1000 ---
machine # [   58.884877] thp-madv-remove-test[2212]: post-sleep failures: 0
machine # [   58.886727] thp-madv-remove-test[956]:   Child: 486473 pages verified, 0 failures
machine # [   58.888718] thp-madv-remove-test[956]:   All 4388 non-punched pages verified OK
machine # [   58.890367] thp-madv-remove-test[956]:   Parent verification failures: 0
machine # [   58.893317] thp-madv-remove-test[956]: Iteration 74 PASSED
machine # [   58.895632] thp-madv-remove-test[956]: --- Iteration 75/1000 ---
machine # [   58.926479] thp-madv-remove-test[2229]: post-sleep failures: 0
machine # [   58.928356] thp-madv-remove-test[956]:   Child: 635499 pages verified, 0 failures
machine # [   58.930815] thp-madv-remove-test[956]:   All 4388 non-punched pages verified OK
machine # [   58.931296] thp-madv-remove-test[956]:   Parent verification failures: 0
machine # [   58.938211] thp-madv-remove-test[956]: Iteration 75 PASSED
machine # [   58.938892] thp-madv-remove-test[956]: --- Iteration 76/1000 ---
machine # [   58.987451] thp-madv-remove-test[2246]: post-sleep failures: 0
machine # [   58.990088] thp-madv-remove-test[956]:   Child: 1380399 pages verified, 0 failures
machine # [   58.991982] thp-madv-remove-test[956]:   All 4388 non-punched pages verified OK
machine # [   58.992431] thp-madv-remove-test[956]:   Parent verification failures: 0
machine # [   58.996816] thp-madv-remove-test[956]: Iteration 76 PASSED
machine # [   58.998292] thp-madv-remove-test[956]: --- Iteration 77/1000 ---
machine # [   59.046817] thp-madv-remove-test[2263]: post-sleep failures: 0
machine # [   59.048901] thp-madv-remove-test[956]:   Child: 986017 pages verified, 0 failures
machine # [   59.050954] thp-madv-remove-test[956]:   All 4388 non-punched pages verified OK
machine # [   59.052774] thp-madv-remove-test[956]:   Parent verification failures: 0
machine # [   59.055846] thp-madv-remove-test[956]: Iteration 77 PASSED
machine # [   59.057733] thp-madv-remove-test[956]: --- Iteration 78/1000 ---
machine # [   59.104793] thp-madv-remove-test[2280]: post-sleep failures: 0
machine # [   59.107238] thp-madv-remove-test[956]:   Child: 990378 pages verified, 0 failures
machine # [   59.109940] thp-madv-remove-test[956]:   All 4388 non-punched pages verified OK
machine # [   59.111539] thp-madv-remove-test[956]:   Parent verification failures: 0
